******************************************************************************
                  MSP430 Linker PC v18.1.4                     
******************************************************************************
>> Linked Mon Feb  4 00:54:08 2019

OUTPUT FILE NAME:   <ADC_FreeRTOS-MSP430-newlib_v1_0.out>
ENTRY POINT SYMBOL: "_c_int00_noargs"  address: 000046da


MEMORY CONFIGURATION

         name            origin    length      used     unused   attr    fill
----------------------  --------  ---------  --------  --------  ----  --------
  SFR                   00000000   00000010  00000000  00000010  RWIX
  PERIPHERALS_8BIT      00000010   000000f0  00000000  000000f0  RWIX
  PERIPHERALS_16BIT     00000100   00000100  00000000  00000100  RWIX
  INFOD                 00001800   00000080  00000000  00000080  RWIX
  INFOC                 00001880   00000080  00000000  00000080  RWIX
  INFOB                 00001900   00000080  00000000  00000080  RWIX
  INFOA                 00001980   00000080  00000000  00000080  RWIX
  USBRAM                00001c00   00000800  00000000  00000800  RWIX
  RAM                   00002400   00002000  00001b75  0000048b  RWIX
  FLASH                 00004400   0000bb80  00000aa0  0000b0e0  RWIX
  INT00                 0000ff80   00000002  00000000  00000002  RWIX
  INT01                 0000ff82   00000002  00000000  00000002  RWIX
  INT02                 0000ff84   00000002  00000000  00000002  RWIX
  INT03                 0000ff86   00000002  00000000  00000002  RWIX
  INT04                 0000ff88   00000002  00000000  00000002  RWIX
  INT05                 0000ff8a   00000002  00000000  00000002  RWIX
  INT06                 0000ff8c   00000002  00000000  00000002  RWIX
  INT07                 0000ff8e   00000002  00000000  00000002  RWIX
  INT08                 0000ff90   00000002  00000000  00000002  RWIX
  INT09                 0000ff92   00000002  00000000  00000002  RWIX
  INT10                 0000ff94   00000002  00000000  00000002  RWIX
  INT11                 0000ff96   00000002  00000000  00000002  RWIX
  INT12                 0000ff98   00000002  00000000  00000002  RWIX
  INT13                 0000ff9a   00000002  00000000  00000002  RWIX
  INT14                 0000ff9c   00000002  00000000  00000002  RWIX
  INT15                 0000ff9e   00000002  00000000  00000002  RWIX
  INT16                 0000ffa0   00000002  00000000  00000002  RWIX
  INT17                 0000ffa2   00000002  00000000  00000002  RWIX
  INT18                 0000ffa4   00000002  00000000  00000002  RWIX
  INT19                 0000ffa6   00000002  00000000  00000002  RWIX
  INT20                 0000ffa8   00000002  00000000  00000002  RWIX
  INT21                 0000ffaa   00000002  00000000  00000002  RWIX
  INT22                 0000ffac   00000002  00000000  00000002  RWIX
  INT23                 0000ffae   00000002  00000000  00000002  RWIX
  INT24                 0000ffb0   00000002  00000000  00000002  RWIX
  INT25                 0000ffb2   00000002  00000000  00000002  RWIX
  INT26                 0000ffb4   00000002  00000000  00000002  RWIX
  INT27                 0000ffb6   00000002  00000000  00000002  RWIX
  INT28                 0000ffb8   00000002  00000000  00000002  RWIX
  INT29                 0000ffba   00000002  00000000  00000002  RWIX
  INT30                 0000ffbc   00000002  00000000  00000002  RWIX
  INT31                 0000ffbe   00000002  00000000  00000002  RWIX
  INT32                 0000ffc0   00000002  00000000  00000002  RWIX
  INT33                 0000ffc2   00000002  00000000  00000002  RWIX
  INT34                 0000ffc4   00000002  00000000  00000002  RWIX
  INT35                 0000ffc6   00000002  00000000  00000002  RWIX
  INT36                 0000ffc8   00000002  00000000  00000002  RWIX
  INT37                 0000ffca   00000002  00000000  00000002  RWIX
  INT38                 0000ffcc   00000002  00000000  00000002  RWIX
  INT39                 0000ffce   00000002  00000000  00000002  RWIX
  INT40                 0000ffd0   00000002  00000000  00000002  RWIX
  INT41                 0000ffd2   00000002  00000002  00000000  RWIX
  INT42                 0000ffd4   00000002  00000002  00000000  RWIX
  INT43                 0000ffd6   00000002  00000002  00000000  RWIX
  INT44                 0000ffd8   00000002  00000002  00000000  RWIX
  INT45                 0000ffda   00000002  00000002  00000000  RWIX
  INT46                 0000ffdc   00000002  00000002  00000000  RWIX
  INT47                 0000ffde   00000002  00000002  00000000  RWIX
  INT48                 0000ffe0   00000002  00000002  00000000  RWIX
  INT49                 0000ffe2   00000002  00000002  00000000  RWIX
  INT50                 0000ffe4   00000002  00000002  00000000  RWIX
  INT51                 0000ffe6   00000002  00000002  00000000  RWIX
  INT52                 0000ffe8   00000002  00000002  00000000  RWIX
  INT53                 0000ffea   00000002  00000002  00000000  RWIX
  INT54                 0000ffec   00000002  00000002  00000000  RWIX
  INT55                 0000ffee   00000002  00000002  00000000  RWIX
  INT56                 0000fff0   00000002  00000002  00000000  RWIX
  INT57                 0000fff2   00000002  00000002  00000000  RWIX
  INT58                 0000fff4   00000002  00000002  00000000  RWIX
  INT59                 0000fff6   00000002  00000002  00000000  RWIX
  INT60                 0000fff8   00000002  00000002  00000000  RWIX
  INT61                 0000fffa   00000002  00000002  00000000  RWIX
  INT62                 0000fffc   00000002  00000002  00000000  RWIX
  RESET                 0000fffe   00000002  00000002  00000000  RWIX
  FLASH2                00010000   00014400  000092ae  0000b152  RWIX


SECTION ALLOCATION MAP

 output                                  attributes/
section   page    origin      length       input sections
--------  ----  ----------  ----------   ----------------
.bss       0    00002400    00001a8f     UNINITIALIZED
                  00002400    00001800     heap_2.obj (.bss:ucHeap)
                  00003c00    00000100     serial.obj (.bss:g_pcUARTRxHistoryBuffer)
                  00003d00    00000040     tasks.obj (.bss:pxReadyTasksLists)
                  00003d40    00000024     cmdline.obj (.bss:g_ppcArgv)
                  00003d64    00000022     (.common:abramSerialStringDescriptor)
                  00003d86    0000001a     (.common:CdcReadCtrl)
                  00003da0    00000010     serial.obj (.bss:g_usUARTRxHistoryOffset)
                  00003db0    00000010     usb.obj (.bss)
                  00003dc0    00000010     timers.obj (.bss:xActiveTimerList1)
                  00003dd0    00000010     timers.obj (.bss:xActiveTimerList2)
                  00003de0    00000010     tasks.obj (.bss:xDelayedTaskList1)
                  00003df0    00000010     tasks.obj (.bss:xDelayedTaskList2)
                  00003e00    00000010     tasks.obj (.bss:xPendingReadyList)
                  00003e10    00000010     tasks.obj (.bss:xSuspendedTaskList)
                  00003e20    0000000c     analog.obj (.bss)
                  00003e2c    0000000c     (.common:CdcWriteCtrl)
                  00003e38    00000008     UsbCdc.obj (.bss:CdcControl)
                  00003e40    00000008     serial.obj (.bss)
                  00003e48    00000008     tasks.obj (.bss)
                  00003e50    00000008     timers.obj (.bss)
                  00003e58    00000008     (.common:abUsbRequestIncomingData)
                  00003e60    00000008     (.common:abUsbRequestReturnData)
                  00003e68    00000006     heap_2.obj (.bss:xEnd)
                  00003e6e    00000006     heap_2.obj (.bss:xStart)
                  00003e74    00000004     main.obj (.bss)
                  00003e78    00000004     (.common:USBRxSemphr)
                  00003e7c    00000004     (.common:USBTxSemphr)
                  00003e80    00000004     (.common:USB_RX_memcpy)
                  00003e84    00000004     (.common:USB_TX_memcpy)
                  00003e88    00000002     (.common:wBytesRemainingOnIEP0)
                  00003e8a    00000002     (.common:wBytesRemainingOnOEP0)
                  00003e8c    00000002     (.common:wUsbEventMask)
                  00003e8e    00000001     (.common:bStatusAction)

.data      0    00003e90    00000046     UNINITIALIZED
                  00003e90    00000024     tasks.obj (.data)
                  00003eb4    0000000a     timers.obj (.data)
                  00003ebe    00000008     usb.obj (.data)
                  00003ec6    00000004     RunTimeStatsConfig.obj (.data:StatsOverflowCount)
                  00003eca    00000004     heap_2.obj (.data)
                  00003ece    00000004     serial.obj (.data)
                  00003ed2    00000002     port.obj (.data)
                  00003ed4    00000002     rts430x_lc_rd_eabi.lib : errno.c.obj (.data)

.stack     0    00004360    000000a0     UNINITIALIZED
                  00004360    00000004     rts430x_lc_rd_eabi.lib : boot.c.obj (.stack)
                  00004364    0000009c     --HOLE--

.text:_isr 
*          0    00004400    00000314     
                  00004400    00000138     UsbIsr.obj (.text:_isr:iUsbInterruptHandler)
                  00004538    00000090     analog.obj (.text:_isr:ADC12ISR)
                  000045c8    00000064     serial.obj (.text:_isr:prvUSCI_A1_ISR)
                  0000462c    00000046     main.obj (.text:_isr:UNMI_ISR)
                  00004672    00000034     main.obj (.text:_isr:Button1_ISR)
                  000046a6    00000034     main.obj (.text:_isr:Button2_ISR)
                  000046da    0000001c     rts430x_lc_rd_eabi.lib : boot.c.obj (.text:_isr:_c_int00_noargs)
                  000046f6    00000010     port.obj (.text:_isr:vTickISREntry)
                  00004706    00000008     rts430x_lc_rd_eabi.lib : isr_trap.asm.obj (.text:_isr:__TI_ISR_TRAP)
                  0000470e    00000006     RunTimeStatsConfig.obj (.text:_isr:prvRunTimeStatsOverflowISR)

.cinit     0    00004e6a    00000036     
                  00004e6a    00000014     (.cinit..data.load) [load image, compression = lzss]
                  00004e7e    0000000c     (__TI_handler_table)
                  00004e8a    00000006     (.cinit..bss.load) [load image, compression = zero_init]
                  00004e90    00000010     (__TI_cinit_table)

.binit     0    00004400    00000000     

.init_array 
*          0    00004400    00000000     UNINITIALIZED

.const     0    00004714    00000756     
                  00004714    00000312     commands.obj (.const:.string)
                  00004a26    0000010a     descriptors.obj (.const:tUsbRequestList)
                  00004b30    00000101     rts430x_lc_rd_eabi.lib : ctype.c.obj (.const:.string:_ctypes_)
                  00004c31    00000001     --HOLE-- [fill = 0]
                  00004c32    0000008e     descriptors.obj (.const:.string:abromStringDescriptor)
                  00004cc0    00000054     commands.obj (.const:g_psCmdTable)
                  00004d14    00000043     descriptors.obj (.const:abromConfigurationDescriptorGroup)
                  00004d57    00000001     --HOLE-- [fill = 0]
                  00004d58    00000032     tasks.obj (.const:.string)
                  00004d8a    00000026     rts430x_lc_rd_eabi.lib : _printfi.c.obj (.const:.string)
                  00004db0    00000026     serial.obj (.const:.string)
                  00004dd6    00000022     usb.obj (.const:.string)
                  00004df8    0000001c     gpio.obj (.const:GPIO_PORT_TO_BASE)
                  00004e14    00000012     descriptors.obj (.const:.string:abromDeviceDescriptor)
                  00004e26    00000010     descriptors.obj (.const:stUsbHandle)
                  00004e36    0000000c     serial.obj (.const:$P$T0$1)
                  00004e42    0000000c     main.obj (.const:.string)
                  00004e4e    0000000a     usbdma.obj (.const:$P$T0$1)
                  00004e58    00000008     timers.obj (.const:.string)
                  00004e60    00000005     analog.obj (.const:$P$T0$1)
                  00004e65    00000001     --HOLE-- [fill = 0]
                  00004e66    00000004     serial.obj (.const)

RTC        0    0000ffd2    00000002     
                  0000ffd2    00000002     rts430x_lc_rd_eabi.lib : int41.asm.obj (.int41)

PORT2      0    0000ffd4    00000002     
                  0000ffd4    00000002     main.obj (.int42)

TIMER2_A1 
*          0    0000ffd6    00000002     
                  0000ffd6    00000002     rts430x_lc_rd_eabi.lib : int43.asm.obj (.int43)

TIMER2_A0 
*          0    0000ffd8    00000002     
                  0000ffd8    00000002     RunTimeStatsConfig.obj (.int44)

USCI_B1    0    0000ffda    00000002     
                  0000ffda    00000002     rts430x_lc_rd_eabi.lib : int45.asm.obj (.int45)

USCI_A1    0    0000ffdc    00000002     
                  0000ffdc    00000002     serial.obj (.int46)

PORT1      0    0000ffde    00000002     
                  0000ffde    00000002     main.obj (.int47)

TIMER1_A1 
*          0    0000ffe0    00000002     
                  0000ffe0    00000002     rts430x_lc_rd_eabi.lib : int48.asm.obj (.int48)

TIMER1_A0 
*          0    0000ffe2    00000002     
                  0000ffe2    00000002     rts430x_lc_rd_eabi.lib : int49.asm.obj (.int49)

DMA        0    0000ffe4    00000002     
                  0000ffe4    00000002     rts430x_lc_rd_eabi.lib : int50.asm.obj (.int50)

USB_UBM    0    0000ffe6    00000002     
                  0000ffe6    00000002     UsbIsr.obj (.int51)

TIMER0_A1 
*          0    0000ffe8    00000002     
                  0000ffe8    00000002     rts430x_lc_rd_eabi.lib : int52.asm.obj (.int52)

TIMER0_A0 
*          0    0000ffea    00000002     
                  0000ffea    00000002     port.obj (.int53)

ADC12      0    0000ffec    00000002     
                  0000ffec    00000002     analog.obj (.int54)

USCI_B0    0    0000ffee    00000002     
                  0000ffee    00000002     rts430x_lc_rd_eabi.lib : int55.asm.obj (.int55)

USCI_A0    0    0000fff0    00000002     
                  0000fff0    00000002     rts430x_lc_rd_eabi.lib : int56.asm.obj (.int56)

WDT        0    0000fff2    00000002     
                  0000fff2    00000002     rts430x_lc_rd_eabi.lib : int57.asm.obj (.int57)

TIMER0_B1 
*          0    0000fff4    00000002     
                  0000fff4    00000002     rts430x_lc_rd_eabi.lib : int58.asm.obj (.int58)

TIMER0_B0 
*          0    0000fff6    00000002     
                  0000fff6    00000002     rts430x_lc_rd_eabi.lib : int59.asm.obj (.int59)

COMP_B     0    0000fff8    00000002     
                  0000fff8    00000002     rts430x_lc_rd_eabi.lib : int60.asm.obj (.int60)

UNMI       0    0000fffa    00000002     
                  0000fffa    00000002     main.obj (.int61)

SYSNMI     0    0000fffc    00000002     
                  0000fffc    00000002     rts430x_lc_rd_eabi.lib : int62.asm.obj (.int62)

.reset     0    0000fffe    00000002     
                  0000fffe    00000002     rts430x_lc_rd_eabi.lib : boot.c.obj (.reset)

.text      0    00010000    000092ae     
                  00010000    00000466     rts430x_lc_rd_eabi.lib : frcdivd.c.obj (.text:__TI_frcdivd)
                  00010466    00000452     UsbCdc.obj (.text:USBCDC_receiveData)
                  000108b8    0000034e     rts430x_lc_rd_eabi.lib : div64u.c.obj (.text:__mspabi_divull)
                  00010c06    000002f6     serial.obj (.text:xSerialvPrintf)
                  00010efc    000002e0     rts430x_lc_rd_eabi.lib : addd.c.obj (.text:__mspabi_addd)
                  000111dc    000002b8     main.obj (.text:prvUSBCDCTask)
                  00011494    000002aa     UsbCdc.obj (.text:CdcToHostFromBuffer)
                  0001173e    000002a6     rts430x_lc_rd_eabi.lib : _printfi.c.obj (.text:__TI_printfi)
                  000119e4    00000280                            : frcmpyd.c.obj (.text:__TI_frcmpyd)
                  00011c64    0000027a                            : _printfi.c.obj (.text:_setfield)
                  00011ede    00000266                            : mpyd.c.obj (.text:__mspabi_mpyd)
                  00012144    00000248                            : frcaddd.c.obj (.text:__TI_frcaddd)
                  0001238c    00000230     UsbCdc.obj (.text:CdcToBufferFromHost)
                  000125bc    00000224     rts430x_lc_rd_eabi.lib : _printfi.c.obj (.text:acvt)
                  000127e0    00000222                            : divd.c.obj (.text:__mspabi_divd)
                  00012a02    0000021c                            : _printfi.c.obj (.text:_pproc_fgea)
                  00012c1e    00000210     serial.obj (.text:xSerialGetStringWithHistory)
                  00012e2e    0000020c     rts430x_lc_rd_eabi.lib : _printfi.c.obj (.text:_getarg_diouxp)
                  0001303a    000001e6                            : _printfi.c.obj (.text:ecvt)
                  00013220    000001d4     queue.obj (.text:xQueueGenericReceive)
                  000133f4    000001c8     rts430x_lc_rd_eabi.lib : _printfi.c.obj (.text:fcvt)
                  000135bc    000001a2     usb.obj (.text:USB_reset)
                  0001375e    000001a2     rts430x_lc_rd_eabi.lib : _printfi.c.obj (.text:_pconv_e)
                  00013900    00000182     queue.obj (.text:xQueueGenericSend)
                  00013a82    00000178     analog.obj (.text:AnalogInit)
                  00013bfa    00000170     rts430x_lc_rd_eabi.lib : _printfi.c.obj (.text:_pconv_a)
                  00013d6a    0000015a                            : s_scalbn.c.obj (.text:scalbn)
                  00013ec4    00000148                            : _printfi.c.obj (.text:_pproc_diouxp)
                  0001400c    0000013c     tasks.obj (.text:vTaskGetRunTimeStats)
                  00014148    00000132     rts430x_lc_rd_eabi.lib : fs_add.asm.obj (.text)
                  0001427a    00000128                            : _printfi.c.obj (.text:_ltostr)
                  000143a2    00000122     usb.obj (.text:USB_enable)
                  000144c4    00000118     tasks.obj (.text:vTaskSwitchContext)
                  000145dc    00000116     tasks.obj (.text:vTaskList)
                  000146f2    00000108     serial.obj (.text:xSerialPortInitMinimal)
                  000147fa    00000102     timers.obj (.text:prvProcessReceivedCommands)
                  000148fc    000000fc     rts430x_lc_rd_eabi.lib : _printfi.c.obj (.text:_pconv_g)
                  000149f8    000000fa     UsbCdc.obj (.text:CopyUsbToBuff)
                  00014af2    000000fa     rts430x_lc_rd_eabi.lib : _printfi.c.obj (.text:_pproc_fwp)
                  00014bec    000000e8     usb.obj (.text:USB_InitSerialStringDescriptor)
                  00014cd4    000000e8     tasks.obj (.text:xTaskIncrementTick)
                  00014dbc    000000e2     ucs.obj (.text:UCS_initFLL)
                  00014e9e    000000e0     pmm.obj (.text:PMM_setVCoreUp)
                  00014f7e    000000dc     usb.obj (.text:USB_determineFreq)
                  0001505a    000000d8     UsbCdc.obj (.text:USBCDC_getInterfaceStatus)
                  00015132    000000d8     rts430x_lc_rd_eabi.lib : cmpd.c.obj (.text:__mspabi_cmpd)
                  0001520a    000000d6     usci_a_uart.obj (.text:USCI_A_UART_init)
                  000152e0    000000d2     tasks.obj (.text:prvInitialiseNewTask)
                  000153b2    000000d2     tasks.obj (.text:xTaskResumeAll)
                  00015484    000000ca     hal.obj (.text:initPorts)
                  0001554e    000000c8     rts430x_lc_rd_eabi.lib : _printfi.c.obj (.text:_pproc_wstr)
                  00015616    000000ba     UsbCdc.obj (.text:USBCDC_getBytesInUSBBuffer)
                  000156d0    000000b8     rts430x_lc_rd_eabi.lib : fs_mpy.asm.obj (.text)
                  00015788    000000b2                            : renormd.c.obj (.text:__TI_renormd)
                  0001583a    000000ae     main.obj (.text:main)
                  000158e8    000000ae     heap_2.obj (.text:pvPortMalloc)
                  00015996    000000aa     queue.obj (.text:xQueueGenericReset)
                  00015a40    000000a8     usb.obj (.text:USB_determineXT2Freq)
                  00015ae8    000000a6     main.obj (.text:ReadADCTask)
                  00015b8e    000000a6     ucs.obj (.text:UCS_initClockSignal)
                  00015c34    000000a6     rts430x_lc_rd_eabi.lib : _printfi.c.obj (.text:_pproc_str)
                  00015cda    000000a6                            : s_frexp.c.obj (.text:frexp)
                  00015d80    000000a6     portext.obj (.text)
                  00015e26    000000a6     commands.obj (.text:vUARTTask)
                  00015ecc    000000a4     usb.obj (.text:USB_init)
                  00015f70    000000a4     tasks.obj (.text:uxTaskGetSystemState)
                  00016014    000000a2     pmm.obj (.text:PMM_setVCoreDown)
                  000160b6    000000a0     queue.obj (.text:prvUnlockQueue)
                  00016156    0000009e     rts430x_lc_rd_eabi.lib : fltlid.c.obj (.text:__mspabi_fltlid)
                  000161f4    0000009c     tasks.obj (.text:prvAddNewTaskToReadyList)
                  00016290    0000009a     UsbCdc.obj (.text:USBCDC_sendData)
                  0001632a    0000009a     queue.obj (.text:prvCopyDataToQueue)
                  000163c4    00000094     UsbCdc.obj (.text:usbGetLineCoding)
                  00016458    00000092     tasks.obj (.text:vTaskGetInfo)
                  000164ea    00000090     rts430x_lc_rd_eabi.lib : _printfi.c.obj (.text:_ecpy)
                  0001657a    00000090                            : _printfi.c.obj (.text:_mcpy)
                  0001660a    00000090     tasks.obj (.text:prvListTasksWithinSingleList)
                  0001669a    00000090     rts430x_lc_rd_eabi.lib : fs_div.asm.obj (.text)
                  0001672a    00000090     usb.obj (.text:usbClearEndpointFeature)
                  000167ba    0000008a     analog.obj (.text:AnalogTempCompensate)
                  00016844    0000008a     commands.obj (.text:Cmd_led)
                  000168ce    0000008a     usb.obj (.text:usbGetEndpointStatus)
                  00016958    00000086     timers.obj (.text:prvSwitchTimerLists)
                  000169de    00000086     usb.obj (.text:usbDecodeAndProcessUsbRequest)
                  00016a64    00000082     dma.obj (.text:DMA_init)
                  00016ae6    00000082     tasks.obj (.text:vTaskPriorityInherit)
                  00016b68    00000082     queue.obj (.text:xQueueGenericSendFromISR)
                  00016bea    00000080     rts430x_lc_rd_eabi.lib : ltoa.c.obj (.text:ltoa)
                  00016c6a    00000080     tasks.obj (.text:xTaskPriorityDisinherit)
                  00016cea    00000080     tasks.obj (.text:xTaskRemoveFromEventList)
                  00016d6a    0000007e     queue.obj (.text:xQueueGiveFromISR)
                  00016de8    0000007e     tasks.obj (.text:xTaskCreate)
                  00016e66    0000007c     usbConstructs.obj (.text:cdcSendData)
                  00016ee2    00000078     rts430x_lc_rd_eabi.lib : _printfi.c.obj (.text:_pconv_f)
                  00016f5a    00000078     usbConstructs.obj (.text:cdcReceiveData)
                  00016fd2    00000078     tasks.obj (.text:xTaskCheckForTimeOut)
                  0001704a    00000076     cmdline.obj (.text:CmdLineProcess)
                  000170c0    00000076     UsbIsr.obj (.text:PWRVBUSoffHandler)
                  00017136    00000076     rts430x_lc_rd_eabi.lib : copy_decompress_lzss.c.obj (.text:decompress:lzss:__TI_decompress_lzss)
                  000171ac    00000076     timers.obj (.text:xTimerGenericCommand)
                  00017222    00000070     UsbCdc.obj (.text:Handler_SetLineCoding)
                  00017292    00000070     queue.obj (.text:xQueueReceiveFromISR)
                  00017302    0000006e     tasks.obj (.text:prvAddCurrentTaskToDelayedList)
                  00017370    0000006e     usb.obj (.text:usbSendNextPacketOnIEP0)
                  000173de    0000006c     analog.obj (.text:AnalogValueCompensate)
                  0001744a    0000006c     tasks.obj (.text:eTaskGetState)
                  000174b6    0000006a     UsbIsr.obj (.text:PWRVBUSonHandler)
                  00017520    00000068     timers.obj (.text:prvProcessTimerOrBlockTask)
                  00017588    00000066     rts430x_lc_rd_eabi.lib : fixdli.c.obj (.text:__mspabi_fixdli)
                  000175ee    00000064     usbdma.obj (.text:memcpyDMA)
                  00017652    00000064     timers.obj (.text:prvProcessExpiredTimer)
                  000176b6    00000062     rts430x_lc_rd_eabi.lib : atoi.c.obj (.text:atoi)
                  00017718    0000005c     usbdma.obj (.text:USB_initMemcpy)
                  00017774    0000005a     commands.obj (.text:Cmd_help)
                  000177ce    0000005a     timers.obj (.text:prvCheckForValidListAndQueue)
                  00017828    0000005a     tasks.obj (.text:vTaskStartScheduler)
                  00017882    00000058     rts430x_lc_rd_eabi.lib : div32u.asm.obj (.text)
                  000178da    00000058     usb.obj (.text:usbGetStringDescriptor)
                  00017932    00000056     commands.obj (.text:Cmd_stats)
                  00017988    00000056     commands.obj (.text:Cmd_tasks)
                  000179de    00000054     rts430x_lc_rd_eabi.lib : autoinit.c.obj (.text:__TI_auto_init_nobinit_nopinit_hold_wdt:__TI_auto_init_nobinit_nopinit_hold_wdt)
                  00017a32    00000052     pmm.obj (.text:PMM_setVCore)
                  00017a84    00000052     usb.obj (.text:usbReceiveNextPacketOnOEP0)
                  00017ad6    00000052     queue.obj (.text:xQueueGenericCreate)
                  00017b28    00000050     adc12_a.obj (.text:ADC12_A_init)
                  00017b78    00000050     analog.obj (.text:AnalogConfigADC)
                  00017bc8    00000050     tlv.obj (.text:TLV_getInfo)
                  00017c18    00000050     tasks.obj (.text:prvInitialiseTaskLists)
                  00017c68    0000004e     rts430x_lc_rd_eabi.lib : _printfi.c.obj (.text:_fcpy)
                  00017cb6    0000004e     hal.obj (.text:initButtons)
                  00017d04    0000004e     queue.obj (.text:vQueueWaitForMessageRestricted)
                  00017d52    0000004e     timers.obj (.text:xTimerCreateTimerTask)
                  00017da0    0000004c     timers.obj (.text:prvInsertTimerInActiveList)
                  00017dec    0000004a     hal.obj (.text:initClocks)
                  00017e36    00000048     UsbIsr.obj (.text:SetupPacketInterruptHandler)
                  00017e7e    00000048     usbConstructs.obj (.text:cdcInit)
                  00017ec6    00000048     usb.obj (.text:usbSetEndpointFeature)
                  00017f0e    00000046     rts430x_lc_rd_eabi.lib : fs_tou.asm.obj (.text)
                  00017f54    00000044                            : sprintf.c.obj (.text:sprintf)
                  00017f98    00000042     usb.obj (.text:USB_lookUpPll)
                  00017fda    00000040     adc12_a.obj (.text:ADC12_A_disableInterrupt)
                  0001801a    00000040     adc12_a.obj (.text:ADC12_A_enableInterrupt)
                  0001805a    00000040     rts430x_lc_rd_eabi.lib : div32s.asm.obj (.text)
                  0001809a    00000040     list.obj (.text:vListInsert)
                  000180da    0000003e     UsbCdc.obj (.text:CdcResetData)
                  00018118    0000003e     gpio.obj (.text:GPIO_setAsInputPinWithPullUpResistor)
                  00018156    0000003e     ucs.obj (.text:UCS_turnOnXT2WithTimeout)
                  00018194    0000003e     rts430x_lc_rd_eabi.lib : asr32.asm.obj (.text:l_asr_const)
                  000181d2    0000003e                            : lsl32.asm.obj (.text:l_lsl_const)
                  00018210    0000003e                            : lsr32.asm.obj (.text:l_lsr_const)
                  0001824e    0000003c     heap_2.obj (.text:vPortFree)
                  0001828a    0000003a     usb.obj (.text:USB_setup)
                  000182c4    0000003a     rts430x_lc_rd_eabi.lib : lsl64.c.obj (.text:__mspabi_sllll)
                  000182fe    0000003a                            : lsr64.c.obj (.text:__mspabi_srlll)
                  00018338    0000003a     list.obj (.text:uxListRemove)
                  00018372    00000038     UsbIsr.obj (.text:OEP0InterruptHandler)
                  000183aa    00000038     ucs.obj (.text:UCS_turnOnLFXT1)
                  000183e2    00000038     main.obj (.text:prvSetupHardware)
                  0001841a    00000038     ustdlib.obj (.text:ustrncmp)
                  00018452    00000034     tasks.obj (.text:vTaskPlaceOnEventListRestricted)
                  00018486    00000032     adc12_a.obj (.text:ADC12_A_startConversion)
                  000184b8    00000032     rts430x_lc_rd_eabi.lib : subd.c.obj (.text:__mspabi_subd)
                  000184ea    00000032     queue.obj (.text:prvCopyDataFromQueue)
                  0001851c    00000032     tasks.obj (.text:prvWriteNameToBuffer)
                  0001854e    00000030     dma.obj (.text:DMA_setDstAddress)
                  0001857e    00000030     usb.obj (.text:USB_getConnectionInformation)
                  000185ae    00000030     usb.obj (.text:USB_suspend)
                  000185de    0000002e     dma.obj (.text:DMA_setSrcAddress)
                  0001860c    0000002e     gpio.obj (.text:GPIO_selectInterruptEdge)
                  0001863a    0000002e     rts430x_lc_rd_eabi.lib : negd.c.obj (.text:__mspabi_negd)
                  00018668    0000002e                            : s_copysign.c.obj (.text:copysign)
                  00018696    0000002e     heap_2.obj (.text:prvHeapInit)
                  000186c4    0000002e     queue.obj (.text:prvIsQueueFull)
                  000186f2    0000002c     analog.obj (.text:AnalogStart)
                  0001871e    0000002c     queue.obj (.text:prvIsQueueEmpty)
                  0001874a    0000002c     usb.obj (.text:usbGetDeviceStatus)
                  00018776    0000002c     tasks.obj (.text:vTaskPlaceOnEventList)
                  000187a2    0000002a     adc12_a.obj (.text:ADC12_A_disableConversions)
                  000187cc    0000002a     queue.obj (.text:prvInitialiseNewQueue)
                  000187f6    00000028     gpio.obj (.text:GPIO_setAsOutputPin)
                  0001881e    00000028     gpio.obj (.text:GPIO_setAsPeripheralModuleFunctionInputPin)
                  00018846    00000028     gpio.obj (.text:GPIO_setAsPeripheralModuleFunctionOutputPin)
                  0001886e    00000028     rts430x_lc_rd_eabi.lib : fixdi.c.obj (.text:__mspabi_fixdi)
                  00018896    00000028     timers.obj (.text:prvGetNextExpireTime)
                  000188be    00000028     timers.obj (.text:prvSampleTimeNow)
                  000188e6    00000028     list.obj (.text:vListInitialise)
                  0001890e    00000026     adc12_a.obj (.text:ADC12_A_configureMemory)
                  00018934    00000026     adc12_a.obj (.text:ADC12_A_setupSamplingTimer)
                  0001895a    00000026     usb.obj (.text:usbSetConfiguration)
                  00018980    00000026     main.obj (.text:vApplicationSetupTimerInterrupt)
                  000189a6    00000026     list.obj (.text:vListInsertEnd)
                  000189cc    00000024     rts430x_lc_rd_eabi.lib : copy_zero_init.c.obj (.text:decompress:ZI:__TI_zero_init)
                  000189f0    00000024     tasks.obj (.text:prvResetNextTaskUnblockTime)
                  00018a14    00000024     port.obj (.text:pxPortInitialiseStack)
                  00018a38    00000024     rts430x_lc_rd_eabi.lib : fs_utof.asm.obj (.text)
                  00018a5c    00000024                            : mult32_f5hw.asm.obj (.text)
                  00018a80    00000024     usb.obj (.text:usbDisableInEndpointInterrupt)
                  00018aa4    00000024     usb.obj (.text:usbDisableOutEndpointInterrupt)
                  00018ac8    00000024     tasks.obj (.text:xTaskGetTickCount)
                  00018aec    00000022     analog.obj (.text:AnalogStop)
                  00018b0e    00000022     commands.obj (.text:Cmd_free)
                  00018b30    00000022     usb.obj (.text:USB_disable)
                  00018b52    00000022     usbdma.obj (.text:memcpyV)
                  00018b74    00000022     tasks.obj (.text:prvTaskCheckFreeStackSpace)
                  00018b96    00000022     usb.obj (.text:usbSendDataPacketOnEP0)
                  00018bb8    00000022     serial.obj (.text:xSerialWrite)
                  00018bda    00000020     wdt_a.obj (.text:WDT_A_hold)
                  00018bfa    00000020     rts430x_lc_rd_eabi.lib : sprintf.c.obj (.text:_outs)
                  00018c1a    00000020     queue.obj (.text:prvInitialiseMutex)
                  00018c3a    00000020     usb.obj (.text:usbSetAddress)
                  00018c5a    00000020     RunTimeStatsConfig.obj (.text:vConfigureTimerForRunTimeStats)
                  00018c7a    0000001e     gpio.obj (.text:GPIO_clearInterrupt)
                  00018c98    0000001e     gpio.obj (.text:GPIO_enableInterrupt)
                  00018cb6    0000001e     usci_a_uart.obj (.text:USCI_A_UART_enableInterrupt)
                  00018cd4    0000001e     rts430x_lc_rd_eabi.lib : memccpy.c.obj (.text:memccpy)
                  00018cf2    0000001e     usb.obj (.text:usbGetInterface)
                  00018d10    0000001e     usb.obj (.text:usbGetInterfaceStatus)
                  00018d2e    0000001c     gpio.obj (.text:GPIO_getInputPinValue)
                  00018d4a    0000001c     gpio.obj (.text:GPIO_setOutputHighOnPin)
                  00018d66    0000001c     gpio.obj (.text:GPIO_setOutputLowOnPin)
                  00018d82    0000001c     UsbIsr.obj (.text:IEP0InterruptHandler)
                  00018d9e    0000001c     rts430x_lc_rd_eabi.lib : mult1632_f5hw.asm.obj (.text:__mpyul)
                  00018dba    0000001c     tasks.obj (.text:pvTaskIncrementMutexHeldCount)
                  00018dd6    0000001c     rts430x_lc_rd_eabi.lib : strchr.c.obj (.text:strchr)
                  00018df2    0000001c                            : strcmp.c.obj (.text:strcmp)
                  00018e0e    0000001c     tasks.obj (.text:vTaskSetTimeOutState)
                  00018e2a    0000001a     UsbCdc.obj (.text:CdcIsReceiveInProgress)
                  00018e44    0000001a     usb.obj (.text:USB_connect)
                  00018e5e    0000001a     serial.obj (.text:xSerialPutChar)
                  00018e78    00000018     usb.obj (.text:USB_resume)
                  00018e90    00000018     rts430x_lc_rd_eabi.lib : mult16_f5hw.asm.obj (.text)
                  00018ea8    00000018     usb.obj (.text:usbClearDeviceFeature)
                  00018ec0    00000018     usb.obj (.text:usbSetDeviceFeature)
                  00018ed8    00000018     queue.obj (.text:xQueueCreateMutex)
                  00018ef0    00000018     tasks.obj (.text:xTaskGetSchedulerState)
                  00018f08    00000016     rts430x_lc_rd_eabi.lib : memset.c.obj (.text:memset)
                  00018f1e    00000016     timers.obj (.text:prvTimerTask)
                  00018f34    00000016     rts430x_lc_rd_eabi.lib : div16u.asm.obj (.text)
                  00018f4a    00000016     usb.obj (.text:usbGetConfigurationDescriptor)
                  00018f60    00000016     usb.obj (.text:usbGetDeviceDescriptor)
                  00018f76    00000016     rts430x_lc_rd_eabi.lib : wcslen.c.obj (.text:wcslen)
                  00018f8c    00000014     usbEventHandling.obj (.text:USB_handleVbusOnEvent)
                  00018fa0    00000014     rts430x_lc_rd_eabi.lib : sprintf.c.obj (.text:_outc)
                  00018fb4    00000014                            : memcpy.c.obj (.text:memcpy)
                  00018fc8    00000014     usb.obj (.text:usbGetConfiguration)
                  00018fdc    00000014     usb.obj (.text:usbReceiveDataPacketOnEP0)
                  00018ff0    00000014     UsbCdc.obj (.text:usbSetControlLineState)
                  00019004    00000014     serial.obj (.text:xSerialPrintf)
                  00019018    00000012     usbEventHandling.obj (.text:USBCDC_handleDataReceived)
                  0001902a    00000012     usbEventHandling.obj (.text:USBCDC_handleSendCompleted)
                  0001903c    00000012     rts430x_lc_rd_eabi.lib : copy_decompress_none.c.obj (.text:decompress:none:__TI_decompress_none)
                  0001904e    00000012     tasks.obj (.text:prvIdleTask)
                  00019060    00000012     rts430x_lc_rd_eabi.lib : strcpy.c.obj (.text:strcpy)
                  00019072    00000012                            : toupper.c.obj (.text:toupper)
                  00019084    00000012     usb.obj (.text:usbSetInterface)
                  00019096    00000010     adc12_a.obj (.text:ADC12_A_getResults)
                  000190a6    00000010     analog.obj (.text:AnalogRead)
                  000190b6    00000010     dma.obj (.text:DMA_disableTransfers)
                  000190c6    00000010     dma.obj (.text:DMA_enableTransfers)
                  000190d6    00000010     RunTimeStatsConfig.obj (.text:GetOverflowCounts)
                  000190e6    00000010     rts430x_lc_rd_eabi.lib : asr32.asm.obj (.text:l_asr)
                  000190f6    00000010                            : lsl32.asm.obj (.text:l_lsl)
                  00019106    00000010                            : lsr32.asm.obj (.text:l_lsr)
                  00019116    0000000e     dma.obj (.text:DMA_getInterruptStatus)
                  00019124    0000000e     dma.obj (.text:DMA_startTransfer)
                  00019132    0000000e     rts430x_lc_rd_eabi.lib : strlen.c.obj (.text:strlen)
                  00019140    0000000e     usb.obj (.text:usbInvalidRequest)
                  0001914e    0000000e     usb.obj (.text:usbSendZeroLengthPacketOnIEP0)
                  0001915c    0000000c     adc12_a.obj (.text:ADC12_A_clearInterrupt)
                  00019168    0000000c     dma.obj (.text:DMA_setTransferSize)
                  00019174    0000000c     ref.obj (.text:Ref_setReferenceVoltage)
                  00019180    0000000c     usci_a_uart.obj (.text:USCI_A_UART_clearInterrupt)
                  0001918c    0000000c     rts430x_lc_rd_eabi.lib : fltid.c.obj (.text:__mspabi_fltid)
                  00019198    0000000c     UsbCdc.obj (.text:usbSetLineCoding)
                  000191a4    0000000a     ref.obj (.text:Ref_isRefGenBusy)
                  000191ae    0000000a     system_pre_init.obj (.text:_system_pre_init)
                  000191b8    0000000a     rts430x_lc_rd_eabi.lib : abs.c.obj (.text:abs)
                  000191c2    0000000a                            : lsl16.asm.obj (.text)
                  000191cc    0000000a                            : lsr16.asm.obj (.text)
                  000191d6    0000000a     usb.obj (.text:usbStallEndpoint0)
                  000191e0    0000000a     main.obj (.text:vApplicationIdleHook)
                  000191ea    0000000a     main.obj (.text:vApplicationStackOverflowHook)
                  000191f4    00000008     adc12_a.obj (.text:ADC12_A_enable)
                  000191fc    00000008     adc12_a.obj (.text:ADC12_A_isBusy)
                  00019204    00000008     timer_b.obj (.text:Timer_B_stop)
                  0001920c    00000008     ucs.obj (.text:UCS_turnOffXT2)
                  00019214    00000008     usbEventHandling.obj (.text:USB_handleVbusOffEvent)
                  0001921c    00000008     usb.obj (.text:USB_setEnabledEvents)
                  00019224    00000008     list.obj (.text:vListInitialiseItem)
                  0001922c    00000006     dma.obj (.text:DMA_disableTransferDuringReadModifyWrite)
                  00019232    00000006     dma.obj (.text:DMA_enableTransferDuringReadModifyWrite)
                  00019238    00000006     ref.obj (.text:Ref_disableReferenceVoltage)
                  0001923e    00000006     ref.obj (.text:Ref_enableReferenceVoltage)
                  00019244    00000006     sfr.obj (.text:SFR_clearInterrupt)
                  0001924a    00000006     ucs.obj (.text:UCS_clearFaultFlag)
                  00019250    00000006     usb.obj (.text:USB_getVersion)
                  00019256    00000006     usci_a_uart.obj (.text:USCI_A_UART_enable)
                  0001925c    00000006     rts430x_lc_rd_eabi.lib : exit.c.obj (.text:abort)
                  00019262    00000006     usb.obj (.text:usbClearOEP0ByteCount)
                  00019268    00000006     usb.obj (.text:usbRestoreInEndpointInterrupt)
                  0001926e    00000006     usb.obj (.text:usbRestoreOutEndpointInterrupt)
                  00019274    00000006     usb.obj (.text:usbStallOEP0)
                  0001927a    00000006     tasks.obj (.text:vTaskMissedYield)
                  00019280    00000006     tasks.obj (.text:vTaskSuspendAll)
                  00019286    00000006     heap_2.obj (.text:xPortGetFreeHeapSize)
                  0001928c    00000004     usbEventHandling.obj (.text:USBCDC_handleReceiveCompleted)
                  00019290    00000004     usbEventHandling.obj (.text:USBCDC_handleSetControlLineState)
                  00019294    00000004     usbEventHandling.obj (.text:USBCDC_handleSetLineCoding)
                  00019298    00000004     usbEventHandling.obj (.text:USB_handleClockEvent)
                  0001929c    00000004     usbEventHandling.obj (.text:USB_handleEnumerationCompleteEvent)
                  000192a0    00000004     usbEventHandling.obj (.text:USB_handleResetEvent)
                  000192a4    00000004     usbEventHandling.obj (.text:USB_handleResumeEvent)
                  000192a8    00000004     usbEventHandling.obj (.text:USB_handleSuspendEvent)
                  000192ac    00000002     rts430x_lc_rd_eabi.lib : startup.c.obj (.text:_system_post_cinit)

MODULE SUMMARY

       Module                       code    ro data   rw data
       ------                       ----    -------   -------
    .\
       serial.obj                   1730    56        284    
       commands.obj                 600     870       0      
       main.obj                     1324    18        42     
       analog.obj                   940     7         12     
       hal.obj                      354     0         0      
       RunTimeStatsConfig.obj       54      2         4      
       system_pre_init.obj          10      0         0      
    +--+----------------------------+-------+---------+---------+
       Total:                       5012    953       342    
                                                             
    .\FreeRTOS\Source\
       tasks.obj                    3518    50        172    
       queue.obj                    2104    0         0      
       timers.obj                   1060    8         50     
       list.obj                     208     0         0      
    +--+----------------------------+-------+---------+---------+
       Total:                       6890    58        222    
                                                             
    .\FreeRTOS\Source\portable\CCS\MSP430X\
       portext.obj                  166     0         0      
       port.obj                     52      2         2      
    +--+----------------------------+-------+---------+---------+
       Total:                       218     2         2      
                                                             
    .\FreeRTOS\Source\portable\MemMang\
       heap_2.obj                   286     0         6160   
    +--+----------------------------+-------+---------+---------+
       Total:                       286     0         6160   
                                                             
    .\MSP430F5xx_6xx\
       ucs.obj                      524     0         0      
       pmm.obj                      468     0         0      
       adc12_a.obj                  420     0         0      
       gpio.obj                     372     28        0      
       dma.obj                      308     0         0      
       usci_a_uart.obj              262     0         0      
       tlv.obj                      80      0         0      
       ref.obj                      34      0         0      
       wdt_a.obj                    32      0         0      
       timer_b.obj                  8       0         0      
       sfr.obj                      6       0         0      
    +--+----------------------------+-------+---------+---------+
       Total:                       2514    28        0      
                                                             
    .\USB_API\USB_CDC_API\
       UsbCdc.obj                   3534    0         8      
    +--+----------------------------+-------+---------+---------+
       Total:                       3534    0         8      
                                                             
    .\USB_API\USB_Common\
       usb.obj                      3070    34        81     
       usbdma.obj                   226     10        8      
    +--+----------------------------+-------+---------+---------+
       Total:                       3296    44        89     
                                                             
    .\USB_app\
       usbConstructs.obj            316     0         8      
       usbEventHandling.obj         96      0         0      
    +--+----------------------------+-------+---------+---------+
       Total:                       412     0         8      
                                                             
    .\USB_config\
       UsbIsr.obj                   692     2         0      
       descriptors.obj              0       509       0      
    +--+----------------------------+-------+---------+---------+
       Total:                       692     511       0      
                                                             
    .\utils\
       cmdline.obj                  118     0         36     
       ustdlib.obj                  56      0         0      
    +--+----------------------------+-------+---------+---------+
       Total:                       174     0         36     
                                                             
    C:\ti\ccsv8\tools\compiler\ti-cgt-msp430_18.1.4.LTS\lib\rts430x_lc_rd_eabi.lib
       _printfi.c.obj               6630    38        0      
       frcdivd.c.obj                1126    0         0      
       div64u.c.obj                 846     0         0      
       addd.c.obj                   736     0         0      
       frcmpyd.c.obj                640     0         0      
       mpyd.c.obj                   614     0         0      
       frcaddd.c.obj                584     0         0      
       divd.c.obj                   546     0         0      
       s_scalbn.c.obj               346     0         0      
       fs_add.asm.obj               306     0         0      
       ctype.c.obj                  0       257       0      
       cmpd.c.obj                   216     0         0      
       fs_mpy.asm.obj               184     0         0      
       renormd.c.obj                178     0         0      
       s_frexp.c.obj                166     0         0      
       fltlid.c.obj                 158     0         0      
       fs_div.asm.obj               144     0         0      
       ltoa.c.obj                   128     0         0      
       sprintf.c.obj                120     0         0      
       copy_decompress_lzss.c.obj   118     0         0      
       fixdli.c.obj                 102     0         0      
       atoi.c.obj                   98      0         0      
       div32u.asm.obj               88      0         0      
       autoinit.c.obj               84      0         0      
       asr32.asm.obj                78      0         0      
       lsl32.asm.obj                78      0         0      
       lsr32.asm.obj                78      0         0      
       fs_tou.asm.obj               70      0         0      
       div32s.asm.obj               64      0         0      
       lsl64.c.obj                  58      0         0      
       lsr64.c.obj                  58      0         0      
       subd.c.obj                   50      0         0      
       negd.c.obj                   46      0         0      
       s_copysign.c.obj             46      0         0      
       fixdi.c.obj                  40      0         0      
       copy_zero_init.c.obj         36      0         0      
       fs_utof.asm.obj              36      0         0      
       mult32_f5hw.asm.obj          36      0         0      
       boot.c.obj                   28      2         0      
       memccpy.c.obj                30      0         0      
       mult1632_f5hw.asm.obj        28      0         0      
       strchr.c.obj                 28      0         0      
       strcmp.c.obj                 28      0         0      
       mult16_f5hw.asm.obj          24      0         0      
       div16u.asm.obj               22      0         0      
       memset.c.obj                 22      0         0      
       wcslen.c.obj                 22      0         0      
       memcpy.c.obj                 20      0         0      
       copy_decompress_none.c.obj   18      0         0      
       strcpy.c.obj                 18      0         0      
       toupper.c.obj                18      0         0      
       strlen.c.obj                 14      0         0      
       fltid.c.obj                  12      0         0      
       abs.c.obj                    10      0         0      
       lsl16.asm.obj                10      0         0      
       lsr16.asm.obj                10      0         0      
       isr_trap.asm.obj             8       0         0      
       exit.c.obj                   6       0         0      
       errno.c.obj                  0       0         2      
       int41.asm.obj                0       2         0      
       int43.asm.obj                0       2         0      
       int45.asm.obj                0       2         0      
       int48.asm.obj                0       2         0      
       int49.asm.obj                0       2         0      
       int50.asm.obj                0       2         0      
       int52.asm.obj                0       2         0      
       int55.asm.obj                0       2         0      
       int56.asm.obj                0       2         0      
       int57.asm.obj                0       2         0      
       int58.asm.obj                0       2         0      
       int59.asm.obj                0       2         0      
       int60.asm.obj                0       2         0      
       int62.asm.obj                0       2         0      
       startup.c.obj                2       0         0      
    +--+----------------------------+-------+---------+---------+
       Total:                       15310   325       2      
                                                             
       Stack:                       0       0         160    
       Linker Generated:            0       54        0      
    +--+----------------------------+-------+---------+---------+
       Grand Total:                 38338   1975      7029   


LINKER GENERATED COPY TABLES

__TI_cinit_table @ 00004e90 records: 2, size/record: 8, table size: 16
	.data: load addr=00004e6a, load size=00000014 bytes, run addr=00003e90, run size=00000046 bytes, compression=lzss
	.bss: load addr=00004e8a, load size=00000006 bytes, run addr=00002400, run size=00001a8f bytes, compression=zero_init


LINKER GENERATED HANDLER TABLE

__TI_handler_table @ 00004e7e records: 3, size/record: 4, table size: 12
	index: 0, handler: __TI_zero_init
	index: 1, handler: __TI_decompress_lzss
	index: 2, handler: __TI_decompress_none


GLOBAL SYMBOLS: SORTED ALPHABETICALLY BY Name 

address   name                                       
-------   ----                                       
00000700  ADC12CTL0                                  
00000701  ADC12CTL0_H                                
00000700  ADC12CTL0_L                                
00000702  ADC12CTL1                                  
00000703  ADC12CTL1_H                                
00000702  ADC12CTL1_L                                
00000704  ADC12CTL2                                  
00000705  ADC12CTL2_H                                
00000704  ADC12CTL2_L                                
0000070c  ADC12IE                                    
0000070d  ADC12IE_H                                  
0000070c  ADC12IE_L                                  
0000070a  ADC12IFG                                   
0000070b  ADC12IFG_H                                 
0000070a  ADC12IFG_L                                 
00004538  ADC12ISR                                   
0000070e  ADC12IV                                    
0000070f  ADC12IV_H                                  
0000070e  ADC12IV_L                                  
00000710  ADC12MCTL0                                 
00000711  ADC12MCTL1                                 
0000071a  ADC12MCTL10                                
0000071b  ADC12MCTL11                                
0000071c  ADC12MCTL12                                
0000071d  ADC12MCTL13                                
0000071e  ADC12MCTL14                                
0000071f  ADC12MCTL15                                
00000712  ADC12MCTL2                                 
00000713  ADC12MCTL3                                 
00000714  ADC12MCTL4                                 
00000715  ADC12MCTL5                                 
00000716  ADC12MCTL6                                 
00000717  ADC12MCTL7                                 
00000718  ADC12MCTL8                                 
00000719  ADC12MCTL9                                 
00000720  ADC12MEM0                                  
00000721  ADC12MEM0_H                                
00000720  ADC12MEM0_L                                
00000722  ADC12MEM1                                  
00000734  ADC12MEM10                                 
00000735  ADC12MEM10_H                               
00000734  ADC12MEM10_L                               
00000736  ADC12MEM11                                 
00000737  ADC12MEM11_H                               
00000736  ADC12MEM11_L                               
00000738  ADC12MEM12                                 
00000739  ADC12MEM12_H                               
00000738  ADC12MEM12_L                               
0000073a  ADC12MEM13                                 
0000073b  ADC12MEM13_H                               
0000073a  ADC12MEM13_L                               
0000073c  ADC12MEM14                                 
0000073d  ADC12MEM14_H                               
0000073c  ADC12MEM14_L                               
0000073e  ADC12MEM15                                 
0000073f  ADC12MEM15_H                               
0000073e  ADC12MEM15_L                               
00000723  ADC12MEM1_H                                
00000722  ADC12MEM1_L                                
00000724  ADC12MEM2                                  
00000725  ADC12MEM2_H                                
00000724  ADC12MEM2_L                                
00000726  ADC12MEM3                                  
00000727  ADC12MEM3_H                                
00000726  ADC12MEM3_L                                
00000728  ADC12MEM4                                  
00000729  ADC12MEM4_H                                
00000728  ADC12MEM4_L                                
0000072a  ADC12MEM5                                  
0000072b  ADC12MEM5_H                                
0000072a  ADC12MEM5_L                                
0000072c  ADC12MEM6                                  
0000072d  ADC12MEM6_H                                
0000072c  ADC12MEM6_L                                
0000072e  ADC12MEM7                                  
0000072f  ADC12MEM7_H                                
0000072e  ADC12MEM7_L                                
00000730  ADC12MEM8                                  
00000731  ADC12MEM8_H                                
00000730  ADC12MEM8_L                                
00000732  ADC12MEM9                                  
00000733  ADC12MEM9_H                                
00000732  ADC12MEM9_L                                
0001915c  ADC12_A_clearInterrupt                     
0001890e  ADC12_A_configureMemory                    
000187a2  ADC12_A_disableConversions                 
00017fda  ADC12_A_disableInterrupt                   
000191f4  ADC12_A_enable                             
0001801a  ADC12_A_enableInterrupt                    
00019096  ADC12_A_getResults                         
00017b28  ADC12_A_init                               
000191fc  ADC12_A_isBusy                             
00018934  ADC12_A_setupSamplingTimer                 
00018486  ADC12_A_startConversion                    
00017b78  AnalogConfigADC                            
00013a82  AnalogInit                                 
000190a6  AnalogRead                                 
000186f2  AnalogStart                                
00018aec  AnalogStop                                 
000167ba  AnalogTempCompensate                       
000173de  AnalogValueCompensate                      
00004672  Button1_ISR                                
000046a6  Button2_ISR                                
0001925c  C$$EXIT                                    
000008c0  CBCTL0                                     
000008c1  CBCTL0_H                                   
000008c0  CBCTL0_L                                   
000008c2  CBCTL1                                     
000008c3  CBCTL1_H                                   
000008c2  CBCTL1_L                                   
000008c4  CBCTL2                                     
000008c5  CBCTL2_H                                   
000008c4  CBCTL2_L                                   
000008c6  CBCTL3                                     
000008c7  CBCTL3_H                                   
000008c6  CBCTL3_L                                   
000008cc  CBINT                                      
000008cd  CBINT_H                                    
000008cc  CBINT_L                                    
000008ce  CBIV                                       
00000150  CRCDI                                      
00000152  CRCDIRB                                    
00000153  CRCDIRB_H                                  
00000152  CRCDIRB_L                                  
00000151  CRCDI_H                                    
00000150  CRCDI_L                                    
00000154  CRCINIRES                                  
00000155  CRCINIRES_H                                
00000154  CRCINIRES_L                                
00000156  CRCRESR                                    
00000157  CRCRESR_H                                  
00000156  CRCRESR_L                                  
00018e2a  CdcIsReceiveInProgress                     
00003d86  CdcReadCtrl                                
000180da  CdcResetData                               
0001238c  CdcToBufferFromHost                        
00011494  CdcToHostFromBuffer                        
00003e2c  CdcWriteCtrl                               
0001704a  CmdLineProcess                             
00018b0e  Cmd_free                                   
00017774  Cmd_help                                   
00016844  Cmd_led                                    
00017932  Cmd_stats                                  
00017988  Cmd_tasks                                  
000149f8  CopyUsbToBuff                              
00000510  DMA0CTL                                    
00000511  DMA0CTL_H                                  
00000510  DMA0CTL_L                                  
00000516  DMA0DA                                     
00000518  DMA0DAH                                    
00000516  DMA0DAL                                    
00000512  DMA0SA                                     
00000514  DMA0SAH                                    
00000512  DMA0SAL                                    
0000051a  DMA0SZ                                     
00000520  DMA1CTL                                    
00000521  DMA1CTL_H                                  
00000520  DMA1CTL_L                                  
00000526  DMA1DA                                     
00000528  DMA1DAH                                    
00000526  DMA1DAL                                    
00000522  DMA1SA                                     
00000524  DMA1SAH                                    
00000522  DMA1SAL                                    
0000052a  DMA1SZ                                     
00000530  DMA2CTL                                    
00000531  DMA2CTL_H                                  
00000530  DMA2CTL_L                                  
00000536  DMA2DA                                     
00000538  DMA2DAH                                    
00000536  DMA2DAL                                    
00000532  DMA2SA                                     
00000534  DMA2SAH                                    
00000532  DMA2SAL                                    
0000053a  DMA2SZ                                     
00000500  DMACTL0                                    
00000501  DMACTL0_H                                  
00000500  DMACTL0_L                                  
00000502  DMACTL1                                    
00000503  DMACTL1_H                                  
00000502  DMACTL1_L                                  
00000504  DMACTL2                                    
00000505  DMACTL2_H                                  
00000504  DMACTL2_L                                  
00000506  DMACTL3                                    
00000507  DMACTL3_H                                  
00000506  DMACTL3_L                                  
00000508  DMACTL4                                    
00000509  DMACTL4_H                                  
00000508  DMACTL4_L                                  
0000050e  DMAIV                                      
0000050f  DMAIV_H                                    
0000050e  DMAIV_L                                    
0001922c  DMA_disableTransferDuringReadModifyWrite   
000190b6  DMA_disableTransfers                       
00019232  DMA_enableTransferDuringReadModifyWrite    
000190c6  DMA_enableTransfers                        
00019116  DMA_getInterruptStatus                     
00016a64  DMA_init                                   
0001854e  DMA_setDstAddress                          
000185de  DMA_setSrcAddress                          
00019168  DMA_setTransferSize                        
00019124  DMA_startTransfer                          
00000140  FCTL1                                      
00000141  FCTL1_H                                    
00000140  FCTL1_L                                    
00000144  FCTL3                                      
00000145  FCTL3_H                                    
00000144  FCTL3_L                                    
00000146  FCTL4                                      
00000147  FCTL4_H                                    
00000146  FCTL4_L                                    
00018c7a  GPIO_clearInterrupt                        
00018c98  GPIO_enableInterrupt                       
00018d2e  GPIO_getInputPinValue                      
0001860c  GPIO_selectInterruptEdge                   
00018118  GPIO_setAsInputPinWithPullUpResistor       
000187f6  GPIO_setAsOutputPin                        
0001881e  GPIO_setAsPeripheralModuleFunctionInputPin 
00018846  GPIO_setAsPeripheralModuleFunctionOutputPin
00018d4a  GPIO_setOutputHighOnPin                    
00018d66  GPIO_setOutputLowOnPin                     
000190d6  GetOverflowCounts                          
00017222  Handler_SetLineCoding                      
00018d82  IEP0InterruptHandler                       
000004c4  MAC                                        
000004da  MAC32H                                     
000004db  MAC32H_H                                   
000004da  MAC32H_L                                   
000004d8  MAC32L                                     
000004d9  MAC32L_H                                   
000004d8  MAC32L_L                                   
000004c6  MACS                                       
000004de  MACS32H                                    
000004df  MACS32H_H                                  
000004de  MACS32H_L                                  
000004dc  MACS32L                                    
000004dd  MACS32L_H                                  
000004dc  MACS32L_L                                  
000004c7  MACS_H                                     
000004c6  MACS_L                                     
000004c5  MAC_H                                      
000004c4  MAC_L                                      
000004c0  MPY                                        
000004ec  MPY32CTL0                                  
000004ed  MPY32CTL0_H                                
000004ec  MPY32CTL0_L                                
000004d2  MPY32H                                     
000004d3  MPY32H_H                                   
000004d2  MPY32H_L                                   
000004d0  MPY32L                                     
000004d1  MPY32L_H                                   
000004d0  MPY32L_L                                   
000004c2  MPYS                                       
000004d6  MPYS32H                                    
000004d7  MPYS32H_H                                  
000004d6  MPYS32H_L                                  
000004d4  MPYS32L                                    
000004d5  MPYS32L_H                                  
000004d4  MPYS32L_L                                  
000004c3  MPYS_H                                     
000004c2  MPYS_L                                     
000004c1  MPY_H                                      
000004c0  MPY_L                                      
00018372  OEP0InterruptHandler                       
000004c8  OP2                                        
000004e2  OP2H                                       
000004e3  OP2H_H                                     
000004e2  OP2H_L                                     
000004e0  OP2L                                       
000004e1  OP2L_H                                     
000004e0  OP2L_L                                     
000004c9  OP2_H                                      
000004c8  OP2_L                                      
0000020e  P1IV                                       
0000021e  P2IV                                       
000001e0  P4MAP01                                    
000001e1  P4MAP01_H                                  
000001e0  P4MAP01_L                                  
000001e2  P4MAP23                                    
000001e3  P4MAP23_H                                  
000001e2  P4MAP23_L                                  
000001e4  P4MAP45                                    
000001e5  P4MAP45_H                                  
000001e4  P4MAP45_L                                  
000001e6  P4MAP67                                    
000001e7  P4MAP67_H                                  
000001e6  P4MAP67_L                                  
00000204  PADIR                                      
00000205  PADIR_H                                    
00000204  PADIR_L                                    
00000208  PADS                                       
00000209  PADS_H                                     
00000208  PADS_L                                     
0000021a  PAIE                                       
00000218  PAIES                                      
00000219  PAIES_H                                    
00000218  PAIES_L                                    
0000021b  PAIE_H                                     
0000021a  PAIE_L                                     
0000021c  PAIFG                                      
0000021d  PAIFG_H                                    
0000021c  PAIFG_L                                    
00000200  PAIN                                       
00000201  PAIN_H                                     
00000200  PAIN_L                                     
00000202  PAOUT                                      
00000203  PAOUT_H                                    
00000202  PAOUT_L                                    
00000206  PAREN                                      
00000207  PAREN_H                                    
00000206  PAREN_L                                    
0000020a  PASEL                                      
0000020b  PASEL_H                                    
0000020a  PASEL_L                                    
00000224  PBDIR                                      
00000225  PBDIR_H                                    
00000224  PBDIR_L                                    
00000228  PBDS                                       
00000229  PBDS_H                                     
00000228  PBDS_L                                     
00000220  PBIN                                       
00000221  PBIN_H                                     
00000220  PBIN_L                                     
00000222  PBOUT                                      
00000223  PBOUT_H                                    
00000222  PBOUT_L                                    
00000226  PBREN                                      
00000227  PBREN_H                                    
00000226  PBREN_L                                    
0000022a  PBSEL                                      
0000022b  PBSEL_H                                    
0000022a  PBSEL_L                                    
00000244  PCDIR                                      
00000245  PCDIR_H                                    
00000244  PCDIR_L                                    
00000248  PCDS                                       
00000249  PCDS_H                                     
00000248  PCDS_L                                     
00000240  PCIN                                       
00000241  PCIN_H                                     
00000240  PCIN_L                                     
00000242  PCOUT                                      
00000243  PCOUT_H                                    
00000242  PCOUT_L                                    
00000246  PCREN                                      
00000247  PCREN_H                                    
00000246  PCREN_L                                    
0000024a  PCSEL                                      
0000024b  PCSEL_H                                    
0000024a  PCSEL_L                                    
00000264  PDDIR                                      
00000265  PDDIR_H                                    
00000264  PDDIR_L                                    
00000268  PDDS                                       
00000269  PDDS_H                                     
00000268  PDDS_L                                     
00000260  PDIN                                       
00000261  PDIN_H                                     
00000260  PDIN_L                                     
00000262  PDOUT                                      
00000263  PDOUT_H                                    
00000262  PDOUT_L                                    
00000266  PDREN                                      
00000267  PDREN_H                                    
00000266  PDREN_L                                    
0000026a  PDSEL                                      
0000026b  PDSEL_H                                    
0000026a  PDSEL_L                                    
00000324  PJDIR                                      
00000325  PJDIR_H                                    
00000324  PJDIR_L                                    
00000328  PJDS                                       
00000329  PJDS_H                                     
00000328  PJDS_L                                     
00000320  PJIN                                       
00000321  PJIN_H                                     
00000320  PJIN_L                                     
00000322  PJOUT                                      
00000323  PJOUT_H                                    
00000322  PJOUT_L                                    
00000326  PJREN                                      
00000327  PJREN_H                                    
00000326  PJREN_L                                    
00000130  PM5CTL0                                    
00000131  PM5CTL0_H                                  
00000130  PM5CTL0_L                                  
000001c2  PMAPCTL                                    
000001c3  PMAPCTL_H                                  
000001c2  PMAPCTL_L                                  
000001c0  PMAPKEYID                                  
000001c1  PMAPKEYID_H                                
000001c0  PMAPKEYID_L                                
00000120  PMMCTL0                                    
00000121  PMMCTL0_H                                  
00000120  PMMCTL0_L                                  
00000122  PMMCTL1                                    
00000123  PMMCTL1_H                                  
00000122  PMMCTL1_L                                  
0000012c  PMMIFG                                     
0000012d  PMMIFG_H                                   
0000012c  PMMIFG_L                                   
0000012e  PMMRIE                                     
0000012f  PMMRIE_H                                   
0000012e  PMMRIE_L                                   
00017a32  PMM_setVCore                               
00016014  PMM_setVCoreDown                           
00014e9e  PMM_setVCoreUp                             
000170c0  PWRVBUSoffHandler                          
000174b6  PWRVBUSonHandler                           
00000158  RCCTL0                                     
00000159  RCCTL0_H                                   
00000158  RCCTL0_L                                   
000001b0  REFCTL0                                    
000001b1  REFCTL0_H                                  
000001b0  REFCTL0_L                                  
000004e4  RES0                                       
000004e5  RES0_H                                     
000004e4  RES0_L                                     
000004e6  RES1                                       
000004e7  RES1_H                                     
000004e6  RES1_L                                     
000004e8  RES2                                       
000004e9  RES2_H                                     
000004e8  RES2_L                                     
000004ea  RES3                                       
000004eb  RES3_H                                     
000004ea  RES3_L                                     
000004cc  RESHI                                      
000004cd  RESHI_H                                    
000004cc  RESHI_L                                    
000004ca  RESLO                                      
000004cb  RESLO_H                                    
000004ca  RESLO_L                                    
000004ba  RTCADOWDAY                                 
000004bb  RTCADOWDAY_H                               
000004ba  RTCADOWDAY_L                               
000004b8  RTCAMINHR                                  
000004b9  RTCAMINHR_H                                
000004b8  RTCAMINHR_L                                
000004a0  RTCCTL01                                   
000004a1  RTCCTL01_H                                 
000004a0  RTCCTL01_L                                 
000004a2  RTCCTL23                                   
000004a3  RTCCTL23_H                                 
000004a2  RTCCTL23_L                                 
000004b4  RTCDATE                                    
000004b5  RTCDATE_H                                  
000004b4  RTCDATE_L                                  
000004ae  RTCIV                                      
000004ac  RTCPS                                      
000004a8  RTCPS0CTL                                  
000004a9  RTCPS0CTL_H                                
000004a8  RTCPS0CTL_L                                
000004aa  RTCPS1CTL                                  
000004ab  RTCPS1CTL_H                                
000004aa  RTCPS1CTL_L                                
000004ad  RTCPS_H                                    
000004ac  RTCPS_L                                    
000004b0  RTCTIM0                                    
000004b1  RTCTIM0_H                                  
000004b0  RTCTIM0_L                                  
000004b2  RTCTIM1                                    
000004b3  RTCTIM1_H                                  
000004b2  RTCTIM1_L                                  
000004b6  RTCYEAR                                    
000004b7  RTCYEAR_H                                  
000004b6  RTCYEAR_L                                  
00019238  Ref_disableReferenceVoltage                
0001923e  Ref_enableReferenceVoltage                 
000191a4  Ref_isRefGenBusy                           
00019174  Ref_setReferenceVoltage                    
00000100  SFRIE1                                     
00000101  SFRIE1_H                                   
00000100  SFRIE1_L                                   
00000102  SFRIFG1                                    
00000103  SFRIFG1_H                                  
00000102  SFRIFG1_L                                  
00000104  SFRRPCR                                    
00000105  SFRRPCR_H                                  
00000104  SFRRPCR_L                                  
00019244  SFR_clearInterrupt                         
000004ce  SUMEXT                                     
000004cf  SUMEXT_H                                   
000004ce  SUMEXT_L                                   
00000124  SVSMHCTL                                   
00000125  SVSMHCTL_H                                 
00000124  SVSMHCTL_L                                 
00000128  SVSMIO                                     
00000129  SVSMIO_H                                   
00000128  SVSMIO_L                                   
00000126  SVSMLCTL                                   
00000127  SVSMLCTL_H                                 
00000126  SVSMLCTL_L                                 
00000198  SYSBERRIV                                  
00000199  SYSBERRIV_H                                
00000198  SYSBERRIV_L                                
00000182  SYSBSLC                                    
00000183  SYSBSLC_H                                  
00000182  SYSBSLC_L                                  
00000180  SYSCTL                                     
00000181  SYSCTL_H                                   
00000180  SYSCTL_L                                   
00000186  SYSJMBC                                    
00000187  SYSJMBC_H                                  
00000186  SYSJMBC_L                                  
[...]
00004400  __STACK_END                                
00004400  iUsbInterruptHandler                       
00004538  ADC12ISR                                   
000045c8  prvUSCI_A1_ISR                             
0000462c  UNMI_ISR                                   
00004672  Button1_ISR                                
000046a6  Button2_ISR                                
000046da  _c_int00_noargs                            
000046f6  vTickISREntry                              
00004706  __TI_ISR_TRAP                              
0000470e  prvRunTimeStatsOverflowISR                 
00004a26  tUsbRequestList                            
00004b30  _ctypes_                                   
00004c32  abromStringDescriptor                      
00004cc0  g_psCmdTable                               
00004d14  abromConfigurationDescriptorGroup          
00004e14  abromDeviceDescriptor                      
00004e26  stUsbHandle                                
00004e7e  __TI_Handler_Table_Base                    
00004e8a  __TI_Handler_Table_Limit                   
00004e90  __TI_CINIT_Base                            
00004ea0  __TI_CINIT_Limit                           
0000ffd2  __TI_int41                                 
0000ffd4  __TI_int42                                 
0000ffd6  __TI_int43                                 
0000ffd8  __TI_int44                                 
0000ffda  __TI_int45                                 
0000ffdc  __TI_int46                                 
0000ffde  __TI_int47                                 
0000ffe0  __TI_int48                                 
0000ffe2  __TI_int49                                 
0000ffe4  __TI_int50                                 
0000ffe6  __TI_int51                                 
0000ffe8  __TI_int52                                 
0000ffea  __TI_int53                                 
0000ffec  __TI_int54                                 
0000ffee  __TI_int55                                 
0000fff0  __TI_int56                                 
0000fff2  __TI_int57                                 
0000fff4  __TI_int58                                 
0000fff6  __TI_int59                                 
0000fff8  __TI_int60                                 
0000fffa  __TI_int61                                 
0000fffc  __TI_int62                                 
0000fffe  _reset_vector                              
00010000  __TI_frcdivd                               
00010466  USBCDC_receiveData                         
000108b8  __mspabi_divull                            
00010c06  xSerialvPrintf                             
00010efc  __mspabi_addd                              
00011494  CdcToHostFromBuffer                        
0001173e  __TI_printfi                               
000119e4  __TI_frcmpyd                               
00011ede  __mspabi_mpyd                              
00012144  __TI_frcaddd                               
0001238c  CdcToBufferFromHost                        
000127e0  __mspabi_divd                              
00012c1e  xSerialGetStringWithHistory                
00013220  xQueueGenericReceive                       
000135bc  USB_reset                                  
00013900  xQueueGenericSend                          
00013a82  AnalogInit                                 
00013d6a  ldexp                                      
00013d6a  ldexpl                                     
00013d6a  scalbn                                     
00013d6a  scalbnl                                    
0001400c  vTaskGetRunTimeStats                       
00014148  __mspabi_subf                              
0001414e  __mspabi_addf                              
000143a2  USB_enable                                 
000144c4  vTaskSwitchContext                         
000145dc  vTaskList                                  
000146f2  xSerialPortInitMinimal                     
000149f8  CopyUsbToBuff                              
00014bec  USB_InitSerialStringDescriptor             
00014cd4  xTaskIncrementTick                         
00014dbc  UCS_initFLL                                
00014e9e  PMM_setVCoreUp                             
00014f7e  USB_determineFreq                          
0001505a  USBCDC_getInterfaceStatus                  
00015132  __mspabi_cmpd                              
0001520a  USCI_A_UART_init                           
000153b2  xTaskResumeAll                             
00015484  initPorts                                  
00015616  USBCDC_getBytesInUSBBuffer                 
000156d0  __mspabi_mpyf                              
00015788  __TI_renormd                               
0001583a  main                                       
000158e8  pvPortMalloc                               
00015996  xQueueGenericReset                         
00015a40  USB_determineXT2Freq                       
00015b8e  UCS_initClockSignal                        
00015cda  frexp                                      
00015cda  frexpl                                     
00015d80  vPortPreemptiveTickISR                     
00015db0  vPortCooperativeTickISR                    
00015ddc  vPortYield                                 
00015e0c  xPortStartScheduler                        
00015e26  vUARTTask                                  
00015ecc  USB_init                                   
00015f70  uxTaskGetSystemState                       
00016014  PMM_setVCoreDown                           
00016156  __mspabi_fltlid                            
00016290  USBCDC_sendData                            
000163c4  usbGetLineCoding                           
00016458  vTaskGetInfo                               
0001669a  __mspabi_divf                              
0001672a  usbClearEndpointFeature                    
000167ba  AnalogTempCompensate                       
00016844  Cmd_led                                    
000168ce  usbGetEndpointStatus                       
000169de  usbDecodeAndProcessUsbRequest              
00016a64  DMA_init                                   
00016ae6  vTaskPriorityInherit                       
00016b68  xQueueGenericSendFromISR                   
00016bea  ltoa                                       
00016c6a  xTaskPriorityDisinherit                    
00016cea  xTaskRemoveFromEventList                   
00016d6a  xQueueGiveFromISR                          
00016de8  xTaskCreate                                
00016e66  cdcSendData                                
00016f5a  cdcReceiveData                             
00016fd2  xTaskCheckForTimeOut                       
0001704a  CmdLineProcess                             
000170c0  PWRVBUSoffHandler                          
00017136  __TI_decompress_lzss                       
000171ac  xTimerGenericCommand                       
00017222  Handler_SetLineCoding                      
00017292  xQueueReceiveFromISR                       
00017370  usbSendNextPacketOnIEP0                    
000173de  AnalogValueCompensate                      
0001744a  eTaskGetState                              
000174b6  PWRVBUSonHandler                           
00017588  __mspabi_fixdli                            
000175ee  memcpyDMA                                  
000176b6  atoi                                       
00017718  USB_initMemcpy                             
00017774  Cmd_help                                   
00017828  vTaskStartScheduler                        
00017882  __mspabi_divul                             
00017882  __mspabi_remul                             
000178da  usbGetStringDescriptor                     
00017932  Cmd_stats                                  
00017988  Cmd_tasks                                  
000179de  __TI_auto_init_nobinit_nopinit_hold_wdt    
00017a32  PMM_setVCore                               
00017a84  usbReceiveNextPacketOnOEP0                 
00017ad6  xQueueGenericCreate                        
00017b28  ADC12_A_init                               
00017b78  AnalogConfigADC                            
00017bc8  TLV_getInfo                                
00017cb6  initButtons                                
00017d04  vQueueWaitForMessageRestricted             
00017d52  xTimerCreateTimerTask                      
00017dec  initClocks                                 
00017e36  SetupPacketInterruptHandler                
00017e7e  cdcInit                                    
00017ec6  usbSetEndpointFeature                      
00017f0e  __mspabi_fixfu                             
00017f54  sprintf                                    
00017f98  USB_lookUpPll                              
00017fda  ADC12_A_disableInterrupt                   
0001801a  ADC12_A_enableInterrupt                    
0001805a  __mspabi_divli                             
0001805a  __mspabi_remli                             
0001809a  vListInsert                                
000180da  CdcResetData                               
00018118  GPIO_setAsInputPinWithPullUpResistor       
00018156  UCS_turnOnXT2WithTimeout                   
00018194  __mspabi_sral_15                           
00018198  __mspabi_sral_14                           
0001819c  __mspabi_sral_13                           
000181a0  __mspabi_sral_12                           
000181a4  __mspabi_sral_11                           
000181a8  __mspabi_sral_10                           
000181ac  __mspabi_sral_9                            
000181b0  __mspabi_sral_8                            
000181b4  __mspabi_sral_7                            
000181b8  __mspabi_sral_6                            
000181bc  __mspabi_sral_5                            
000181c0  __mspabi_sral_4                            
000181c4  __mspabi_sral_3                            
000181c8  __mspabi_sral_2                            
000181cc  __mspabi_sral_1                            
000181d2  __mspabi_slll_15                           
000181d6  __mspabi_slll_14                           
000181da  __mspabi_slll_13                           
000181de  __mspabi_slll_12                           
000181e2  __mspabi_slll_11                           
000181e6  __mspabi_slll_10                           
000181ea  __mspabi_slll_9                            
000181ee  __mspabi_slll_8                            
000181f2  __mspabi_slll_7                            
000181f6  __mspabi_slll_6                            
000181fa  __mspabi_slll_5                            
000181fe  __mspabi_slll_4                            
00018202  __mspabi_slll_3                            
00018206  __mspabi_slll_2                            
0001820a  __mspabi_slll_1                            
00018210  __mspabi_srll_15                           
00018214  __mspabi_srll_14                           
00018218  __mspabi_srll_13                           
0001821c  __mspabi_srll_12                           
00018220  __mspabi_srll_11                           
00018224  __mspabi_srll_10                           
00018228  __mspabi_srll_9                            
0001822c  __mspabi_srll_8                            
00018230  __mspabi_srll_7                            
00018234  __mspabi_srll_6                            
00018238  __mspabi_srll_5                            
0001823c  __mspabi_srll_4                            
00018240  __mspabi_srll_3                            
00018244  __mspabi_srll_2                            
00018248  __mspabi_srll_1                            
0001824e  vPortFree                                  
0001828a  USB_setup                                  
000182c4  __mspabi_sllll                             
000182fe  __mspabi_srlll                             
00018338  uxListRemove                               
00018372  OEP0InterruptHandler                       
000183aa  UCS_turnOnLFXT1                            
0001841a  ustrncmp                                   
00018452  vTaskPlaceOnEventListRestricted            
00018486  ADC12_A_startConversion                    
000184b8  __mspabi_subd                              
0001854e  DMA_setDstAddress                          
0001857e  USB_getConnectionInformation               
000185ae  USB_suspend                                
000185de  DMA_setSrcAddress                          
0001860c  GPIO_selectInterruptEdge                   
0001863a  __mspabi_negd                              
00018668  copysign                                   
00018668  copysignl                                  
000186f2  AnalogStart                                
0001874a  usbGetDeviceStatus                         
00018776  vTaskPlaceOnEventList                      
000187a2  ADC12_A_disableConversions                 
000187f6  GPIO_setAsOutputPin                        
0001881e  GPIO_setAsPeripheralModuleFunctionInputPin 
00018846  GPIO_setAsPeripheralModuleFunctionOutputPin
0001886e  __mspabi_fixdi                             
000188e6  vListInitialise                            
0001890e  ADC12_A_configureMemory                    
00018934  ADC12_A_setupSamplingTimer                 
0001895a  usbSetConfiguration                        
00018980  vApplicationSetupTimerInterrupt            
00018980  vPortSetupTimerInterrupt                   
000189a6  vListInsertEnd                             
000189cc  __TI_zero_init                             
00018a14  pxPortInitialiseStack                      
00018a38  __mspabi_fltuf                             
00018a5c  __mspabi_mpyl_f5hw                         
00018a80  usbDisableInEndpointInterrupt              
00018aa4  usbDisableOutEndpointInterrupt             
00018ac8  xTaskGetTickCount                          
00018aec  AnalogStop                                 
00018b0e  Cmd_free                                   
00018b30  USB_disable                                
00018b52  memcpyV                                    
00018b96  usbSendDataPacketOnEP0                     
00018bb8  xSerialWrite                               
00018bda  WDT_A_hold                                 
00018c3a  usbSetAddress                              
00018c5a  vConfigureTimerForRunTimeStats             
00018c7a  GPIO_clearInterrupt                        
00018c98  GPIO_enableInterrupt                       
00018cb6  USCI_A_UART_enableInterrupt                
00018cd4  memccpy                                    
00018cf2  usbGetInterface                            
00018d10  usbGetInterfaceStatus                      
00018d2e  GPIO_getInputPinValue                      
00018d4a  GPIO_setOutputHighOnPin                    
00018d66  GPIO_setOutputLowOnPin                     
00018d82  IEP0InterruptHandler                       
00018d9e  __mspabi_mpyul_f5hw                        
00018dba  pvTaskIncrementMutexHeldCount              
00018dd6  strchr                                     
00018df2  strcmp                                     
00018e0e  vTaskSetTimeOutState                       
00018e2a  CdcIsReceiveInProgress                     
00018e44  USB_connect                                
00018e5e  xSerialPutChar                             
00018e78  USB_resume                                 
00018e90  __mspabi_mpyi_f5hw                         
00018ea8  usbClearDeviceFeature                      
00018ec0  usbSetDeviceFeature                        
00018ed8  xQueueCreateMutex                          
00018ef0  xTaskGetSchedulerState                     
00018f08  memset                                     
00018f34  __mspabi_divu                              
00018f34  __mspabi_remu                              
00018f4a  usbGetConfigurationDescriptor              
00018f60  usbGetDeviceDescriptor                     
00018f76  wcslen                                     
00018f8c  USB_handleVbusOnEvent                      
00018fb4  memcpy                                     
00018fc8  usbGetConfiguration                        
00018fdc  usbReceiveDataPacketOnEP0                  
00018ff0  usbSetControlLineState                     
00019004  xSerialPrintf                              
00019018  USBCDC_handleDataReceived                  
0001902a  USBCDC_handleSendCompleted                 
0001903c  __TI_decompress_none                       
00019060  strcpy                                     
00019072  toupper                                    
00019084  usbSetInterface                            
00019096  ADC12_A_getResults                         
000190a6  AnalogRead                                 
000190b6  DMA_disableTransfers                       
000190c6  DMA_enableTransfers                        
000190d6  GetOverflowCounts                          
000190e6  __mspabi_sral                              
000190f6  __mspabi_slll                              
00019106  __mspabi_srll                              
00019116  DMA_getInterruptStatus                     
00019124  DMA_startTransfer                          
00019132  strlen                                     
00019140  usbInvalidRequest                          
0001914e  usbSendZeroLengthPacketOnIEP0              
0001915c  ADC12_A_clearInterrupt                     
00019168  DMA_setTransferSize                        
00019174  Ref_setReferenceVoltage                    
00019180  USCI_A_UART_clearInterrupt                 
0001918c  __mspabi_fltid                             
00019198  usbSetLineCoding                           
000191a4  Ref_isRefGenBusy                           
000191ae  _system_pre_init                           
000191b8  abs                                        
000191c2  __mspabi_slli                              
000191cc  __mspabi_srli                              
000191d6  usbStallEndpoint0                          
000191e0  vApplicationIdleHook                       
000191ea  vApplicationStackOverflowHook              
000191f4  ADC12_A_enable                             
000191fc  ADC12_A_isBusy                             
00019204  Timer_B_stop                               
0001920c  UCS_turnOffXT2                             
00019214  USB_handleVbusOffEvent                     
0001921c  USB_setEnabledEvents                       
00019224  vListInitialiseItem                        
0001922c  DMA_disableTransferDuringReadModifyWrite   
00019232  DMA_enableTransferDuringReadModifyWrite    
00019238  Ref_disableReferenceVoltage                
0001923e  Ref_enableReferenceVoltage                 
00019244  SFR_clearInterrupt                         
0001924a  UCS_clearFaultFlag                         
00019250  USB_getVersion                             
00019256  USCI_A_UART_enable                         
0001925c  C$$EXIT                                    
0001925c  abort                                      
00019262  usbClearOEP0ByteCount                      
00019268  usbRestoreInEndpointInterrupt              
0001926e  usbRestoreOutEndpointInterrupt             
00019274  usbStallOEP0                               
0001927a  vTaskMissedYield                           
00019280  vTaskSuspendAll                            
00019286  xPortGetFreeHeapSize                       
0001928c  USBCDC_handleReceiveCompleted              
00019290  USBCDC_handleSetControlLineState           
00019294  USBCDC_handleSetLineCoding                 
00019298  USB_handleClockEvent                       
0001929c  USB_handleEnumerationCompleteEvent         
000192a0  USB_handleResetEvent                       
000192a4  USB_handleResumeEvent                      
000192a8  USB_handleSuspendEvent                     
000192ac  _system_post_cinit                         
ffffffff  __TI_pprof_out_hndl                        
ffffffff  __TI_prof_data_size                        
ffffffff  __TI_prof_data_start                       
ffffffff  __c_args__                                 

[1174 symbols]
