Archive member included to satisfy reference by file (symbol)

c:/ti/ccsv8/tools/compiler/msp430-gcc-7.3.1.24_win32/bin/../lib/gcc/msp430-elf/7.3.1/../../../../msp430-elf/lib\libc.a(lib_a-memset.o)
                              ./usci_a1_uart_115200_XT2_4MHz.o (memset)
c:/ti/ccsv8/tools/compiler/msp430-gcc-7.3.1.24_win32/bin/../lib/gcc/msp430-elf/7.3.1\libgcc.a(_lshrdi3.o)
                              ./driverlib/MSP430F5xx_6xx/mpy32.o (__lshrdi3)
c:/ti/ccsv8/tools/compiler/msp430-gcc-7.3.1.24_win32/bin/../lib/gcc/msp430-elf/7.3.1\libgcc.a(_ashldi3.o)
                              ./driverlib/MSP430F5xx_6xx/mpy32.o (__ashldi3)
c:/ti/ccsv8/tools/compiler/msp430-gcc-7.3.1.24_win32/bin/../lib/gcc/msp430-elf/7.3.1\libgcc.a(lib2divHI.o)
                              ./driverlib/MSP430F5xx_6xx/ucs.o (__mspabi_divi)
c:/ti/ccsv8/tools/compiler/msp430-gcc-7.3.1.24_win32/bin/../lib/gcc/msp430-elf/7.3.1\libgcc.a(lib2divSI.o)
                              ./driverlib/MSP430F5xx_6xx/ucs.o (__mspabi_divul)
c:/ti/ccsv8/tools/compiler/msp430-gcc-7.3.1.24_win32/bin/../lib/gcc/msp430-elf/7.3.1\libgcc.a(slli.o)
                              ./driverlib/MSP430F5xx_6xx/comp_b.o (__mspabi_slli)
c:/ti/ccsv8/tools/compiler/msp430-gcc-7.3.1.24_win32/bin/../lib/gcc/msp430-elf/7.3.1\libgcc.a(srli.o)
                              ./driverlib/MSP430F5xx_6xx/timer_a.o (__mspabi_srli_3)
c:/ti/ccsv8/tools/compiler/msp430-gcc-7.3.1.24_win32/bin/../lib/gcc/msp430-elf/7.3.1\libgcc.a(_udivdi3.o)
                              c:/ti/ccsv8/tools/compiler/msp430-gcc-7.3.1.24_win32/bin/../lib/gcc/msp430-elf/7.3.1\libgcc.a(lib2divSI.o) (__mspabi_divull)
c:/ti/ccsv8/tools/compiler/msp430-gcc-7.3.1.24_win32/bin/../lib/gcc/msp430-elf/7.3.1\libgcc.a(_clzdi2.o)
                              c:/ti/ccsv8/tools/compiler/msp430-gcc-7.3.1.24_win32/bin/../lib/gcc/msp430-elf/7.3.1\libgcc.a(_udivdi3.o) (__clzdi2)
c:/ti/ccsv8/tools/compiler/msp430-gcc-7.3.1.24_win32/bin/../lib/gcc/msp430-elf/7.3.1\libgcc.a(_clz.o)
                              c:/ti/ccsv8/tools/compiler/msp430-gcc-7.3.1.24_win32/bin/../lib/gcc/msp430-elf/7.3.1\libgcc.a(_clzdi2.o) (__clz_tab)
c:/ti/ccsv8/tools/compiler/msp430-gcc-7.3.1.24_win32/bin/../lib/gcc/msp430-elf/7.3.1\libmul_f5.a(lib2hw_mul_f5.o)
                              ./driverlib/MSP430F5xx_6xx/ucs.o (__mulsi2_f5)
c:/ti/ccsv8/tools/compiler/msp430-gcc-7.3.1.24_win32/bin/../lib/gcc/msp430-elf/7.3.1\libgcc.a(_muldi3.o)
                              c:/ti/ccsv8/tools/compiler/msp430-gcc-7.3.1.24_win32/bin/../lib/gcc/msp430-elf/7.3.1\libmul_f5.a(lib2hw_mul_f5.o) (__mspabi_mpyll)
c:/ti/ccsv8/tools/compiler/msp430-gcc-7.3.1.24_win32/bin/../lib/gcc/msp430-elf/7.3.1/../../../../msp430-elf/lib\libcrt.a(crt_bss.o)
                              c:/ti/ccsv8/tools/compiler/msp430-gcc-7.3.1.24_win32/bin/../lib/gcc/msp430-elf/7.3.1/crtbegin.o (__crt0_init_bss)
c:/ti/ccsv8/tools/compiler/msp430-gcc-7.3.1.24_win32/bin/../lib/gcc/msp430-elf/7.3.1/../../../../msp430-elf/lib\libcrt.a(crt_movedata.o)
                              c:/ti/ccsv8/tools/compiler/msp430-gcc-7.3.1.24_win32/bin/../lib/gcc/msp430-elf/7.3.1/crtbegin.o (__crt0_movedata)
c:/ti/ccsv8/tools/compiler/msp430-gcc-7.3.1.24_win32/bin/../lib/gcc/msp430-elf/7.3.1/../../../../msp430-elf/lib\libcrt.a(crt_main.o)
                              c:/ti/ccsv8/tools/compiler/msp430-gcc-7.3.1.24_win32/bin/../lib/gcc/msp430-elf/7.3.1/../../../../msp430-elf/lib/crt0.o (__crt0_call_init_then_main)
c:/ti/ccsv8/tools/compiler/msp430-gcc-7.3.1.24_win32/bin/../lib/gcc/msp430-elf/7.3.1/../../../../msp430-elf/lib\libc.a(lib_a-memmove.o)
                              c:/ti/ccsv8/tools/compiler/msp430-gcc-7.3.1.24_win32/bin/../lib/gcc/msp430-elf/7.3.1/../../../../msp430-elf/lib\libcrt.a(crt_movedata.o) (memmove)

Memory Configuration

Name             Origin             Length             Attributes
SFR              0x00000000         0x00000010
PERIPHERAL_8BIT  0x00000010         0x000000f0
PERIPHERAL_16BIT 0x00000100         0x00000100
RAM              0x00002400         0x00002000
INFOMEM          0x00001800         0x00000200
INFOA            0x00001980         0x00000080
INFOB            0x00001900         0x00000080
INFOC            0x00001880         0x00000080
INFOD            0x00001800         0x00000080
ROM              0x00004400         0x0000bb80
VECT1            0x0000ff80         0x00000002
VECT2            0x0000ff82         0x00000002
VECT3            0x0000ff84         0x00000002
VECT4            0x0000ff86         0x00000002
VECT5            0x0000ff88         0x00000002
VECT6            0x0000ff8a         0x00000002
VECT7            0x0000ff8c         0x00000002
VECT8            0x0000ff8e         0x00000002
VECT9            0x0000ff90         0x00000002
VECT10           0x0000ff92         0x00000002
VECT11           0x0000ff94         0x00000002
VECT12           0x0000ff96         0x00000002
VECT13           0x0000ff98         0x00000002
VECT14           0x0000ff9a         0x00000002
VECT15           0x0000ff9c         0x00000002
VECT16           0x0000ff9e         0x00000002
VECT17           0x0000ffa0         0x00000002
VECT18           0x0000ffa2         0x00000002
VECT19           0x0000ffa4         0x00000002
VECT20           0x0000ffa6         0x00000002
VECT21           0x0000ffa8         0x00000002
VECT22           0x0000ffaa         0x00000002
VECT23           0x0000ffac         0x00000002
VECT24           0x0000ffae         0x00000002
VECT25           0x0000ffb0         0x00000002
VECT26           0x0000ffb2         0x00000002
VECT27           0x0000ffb4         0x00000002
VECT28           0x0000ffb6         0x00000002
VECT29           0x0000ffb8         0x00000002
VECT30           0x0000ffba         0x00000002
VECT31           0x0000ffbc         0x00000002
VECT32           0x0000ffbe         0x00000002
VECT33           0x0000ffc0         0x00000002
VECT34           0x0000ffc2         0x00000002
VECT35           0x0000ffc4         0x00000002
VECT36           0x0000ffc6         0x00000002
VECT37           0x0000ffc8         0x00000002
VECT38           0x0000ffca         0x00000002
VECT39           0x0000ffcc         0x00000002
VECT40           0x0000ffce         0x00000002
VECT41           0x0000ffd0         0x00000002
VECT42           0x0000ffd2         0x00000002
VECT43           0x0000ffd4         0x00000002
VECT44           0x0000ffd6         0x00000002
VECT45           0x0000ffd8         0x00000002
VECT46           0x0000ffda         0x00000002
VECT47           0x0000ffdc         0x00000002
VECT48           0x0000ffde         0x00000002
VECT49           0x0000ffe0         0x00000002
VECT50           0x0000ffe2         0x00000002
VECT51           0x0000ffe4         0x00000002
VECT52           0x0000ffe6         0x00000002
VECT53           0x0000ffe8         0x00000002
VECT54           0x0000ffea         0x00000002
VECT55           0x0000ffec         0x00000002
VECT56           0x0000ffee         0x00000002
VECT57           0x0000fff0         0x00000002
VECT58           0x0000fff2         0x00000002
VECT59           0x0000fff4         0x00000002
VECT60           0x0000fff6         0x00000002
VECT61           0x0000fff8         0x00000002
VECT62           0x0000fffa         0x00000002
VECT63           0x0000fffc         0x00000002
RESETVEC         0x0000fffe         0x00000002
BSL              0x00001000         0x00000800
USBRAM           0x00001c00         0x00000800
FAR_ROM          0x00010000         0x000143ff
*default*        0x00000000         0xffffffff

Linker script and memory map

LOAD c:/ti/ccsv8/tools/compiler/msp430-gcc-7.3.1.24_win32/bin/../lib/gcc/msp430-elf/7.3.1/../../../../msp430-elf/lib/crt0.o
LOAD c:/ti/ccsv8/tools/compiler/msp430-gcc-7.3.1.24_win32/bin/../lib/gcc/msp430-elf/7.3.1/crtbegin.o
LOAD ./usci_a1_uart_115200_XT2_4MHz.o
LOAD ./driverlib/MSP430F5xx_6xx/adc10_a.o
LOAD ./driverlib/MSP430F5xx_6xx/adc12_a.o
LOAD ./driverlib/MSP430F5xx_6xx/aes.o
LOAD ./driverlib/MSP430F5xx_6xx/battbak.o
LOAD ./driverlib/MSP430F5xx_6xx/comp_b.o
LOAD ./driverlib/MSP430F5xx_6xx/crc.o
LOAD ./driverlib/MSP430F5xx_6xx/dac12_a.o
LOAD ./driverlib/MSP430F5xx_6xx/dma.o
LOAD ./driverlib/MSP430F5xx_6xx/eusci_a_spi.o
LOAD ./driverlib/MSP430F5xx_6xx/eusci_a_uart.o
LOAD ./driverlib/MSP430F5xx_6xx/eusci_b_i2c.o
LOAD ./driverlib/MSP430F5xx_6xx/eusci_b_spi.o
LOAD ./driverlib/MSP430F5xx_6xx/eusci_i2c.o
LOAD ./driverlib/MSP430F5xx_6xx/eusci_spi.o
LOAD ./driverlib/MSP430F5xx_6xx/eusci_uart.o
LOAD ./driverlib/MSP430F5xx_6xx/flashctl.o
LOAD ./driverlib/MSP430F5xx_6xx/gpio.o
LOAD ./driverlib/MSP430F5xx_6xx/ldopwr.o
LOAD ./driverlib/MSP430F5xx_6xx/mpy32.o
LOAD ./driverlib/MSP430F5xx_6xx/pmap.o
LOAD ./driverlib/MSP430F5xx_6xx/pmm.o
LOAD ./driverlib/MSP430F5xx_6xx/ram.o
LOAD ./driverlib/MSP430F5xx_6xx/ref.o
LOAD ./driverlib/MSP430F5xx_6xx/rtc_a.o
LOAD ./driverlib/MSP430F5xx_6xx/rtc_b.o
LOAD ./driverlib/MSP430F5xx_6xx/rtc_c.o
LOAD ./driverlib/MSP430F5xx_6xx/sd24_b.o
LOAD ./driverlib/MSP430F5xx_6xx/sfr.o
LOAD ./driverlib/MSP430F5xx_6xx/sysctl.o
LOAD ./driverlib/MSP430F5xx_6xx/tec.o
LOAD ./driverlib/MSP430F5xx_6xx/timer_a.o
LOAD ./driverlib/MSP430F5xx_6xx/timer_b.o
LOAD ./driverlib/MSP430F5xx_6xx/timer_d.o
LOAD ./driverlib/MSP430F5xx_6xx/tlv.o
LOAD ./driverlib/MSP430F5xx_6xx/ucs.o
LOAD ./driverlib/MSP430F5xx_6xx/usci_a_spi.o
LOAD ./driverlib/MSP430F5xx_6xx/usci_a_uart.o
LOAD ./driverlib/MSP430F5xx_6xx/usci_b_i2c.o
LOAD ./driverlib/MSP430F5xx_6xx/usci_b_spi.o
LOAD ./driverlib/MSP430F5xx_6xx/usci_i2c.o
LOAD ./driverlib/MSP430F5xx_6xx/usci_spi.o
LOAD ./driverlib/MSP430F5xx_6xx/usci_uart.o
LOAD ./driverlib/MSP430F5xx_6xx/wdt_a.o
START GROUP
LOAD c:/ti/ccsv8/tools/compiler/msp430-gcc-7.3.1.24_win32/bin/../lib/gcc/msp430-elf/7.3.1/../../../../msp430-elf/lib\libc.a
LOAD c:/ti/ccsv8/tools/compiler/msp430-gcc-7.3.1.24_win32/bin/../lib/gcc/msp430-elf/7.3.1\libgcc.a
END GROUP
LOAD c:/ti/ccsv8/tools/compiler/msp430-gcc-7.3.1.24_win32/bin/../lib/gcc/msp430-elf/7.3.1\libgcc.a
START GROUP
LOAD c:/ti/ccsv8/tools/compiler/msp430-gcc-7.3.1.24_win32/bin/../lib/gcc/msp430-elf/7.3.1\libmul_f5.a
LOAD c:/ti/ccsv8/tools/compiler/msp430-gcc-7.3.1.24_win32/bin/../lib/gcc/msp430-elf/7.3.1/../../../../msp430-elf/lib\libc.a
LOAD c:/ti/ccsv8/tools/compiler/msp430-gcc-7.3.1.24_win32/bin/../lib/gcc/msp430-elf/7.3.1\libgcc.a
LOAD c:/ti/ccsv8/tools/compiler/msp430-gcc-7.3.1.24_win32/bin/../lib/gcc/msp430-elf/7.3.1/../../../../msp430-elf/lib\libcrt.a
LOAD c:/ti/ccsv8/tools/compiler/msp430-gcc-7.3.1.24_win32/bin/../lib/gcc/msp430-elf/7.3.1/../../../../msp430-elf/lib\libnosys.a
END GROUP
LOAD c:/ti/ccsv8/tools/compiler/msp430-gcc-7.3.1.24_win32/bin/../lib/gcc/msp430-elf/7.3.1\libgcc.a
LOAD c:/ti/ccsv8/tools/compiler/msp430-gcc-7.3.1.24_win32/bin/../lib/gcc/msp430-elf/7.3.1/crtend.o
LOAD c:/ti/ccsv8/tools/compiler/msp430-gcc-7.3.1.24_win32/bin/../lib/gcc/msp430-elf/7.3.1/../../../../msp430-elf/lib/crtn.o
LOAD c:/ti/ccsv8/tools/compiler/msp430-gcc-7.3.1.24_win32/bin/../lib/gcc/msp430-elf/7.3.1\libgcc.a

__interrupt_vector_1
 *(__interrupt_vector_1)

__interrupt_vector_2
 *(__interrupt_vector_2)

__interrupt_vector_3
 *(__interrupt_vector_3)

__interrupt_vector_4
 *(__interrupt_vector_4)

__interrupt_vector_5
 *(__interrupt_vector_5)

__interrupt_vector_6
 *(__interrupt_vector_6)

__interrupt_vector_7
 *(__interrupt_vector_7)

__interrupt_vector_8
 *(__interrupt_vector_8)

__interrupt_vector_9
 *(__interrupt_vector_9)

__interrupt_vector_10
 *(__interrupt_vector_10)

__interrupt_vector_11
 *(__interrupt_vector_11)

__interrupt_vector_12
 *(__interrupt_vector_12)

__interrupt_vector_13
 *(__interrupt_vector_13)

__interrupt_vector_14
 *(__interrupt_vector_14)

__interrupt_vector_15
 *(__interrupt_vector_15)

__interrupt_vector_16
 *(__interrupt_vector_16)

__interrupt_vector_17
 *(__interrupt_vector_17)

__interrupt_vector_18
 *(__interrupt_vector_18)

__interrupt_vector_19
 *(__interrupt_vector_19)

__interrupt_vector_20
 *(__interrupt_vector_20)

__interrupt_vector_21
 *(__interrupt_vector_21)

__interrupt_vector_22
 *(__interrupt_vector_22)

__interrupt_vector_23
 *(__interrupt_vector_23)

__interrupt_vector_24
 *(__interrupt_vector_24)

__interrupt_vector_25
 *(__interrupt_vector_25)

__interrupt_vector_26
 *(__interrupt_vector_26)

__interrupt_vector_27
 *(__interrupt_vector_27)

__interrupt_vector_28
 *(__interrupt_vector_28)

__interrupt_vector_29
 *(__interrupt_vector_29)

__interrupt_vector_30
 *(__interrupt_vector_30)

__interrupt_vector_31
 *(__interrupt_vector_31)

__interrupt_vector_32
 *(__interrupt_vector_32)

__interrupt_vector_33
 *(__interrupt_vector_33)

__interrupt_vector_34
 *(__interrupt_vector_34)

__interrupt_vector_35
 *(__interrupt_vector_35)

__interrupt_vector_36
 *(__interrupt_vector_36)

__interrupt_vector_37
 *(__interrupt_vector_37)

__interrupt_vector_38
 *(__interrupt_vector_38)

__interrupt_vector_39
 *(__interrupt_vector_39)

__interrupt_vector_40
 *(__interrupt_vector_40)

__interrupt_vector_41
 *(__interrupt_vector_41)

__interrupt_vector_42
 *(__interrupt_vector_42)
 *(__interrupt_vector_rtc)

__interrupt_vector_43
 *(__interrupt_vector_43)
 *(__interrupt_vector_port2)

__interrupt_vector_44
 *(__interrupt_vector_44)
 *(__interrupt_vector_timer2_a1)

__interrupt_vector_45
 *(__interrupt_vector_45)
 *(__interrupt_vector_timer2_a0)

__interrupt_vector_46
 *(__interrupt_vector_46)
 *(__interrupt_vector_usci_b1)

__interrupt_vector_47
                0x0000ffdc        0x2
 *(__interrupt_vector_47)
 __interrupt_vector_47
                0x0000ffdc        0x2 ./usci_a1_uart_115200_XT2_4MHz.o
 *(__interrupt_vector_usci_a1)

__interrupt_vector_48
 *(__interrupt_vector_48)
 *(__interrupt_vector_port1)

__interrupt_vector_49
 *(__interrupt_vector_49)
 *(__interrupt_vector_timer1_a1)

__interrupt_vector_50
 *(__interrupt_vector_50)
 *(__interrupt_vector_timer1_a0)

__interrupt_vector_51
 *(__interrupt_vector_51)
 *(__interrupt_vector_dma)

__interrupt_vector_52
 *(__interrupt_vector_52)
 *(__interrupt_vector_usb_ubm)

__interrupt_vector_53
 *(__interrupt_vector_53)
 *(__interrupt_vector_timer0_a1)

__interrupt_vector_54
 *(__interrupt_vector_54)
 *(__interrupt_vector_timer0_a0)

__interrupt_vector_55
 *(__interrupt_vector_55)
 *(__interrupt_vector_adc12)

__interrupt_vector_56
 *(__interrupt_vector_56)
 *(__interrupt_vector_usci_b0)

__interrupt_vector_57
 *(__interrupt_vector_57)
 *(__interrupt_vector_usci_a0)

__interrupt_vector_58
 *(__interrupt_vector_58)
 *(__interrupt_vector_wdt)

__interrupt_vector_59
 *(__interrupt_vector_59)
 *(__interrupt_vector_timer0_b1)

__interrupt_vector_60
 *(__interrupt_vector_60)
 *(__interrupt_vector_timer0_b0)

__interrupt_vector_61
 *(__interrupt_vector_61)
 *(__interrupt_vector_comp_b)

__interrupt_vector_62
 *(__interrupt_vector_62)
 *(__interrupt_vector_unmi)

__interrupt_vector_63
 *(__interrupt_vector_63)
 *(__interrupt_vector_sysnmi)

__reset_vector  0x0000fffe        0x2
 *(__interrupt_vector_64)
 *(__interrupt_vector_reset)
 *(.resetvec)
 .resetvec      0x0000fffe        0x2 c:/ti/ccsv8/tools/compiler/msp430-gcc-7.3.1.24_win32/bin/../lib/gcc/msp430-elf/7.3.1/../../../../msp430-elf/lib/crt0.o

.rodata         0x00004400      0x170
                0x00004400                . = ALIGN (0x2)
 *(.plt)
 *(.rodata .rodata.* .gnu.linkonce.r.* .const .const:*)
 .rodata        0x00004400       0x1c ./driverlib/MSP430F5xx_6xx/gpio.o
 .rodata.__clz_tab
                0x0000441c      0x100 c:/ti/ccsv8/tools/compiler/msp430-gcc-7.3.1.24_win32/bin/../lib/gcc/msp430-elf/7.3.1\libgcc.a(_clz.o)
                0x0000441c                __clz_tab
 *(.rodata1)
 *(.eh_frame_hdr)
 *(.eh_frame)
 .eh_frame      0x0000451c        0x0 c:/ti/ccsv8/tools/compiler/msp430-gcc-7.3.1.24_win32/bin/../lib/gcc/msp430-elf/7.3.1/crtbegin.o
 .eh_frame      0x0000451c       0x44 c:/ti/ccsv8/tools/compiler/msp430-gcc-7.3.1.24_win32/bin/../lib/gcc/msp430-elf/7.3.1\libgcc.a(_udivdi3.o)
 .eh_frame      0x00004560        0x4 c:/ti/ccsv8/tools/compiler/msp430-gcc-7.3.1.24_win32/bin/../lib/gcc/msp430-elf/7.3.1/crtend.o
 *(.gcc_except_table)
 *(.gcc_except_table.*)
                0x00004564                PROVIDE (__preinit_array_start, .)
 *(.preinit_array)
                0x00004564                PROVIDE (__preinit_array_end, .)
                0x00004564                PROVIDE (__init_array_start, .)
 *(SORT(.init_array.*))
 *(.init_array)
                0x00004564                PROVIDE (__init_array_end, .)
                0x00004564                PROVIDE (__fini_array_start, .)
 *(.fini_array)
 *(SORT(.fini_array.*))
                0x00004564                PROVIDE (__fini_array_end, .)
                0x00004564        0x4 LONG 0x0
 *crtbegin*.o(.ctors)
 .ctors         0x00004568        0x2 c:/ti/ccsv8/tools/compiler/msp430-gcc-7.3.1.24_win32/bin/../lib/gcc/msp430-elf/7.3.1/crtbegin.o
 *(EXCLUDE_FILE(*crtend*.o) .ctors)
 *(SORT(.ctors.*))
 *(.ctors)
 .ctors         0x0000456a        0x2 c:/ti/ccsv8/tools/compiler/msp430-gcc-7.3.1.24_win32/bin/../lib/gcc/msp430-elf/7.3.1/crtend.o
 *crtbegin*.o(.dtors)
 .dtors         0x0000456c        0x2 c:/ti/ccsv8/tools/compiler/msp430-gcc-7.3.1.24_win32/bin/../lib/gcc/msp430-elf/7.3.1/crtbegin.o
 *(EXCLUDE_FILE(*crtend*.o) .dtors)
 *(SORT(.dtors.*))
 *(.dtors)
 .dtors         0x0000456e        0x2 c:/ti/ccsv8/tools/compiler/msp430-gcc-7.3.1.24_win32/bin/../lib/gcc/msp430-elf/7.3.1/crtend.o
                0x0000456e                __DTOR_END__

.text           0x00004570     0x45c4
                0x00004570                . = ALIGN (0x2)
                0x00004570                PROVIDE (_start, .)
 *(SORT(.crt_*))
 .crt_0000start
                0x00004570        0x4 c:/ti/ccsv8/tools/compiler/msp430-gcc-7.3.1.24_win32/bin/../lib/gcc/msp430-elf/7.3.1/../../../../msp430-elf/lib/crt0.o
                0x00004570                __crt0_start
 .crt_0100init_bss
                0x00004574        0xe c:/ti/ccsv8/tools/compiler/msp430-gcc-7.3.1.24_win32/bin/../lib/gcc/msp430-elf/7.3.1/../../../../msp430-elf/lib\libcrt.a(crt_bss.o)
                0x00004574                __crt0_init_bss
 .crt_0300movedata
                0x00004582       0x14 c:/ti/ccsv8/tools/compiler/msp430-gcc-7.3.1.24_win32/bin/../lib/gcc/msp430-elf/7.3.1/../../../../msp430-elf/lib\libcrt.a(crt_movedata.o)
                0x00004582                __crt0_movedata
 .crt_0700call_init_then_main
                0x00004596        0xa c:/ti/ccsv8/tools/compiler/msp430-gcc-7.3.1.24_win32/bin/../lib/gcc/msp430-elf/7.3.1/../../../../msp430-elf/lib\libcrt.a(crt_main.o)
                0x00004596                __crt0_call_init_then_main
 .crt_0900main_init
                0x000045a0       0x36 c:/ti/ccsv8/tools/compiler/msp430-gcc-7.3.1.24_win32/bin/../lib/gcc/msp430-elf/7.3.1/../../../../msp430-elf/lib/crt0.o
                0x000045a0                _msp430_run_init_array
                0x000045ac                _msp430_run_preinit_array
                0x000045b8                _msp430_run_fini_array
 *(.lowtext .text .stub .text.* .gnu.linkonce.t.* .text:*)
 .text          0x000045d6        0x0 c:/ti/ccsv8/tools/compiler/msp430-gcc-7.3.1.24_win32/bin/../lib/gcc/msp430-elf/7.3.1/../../../../msp430-elf/lib/crt0.o
 .text          0x000045d6        0x4 c:/ti/ccsv8/tools/compiler/msp430-gcc-7.3.1.24_win32/bin/../lib/gcc/msp430-elf/7.3.1/crtbegin.o
 .text.deregister_tm_clones
                0x000045da       0x1a c:/ti/ccsv8/tools/compiler/msp430-gcc-7.3.1.24_win32/bin/../lib/gcc/msp430-elf/7.3.1/crtbegin.o
 .text.register_tm_clones
                0x000045f4       0x2a c:/ti/ccsv8/tools/compiler/msp430-gcc-7.3.1.24_win32/bin/../lib/gcc/msp430-elf/7.3.1/crtbegin.o
 .text.__do_global_dtors_aux
                0x0000461e       0x4a c:/ti/ccsv8/tools/compiler/msp430-gcc-7.3.1.24_win32/bin/../lib/gcc/msp430-elf/7.3.1/crtbegin.o
 .text.call___do_global_dtors_aux
                0x00004668        0x0 c:/ti/ccsv8/tools/compiler/msp430-gcc-7.3.1.24_win32/bin/../lib/gcc/msp430-elf/7.3.1/crtbegin.o
 .text.frame_dummy
                0x00004668       0x18 c:/ti/ccsv8/tools/compiler/msp430-gcc-7.3.1.24_win32/bin/../lib/gcc/msp430-elf/7.3.1/crtbegin.o
 .text.call_frame_dummy
                0x00004680        0x0 c:/ti/ccsv8/tools/compiler/msp430-gcc-7.3.1.24_win32/bin/../lib/gcc/msp430-elf/7.3.1/crtbegin.o
 .text          0x00004680      0x11e ./usci_a1_uart_115200_XT2_4MHz.o
                0x00004680                main
                0x00004734                USCI_A1_ISR
 .text          0x0000479e        0x0 ./driverlib/MSP430F5xx_6xx/adc10_a.o
 .text          0x0000479e      0x1a2 ./driverlib/MSP430F5xx_6xx/adc12_a.o
                0x0000479e                ADC12_A_init
                0x000047e4                ADC12_A_enable
                0x000047ec                ADC12_A_disable
                0x000047f4                ADC12_A_setupSamplingTimer
                0x0000480e                ADC12_A_disableSamplingTimer
                0x00004816                ADC12_A_configureMemory
                0x00004830                ADC12_A_memoryConfigure
                0x0000485a                ADC12_A_enableInterrupt
                0x00004872                ADC12_A_disableInterrupt
                0x0000488a                ADC12_A_clearInterrupt
                0x00004890                ADC12_A_getInterruptStatus
                0x00004898                ADC12_A_startConversion
                0x000048ba                ADC12_A_disableConversions
                0x000048d8                ADC12_A_getResults
                0x000048e8                ADC12_A_setResolution
                0x000048f6                ADC12_A_setSampleHoldSignalInversion
                0x00004904                ADC12_A_setDataReadBackFormat
                0x00004910                ADC12_A_enableReferenceBurst
                0x00004916                ADC12_A_disableReferenceBurst
                0x0000491c                ADC12_A_setReferenceBufferSamplingRate
                0x00004928                ADC12_A_getMemoryAddressForDMA
                0x00004938                ADC12_A_isBusy
 .text          0x00004940        0x0 ./driverlib/MSP430F5xx_6xx/aes.o
 .text          0x00004940        0x0 ./driverlib/MSP430F5xx_6xx/battbak.o
 .text          0x00004940      0x1d2 ./driverlib/MSP430F5xx_6xx/comp_b.o
                0x00004940                Comp_B_initialize
                0x000049d4                Comp_B_init
                0x000049fc                Comp_B_configureReferenceVoltage
                0x00004a54                Comp_B_setReferenceVoltage
                0x00004a72                Comp_B_enableInterrupt
                0x00004a78                Comp_B_disableInterrupt
                0x00004a7e                Comp_B_clearInterrupt
                0x00004a84                Comp_B_getInterruptStatus
                0x00004a8c                Comp_B_interruptSetEdgeDirection
                0x00004aa0                Comp_B_interruptToggleEdgeDirection
                0x00004aa6                Comp_B_enable
                0x00004aae                Comp_B_disable
                0x00004ab6                Comp_B_shortInputs
                0x00004abe                Comp_B_unshortInputs
                0x00004ac6                Comp_B_disableInputBuffer
                0x00004ae4                Comp_B_enableInputBuffer
                0x00004b02                Comp_B_IOSwap
                0x00004b0a                Comp_B_outputValue
 .text          0x00004b12       0x2e ./driverlib/MSP430F5xx_6xx/crc.o
                0x00004b12                CRC_setSeed
                0x00004b18                CRC_set16BitData
                0x00004b1e                CRC_set8BitData
                0x00004b24                CRC_set16BitDataReversed
                0x00004b2a                CRC_set8BitDataReversed
                0x00004b30                CRC_getData
                0x00004b34                CRC_getResult
                0x00004b3a                CRC_getResultBitsReversed
 .text          0x00004b40        0x0 ./driverlib/MSP430F5xx_6xx/dac12_a.o
 .text          0x00004b40      0x188 ./driverlib/MSP430F5xx_6xx/dma.o
                0x00004b40                DMA_initialize
                0x00004b96                DMA_init
                0x00004bdc                DMA_setTransferSize
                0x00004be6                DMA_setSrcAddress
                0x00004c12                DMA_setDstAddress
                0x00004c42                DMA_enableTransfers
                0x00004c4e                DMA_disableTransfers
                0x00004c5a                DMA_startTransfer
                0x00004c64                DMA_enableInterrupt
                0x00004c6e                DMA_disableInterrupt
                0x00004c78                DMA_getInterruptStatus
                0x00004c84                DMA_clearInterrupt
                0x00004c8e                DMA_NMIAbortStatus
                0x00004c9a                DMA_clearNMIAbort
                0x00004ca4                DMA_disableTransferDuringReadModifyWrite
                0x00004caa                DMA_enableTransferDuringReadModifyWrite
                0x00004cb0                DMA_enableRoundRobinPriority
                0x00004cb6                DMA_disableRoundRobinPriority
                0x00004cbc                DMA_enableNMIAbort
                0x00004cc2                DMA_disableNMIAbort
 .text          0x00004cc8        0x0 ./driverlib/MSP430F5xx_6xx/eusci_a_spi.o
 .text          0x00004cc8        0x0 ./driverlib/MSP430F5xx_6xx/eusci_a_uart.o
 .text          0x00004cc8        0x0 ./driverlib/MSP430F5xx_6xx/eusci_b_i2c.o
 .text          0x00004cc8        0x0 ./driverlib/MSP430F5xx_6xx/eusci_b_spi.o
 .text          0x00004cc8        0x0 ./driverlib/MSP430F5xx_6xx/eusci_i2c.o
 .text          0x00004cc8        0x0 ./driverlib/MSP430F5xx_6xx/eusci_spi.o
 .text          0x00004cc8        0x0 ./driverlib/MSP430F5xx_6xx/eusci_uart.o
 .text          0x00004cc8      0x1c6 ./driverlib/MSP430F5xx_6xx/flashctl.o
                0x00004cc8                FlashCtl_segmentErase
                0x00004cf0                FlashCtl_bankErase
                0x00004d24                FlashCtl_massErase
                0x00004d58                FlashCtl_eraseCheck
                0x00004d6e                FlashCtl_write8
                0x00004da2                FlashCtl_write16
                0x00004dd6                FlashCtl_write32
                0x00004e10                FlashCtl_memoryFill32
                0x00004e46                FlashCtl_status
                0x00004e4c                FlashCtl_lockInfoA
                0x00004e70                FlashCtl_unlockInfoA
 .text          0x00004e8e      0x200 ./driverlib/MSP430F5xx_6xx/gpio.o
                0x00004e8e                GPIO_setAsOutputPin
                0x00004eac                GPIO_setAsInputPin
                0x00004ed0                GPIO_setAsPeripheralModuleFunctionOutputPin
                0x00004eee                GPIO_setAsPeripheralModuleFunctionInputPin
                0x00004f0c                GPIO_setOutputHighOnPin
                0x00004f26                GPIO_setOutputLowOnPin
                0x00004f40                GPIO_toggleOutputOnPin
                0x00004f5a                GPIO_setAsInputPinWithPullDownResistor
                0x00004f84                GPIO_setAsInputPinWithPullUpResistor
                0x00004fae                GPIO_getInputPinValue
                0x00004fd2                GPIO_enableInterrupt
                0x00004fec                GPIO_disableInterrupt
                0x00005006                GPIO_getInterruptStatus
                0x00005022                GPIO_clearInterruptFlag
                0x0000503c                GPIO_interruptEdgeSelect
                0x00005066                GPIO_setDriveStrength
 .text          0x0000508e        0x0 ./driverlib/MSP430F5xx_6xx/ldopwr.o
 .text          0x0000508e      0x278 ./driverlib/MSP430F5xx_6xx/mpy32.o
                0x0000508e                MPY32_setWriteDelay
                0x0000509e                MPY32_enableSaturationMode
                0x000050a4                MPY32_disableSaturationMode
                0x000050aa                MPY32_getSaturationMode
                0x000050b2                MPY32_enableFractionalMode
                0x000050b8                MPY32_disableFractionalMode
                0x000050be                MPY32_getFractionalMode
                0x000050c6                MPY32_setOperandOne8Bit
                0x000050d0                MPY32_setOperandOne16Bit
                0x000050da                MPY32_setOperandOne24Bit
                0x00005100                MPY32_setOperandOne32Bit
                0x00005126                MPY32_setOperandTwo8Bit
                0x0000512c                MPY32_setOperandTwo16Bit
                0x00005132                MPY32_setOperandTwo24Bit
                0x00005144                MPY32_setOperandTwo32Bit
                0x00005156                MPY32_getResult8Bit
                0x0000515c                MPY32_getResult16Bit
                0x00005162                MPY32_getResult24Bit
                0x0000517c                MPY32_getResult32Bit
                0x00005182                MPY32_getResult64Bit
                0x000051a8                MPY32_getResult
                0x000052a4                MPY32_getSumExtension
                0x000052aa                MPY32_getCarryBitValue
                0x000052b2                MPY32_clearCarryBitValue
                0x000052b8                MPY32_preloadResult
 .text          0x00005306       0x6c ./driverlib/MSP430F5xx_6xx/pmap.o
                0x00005306                PMAP_initPorts
                0x00005350                PMAP_configurePorts
 .text          0x00005372      0x4d0 ./driverlib/MSP430F5xx_6xx/pmm.o
                0x00005372                PMM_enableSvsL
                0x00005388                PMM_disableSvsL
                0x0000539e                PMM_enableSvmL
                0x000053b4                PMM_disableSvmL
                0x000053ca                PMM_enableSvsH
                0x000053e0                PMM_disableSvsH
                0x000053f6                PMM_enableSvmH
                0x0000540c                PMM_disableSvmH
                0x00005422                PMM_enableSvsLSvmL
                0x00005438                PMM_disableSvsLSvmL
                0x0000544e                PMM_enableSvsHSvmH
                0x00005464                PMM_disableSvsHSvmH
                0x0000547a                PMM_enableSvsLReset
                0x00005490                PMM_disableSvsLReset
                0x000054a6                PMM_enableSvmLInterrupt
                0x000054ba                PMM_disableSvmLInterrupt
                0x000054ce                PMM_enableSvsHReset
                0x000054e4                PMM_disableSvsHReset
                0x000054fa                PMM_enableSvmHInterrupt
                0x00005510                PMM_disableSvmHInterrupt
                0x00005526                PMM_clearPMMIFGS
                0x0000553a                PMM_SvsLEnabledInLPMFastWake
                0x0000555a                PMM_SvsLEnabledInLPMSlowWake
                0x0000557a                PMM_SvsLDisabledInLPMFastWake
                0x0000559a                PMM_SvsLDisabledInLPMSlowWake
                0x000055b0                PMM_SvsHEnabledInLPMNormPerf
                0x000055d0                PMM_SvsHEnabledInLPMFullPerf
                0x000055f0                PMM_SvsHDisabledInLPMNormPerf
                0x00005606                PMM_SvsHDisabledInLPMFullPerf
                0x00005626                PMM_SvsLOptimizedInLPMFastWake
                0x0000563c                PMM_SvsHOptimizedInLPMFullPerf
                0x00005652                PMM_setVCoreUp
                0x00005748                PMM_setVCoreDown
                0x000057f2                PMM_setVCore
                0x0000583c                PMM_getInterruptStatus
 .text          0x00005842       0x14 ./driverlib/MSP430F5xx_6xx/ram.o
                0x00005842                RAM_setSectorOff
                0x00005850                RAM_getSectorState
 .text          0x00005856       0x56 ./driverlib/MSP430F5xx_6xx/ref.o
                0x00005856                Ref_setReferenceVoltage
                0x00005862                Ref_disableTempSensor
                0x00005868                Ref_enableTempSensor
                0x0000586e                Ref_enableReferenceVoltageOutput
                0x00005874                Ref_disableReferenceVoltageOutput
                0x0000587a                Ref_enableReferenceVoltage
                0x00005880                Ref_disableReferenceVoltage
                0x00005886                Ref_getBandgapMode
                0x0000588e                Ref_isBandgapActive
                0x0000589a                Ref_isRefGenBusy
                0x000058a2                Ref_isRefGenActive
 .text          0x000058ac      0x2ea ./driverlib/MSP430F5xx_6xx/rtc_a.o
                0x000058ac                RTC_A_startClock
                0x000058b4                RTC_A_holdClock
                0x000058bc                RTC_A_setCalibrationFrequency
                0x000058ca                RTC_A_setCalibrationData
                0x000058d2                RTC_A_initCounter
                0x000058f0                RTC_A_initCalendar
                0x0000592a                RTC_A_calendarInit
                0x0000597c                RTC_A_getCalendarTime
                0x000059c2                RTC_A_configureCalendarAlarm
                0x000059f2                RTC_A_setCalendarAlarm
                0x00005a10                RTC_A_setCalendarEvent
                0x00005a1c                RTC_A_getCounterValue
                0x00005a4c                RTC_A_setCounterValue
                0x00005a6c                RTC_A_initCounterPrescale
                0x00005a7a                RTC_A_holdCounterPrescale
                0x00005a8a                RTC_A_startCounterPrescale
                0x00005a9a                RTC_A_definePrescaleEvent
                0x00005aae                RTC_A_getPrescaleValue
                0x00005ad4                RTC_A_setPrescaleValue
                0x00005af0                RTC_A_enableInterrupt
                0x00005b14                RTC_A_disableInterrupt
                0x00005b38                RTC_A_getInterruptStatus
                0x00005b6e                RTC_A_clearInterrupt
 .text          0x00005b96        0x0 ./driverlib/MSP430F5xx_6xx/rtc_b.o
 .text          0x00005b96        0x0 ./driverlib/MSP430F5xx_6xx/rtc_c.o
 .text          0x00005b96        0x0 ./driverlib/MSP430F5xx_6xx/sd24_b.o
 .text          0x00005b96       0x44 ./driverlib/MSP430F5xx_6xx/sfr.o
                0x00005b96                SFR_enableInterrupt
                0x00005b9c                SFR_disableInterrupt
                0x00005ba2                SFR_getInterruptStatus
                0x00005ba8                SFR_clearInterrupt
                0x00005bae                SFR_setResetPinPullResistor
                0x00005bbe                SFR_setNMIEdge
                0x00005bcc                SFR_setResetNMIPinFunction
 .text          0x00005bda       0xc4 ./driverlib/MSP430F5xx_6xx/sysctl.o
                0x00005bda                SysCtl_enableDedicatedJTAGPins
                0x00005be2                SysCtl_getBSLEntryIndication
                0x00005bec                SysCtl_enablePMMAccessProtect
                0x00005bf2                SysCtl_enableRAMBasedInterruptVectors
                0x00005bf8                SysCtl_disableRAMBasedInterruptVectors
                0x00005bfe                SysCtl_enableBSLProtect
                0x00005c06                SysCtl_disableBSLProtect
                0x00005c0e                SysCtl_enableBSLMemory
                0x00005c16                SysCtl_disableBSLMemory
                0x00005c1e                SysCtl_setRAMAssignedToBSL
                0x00005c2c                SysCtl_setBSLSize
                0x00005c3c                SysCtl_JTAGMailboxInit
                0x00005c4e                SysCtl_getJTAGMailboxFlagStatus
                0x00005c54                SysCtl_clearJTAGMailboxFlagStatus
                0x00005c5a                SysCtl_getJTAGInboxMessage16Bit
                0x00005c64                SysCtl_getJTAGInboxMessage32Bit
                0x00005c82                SysCtl_setJTAGOutgoingMessage16Bit
                0x00005c8c                SysCtl_setJTAGOutgoingMessage32Bit
 .text          0x00005c9e        0x0 ./driverlib/MSP430F5xx_6xx/tec.o
 .text          0x00005c9e      0x462 ./driverlib/MSP430F5xx_6xx/timer_a.o
                0x00005c9e                Timer_A_startCounter
                0x00005ca4                Timer_A_initContinuousMode
                0x00005cf6                Timer_A_configureContinuousMode
                0x00005d1c                Timer_A_initUpMode
                0x00005d8e                Timer_A_configureUpMode
                0x00005dc0                Timer_A_initUpDownMode
                0x00005e32                Timer_A_configureUpDownMode
                0x00005e64                Timer_A_startContinuousMode
                0x00005e8e                Timer_A_startContinousMode
                0x00005e9e                Timer_A_startUpMode
                0x00005ed4                Timer_A_startUpDownMode
                0x00005f0a                Timer_A_initCaptureMode
                0x00005f3a                Timer_A_initCapture
                0x00005f68                Timer_A_initCompareMode
                0x00005f96                Timer_A_initCompare
                0x00005fb4                Timer_A_enableInterrupt
                0x00005fba                Timer_A_disableInterrupt
                0x00005fc0                Timer_A_getInterruptStatus
                0x00005fc8                Timer_A_enableCaptureCompareInterrupt
                0x00005fd2                Timer_A_disableCaptureCompareInterrupt
                0x00005fdc                Timer_A_getCaptureCompareInterruptStatus
                0x00005fe6                Timer_A_clear
                0x00005fec                Timer_A_getSynchronizedCaptureCompareInput
                0x00005ffe                Timer_A_getOutputForOutputModeOutBitValue
                0x0000600c                Timer_A_getCaptureCompareCount
                0x00006014                Timer_A_setOutputForOutputModeOutBitValue
                0x00006024                Timer_A_outputPWM
                0x00006088                Timer_A_generatePWM
                0x000060b6                Timer_A_stop
                0x000060be                Timer_A_setCompareValue
                0x000060c6                Timer_A_clearTimerInterruptFlag
                0x000060cc                Timer_A_clearCaptureCompareInterruptFlag
                0x000060d4                Timer_A_getCounterValue
 .text          0x00006100      0x488 ./driverlib/MSP430F5xx_6xx/timer_b.o
                0x00006100                Timer_B_startCounter
                0x00006106                Timer_B_initContinuousMode
                0x00006158                Timer_B_configureContinuousMode
                0x0000617e                Timer_B_initUpMode
                0x000061f0                Timer_B_configureUpMode
                0x00006222                Timer_B_initUpDownMode
                0x00006294                Timer_B_configureUpDownMode
                0x000062c6                Timer_B_startContinuousMode
                0x000062f0                Timer_B_startContinousMode
                0x00006300                Timer_B_startUpMode
                0x00006336                Timer_B_startUpDownMode
                0x0000636c                Timer_B_initCaptureMode
                0x0000639c                Timer_B_initCapture
                0x000063ca                Timer_B_initCompareMode
                0x000063f8                Timer_B_initCompare
                0x00006416                Timer_B_enableInterrupt
                0x0000641c                Timer_B_disableInterrupt
                0x00006422                Timer_B_getInterruptStatus
                0x0000642a                Timer_B_enableCaptureCompareInterrupt
                0x00006434                Timer_B_disableCaptureCompareInterrupt
                0x0000643e                Timer_B_getCaptureCompareInterruptStatus
                0x00006448                Timer_B_clear
                0x0000644e                Timer_B_getSynchronizedCaptureCompareInput
                0x00006460                Timer_B_getOutputForOutputModeOutBitValue
                0x0000646e                Timer_B_getCaptureCompareCount
                0x00006476                Timer_B_setOutputForOutputModeOutBitValue
                0x00006486                Timer_B_outputPWM
                0x000064ea                Timer_B_generatePWM
                0x00006518                Timer_B_stop
                0x00006520                Timer_B_setCompareValue
                0x00006528                Timer_B_clearTimerInterruptFlag
                0x0000652e                Timer_B_clearCaptureCompareInterruptFlag
                0x00006536                Timer_B_selectCounterLength
                0x00006542                Timer_B_selectLatchingGroup
                0x0000654e                Timer_B_initCompareLatchLoadEvent
                0x0000655c                Timer_B_getCounterValue
 .text          0x00006588        0x0 ./driverlib/MSP430F5xx_6xx/timer_d.o
 .text          0x00006588      0x17e ./driverlib/MSP430F5xx_6xx/tlv.o
                0x00006588                TLV_getInfo
                0x000065e0                TLV_getDeviceType
                0x000065e6                TLV_getMemory
                0x0000662e                TLV_getPeripheral
                0x000066a4                TLV_getInterrupt
 .text          0x00006706      0x7ac ./driverlib/MSP430F5xx_6xx/ucs.o
                0x00006912                UCS_setExternalClockSource
                0x00006924                UCS_clockSignalInit
                0x000069dc                UCS_LFXT1Start
                0x00006a2e                UCS_HFXT1Start
                0x00006a74                UCS_bypassXT1
                0x00006ac2                UCS_LFXT1StartWithTimeout
                0x00006b22                UCS_HFXT1StartWithTimeout
                0x00006b76                UCS_bypassXT1WithTimeout
                0x00006be0                UCS_XT1Off
                0x00006be6                UCS_XT2Start
                0x00006c28                UCS_bypassXT2
                0x00006c48                UCS_XT2StartWithTimeout
                0x00006c9e                UCS_bypassXT2WithTimeout
                0x00006cd0                UCS_XT2Off
                0x00006cd8                UCS_initFLL
                0x00006ddc                UCS_initFLLSettle
                0x00006e18                UCS_enableClockRequest
                0x00006e1e                UCS_disableClockRequest
                0x00006e24                UCS_faultFlagStatus
                0x00006e2a                UCS_clearFaultFlag
                0x00006e30                UCS_SMCLKOff
                0x00006e36                UCS_SMCLKOn
                0x00006e3c                UCS_getACLK
                0x00006e5a                UCS_getSMCLK
                0x00006e74                UCS_getMCLK
                0x00006e8a                UCS_clearAllOscFlagsWithTimeout
 .text          0x00006eb2      0x188 ./driverlib/MSP430F5xx_6xx/usci_a_spi.o
                0x00006eb2                USCI_A_SPI_initMaster
                0x00006f0c                USCI_A_SPI_masterInit
                0x00006f60                USCI_A_SPI_changeMasterClock
                0x00006f8c                USCI_A_SPI_masterChangeClock
                0x00006fbe                USCI_A_SPI_slaveInit
                0x00006fd6                USCI_A_SPI_changeClockPhasePolarity
                0x00006ff0                USCI_A_SPI_transmitData
                0x00006ff6                USCI_A_SPI_receiveData
                0x00006ffc                USCI_A_SPI_enableInterrupt
                0x00007002                USCI_A_SPI_disableInterrupt
                0x00007008                USCI_A_SPI_getInterruptStatus
                0x00007010                USCI_A_SPI_clearInterruptFlag
                0x00007016                USCI_A_SPI_enable
                0x0000701c                USCI_A_SPI_disable
                0x00007022                USCI_A_SPI_getReceiveBufferAddressForDMA
                0x0000702a                USCI_A_SPI_getTransmitBufferAddressForDMA
                0x00007032                USCI_A_SPI_isBusy
 .text          0x0000703a      0x1d4 ./driverlib/MSP430F5xx_6xx/usci_a_uart.o
                0x0000703a                USCI_A_UART_init
                0x000070ca                USCI_A_UART_initAdvance
                0x00007124                USCI_A_UART_transmitData
                0x00007140                USCI_A_UART_receiveData
                0x00007158                USCI_A_UART_enableInterrupt
                0x00007170                USCI_A_UART_disableInterrupt
                0x00007190                USCI_A_UART_getInterruptStatus
                0x00007198                USCI_A_UART_clearInterruptFlag
                0x0000719e                USCI_A_UART_enable
                0x000071a4                USCI_A_UART_disable
                0x000071aa                USCI_A_UART_queryStatusFlags
                0x000071b2                USCI_A_UART_setDormant
                0x000071b8                USCI_A_UART_resetDormant
                0x000071be                USCI_A_UART_transmitAddress
                0x000071c8                USCI_A_UART_transmitBreak
                0x000071fe                USCI_A_UART_getReceiveBufferAddressForDMA
                0x00007206                USCI_A_UART_getTransmitBufferAddressForDMA
 .text          0x0000720e      0x476 ./driverlib/MSP430F5xx_6xx/usci_b_i2c.o
                0x0000720e                USCI_B_I2C_initMaster
                0x00007240                USCI_B_I2C_masterInit
                0x0000726c                USCI_B_I2C_slaveInit
                0x00007288                USCI_B_I2C_enable
                0x0000728e                USCI_B_I2C_disable
                0x00007294                USCI_B_I2C_setSlaveAddress
                0x0000729e                USCI_B_I2C_setMode
                0x000072aa                USCI_B_I2C_slaveDataPut
                0x000072b0                USCI_B_I2C_slaveDataGet
                0x000072b6                USCI_B_I2C_isBusBusy
                0x000072c0                USCI_B_I2C_isBusy
                0x000072d6                USCI_B_I2C_masterIsStopSent
                0x000072dc                USCI_B_I2C_masterIsStartSent
                0x000072e2                USCI_B_I2C_masterSendStart
                0x000072e8                USCI_B_I2C_enableInterrupt
                0x000072ee                USCI_B_I2C_disableInterrupt
                0x000072f4                USCI_B_I2C_clearInterruptFlag
                0x000072fa                USCI_B_I2C_getInterruptStatus
                0x00007302                USCI_B_I2C_masterSendSingleByte
                0x0000733e                USCI_B_I2C_masterSendSingleByteWithTimeout
                0x000073b2                USCI_B_I2C_masterMultiByteSendStart
                0x000073e0                USCI_B_I2C_masterMultiByteSendStartWithTimeout
                0x00007432                USCI_B_I2C_masterMultiByteSendNext
                0x0000744e                USCI_B_I2C_masterMultiByteSendNextWithTimeout
                0x0000748c                USCI_B_I2C_masterMultiByteSendFinish
                0x000074b2                USCI_B_I2C_masterMultiByteSendFinishWithTimeout
                0x0000750e                USCI_B_I2C_masterMultiByteSendStop
                0x00007526                USCI_B_I2C_masterMultiByteSendStopWithTimeout
                0x00007560                USCI_B_I2C_masterMultiByteReceiveStart
                0x0000756c                USCI_B_I2C_masterMultiByteReceiveNext
                0x00007572                USCI_B_I2C_masterMultiByteReceiveFinish
                0x0000758e                USCI_B_I2C_masterMultiByteReceiveFinishWithTimeout
                0x000075e8                USCI_B_I2C_masterMultiByteReceiveStop
                0x000075ee                USCI_B_I2C_masterSingleReceiveStart
                0x00007610                USCI_B_I2C_masterSingleReceiveStartWithTimeout
                0x0000765c                USCI_B_I2C_masterSingleReceive
                0x00007674                USCI_B_I2C_getReceiveBufferAddressForDMA
                0x0000767c                USCI_B_I2C_getTransmitBufferAddressForDMA
 .text          0x00007684      0x182 ./driverlib/MSP430F5xx_6xx/usci_b_spi.o
                0x00007684                USCI_B_SPI_initMaster
                0x000076d8                USCI_B_SPI_masterInit
                0x0000772c                USCI_B_SPI_changeMasterClock
                0x00007758                USCI_B_SPI_masterChangeClock
                0x0000778a                USCI_B_SPI_slaveInit
                0x000077a2                USCI_B_SPI_changeClockPhasePolarity
                0x000077bc                USCI_B_SPI_transmitData
                0x000077c2                USCI_B_SPI_receiveData
                0x000077c8                USCI_B_SPI_enableInterrupt
                0x000077ce                USCI_B_SPI_disableInterrupt
                0x000077d4                USCI_B_SPI_getInterruptStatus
                0x000077dc                USCI_B_SPI_clearInterruptFlag
                0x000077e2                USCI_B_SPI_enable
                0x000077e8                USCI_B_SPI_disable
                0x000077ee                USCI_B_SPI_getReceiveBufferAddressForDMA
                0x000077f6                USCI_B_SPI_getTransmitBufferAddressForDMA
                0x000077fe                USCI_B_SPI_isBusy
 .text          0x00007806      0x476 ./driverlib/MSP430F5xx_6xx/usci_i2c.o
                0x00007806                USCI_I2C_initMaster
                0x00007838                USCI_I2C_masterInit
                0x00007864                USCI_I2C_slaveInit
                0x00007880                USCI_I2C_enable
                0x00007886                USCI_I2C_disable
                0x0000788c                USCI_I2C_setSlaveAddress
                0x00007896                USCI_I2C_setMode
                0x000078a2                USCI_I2C_slaveDataPut
                0x000078a8                USCI_I2C_slaveDataGet
                0x000078ae                USCI_I2C_isBusBusy
                0x000078b8                USCI_I2C_isBusy
                0x000078ce                USCI_I2C_masterIsStopSent
                0x000078d4                USCI_I2C_masterIsStartSent
                0x000078da                USCI_I2C_masterSendStart
                0x000078e0                USCI_I2C_enableInterrupt
                0x000078e6                USCI_I2C_disableInterrupt
                0x000078ec                USCI_I2C_clearInterruptFlag
                0x000078f2                USCI_I2C_getInterruptStatus
                0x000078fa                USCI_I2C_masterSendSingleByte
                0x00007936                USCI_I2C_masterSendSingleByteWithTimeout
                0x000079aa                USCI_I2C_masterMultiByteSendStart
                0x000079d8                USCI_I2C_masterMultiByteSendStartWithTimeout
                0x00007a2a                USCI_I2C_masterMultiByteSendNext
                0x00007a46                USCI_I2C_masterMultiByteSendNextWithTimeout
                0x00007a84                USCI_I2C_masterMultiByteSendFinish
                0x00007aaa                USCI_I2C_masterMultiByteSendFinishWithTimeout
                0x00007b06                USCI_I2C_masterMultiByteSendStop
                0x00007b1e                USCI_I2C_masterMultiByteSendStopWithTimeout
                0x00007b58                USCI_I2C_masterMultiByteReceiveStart
                0x00007b64                USCI_I2C_masterMultiByteReceiveNext
                0x00007b6a                USCI_I2C_masterMultiByteReceiveFinish
                0x00007b86                USCI_I2C_masterMultiByteReceiveFinishWithTimeout
                0x00007be0                USCI_I2C_masterMultiByteReceiveStop
                0x00007be6                USCI_I2C_masterSingleReceiveStart
                0x00007c08                USCI_I2C_masterSingleReceiveStartWithTimeout
                0x00007c54                USCI_I2C_masterSingleReceive
                0x00007c6c                USCI_I2C_getReceiveBufferAddressForDMA
                0x00007c74                USCI_I2C_getTransmitBufferAddressForDMA
 .text          0x00007c7c      0x188 ./driverlib/MSP430F5xx_6xx/usci_spi.o
                0x00007c7c                USCI_SPI_initMaster
                0x00007cd6                USCI_SPI_masterInit
                0x00007d2a                USCI_SPI_changeMasterClock
                0x00007d56                USCI_SPI_masterChangeClock
                0x00007d88                USCI_SPI_slaveInit
                0x00007da0                USCI_SPI_changeClockPhasePolarity
                0x00007dba                USCI_SPI_transmitData
                0x00007dc0                USCI_SPI_receiveData
                0x00007dc6                USCI_SPI_enableInterrupt
                0x00007dcc                USCI_SPI_disableInterrupt
                0x00007dd2                USCI_SPI_getInterruptStatus
                0x00007dda                USCI_SPI_clearInterruptFlag
                0x00007de0                USCI_SPI_enable
                0x00007de6                USCI_SPI_disable
                0x00007dec                USCI_SPI_getReceiveBufferAddressForDMA
                0x00007df4                USCI_SPI_getTransmitBufferAddressForDMA
                0x00007dfc                USCI_SPI_isBusy
 .text          0x00007e04      0x1d4 ./driverlib/MSP430F5xx_6xx/usci_uart.o
                0x00007e04                USCI_UART_init
                0x00007e94                USCI_UART_initAdvance
                0x00007eee                USCI_UART_transmitData
                0x00007f0a                USCI_UART_receiveData
                0x00007f22                USCI_UART_enableInterrupt
                0x00007f3a                USCI_UART_disableInterrupt
                0x00007f5a                USCI_UART_getInterruptStatus
                0x00007f62                USCI_UART_clearInterruptFlag
                0x00007f68                USCI_UART_enable
                0x00007f6e                USCI_UART_disable
                0x00007f74                USCI_UART_queryStatusFlags
                0x00007f7c                USCI_UART_setDormant
                0x00007f82                USCI_UART_resetDormant
                0x00007f88                USCI_UART_transmitAddress
                0x00007f92                USCI_UART_transmitBreak
                0x00007fc8                USCI_UART_getReceiveBufferAddressForDMA
                0x00007fd0                USCI_UART_getTransmitBufferAddressForDMA
 .text          0x00007fd8       0x68 ./driverlib/MSP430F5xx_6xx/wdt_a.o
                0x00007fd8                WDT_A_hold
                0x00007ff0                WDT_A_start
                0x00008002                WDT_A_resetTimer
                0x00008018                WDT_A_watchdogTimerInit
                0x0000802c                WDT_A_intervalTimerInit
 .text          0x00008040        0x0 c:/ti/ccsv8/tools/compiler/msp430-gcc-7.3.1.24_win32/bin/../lib/gcc/msp430-elf/7.3.1/../../../../msp430-elf/lib\libc.a(lib_a-memset.o)
 .text.memset   0x00008040       0x12 c:/ti/ccsv8/tools/compiler/msp430-gcc-7.3.1.24_win32/bin/../lib/gcc/msp430-elf/7.3.1/../../../../msp430-elf/lib\libc.a(lib_a-memset.o)
                0x00008040                memset
 .text          0x00008052        0x0 c:/ti/ccsv8/tools/compiler/msp430-gcc-7.3.1.24_win32/bin/../lib/gcc/msp430-elf/7.3.1\libgcc.a(_lshrdi3.o)
 .text.__lshrdi3
                0x00008052       0x82 c:/ti/ccsv8/tools/compiler/msp430-gcc-7.3.1.24_win32/bin/../lib/gcc/msp430-elf/7.3.1\libgcc.a(_lshrdi3.o)
                0x00008052                __lshrdi3
 .text          0x000080d4        0x0 c:/ti/ccsv8/tools/compiler/msp430-gcc-7.3.1.24_win32/bin/../lib/gcc/msp430-elf/7.3.1\libgcc.a(_ashldi3.o)
 .text.__ashldi3
                0x000080d4       0x7e c:/ti/ccsv8/tools/compiler/msp430-gcc-7.3.1.24_win32/bin/../lib/gcc/msp430-elf/7.3.1\libgcc.a(_ashldi3.o)
                0x000080d4                __ashldi3
 .text          0x00008152        0x0 c:/ti/ccsv8/tools/compiler/msp430-gcc-7.3.1.24_win32/bin/../lib/gcc/msp430-elf/7.3.1\libgcc.a(lib2divHI.o)
 .text.udivmodhi4
                0x00008152       0x3c c:/ti/ccsv8/tools/compiler/msp430-gcc-7.3.1.24_win32/bin/../lib/gcc/msp430-elf/7.3.1\libgcc.a(lib2divHI.o)
                0x00008152                udivmodhi4
 .text.__divhi3
                0x0000818e       0x46 c:/ti/ccsv8/tools/compiler/msp430-gcc-7.3.1.24_win32/bin/../lib/gcc/msp430-elf/7.3.1\libgcc.a(lib2divHI.o)
                0x0000818e                __mspabi_divi
 .text.__modhi3
                0x000081d4       0x30 c:/ti/ccsv8/tools/compiler/msp430-gcc-7.3.1.24_win32/bin/../lib/gcc/msp430-elf/7.3.1\libgcc.a(lib2divHI.o)
                0x000081d4                __mspabi_remi
 .text.__udivhi3
                0x00008204        0x8 c:/ti/ccsv8/tools/compiler/msp430-gcc-7.3.1.24_win32/bin/../lib/gcc/msp430-elf/7.3.1\libgcc.a(lib2divHI.o)
                0x00008204                __mspabi_divu
 .text.__umodhi3
                0x0000820c        0x8 c:/ti/ccsv8/tools/compiler/msp430-gcc-7.3.1.24_win32/bin/../lib/gcc/msp430-elf/7.3.1\libgcc.a(lib2divHI.o)
                0x0000820c                __mspabi_remu
 .text          0x00008214        0x2 c:/ti/ccsv8/tools/compiler/msp430-gcc-7.3.1.24_win32/bin/../lib/gcc/msp430-elf/7.3.1\libgcc.a(lib2divSI.o)
                0x00008214                __mspabi_divllu
 .text.udivmodsi4
                0x00008216       0x80 c:/ti/ccsv8/tools/compiler/msp430-gcc-7.3.1.24_win32/bin/../lib/gcc/msp430-elf/7.3.1\libgcc.a(lib2divSI.o)
                0x00008216                udivmodsi4
 .text.__divsi3
                0x00008296       0x74 c:/ti/ccsv8/tools/compiler/msp430-gcc-7.3.1.24_win32/bin/../lib/gcc/msp430-elf/7.3.1\libgcc.a(lib2divSI.o)
                0x00008296                __mspabi_divli
 .text.__modsi3
                0x0000830a       0x56 c:/ti/ccsv8/tools/compiler/msp430-gcc-7.3.1.24_win32/bin/../lib/gcc/msp430-elf/7.3.1\libgcc.a(lib2divSI.o)
                0x0000830a                __mspabi_remli
 .text.__udivsi3
                0x00008360        0xe c:/ti/ccsv8/tools/compiler/msp430-gcc-7.3.1.24_win32/bin/../lib/gcc/msp430-elf/7.3.1\libgcc.a(lib2divSI.o)
                0x00008360                __mspabi_divlu
                0x00008360                __mspabi_divul
 .text.__umodsi3
                0x0000836e        0xe c:/ti/ccsv8/tools/compiler/msp430-gcc-7.3.1.24_win32/bin/../lib/gcc/msp430-elf/7.3.1\libgcc.a(lib2divSI.o)
                0x0000836e                __mspabi_remul
 .text          0x0000837c       0x74 c:/ti/ccsv8/tools/compiler/msp430-gcc-7.3.1.24_win32/bin/../lib/gcc/msp430-elf/7.3.1\libgcc.a(slli.o)
                0x0000837c                __mspabi_slli_15
                0x0000837e                __mspabi_slli_14
                0x00008380                __mspabi_slli_13
                0x00008382                __mspabi_slli_12
                0x00008384                __mspabi_slli_11
                0x00008386                __mspabi_slli_10
                0x00008388                __mspabi_slli_9
                0x0000838a                __mspabi_slli_8
                0x0000838c                __mspabi_slli_7
                0x0000838e                __mspabi_slli_6
                0x00008390                __mspabi_slli_5
                0x00008392                __mspabi_slli_4
                0x00008394                __mspabi_slli_3
                0x00008396                __mspabi_slli_2
                0x00008398                __mspabi_slli_1
                0x000083a0                __mspabi_slli
                0x000083a6                __mspabi_slll_15
                0x000083aa                __mspabi_slll_14
                0x000083ae                __mspabi_slll_13
                0x000083b2                __mspabi_slll_12
                0x000083b6                __mspabi_slll_11
                0x000083ba                __mspabi_slll_10
                0x000083be                __mspabi_slll_9
                0x000083c2                __mspabi_slll_8
                0x000083c6                __mspabi_slll_7
                0x000083ca                __mspabi_slll_6
                0x000083ce                __mspabi_slll_5
                0x000083d2                __mspabi_slll_4
                0x000083d6                __mspabi_slll_3
                0x000083da                __mspabi_slll_2
                0x000083de                __mspabi_slll_1
                0x000083ea                __mspabi_slll
 .text          0x000083f0       0xb4 c:/ti/ccsv8/tools/compiler/msp430-gcc-7.3.1.24_win32/bin/../lib/gcc/msp430-elf/7.3.1\libgcc.a(srli.o)
                0x000083f0                __mspabi_srli_15
                0x000083f4                __mspabi_srli_14
                0x000083f8                __mspabi_srli_13
                0x000083fc                __mspabi_srli_12
                0x00008400                __mspabi_srli_11
                0x00008404                __mspabi_srli_10
                0x00008408                __mspabi_srli_9
                0x0000840c                __mspabi_srli_8
                0x00008410                __mspabi_srli_7
                0x00008414                __mspabi_srli_6
                0x00008418                __mspabi_srli_5
                0x0000841c                __mspabi_srli_4
                0x00008420                __mspabi_srli_3
                0x00008424                __mspabi_srli_2
                0x00008428                __mspabi_srli_1
                0x00008434                __mspabi_srli
                0x0000843a                __mspabi_srll_15
                0x00008440                __mspabi_srll_14
                0x00008446                __mspabi_srll_13
                0x0000844c                __mspabi_srll_12
                0x00008452                __mspabi_srll_11
                0x00008458                __mspabi_srll_10
                0x0000845e                __mspabi_srll_9
                0x00008464                __mspabi_srll_8
                0x0000846a                __mspabi_srll_7
                0x00008470                __mspabi_srll_6
                0x00008476                __mspabi_srll_5
                0x0000847c                __mspabi_srll_4
                0x00008482                __mspabi_srll_3
                0x00008488                __mspabi_srll_2
                0x0000848e                __mspabi_srll_1
                0x0000849e                __mspabi_srll
 .text          0x000084a4        0x0 c:/ti/ccsv8/tools/compiler/msp430-gcc-7.3.1.24_win32/bin/../lib/gcc/msp430-elf/7.3.1\libgcc.a(_udivdi3.o)
 .text.__udivdi3
                0x000084a4      0x3dc c:/ti/ccsv8/tools/compiler/msp430-gcc-7.3.1.24_win32/bin/../lib/gcc/msp430-elf/7.3.1\libgcc.a(_udivdi3.o)
                0x000084a4                __mspabi_divull
 .text          0x00008880        0x0 c:/ti/ccsv8/tools/compiler/msp430-gcc-7.3.1.24_win32/bin/../lib/gcc/msp430-elf/7.3.1\libgcc.a(_clzdi2.o)
 .text.__clzdi2
                0x00008880       0x56 c:/ti/ccsv8/tools/compiler/msp430-gcc-7.3.1.24_win32/bin/../lib/gcc/msp430-elf/7.3.1\libgcc.a(_clzdi2.o)
                0x00008880                __clzdi2
 .text          0x000088d6        0x0 c:/ti/ccsv8/tools/compiler/msp430-gcc-7.3.1.24_win32/bin/../lib/gcc/msp430-elf/7.3.1\libgcc.a(_clz.o)
 .text          0x000088d6        0x0 c:/ti/ccsv8/tools/compiler/msp430-gcc-7.3.1.24_win32/bin/../lib/gcc/msp430-elf/7.3.1\libmul_f5.a(lib2hw_mul_f5.o)
 .text.__mulhi2_f5
                0x000088d6       0x14 c:/ti/ccsv8/tools/compiler/msp430-gcc-7.3.1.24_win32/bin/../lib/gcc/msp430-elf/7.3.1\libmul_f5.a(lib2hw_mul_f5.o)
                0x000088d6                __mspabi_mpyi_f5hw
                0x000088d6                __mspabi_mpyi
                0x000088d6                __mulhi2_f5
 .text.__mulsihi2
                0x000088ea       0x18 c:/ti/ccsv8/tools/compiler/msp430-gcc-7.3.1.24_win32/bin/../lib/gcc/msp430-elf/7.3.1\libmul_f5.a(lib2hw_mul_f5.o)
                0x000088ea                __mspabi_mpysl
                0x000088ea                __mspabi_mpysl_f5hw
                0x000088ea                __mulsihi2
 .text.__umulsihi2
                0x00008902       0x18 c:/ti/ccsv8/tools/compiler/msp430-gcc-7.3.1.24_win32/bin/../lib/gcc/msp430-elf/7.3.1\libmul_f5.a(lib2hw_mul_f5.o)
                0x00008902                __mspabi_mpyul
                0x00008902                __umulsihi2
                0x00008902                _mspabi_mpyul_f5hw
 .text.__mulsi2_f5
                0x0000891a       0x20 c:/ti/ccsv8/tools/compiler/msp430-gcc-7.3.1.24_win32/bin/../lib/gcc/msp430-elf/7.3.1\libmul_f5.a(lib2hw_mul_f5.o)
                0x0000891a                __mspabi_mpyl_f5hw
                0x0000891a                __mulsi2_f5
                0x0000891a                __mspabi_mpyl
 .text.__muldisi2
                0x0000893a       0x28 c:/ti/ccsv8/tools/compiler/msp430-gcc-7.3.1.24_win32/bin/../lib/gcc/msp430-elf/7.3.1\libmul_f5.a(lib2hw_mul_f5.o)
                0x0000893a                __muldisi2
                0x0000893a                __mspabi_mpysll
                0x0000893a                __mspabi_mpysll_f5hw
 .text.__umuldisi2
                0x00008962       0x28 c:/ti/ccsv8/tools/compiler/msp430-gcc-7.3.1.24_win32/bin/../lib/gcc/msp430-elf/7.3.1\libmul_f5.a(lib2hw_mul_f5.o)
                0x00008962                __umuldisi2
                0x00008962                __mspabi_mpyull
                0x00008962                __mspabi_mpyull_f5hw
 .text.__muldi3
                0x0000898a        0x4 c:/ti/ccsv8/tools/compiler/msp430-gcc-7.3.1.24_win32/bin/../lib/gcc/msp430-elf/7.3.1\libmul_f5.a(lib2hw_mul_f5.o)
                0x0000898a                __muldi3
                0x0000898a                __mspabi_mpyll_f5hw
 .text          0x0000898e        0x0 c:/ti/ccsv8/tools/compiler/msp430-gcc-7.3.1.24_win32/bin/../lib/gcc/msp430-elf/7.3.1\libgcc.a(_muldi3.o)
 .text.__muldi3
                0x0000898e      0x13c c:/ti/ccsv8/tools/compiler/msp430-gcc-7.3.1.24_win32/bin/../lib/gcc/msp430-elf/7.3.1\libgcc.a(_muldi3.o)
                0x0000898e                __mspabi_mpyll
 .text          0x00008aca        0x0 c:/ti/ccsv8/tools/compiler/msp430-gcc-7.3.1.24_win32/bin/../lib/gcc/msp430-elf/7.3.1/../../../../msp430-elf/lib\libcrt.a(crt_bss.o)
 .text          0x00008aca        0x0 c:/ti/ccsv8/tools/compiler/msp430-gcc-7.3.1.24_win32/bin/../lib/gcc/msp430-elf/7.3.1/../../../../msp430-elf/lib\libcrt.a(crt_movedata.o)
 .text          0x00008aca        0x0 c:/ti/ccsv8/tools/compiler/msp430-gcc-7.3.1.24_win32/bin/../lib/gcc/msp430-elf/7.3.1/../../../../msp430-elf/lib\libcrt.a(crt_main.o)
 .text          0x00008aca        0x0 c:/ti/ccsv8/tools/compiler/msp430-gcc-7.3.1.24_win32/bin/../lib/gcc/msp430-elf/7.3.1/../../../../msp430-elf/lib\libc.a(lib_a-memmove.o)
 .text.memmove  0x00008aca       0x34 c:/ti/ccsv8/tools/compiler/msp430-gcc-7.3.1.24_win32/bin/../lib/gcc/msp430-elf/7.3.1/../../../../msp430-elf/lib\libc.a(lib_a-memmove.o)
                0x00008aca                memmove
 .text          0x00008afe        0x2 c:/ti/ccsv8/tools/compiler/msp430-gcc-7.3.1.24_win32/bin/../lib/gcc/msp430-elf/7.3.1/crtend.o
 .text.__do_global_ctors_aux
                0x00008b00       0x18 c:/ti/ccsv8/tools/compiler/msp430-gcc-7.3.1.24_win32/bin/../lib/gcc/msp430-elf/7.3.1/crtend.o
 .text.call___do_global_ctors_aux
                0x00008b18        0x0 c:/ti/ccsv8/tools/compiler/msp430-gcc-7.3.1.24_win32/bin/../lib/gcc/msp430-elf/7.3.1/crtend.o
 .text          0x00008b18        0x0 c:/ti/ccsv8/tools/compiler/msp430-gcc-7.3.1.24_win32/bin/../lib/gcc/msp430-elf/7.3.1/../../../../msp430-elf/lib/crtn.o
 *(.text.*personality*)
 *(.gnu.warning)
 *(.interp .hash .dynsym .dynstr .gnu.version*)
                [!provide]                PROVIDE (__etext, .)
                [!provide]                PROVIDE (_etext, .)
                [!provide]                PROVIDE (etext, .)
                0x00008b18                . = ALIGN (0x2)
 *(.init)
 .init          0x00008b18        0x0 c:/ti/ccsv8/tools/compiler/msp430-gcc-7.3.1.24_win32/bin/../lib/gcc/msp430-elf/7.3.1/../../../../msp430-elf/lib/crt0.o
                0x00008b18                __msp430_init
 .init          0x00008b18        0x4 c:/ti/ccsv8/tools/compiler/msp430-gcc-7.3.1.24_win32/bin/../lib/gcc/msp430-elf/7.3.1/crtbegin.o
 .init          0x00008b1c        0x4 c:/ti/ccsv8/tools/compiler/msp430-gcc-7.3.1.24_win32/bin/../lib/gcc/msp430-elf/7.3.1/crtend.o
 .init          0x00008b20        0xa c:/ti/ccsv8/tools/compiler/msp430-gcc-7.3.1.24_win32/bin/../lib/gcc/msp430-elf/7.3.1/../../../../msp430-elf/lib/crtn.o
                0x00008b2a                __msp430_init_end
 *(.fini)
 .fini          0x00008b2a        0x4 c:/ti/ccsv8/tools/compiler/msp430-gcc-7.3.1.24_win32/bin/../lib/gcc/msp430-elf/7.3.1/../../../../msp430-elf/lib/crt0.o
                0x00008b2a                __msp430_fini
 .fini          0x00008b2e        0x4 c:/ti/ccsv8/tools/compiler/msp430-gcc-7.3.1.24_win32/bin/../lib/gcc/msp430-elf/7.3.1/crtbegin.o
 .fini          0x00008b32        0x2 c:/ti/ccsv8/tools/compiler/msp430-gcc-7.3.1.24_win32/bin/../lib/gcc/msp430-elf/7.3.1/../../../../msp430-elf/lib/crtn.o
                0x00008b34                __msp430_fini_end
 *(.tm_clone_table)
 .tm_clone_table
                0x00008b34        0x0 c:/ti/ccsv8/tools/compiler/msp430-gcc-7.3.1.24_win32/bin/../lib/gcc/msp430-elf/7.3.1/crtbegin.o
 .tm_clone_table
                0x00008b34        0x0 c:/ti/ccsv8/tools/compiler/msp430-gcc-7.3.1.24_win32/bin/../lib/gcc/msp430-elf/7.3.1/crtend.o
                0x00008b34                __TMC_END__

.data           0x00002400        0xc load address 0x00008b34
                0x00002400                . = ALIGN (0x2)
                0x00002400                PROVIDE (__datastart, .)
 *(.jcr)
 *(.data.rel.ro.local)
 *(.data.rel.ro*)
 *(.dynamic)
 *(.data .data.* .gnu.linkonce.d.*)
 .data          0x00002400        0x0 c:/ti/ccsv8/tools/compiler/msp430-gcc-7.3.1.24_win32/bin/../lib/gcc/msp430-elf/7.3.1/../../../../msp430-elf/lib/crt0.o
 .data          0x00002400        0x0 c:/ti/ccsv8/tools/compiler/msp430-gcc-7.3.1.24_win32/bin/../lib/gcc/msp430-elf/7.3.1/crtbegin.o
 .data.__dso_handle
                0x00002400        0x2 c:/ti/ccsv8/tools/compiler/msp430-gcc-7.3.1.24_win32/bin/../lib/gcc/msp430-elf/7.3.1/crtbegin.o
                0x00002400                __dso_handle
 .data          0x00002402        0x1 ./usci_a1_uart_115200_XT2_4MHz.o
                0x00002402                receivedData
 .data          0x00002403        0x0 ./driverlib/MSP430F5xx_6xx/adc10_a.o
 .data          0x00002403        0x0 ./driverlib/MSP430F5xx_6xx/adc12_a.o
 .data          0x00002403        0x0 ./driverlib/MSP430F5xx_6xx/aes.o
 .data          0x00002403        0x0 ./driverlib/MSP430F5xx_6xx/battbak.o
 .data          0x00002403        0x0 ./driverlib/MSP430F5xx_6xx/comp_b.o
 .data          0x00002403        0x0 ./driverlib/MSP430F5xx_6xx/crc.o
 .data          0x00002403        0x0 ./driverlib/MSP430F5xx_6xx/dac12_a.o
 .data          0x00002403        0x0 ./driverlib/MSP430F5xx_6xx/dma.o
 .data          0x00002403        0x0 ./driverlib/MSP430F5xx_6xx/eusci_a_spi.o
 .data          0x00002403        0x0 ./driverlib/MSP430F5xx_6xx/eusci_a_uart.o
 .data          0x00002403        0x0 ./driverlib/MSP430F5xx_6xx/eusci_b_i2c.o
 .data          0x00002403        0x0 ./driverlib/MSP430F5xx_6xx/eusci_b_spi.o
 .data          0x00002403        0x0 ./driverlib/MSP430F5xx_6xx/eusci_i2c.o
 .data          0x00002403        0x0 ./driverlib/MSP430F5xx_6xx/eusci_spi.o
 .data          0x00002403        0x0 ./driverlib/MSP430F5xx_6xx/eusci_uart.o
 .data          0x00002403        0x0 ./driverlib/MSP430F5xx_6xx/flashctl.o
 .data          0x00002403        0x0 ./driverlib/MSP430F5xx_6xx/gpio.o
 .data          0x00002403        0x0 ./driverlib/MSP430F5xx_6xx/ldopwr.o
 .data          0x00002403        0x0 ./driverlib/MSP430F5xx_6xx/mpy32.o
 .data          0x00002403        0x0 ./driverlib/MSP430F5xx_6xx/pmap.o
 .data          0x00002403        0x0 ./driverlib/MSP430F5xx_6xx/pmm.o
 .data          0x00002403        0x0 ./driverlib/MSP430F5xx_6xx/ram.o
 .data          0x00002403        0x0 ./driverlib/MSP430F5xx_6xx/ref.o
 .data          0x00002403        0x0 ./driverlib/MSP430F5xx_6xx/rtc_a.o
 .data          0x00002403        0x0 ./driverlib/MSP430F5xx_6xx/rtc_b.o
 .data          0x00002403        0x0 ./driverlib/MSP430F5xx_6xx/rtc_c.o
 .data          0x00002403        0x0 ./driverlib/MSP430F5xx_6xx/sd24_b.o
 .data          0x00002403        0x0 ./driverlib/MSP430F5xx_6xx/sfr.o
 .data          0x00002403        0x0 ./driverlib/MSP430F5xx_6xx/sysctl.o
 .data          0x00002403        0x0 ./driverlib/MSP430F5xx_6xx/tec.o
 .data          0x00002403        0x0 ./driverlib/MSP430F5xx_6xx/timer_a.o
 .data          0x00002403        0x0 ./driverlib/MSP430F5xx_6xx/timer_b.o
 .data          0x00002403        0x0 ./driverlib/MSP430F5xx_6xx/timer_d.o
 .data          0x00002403        0x0 ./driverlib/MSP430F5xx_6xx/tlv.o
 *fill*         0x00002403        0x1 
 .data          0x00002404        0x8 ./driverlib/MSP430F5xx_6xx/ucs.o
                0x00002404                UCS_XT2ClockFrequency
                0x00002408                UCS_XT1ClockFrequency
 .data          0x0000240c        0x0 ./driverlib/MSP430F5xx_6xx/usci_a_spi.o
 .data          0x0000240c        0x0 ./driverlib/MSP430F5xx_6xx/usci_a_uart.o
 .data          0x0000240c        0x0 ./driverlib/MSP430F5xx_6xx/usci_b_i2c.o
 .data          0x0000240c        0x0 ./driverlib/MSP430F5xx_6xx/usci_b_spi.o
 .data          0x0000240c        0x0 ./driverlib/MSP430F5xx_6xx/usci_i2c.o
 .data          0x0000240c        0x0 ./driverlib/MSP430F5xx_6xx/usci_spi.o
 .data          0x0000240c        0x0 ./driverlib/MSP430F5xx_6xx/usci_uart.o
 .data          0x0000240c        0x0 ./driverlib/MSP430F5xx_6xx/wdt_a.o
 .data          0x0000240c        0x0 c:/ti/ccsv8/tools/compiler/msp430-gcc-7.3.1.24_win32/bin/../lib/gcc/msp430-elf/7.3.1/../../../../msp430-elf/lib\libc.a(lib_a-memset.o)
 .data          0x0000240c        0x0 c:/ti/ccsv8/tools/compiler/msp430-gcc-7.3.1.24_win32/bin/../lib/gcc/msp430-elf/7.3.1\libgcc.a(_lshrdi3.o)
 .data          0x0000240c        0x0 c:/ti/ccsv8/tools/compiler/msp430-gcc-7.3.1.24_win32/bin/../lib/gcc/msp430-elf/7.3.1\libgcc.a(_ashldi3.o)
 .data          0x0000240c        0x0 c:/ti/ccsv8/tools/compiler/msp430-gcc-7.3.1.24_win32/bin/../lib/gcc/msp430-elf/7.3.1\libgcc.a(lib2divHI.o)
 .data          0x0000240c        0x0 c:/ti/ccsv8/tools/compiler/msp430-gcc-7.3.1.24_win32/bin/../lib/gcc/msp430-elf/7.3.1\libgcc.a(lib2divSI.o)
 .data          0x0000240c        0x0 c:/ti/ccsv8/tools/compiler/msp430-gcc-7.3.1.24_win32/bin/../lib/gcc/msp430-elf/7.3.1\libgcc.a(slli.o)
 .data          0x0000240c        0x0 c:/ti/ccsv8/tools/compiler/msp430-gcc-7.3.1.24_win32/bin/../lib/gcc/msp430-elf/7.3.1\libgcc.a(srli.o)
 .data          0x0000240c        0x0 c:/ti/ccsv8/tools/compiler/msp430-gcc-7.3.1.24_win32/bin/../lib/gcc/msp430-elf/7.3.1\libgcc.a(_udivdi3.o)
 .data          0x0000240c        0x0 c:/ti/ccsv8/tools/compiler/msp430-gcc-7.3.1.24_win32/bin/../lib/gcc/msp430-elf/7.3.1\libgcc.a(_clzdi2.o)
 .data          0x0000240c        0x0 c:/ti/ccsv8/tools/compiler/msp430-gcc-7.3.1.24_win32/bin/../lib/gcc/msp430-elf/7.3.1\libgcc.a(_clz.o)
 .data          0x0000240c        0x0 c:/ti/ccsv8/tools/compiler/msp430-gcc-7.3.1.24_win32/bin/../lib/gcc/msp430-elf/7.3.1\libmul_f5.a(lib2hw_mul_f5.o)
 .data          0x0000240c        0x0 c:/ti/ccsv8/tools/compiler/msp430-gcc-7.3.1.24_win32/bin/../lib/gcc/msp430-elf/7.3.1\libgcc.a(_muldi3.o)
 .data          0x0000240c        0x0 c:/ti/ccsv8/tools/compiler/msp430-gcc-7.3.1.24_win32/bin/../lib/gcc/msp430-elf/7.3.1/../../../../msp430-elf/lib\libcrt.a(crt_bss.o)
 .data          0x0000240c        0x0 c:/ti/ccsv8/tools/compiler/msp430-gcc-7.3.1.24_win32/bin/../lib/gcc/msp430-elf/7.3.1/../../../../msp430-elf/lib\libcrt.a(crt_movedata.o)
 .data          0x0000240c        0x0 c:/ti/ccsv8/tools/compiler/msp430-gcc-7.3.1.24_win32/bin/../lib/gcc/msp430-elf/7.3.1/../../../../msp430-elf/lib\libcrt.a(crt_main.o)
 .data          0x0000240c        0x0 c:/ti/ccsv8/tools/compiler/msp430-gcc-7.3.1.24_win32/bin/../lib/gcc/msp430-elf/7.3.1/../../../../msp430-elf/lib\libc.a(lib_a-memmove.o)
 .data          0x0000240c        0x0 c:/ti/ccsv8/tools/compiler/msp430-gcc-7.3.1.24_win32/bin/../lib/gcc/msp430-elf/7.3.1/crtend.o
 .data          0x0000240c        0x0 c:/ti/ccsv8/tools/compiler/msp430-gcc-7.3.1.24_win32/bin/../lib/gcc/msp430-elf/7.3.1/../../../../msp430-elf/lib/crtn.o
 *(.gnu.linkonce.d.*personality*)
 *(.data1)
 *(.got.plt)
 *(.got)
                0x0000240c                . = ALIGN (0x2)
 *(.sdata .sdata.* .gnu.linkonce.s.* D_2 D_1)
                0x0000240c                . = ALIGN (0x2)
                0x0000240c                _edata = .
                [!provide]                PROVIDE (edata, .)
                [!provide]                PROVIDE (__dataend, .)
                0x00008b34                PROVIDE (__romdatastart, LOADADDR (.data))
                0x0000000c                PROVIDE (__romdatacopysize, SIZEOF (.data))

.bss            0x0000240c       0x12 load address 0x00008b40
                0x0000240c                . = ALIGN (0x2)
                0x0000240c                PROVIDE (__bssstart, .)
 *(.dynbss)
 *(.sbss .sbss.*)
 *(.bss .bss.* .gnu.linkonce.b.*)
 .bss           0x0000240c        0x0 c:/ti/ccsv8/tools/compiler/msp430-gcc-7.3.1.24_win32/bin/../lib/gcc/msp430-elf/7.3.1/../../../../msp430-elf/lib/crt0.o
 .bss           0x0000240c        0x0 c:/ti/ccsv8/tools/compiler/msp430-gcc-7.3.1.24_win32/bin/../lib/gcc/msp430-elf/7.3.1/crtbegin.o
 .bss.completed.3056
                0x0000240c        0x1 c:/ti/ccsv8/tools/compiler/msp430-gcc-7.3.1.24_win32/bin/../lib/gcc/msp430-elf/7.3.1/crtbegin.o
 *fill*         0x0000240d        0x1 
 .bss.dtor_idx.3058
                0x0000240e        0x2 c:/ti/ccsv8/tools/compiler/msp430-gcc-7.3.1.24_win32/bin/../lib/gcc/msp430-elf/7.3.1/crtbegin.o
 .bss.object.3071
                0x00002410        0xe c:/ti/ccsv8/tools/compiler/msp430-gcc-7.3.1.24_win32/bin/../lib/gcc/msp430-elf/7.3.1/crtbegin.o
 .bss           0x0000241e        0x0 ./usci_a1_uart_115200_XT2_4MHz.o
 .bss           0x0000241e        0x0 ./driverlib/MSP430F5xx_6xx/adc10_a.o
[...]
                [!provide]                PROVIDE (TA0R, 0x350)
                [!provide]                PROVIDE (TA0CCR0, 0x352)
                [!provide]                PROVIDE (TA0CCR1, 0x354)
                [!provide]                PROVIDE (TA0CCR2, 0x356)
                [!provide]                PROVIDE (TA0CCR3, 0x358)
                [!provide]                PROVIDE (TA0CCR4, 0x35a)
                [!provide]                PROVIDE (TA0IV, 0x36e)
                [!provide]                PROVIDE (TA0EX0, 0x360)
                [!provide]                PROVIDE (TA1CTL, 0x380)
                [!provide]                PROVIDE (TA1CCTL0, 0x382)
                [!provide]                PROVIDE (TA1CCTL1, 0x384)
                [!provide]                PROVIDE (TA1CCTL2, 0x386)
                [!provide]                PROVIDE (TA1R, 0x390)
                [!provide]                PROVIDE (TA1CCR0, 0x392)
                [!provide]                PROVIDE (TA1CCR1, 0x394)
                [!provide]                PROVIDE (TA1CCR2, 0x396)
                [!provide]                PROVIDE (TA1IV, 0x3ae)
                [!provide]                PROVIDE (TA1EX0, 0x3a0)
                [!provide]                PROVIDE (TA2CTL, 0x400)
                [!provide]                PROVIDE (TA2CCTL0, 0x402)
                [!provide]                PROVIDE (TA2CCTL1, 0x404)
                [!provide]                PROVIDE (TA2CCTL2, 0x406)
                [!provide]                PROVIDE (TA2R, 0x410)
                [!provide]                PROVIDE (TA2CCR0, 0x412)
                [!provide]                PROVIDE (TA2CCR1, 0x414)
                [!provide]                PROVIDE (TA2CCR2, 0x416)
                [!provide]                PROVIDE (TA2IV, 0x42e)
                [!provide]                PROVIDE (TA2EX0, 0x420)
                [!provide]                PROVIDE (TB0CTL, 0x3c0)
                [!provide]                PROVIDE (TB0CCTL0, 0x3c2)
                [!provide]                PROVIDE (TB0CCTL1, 0x3c4)
                [!provide]                PROVIDE (TB0CCTL2, 0x3c6)
                [!provide]                PROVIDE (TB0CCTL3, 0x3c8)
                [!provide]                PROVIDE (TB0CCTL4, 0x3ca)
                [!provide]                PROVIDE (TB0CCTL5, 0x3cc)
                [!provide]                PROVIDE (TB0CCTL6, 0x3ce)
                [!provide]                PROVIDE (TB0R, 0x3d0)
                [!provide]                PROVIDE (TB0CCR0, 0x3d2)
                [!provide]                PROVIDE (TB0CCR1, 0x3d4)
                [!provide]                PROVIDE (TB0CCR2, 0x3d6)
                [!provide]                PROVIDE (TB0CCR3, 0x3d8)
                [!provide]                PROVIDE (TB0CCR4, 0x3da)
                [!provide]                PROVIDE (TB0CCR5, 0x3dc)
                [!provide]                PROVIDE (TB0CCR6, 0x3de)
                [!provide]                PROVIDE (TB0EX0, 0x3e0)
                [!provide]                PROVIDE (TB0IV, 0x3ee)
                [!provide]                PROVIDE (USBKEYID, 0x900)
                [!provide]                PROVIDE (USBKEYID_L, 0x900)
                [!provide]                PROVIDE (USBKEYID_H, 0x901)
                [!provide]                PROVIDE (USBCNF, 0x902)
                [!provide]                PROVIDE (USBCNF_L, 0x902)
                [!provide]                PROVIDE (USBCNF_H, 0x903)
                [!provide]                PROVIDE (USBPHYCTL, 0x904)
                [!provide]                PROVIDE (USBPHYCTL_L, 0x904)
                [!provide]                PROVIDE (USBPHYCTL_H, 0x905)
                [!provide]                PROVIDE (USBPWRCTL, 0x908)
                [!provide]                PROVIDE (USBPWRCTL_L, 0x908)
                [!provide]                PROVIDE (USBPWRCTL_H, 0x909)
                [!provide]                PROVIDE (USBPLLCTL, 0x910)
                [!provide]                PROVIDE (USBPLLCTL_L, 0x910)
                [!provide]                PROVIDE (USBPLLCTL_H, 0x911)
                [!provide]                PROVIDE (USBPLLDIVB, 0x912)
                [!provide]                PROVIDE (USBPLLDIVB_L, 0x912)
                [!provide]                PROVIDE (USBPLLDIVB_H, 0x913)
                [!provide]                PROVIDE (USBPLLIR, 0x914)
                [!provide]                PROVIDE (USBPLLIR_L, 0x914)
                [!provide]                PROVIDE (USBPLLIR_H, 0x915)
                [!provide]                PROVIDE (USBIEPCNF_0, 0x920)
                [!provide]                PROVIDE (USBIEPCNT_0, 0x921)
                [!provide]                PROVIDE (USBOEPCNF_0, 0x922)
                [!provide]                PROVIDE (USBOEPCNT_0, 0x923)
                [!provide]                PROVIDE (USBIEPIE, 0x92e)
                [!provide]                PROVIDE (USBOEPIE, 0x92f)
                [!provide]                PROVIDE (USBIEPIFG, 0x930)
                [!provide]                PROVIDE (USBOEPIFG, 0x931)
                [!provide]                PROVIDE (USBVECINT, 0x932)
                [!provide]                PROVIDE (USBVECINT_L, 0x932)
                [!provide]                PROVIDE (USBVECINT_H, 0x933)
                [!provide]                PROVIDE (USBMAINT, 0x936)
                [!provide]                PROVIDE (USBMAINT_L, 0x936)
                [!provide]                PROVIDE (USBMAINT_H, 0x937)
                [!provide]                PROVIDE (USBTSREG, 0x938)
                [!provide]                PROVIDE (USBTSREG_L, 0x938)
                [!provide]                PROVIDE (USBTSREG_H, 0x939)
                [!provide]                PROVIDE (USBFN, 0x93a)
                [!provide]                PROVIDE (USBFN_L, 0x93a)
                [!provide]                PROVIDE (USBFN_H, 0x93b)
                [!provide]                PROVIDE (USBCTL, 0x93c)
                [!provide]                PROVIDE (USBIE, 0x93d)
                [!provide]                PROVIDE (USBIFG, 0x93e)
                [!provide]                PROVIDE (USBFUNADR, 0x93f)
                [!provide]                PROVIDE (USBIEPSIZXY_7, 0x23ff)
                [!provide]                PROVIDE (USBIEPBCTY_7, 0x23fe)
                [!provide]                PROVIDE (USBIEPBBAY_7, 0x23fd)
                [!provide]                PROVIDE (USBIEPBCTX_7, 0x23fa)
                [!provide]                PROVIDE (USBIEPBBAX_7, 0x23f9)
                [!provide]                PROVIDE (USBIEPCNF_7, 0x23f8)
                [!provide]                PROVIDE (USBIEPSIZXY_6, 0x23f7)
                [!provide]                PROVIDE (USBIEPBCTY_6, 0x23f6)
                [!provide]                PROVIDE (USBIEPBBAY_6, 0x23f5)
                [!provide]                PROVIDE (USBIEPBCTX_6, 0x23f2)
                [!provide]                PROVIDE (USBIEPBBAX_6, 0x23f1)
                [!provide]                PROVIDE (USBIEPCNF_6, 0x23f0)
                [!provide]                PROVIDE (USBIEPSIZXY_5, 0x23ef)
                [!provide]                PROVIDE (USBIEPBCTY_5, 0x23ee)
                [!provide]                PROVIDE (USBIEPBBAY_5, 0x23ed)
                [!provide]                PROVIDE (USBIEPBCTX_5, 0x23ea)
                [!provide]                PROVIDE (USBIEPBBAX_5, 0x23e9)
                [!provide]                PROVIDE (USBIEPCNF_5, 0x23e8)
                [!provide]                PROVIDE (USBIEPSIZXY_4, 0x23e7)
                [!provide]                PROVIDE (USBIEPBCTY_4, 0x23e6)
                [!provide]                PROVIDE (USBIEPBBAY_4, 0x23e5)
                [!provide]                PROVIDE (USBIEPBCTX_4, 0x23e2)
                [!provide]                PROVIDE (USBIEPBBAX_4, 0x23e1)
                [!provide]                PROVIDE (USBIEPCNF_4, 0x23e0)
                [!provide]                PROVIDE (USBIEPSIZXY_3, 0x23df)
                [!provide]                PROVIDE (USBIEPBCTY_3, 0x23de)
                [!provide]                PROVIDE (USBIEPBBAY_3, 0x23dd)
                [!provide]                PROVIDE (USBIEPBCTX_3, 0x23da)
                [!provide]                PROVIDE (USBIEPBBAX_3, 0x23d9)
                [!provide]                PROVIDE (USBIEPCNF_3, 0x23d8)
                [!provide]                PROVIDE (USBIEPSIZXY_2, 0x23d7)
                [!provide]                PROVIDE (USBIEPBCTY_2, 0x23d6)
                [!provide]                PROVIDE (USBIEPBBAY_2, 0x23d5)
                [!provide]                PROVIDE (USBIEPBCTX_2, 0x23d2)
                [!provide]                PROVIDE (USBIEPBBAX_2, 0x23d1)
                [!provide]                PROVIDE (USBIEPCNF_2, 0x23d0)
                [!provide]                PROVIDE (USBIEPSIZXY_1, 0x23cf)
                [!provide]                PROVIDE (USBIEPBCTY_1, 0x23ce)
                [!provide]                PROVIDE (USBIEPBBAY_1, 0x23cd)
                [!provide]                PROVIDE (USBIEPBCTX_1, 0x23ca)
                [!provide]                PROVIDE (USBIEPBBAX_1, 0x23c9)
                [!provide]                PROVIDE (USBIEPCNF_1, 0x23c8)
                [!provide]                PROVIDE (USBOEPSIZXY_7, 0x23bf)
                [!provide]                PROVIDE (USBOEPBCTY_7, 0x23be)
                [!provide]                PROVIDE (USBOEPBBAY_7, 0x23bd)
                [!provide]                PROVIDE (USBOEPBCTX_7, 0x23ba)
                [!provide]                PROVIDE (USBOEPBBAX_7, 0x23b9)
                [!provide]                PROVIDE (USBOEPCNF_7, 0x23b8)
                [!provide]                PROVIDE (USBOEPSIZXY_6, 0x23b7)
                [!provide]                PROVIDE (USBOEPBCTY_6, 0x23b6)
                [!provide]                PROVIDE (USBOEPBBAY_6, 0x23b5)
                [!provide]                PROVIDE (USBOEPBCTX_6, 0x23b2)
                [!provide]                PROVIDE (USBOEPBBAX_6, 0x23b1)
                [!provide]                PROVIDE (USBOEPCNF_6, 0x23b0)
                [!provide]                PROVIDE (USBOEPSIZXY_5, 0x23af)
                [!provide]                PROVIDE (USBOEPBCTY_5, 0x23ae)
                [!provide]                PROVIDE (USBOEPBBAY_5, 0x23ad)
                [!provide]                PROVIDE (USBOEPBCTX_5, 0x23aa)
                [!provide]                PROVIDE (USBOEPBBAX_5, 0x23a9)
                [!provide]                PROVIDE (USBOEPCNF_5, 0x23a8)
                [!provide]                PROVIDE (USBOEPSIZXY_4, 0x23a7)
                [!provide]                PROVIDE (USBOEPBCTY_4, 0x23a6)
                [!provide]                PROVIDE (USBOEPBBAY_4, 0x23a5)
                [!provide]                PROVIDE (USBOEPBCTX_4, 0x23a2)
                [!provide]                PROVIDE (USBOEPBBAX_4, 0x23a1)
                [!provide]                PROVIDE (USBOEPCNF_4, 0x23a0)
                [!provide]                PROVIDE (USBOEPSIZXY_3, 0x239f)
                [!provide]                PROVIDE (USBOEPBCTY_3, 0x239e)
                [!provide]                PROVIDE (USBOEPBBAY_3, 0x239d)
                [!provide]                PROVIDE (USBOEPBCTX_3, 0x239a)
                [!provide]                PROVIDE (USBOEPBBAX_3, 0x2399)
                [!provide]                PROVIDE (USBOEPCNF_3, 0x2398)
                [!provide]                PROVIDE (USBOEPSIZXY_2, 0x2397)
                [!provide]                PROVIDE (USBOEPBCTY_2, 0x2396)
                [!provide]                PROVIDE (USBOEPBBAY_2, 0x2395)
                [!provide]                PROVIDE (USBOEPBCTX_2, 0x2392)
                [!provide]                PROVIDE (USBOEPBBAX_2, 0x2391)
                [!provide]                PROVIDE (USBOEPCNF_2, 0x2390)
                [!provide]                PROVIDE (USBOEPSIZXY_1, 0x238f)
                [!provide]                PROVIDE (USBOEPBCTY_1, 0x238e)
                [!provide]                PROVIDE (USBOEPBBAY_1, 0x238d)
                [!provide]                PROVIDE (USBOEPBCTX_1, 0x238a)
                [!provide]                PROVIDE (USBOEPBBAX_1, 0x2389)
                [!provide]                PROVIDE (USBOEPCNF_1, 0x2388)
                [!provide]                PROVIDE (USBSUBLK, 0x2380)
                [!provide]                PROVIDE (USBIEP0BUF, 0x2378)
                [!provide]                PROVIDE (USBOEP0BUF, 0x2370)
                [!provide]                PROVIDE (USBTOPBUFF, 0x236f)
                [!provide]                PROVIDE (USBSTABUFF, 0x1c00)
                [!provide]                PROVIDE (UCSCTL0, 0x160)
                [!provide]                PROVIDE (UCSCTL0_L, 0x160)
                [!provide]                PROVIDE (UCSCTL0_H, 0x161)
                [!provide]                PROVIDE (UCSCTL1, 0x162)
                [!provide]                PROVIDE (UCSCTL1_L, 0x162)
                [!provide]                PROVIDE (UCSCTL1_H, 0x163)
                [!provide]                PROVIDE (UCSCTL2, 0x164)
                [!provide]                PROVIDE (UCSCTL2_L, 0x164)
                [!provide]                PROVIDE (UCSCTL2_H, 0x165)
                [!provide]                PROVIDE (UCSCTL3, 0x166)
                [!provide]                PROVIDE (UCSCTL3_L, 0x166)
                [!provide]                PROVIDE (UCSCTL3_H, 0x167)
                [!provide]                PROVIDE (UCSCTL4, 0x168)
                [!provide]                PROVIDE (UCSCTL4_L, 0x168)
                [!provide]                PROVIDE (UCSCTL4_H, 0x169)
                [!provide]                PROVIDE (UCSCTL5, 0x16a)
                [!provide]                PROVIDE (UCSCTL5_L, 0x16a)
                [!provide]                PROVIDE (UCSCTL5_H, 0x16b)
                [!provide]                PROVIDE (UCSCTL6, 0x16c)
                [!provide]                PROVIDE (UCSCTL6_L, 0x16c)
                [!provide]                PROVIDE (UCSCTL6_H, 0x16d)
                [!provide]                PROVIDE (UCSCTL7, 0x16e)
                [!provide]                PROVIDE (UCSCTL7_L, 0x16e)
                [!provide]                PROVIDE (UCSCTL7_H, 0x16f)
                [!provide]                PROVIDE (UCSCTL8, 0x170)
                [!provide]                PROVIDE (UCSCTL8_L, 0x170)
                [!provide]                PROVIDE (UCSCTL8_H, 0x171)
                [!provide]                PROVIDE (UCA0CTLW0, 0x5c0)
                [!provide]                PROVIDE (UCA0CTLW0_L, 0x5c0)
                [!provide]                PROVIDE (UCA0CTLW0_H, 0x5c1)
                [!provide]                PROVIDE (UCA0BRW, 0x5c6)
                [!provide]                PROVIDE (UCA0BRW_L, 0x5c6)
                [!provide]                PROVIDE (UCA0BRW_H, 0x5c7)
                [!provide]                PROVIDE (UCA0MCTL, 0x5c8)
                [!provide]                PROVIDE (UCA0STAT, 0x5ca)
                [!provide]                PROVIDE (UCA0RXBUF, 0x5cc)
                [!provide]                PROVIDE (UCA0TXBUF, 0x5ce)
                [!provide]                PROVIDE (UCA0ABCTL, 0x5d0)
                [!provide]                PROVIDE (UCA0IRCTL, 0x5d2)
                [!provide]                PROVIDE (UCA0IRCTL_L, 0x5d2)
                [!provide]                PROVIDE (UCA0IRCTL_H, 0x5d3)
                [!provide]                PROVIDE (UCA0ICTL, 0x5dc)
                [!provide]                PROVIDE (UCA0ICTL_L, 0x5dc)
                [!provide]                PROVIDE (UCA0ICTL_H, 0x5dd)
                [!provide]                PROVIDE (UCA0IV, 0x5de)
                [!provide]                PROVIDE (UCB0CTLW0, 0x5e0)
                [!provide]                PROVIDE (UCB0CTLW0_L, 0x5e0)
                [!provide]                PROVIDE (UCB0CTLW0_H, 0x5e1)
                [!provide]                PROVIDE (UCB0BRW, 0x5e6)
                [!provide]                PROVIDE (UCB0BRW_L, 0x5e6)
                [!provide]                PROVIDE (UCB0BRW_H, 0x5e7)
                [!provide]                PROVIDE (UCB0STAT, 0x5ea)
                [!provide]                PROVIDE (UCB0RXBUF, 0x5ec)
                [!provide]                PROVIDE (UCB0TXBUF, 0x5ee)
                [!provide]                PROVIDE (UCB0I2COA, 0x5f0)
                [!provide]                PROVIDE (UCB0I2COA_L, 0x5f0)
                [!provide]                PROVIDE (UCB0I2COA_H, 0x5f1)
                [!provide]                PROVIDE (UCB0I2CSA, 0x5f2)
                [!provide]                PROVIDE (UCB0I2CSA_L, 0x5f2)
                [!provide]                PROVIDE (UCB0I2CSA_H, 0x5f3)
                [!provide]                PROVIDE (UCB0ICTL, 0x5fc)
                [!provide]                PROVIDE (UCB0ICTL_L, 0x5fc)
                [!provide]                PROVIDE (UCB0ICTL_H, 0x5fd)
                [!provide]                PROVIDE (UCB0IV, 0x5fe)
                [!provide]                PROVIDE (UCA1CTLW0, 0x600)
                [!provide]                PROVIDE (UCA1CTLW0_L, 0x600)
                [!provide]                PROVIDE (UCA1CTLW0_H, 0x601)
                [!provide]                PROVIDE (UCA1BRW, 0x606)
                [!provide]                PROVIDE (UCA1BRW_L, 0x606)
                [!provide]                PROVIDE (UCA1BRW_H, 0x607)
                [!provide]                PROVIDE (UCA1MCTL, 0x608)
                [!provide]                PROVIDE (UCA1STAT, 0x60a)
                [!provide]                PROVIDE (UCA1RXBUF, 0x60c)
                [!provide]                PROVIDE (UCA1TXBUF, 0x60e)
                [!provide]                PROVIDE (UCA1ABCTL, 0x610)
                [!provide]                PROVIDE (UCA1IRCTL, 0x612)
                [!provide]                PROVIDE (UCA1IRCTL_L, 0x612)
                [!provide]                PROVIDE (UCA1IRCTL_H, 0x613)
                [!provide]                PROVIDE (UCA1ICTL, 0x61c)
                [!provide]                PROVIDE (UCA1ICTL_L, 0x61c)
                [!provide]                PROVIDE (UCA1ICTL_H, 0x61d)
                0x0000061e                PROVIDE (UCA1IV, 0x61e)
                [!provide]                PROVIDE (UCB1CTLW0, 0x620)
                [!provide]                PROVIDE (UCB1CTLW0_L, 0x620)
                [!provide]                PROVIDE (UCB1CTLW0_H, 0x621)
                [!provide]                PROVIDE (UCB1BRW, 0x626)
                [!provide]                PROVIDE (UCB1BRW_L, 0x626)
                [!provide]                PROVIDE (UCB1BRW_H, 0x627)
                [!provide]                PROVIDE (UCB1STAT, 0x62a)
                [!provide]                PROVIDE (UCB1RXBUF, 0x62c)
                [!provide]                PROVIDE (UCB1TXBUF, 0x62e)
                [!provide]                PROVIDE (UCB1I2COA, 0x630)
                [!provide]                PROVIDE (UCB1I2COA_L, 0x630)
                [!provide]                PROVIDE (UCB1I2COA_H, 0x631)
                [!provide]                PROVIDE (UCB1I2CSA, 0x632)
                [!provide]                PROVIDE (UCB1I2CSA_L, 0x632)
                [!provide]                PROVIDE (UCB1I2CSA_H, 0x633)
                [!provide]                PROVIDE (UCB1ICTL, 0x63c)
                [!provide]                PROVIDE (UCB1ICTL_L, 0x63c)
                [!provide]                PROVIDE (UCB1ICTL_H, 0x63d)
                [!provide]                PROVIDE (UCB1IV, 0x63e)
                [!provide]                PROVIDE (WDTCTL, 0x15c)
                [!provide]                PROVIDE (WDTCTL_L, 0x15c)
                [!provide]                PROVIDE (WDTCTL_H, 0x15d)
OUTPUT(usci1_uart_G34.out elf32-msp430)

.debug_ranges   0x00000000       0x18
 .debug_ranges  0x00000000       0x18 ./driverlib/MSP430F5xx_6xx/ucs.o
