Archive member included because of file (symbol)

c:/ti/ccsv6/tools/compiler/gcc_msp430_4.9.14r1_10/bin/../lib/gcc/msp430-elf/4.9.1/../../../../msp430-elf/lib\libc.a(lib_a-memset.o)
                              ./usci_a1_uart_DCO_1MHz.o (memset)
c:/ti/ccsv6/tools/compiler/gcc_msp430_4.9.14r1_10/bin/../lib/gcc/msp430-elf/4.9.1\libgcc.a(_lshrdi3.o)
                              ./driverlib/MSP430F5xx_6xx/mpy32.o (__lshrdi3)
c:/ti/ccsv6/tools/compiler/gcc_msp430_4.9.14r1_10/bin/../lib/gcc/msp430-elf/4.9.1\libgcc.a(_ashldi3.o)
                              ./driverlib/MSP430F5xx_6xx/mpy32.o (__ashldi3)
c:/ti/ccsv6/tools/compiler/gcc_msp430_4.9.14r1_10/bin/../lib/gcc/msp430-elf/4.9.1\libgcc.a(lib2divHI.o)
                              ./driverlib/MSP430F5xx_6xx/ucs.o (__mspabi_divi)
c:/ti/ccsv6/tools/compiler/gcc_msp430_4.9.14r1_10/bin/../lib/gcc/msp430-elf/4.9.1\libgcc.a(lib2divSI.o)
                              ./driverlib/MSP430F5xx_6xx/ucs.o (__mspabi_divli)
c:/ti/ccsv6/tools/compiler/gcc_msp430_4.9.14r1_10/bin/../lib/gcc/msp430-elf/4.9.1\libgcc.a(slli.o)
                              ./driverlib/MSP430F5xx_6xx/adc12_a.o (__mspabi_slli_4)
c:/ti/ccsv6/tools/compiler/gcc_msp430_4.9.14r1_10/bin/../lib/gcc/msp430-elf/4.9.1\libgcc.a(srli.o)
                              ./driverlib/MSP430F5xx_6xx/rtc_a.o (__mspabi_srli_8)
c:/ti/ccsv6/tools/compiler/gcc_msp430_4.9.14r1_10/bin/../lib/gcc/msp430-elf/4.9.1\libgcc.a(lib2hw_mul.o)
                              ./driverlib/MSP430F5xx_6xx/ucs.o (__mulsi2_f5)
c:/ti/ccsv6/tools/compiler/gcc_msp430_4.9.14r1_10/bin/../lib/gcc/msp430-elf/4.9.1/../../../../msp430-elf/lib\libcrt.a(crt_bss.o)
                              c:/ti/ccsv6/tools/compiler/gcc_msp430_4.9.14r1_10/bin/../lib/gcc/msp430-elf/4.9.1/crtbegin.o (__crt0_init_bss)
c:/ti/ccsv6/tools/compiler/gcc_msp430_4.9.14r1_10/bin/../lib/gcc/msp430-elf/4.9.1/../../../../msp430-elf/lib\libcrt.a(crt_movedata.o)
                              c:/ti/ccsv6/tools/compiler/gcc_msp430_4.9.14r1_10/bin/../lib/gcc/msp430-elf/4.9.1/crtbegin.o (__crt0_movedata)
c:/ti/ccsv6/tools/compiler/gcc_msp430_4.9.14r1_10/bin/../lib/gcc/msp430-elf/4.9.1/../../../../msp430-elf/lib\libcrt.a(crt_main.o)
                              c:/ti/ccsv6/tools/compiler/gcc_msp430_4.9.14r1_10/bin/../lib/gcc/msp430-elf/4.9.1/../../../../msp430-elf/lib/crt0.o (__crt0_call_init_then_main)
c:/ti/ccsv6/tools/compiler/gcc_msp430_4.9.14r1_10/bin/../lib/gcc/msp430-elf/4.9.1/../../../../msp430-elf/lib\libc.a(lib_a-memmove.o)
                              c:/ti/ccsv6/tools/compiler/gcc_msp430_4.9.14r1_10/bin/../lib/gcc/msp430-elf/4.9.1/../../../../msp430-elf/lib\libcrt.a(crt_movedata.o) (memmove)

Memory Configuration

Name             Origin             Length             Attributes
SFR              0x00000000         0x00000010
PERIPHERAL_8BIT  0x00000010         0x000000f0
PERIPHERAL_16BIT 0x00000100         0x00000100
RAM              0x00002400         0x00002000
INFOMEM          0x00001800         0x00000200
INFOA            0x00001980         0x00000080
INFOB            0x00001900         0x00000080
INFOC            0x00001880         0x00000080
INFOD            0x00001800         0x00000080
ROM              0x00004400         0x0000bb80
VECT1            0x0000ff80         0x00000002
VECT2            0x0000ff82         0x00000002
VECT3            0x0000ff84         0x00000002
VECT4            0x0000ff86         0x00000002
VECT5            0x0000ff88         0x00000002
VECT6            0x0000ff8a         0x00000002
VECT7            0x0000ff8c         0x00000002
VECT8            0x0000ff8e         0x00000002
VECT9            0x0000ff90         0x00000002
VECT10           0x0000ff92         0x00000002
VECT11           0x0000ff94         0x00000002
VECT12           0x0000ff96         0x00000002
VECT13           0x0000ff98         0x00000002
VECT14           0x0000ff9a         0x00000002
VECT15           0x0000ff9c         0x00000002
VECT16           0x0000ff9e         0x00000002
VECT17           0x0000ffa0         0x00000002
VECT18           0x0000ffa2         0x00000002
VECT19           0x0000ffa4         0x00000002
VECT20           0x0000ffa6         0x00000002
VECT21           0x0000ffa8         0x00000002
VECT22           0x0000ffaa         0x00000002
VECT23           0x0000ffac         0x00000002
VECT24           0x0000ffae         0x00000002
VECT25           0x0000ffb0         0x00000002
VECT26           0x0000ffb2         0x00000002
VECT27           0x0000ffb4         0x00000002
VECT28           0x0000ffb6         0x00000002
VECT29           0x0000ffb8         0x00000002
VECT30           0x0000ffba         0x00000002
VECT31           0x0000ffbc         0x00000002
VECT32           0x0000ffbe         0x00000002
VECT33           0x0000ffc0         0x00000002
VECT34           0x0000ffc2         0x00000002
VECT35           0x0000ffc4         0x00000002
VECT36           0x0000ffc6         0x00000002
VECT37           0x0000ffc8         0x00000002
VECT38           0x0000ffca         0x00000002
VECT39           0x0000ffcc         0x00000002
VECT40           0x0000ffce         0x00000002
VECT41           0x0000ffd0         0x00000002
VECT42           0x0000ffd2         0x00000002
VECT43           0x0000ffd4         0x00000002
VECT44           0x0000ffd6         0x00000002
VECT45           0x0000ffd8         0x00000002
VECT46           0x0000ffda         0x00000002
VECT47           0x0000ffdc         0x00000002
VECT48           0x0000ffde         0x00000002
VECT49           0x0000ffe0         0x00000002
VECT50           0x0000ffe2         0x00000002
VECT51           0x0000ffe4         0x00000002
VECT52           0x0000ffe6         0x00000002
VECT53           0x0000ffe8         0x00000002
VECT54           0x0000ffea         0x00000002
VECT55           0x0000ffec         0x00000002
VECT56           0x0000ffee         0x00000002
VECT57           0x0000fff0         0x00000002
VECT58           0x0000fff2         0x00000002
VECT59           0x0000fff4         0x00000002
VECT60           0x0000fff6         0x00000002
VECT61           0x0000fff8         0x00000002
VECT62           0x0000fffa         0x00000002
VECT63           0x0000fffc         0x00000002
RESETVEC         0x0000fffe         0x00000002
BSL              0x00001000         0x00000800
USBRAM           0x00001c00         0x00000800
FAR_ROM          0x00010000         0x000143ff
*default*        0x00000000         0xffffffff

Linker script and memory map

LOAD c:/ti/ccsv6/tools/compiler/gcc_msp430_4.9.14r1_10/bin/../lib/gcc/msp430-elf/4.9.1/../../../../msp430-elf/lib/crt0.o
LOAD c:/ti/ccsv6/tools/compiler/gcc_msp430_4.9.14r1_10/bin/../lib/gcc/msp430-elf/4.9.1/crtbegin.o
LOAD ./usci_a1_uart_DCO_1MHz.o
LOAD ./driverlib/MSP430F5xx_6xx/adc10_a.o
LOAD ./driverlib/MSP430F5xx_6xx/adc12_a.o
LOAD ./driverlib/MSP430F5xx_6xx/aes.o
LOAD ./driverlib/MSP430F5xx_6xx/battbak.o
LOAD ./driverlib/MSP430F5xx_6xx/comp_b.o
LOAD ./driverlib/MSP430F5xx_6xx/crc.o
LOAD ./driverlib/MSP430F5xx_6xx/dac12_a.o
LOAD ./driverlib/MSP430F5xx_6xx/dma.o
LOAD ./driverlib/MSP430F5xx_6xx/eusci_a_spi.o
LOAD ./driverlib/MSP430F5xx_6xx/eusci_a_uart.o
LOAD ./driverlib/MSP430F5xx_6xx/eusci_b_i2c.o
LOAD ./driverlib/MSP430F5xx_6xx/eusci_b_spi.o
LOAD ./driverlib/MSP430F5xx_6xx/eusci_i2c.o
LOAD ./driverlib/MSP430F5xx_6xx/eusci_spi.o
LOAD ./driverlib/MSP430F5xx_6xx/eusci_uart.o
LOAD ./driverlib/MSP430F5xx_6xx/flashctl.o
LOAD ./driverlib/MSP430F5xx_6xx/gpio.o
LOAD ./driverlib/MSP430F5xx_6xx/ldopwr.o
LOAD ./driverlib/MSP430F5xx_6xx/mpy32.o
LOAD ./driverlib/MSP430F5xx_6xx/pmap.o
LOAD ./driverlib/MSP430F5xx_6xx/pmm.o
LOAD ./driverlib/MSP430F5xx_6xx/ram.o
LOAD ./driverlib/MSP430F5xx_6xx/ref.o
LOAD ./driverlib/MSP430F5xx_6xx/rtc_a.o
LOAD ./driverlib/MSP430F5xx_6xx/rtc_b.o
LOAD ./driverlib/MSP430F5xx_6xx/rtc_c.o
LOAD ./driverlib/MSP430F5xx_6xx/sd24_b.o
LOAD ./driverlib/MSP430F5xx_6xx/sfr.o
LOAD ./driverlib/MSP430F5xx_6xx/sysctl.o
LOAD ./driverlib/MSP430F5xx_6xx/tec.o
LOAD ./driverlib/MSP430F5xx_6xx/timer_a.o
LOAD ./driverlib/MSP430F5xx_6xx/timer_b.o
LOAD ./driverlib/MSP430F5xx_6xx/timer_d.o
LOAD ./driverlib/MSP430F5xx_6xx/tlv.o
LOAD ./driverlib/MSP430F5xx_6xx/ucs.o
LOAD ./driverlib/MSP430F5xx_6xx/usci_a_spi.o
LOAD ./driverlib/MSP430F5xx_6xx/usci_a_uart.o
LOAD ./driverlib/MSP430F5xx_6xx/usci_b_i2c.o
LOAD ./driverlib/MSP430F5xx_6xx/usci_b_spi.o
LOAD ./driverlib/MSP430F5xx_6xx/usci_i2c.o
LOAD ./driverlib/MSP430F5xx_6xx/usci_spi.o
LOAD ./driverlib/MSP430F5xx_6xx/usci_uart.o
LOAD ./driverlib/MSP430F5xx_6xx/wdt_a.o
START GROUP
LOAD c:/ti/ccsv6/tools/compiler/gcc_msp430_4.9.14r1_10/bin/../lib/gcc/msp430-elf/4.9.1/../../../../msp430-elf/lib\libc.a
LOAD c:/ti/ccsv6/tools/compiler/gcc_msp430_4.9.14r1_10/bin/../lib/gcc/msp430-elf/4.9.1\libgcc.a
END GROUP
LOAD c:/ti/ccsv6/tools/compiler/gcc_msp430_4.9.14r1_10/bin/../lib/gcc/msp430-elf/4.9.1\libgcc.a
START GROUP
LOAD c:/ti/ccsv6/tools/compiler/gcc_msp430_4.9.14r1_10/bin/../lib/gcc/msp430-elf/4.9.1/../../../../msp430-elf/lib\libc.a
LOAD c:/ti/ccsv6/tools/compiler/gcc_msp430_4.9.14r1_10/bin/../lib/gcc/msp430-elf/4.9.1\libgcc.a
LOAD c:/ti/ccsv6/tools/compiler/gcc_msp430_4.9.14r1_10/bin/../lib/gcc/msp430-elf/4.9.1/../../../../msp430-elf/lib\libcrt.a
LOAD c:/ti/ccsv6/tools/compiler/gcc_msp430_4.9.14r1_10/bin/../lib/gcc/msp430-elf/4.9.1/../../../../msp430-elf/lib\libnosys.a
END GROUP
LOAD c:/ti/ccsv6/tools/compiler/gcc_msp430_4.9.14r1_10/bin/../lib/gcc/msp430-elf/4.9.1\libgcc.a
LOAD c:/ti/ccsv6/tools/compiler/gcc_msp430_4.9.14r1_10/bin/../lib/gcc/msp430-elf/4.9.1/crtend.o
LOAD c:/ti/ccsv6/tools/compiler/gcc_msp430_4.9.14r1_10/bin/../lib/gcc/msp430-elf/4.9.1/../../../../msp430-elf/lib/crtn.o
LOAD c:/ti/ccsv6/tools/compiler/gcc_msp430_4.9.14r1_10/bin/../lib/gcc/msp430-elf/4.9.1\libgcc.a

__interrupt_vector_1
 *(__interrupt_vector_1)

__interrupt_vector_2
 *(__interrupt_vector_2)

__interrupt_vector_3
 *(__interrupt_vector_3)

__interrupt_vector_4
 *(__interrupt_vector_4)

__interrupt_vector_5
 *(__interrupt_vector_5)

__interrupt_vector_6
 *(__interrupt_vector_6)

__interrupt_vector_7
 *(__interrupt_vector_7)

__interrupt_vector_8
 *(__interrupt_vector_8)

__interrupt_vector_9
 *(__interrupt_vector_9)

__interrupt_vector_10
 *(__interrupt_vector_10)

__interrupt_vector_11
 *(__interrupt_vector_11)

__interrupt_vector_12
 *(__interrupt_vector_12)

__interrupt_vector_13
 *(__interrupt_vector_13)

__interrupt_vector_14
 *(__interrupt_vector_14)

__interrupt_vector_15
 *(__interrupt_vector_15)

__interrupt_vector_16
 *(__interrupt_vector_16)

__interrupt_vector_17
 *(__interrupt_vector_17)

__interrupt_vector_18
 *(__interrupt_vector_18)

__interrupt_vector_19
 *(__interrupt_vector_19)

__interrupt_vector_20
 *(__interrupt_vector_20)

__interrupt_vector_21
 *(__interrupt_vector_21)

__interrupt_vector_22
 *(__interrupt_vector_22)

__interrupt_vector_23
 *(__interrupt_vector_23)

__interrupt_vector_24
 *(__interrupt_vector_24)

__interrupt_vector_25
 *(__interrupt_vector_25)

__interrupt_vector_26
 *(__interrupt_vector_26)

__interrupt_vector_27
 *(__interrupt_vector_27)

__interrupt_vector_28
 *(__interrupt_vector_28)

__interrupt_vector_29
 *(__interrupt_vector_29)

__interrupt_vector_30
 *(__interrupt_vector_30)

__interrupt_vector_31
 *(__interrupt_vector_31)

__interrupt_vector_32
 *(__interrupt_vector_32)

__interrupt_vector_33
 *(__interrupt_vector_33)

__interrupt_vector_34
 *(__interrupt_vector_34)

__interrupt_vector_35
 *(__interrupt_vector_35)

__interrupt_vector_36
 *(__interrupt_vector_36)

__interrupt_vector_37
 *(__interrupt_vector_37)

__interrupt_vector_38
 *(__interrupt_vector_38)

__interrupt_vector_39
 *(__interrupt_vector_39)

__interrupt_vector_40
 *(__interrupt_vector_40)

__interrupt_vector_41
 *(__interrupt_vector_41)

__interrupt_vector_42
 *(__interrupt_vector_42)
 *(__interrupt_vector_rtc)

__interrupt_vector_43
 *(__interrupt_vector_43)
 *(__interrupt_vector_port2)

__interrupt_vector_44
 *(__interrupt_vector_44)
 *(__interrupt_vector_timer2_a1)

__interrupt_vector_45
 *(__interrupt_vector_45)
 *(__interrupt_vector_timer2_a0)

__interrupt_vector_46
 *(__interrupt_vector_46)
 *(__interrupt_vector_usci_b1)

__interrupt_vector_47
                0x0000ffdc        0x2
 *(__interrupt_vector_47)
 __interrupt_vector_47
                0x0000ffdc        0x2 ./usci_a1_uart_DCO_1MHz.o
 *(__interrupt_vector_usci_a1)

__interrupt_vector_48
 *(__interrupt_vector_48)
 *(__interrupt_vector_port1)

__interrupt_vector_49
 *(__interrupt_vector_49)
 *(__interrupt_vector_timer1_a1)

__interrupt_vector_50
 *(__interrupt_vector_50)
 *(__interrupt_vector_timer1_a0)

__interrupt_vector_51
 *(__interrupt_vector_51)
 *(__interrupt_vector_dma)

__interrupt_vector_52
 *(__interrupt_vector_52)
 *(__interrupt_vector_usb_ubm)

__interrupt_vector_53
 *(__interrupt_vector_53)
 *(__interrupt_vector_timer0_a1)

__interrupt_vector_54
 *(__interrupt_vector_54)
 *(__interrupt_vector_timer0_a0)

__interrupt_vector_55
 *(__interrupt_vector_55)
 *(__interrupt_vector_adc12)

__interrupt_vector_56
 *(__interrupt_vector_56)
 *(__interrupt_vector_usci_b0)

__interrupt_vector_57
 *(__interrupt_vector_57)
 *(__interrupt_vector_usci_a0)

__interrupt_vector_58
 *(__interrupt_vector_58)
 *(__interrupt_vector_wdt)

__interrupt_vector_59
 *(__interrupt_vector_59)
 *(__interrupt_vector_timer0_b1)

__interrupt_vector_60
 *(__interrupt_vector_60)
 *(__interrupt_vector_timer0_b0)

__interrupt_vector_61
 *(__interrupt_vector_61)
 *(__interrupt_vector_comp_b)

__interrupt_vector_62
 *(__interrupt_vector_62)
 *(__interrupt_vector_unmi)

__interrupt_vector_63
 *(__interrupt_vector_63)
 *(__interrupt_vector_sysnmi)

__reset_vector  0x0000fffe        0x2
 *(__interrupt_vector_64)
 *(__interrupt_vector_reset)
 *(.resetvec)
 .resetvec      0x0000fffe        0x2 c:/ti/ccsv6/tools/compiler/gcc_msp430_4.9.14r1_10/bin/../lib/gcc/msp430-elf/4.9.1/../../../../msp430-elf/lib/crt0.o

.rodata         0x00004400       0x2c
                0x00004400                . = ALIGN (0x2)
 *(.plt)
 *(.rodata .rodata.* .gnu.linkonce.r.* .const .const:*)
 .rodata        0x00004400       0x1c ./driverlib/MSP430F5xx_6xx/gpio.o
 *(.rodata1)
 *(.eh_frame_hdr)
 *(.eh_frame)
 .eh_frame      0x0000441c        0x0 c:/ti/ccsv6/tools/compiler/gcc_msp430_4.9.14r1_10/bin/../lib/gcc/msp430-elf/4.9.1/crtbegin.o
 .eh_frame      0x0000441c        0x4 c:/ti/ccsv6/tools/compiler/gcc_msp430_4.9.14r1_10/bin/../lib/gcc/msp430-elf/4.9.1/crtend.o
 *(.gcc_except_table)
 *(.gcc_except_table.*)
                0x00004420                PROVIDE (__preinit_array_start, .)
 *(.preinit_array)
                0x00004420                PROVIDE (__preinit_array_end, .)
                0x00004420                PROVIDE (__init_array_start, .)
 *(SORT(.init_array.*))
 *(.init_array)
                0x00004420                PROVIDE (__init_array_end, .)
                0x00004420                PROVIDE (__fini_array_start, .)
 *(.fini_array)
 *(SORT(.fini_array.*))
                0x00004420                PROVIDE (__fini_array_end, .)
                0x00004420        0x4 LONG 0x0
 *crtbegin*.o(.ctors)
 .ctors         0x00004424        0x2 c:/ti/ccsv6/tools/compiler/gcc_msp430_4.9.14r1_10/bin/../lib/gcc/msp430-elf/4.9.1/crtbegin.o
 *(EXCLUDE_FILE(*crtend*.o) .ctors)
 *(SORT(.ctors.*))
 *(.ctors)
 .ctors         0x00004426        0x2 c:/ti/ccsv6/tools/compiler/gcc_msp430_4.9.14r1_10/bin/../lib/gcc/msp430-elf/4.9.1/crtend.o
 *crtbegin*.o(.dtors)
 .dtors         0x00004428        0x2 c:/ti/ccsv6/tools/compiler/gcc_msp430_4.9.14r1_10/bin/../lib/gcc/msp430-elf/4.9.1/crtbegin.o
 *(EXCLUDE_FILE(*crtend*.o) .dtors)
 *(SORT(.dtors.*))
 *(.dtors)
 .dtors         0x0000442a        0x2 c:/ti/ccsv6/tools/compiler/gcc_msp430_4.9.14r1_10/bin/../lib/gcc/msp430-elf/4.9.1/crtend.o
                0x0000442a                __DTOR_END__

.text           0x0000442c     0x43e0
                0x0000442c                . = ALIGN (0x2)
                0x0000442c                PROVIDE (_start, .)
 *(SORT(.crt_*))
 .crt_0000init  0x0000442c        0xa c:/ti/ccsv6/tools/compiler/gcc_msp430_4.9.14r1_10/bin/../lib/gcc/msp430-elf/4.9.1/../../../../msp430-elf/lib/crt0.o
                0x0000442c                __start
 .crt_0100bss   0x00004436        0xe c:/ti/ccsv6/tools/compiler/gcc_msp430_4.9.14r1_10/bin/../lib/gcc/msp430-elf/4.9.1/../../../../msp430-elf/lib\libcrt.a(crt_bss.o)
                0x00004436                __crt0_init_bss
 .crt_0200movedata
                0x00004444       0x14 c:/ti/ccsv6/tools/compiler/gcc_msp430_4.9.14r1_10/bin/../lib/gcc/msp430-elf/4.9.1/../../../../msp430-elf/lib\libcrt.a(crt_movedata.o)
                0x00004444                __crt0_movedata
 .crt_0300main  0x00004458        0xa c:/ti/ccsv6/tools/compiler/gcc_msp430_4.9.14r1_10/bin/../lib/gcc/msp430-elf/4.9.1/../../../../msp430-elf/lib\libcrt.a(crt_main.o)
                0x00004458                __crt0_call_init_then_main
 .crt_0500main_init
                0x00004462       0x3c c:/ti/ccsv6/tools/compiler/gcc_msp430_4.9.14r1_10/bin/../lib/gcc/msp430-elf/4.9.1/../../../../msp430-elf/lib/crt0.o
                0x00004462                _msp430_run_init_array
                0x00004470                _msp430_run_preinit_array
                0x0000447e                _msp430_run_fini_array
 *(.lowtext .text .stub .text.* .gnu.linkonce.t.* .text:*)
 .text          0x0000449e        0x0 c:/ti/ccsv6/tools/compiler/gcc_msp430_4.9.14r1_10/bin/../lib/gcc/msp430-elf/4.9.1/../../../../msp430-elf/lib/crt0.o
 .text          0x0000449e       0xc8 c:/ti/ccsv6/tools/compiler/gcc_msp430_4.9.14r1_10/bin/../lib/gcc/msp430-elf/4.9.1/crtbegin.o
 .text          0x00004566       0xf6 ./usci_a1_uart_DCO_1MHz.o
                0x00004566                main
                0x000045ee                USCI_A1_ISR
 .text          0x0000465c        0x0 ./driverlib/MSP430F5xx_6xx/adc10_a.o
 .text          0x0000465c      0x1e6 ./driverlib/MSP430F5xx_6xx/adc12_a.o
                0x0000465c                ADC12_A_init
                0x000046a2                ADC12_A_enable
                0x000046aa                ADC12_A_disable
                0x000046b2                ADC12_A_setupSamplingTimer
                0x000046cc                ADC12_A_disableSamplingTimer
                0x000046d4                ADC12_A_configureMemory
                0x000046ee                ADC12_A_memoryConfigure
                0x00004740                ADC12_A_enableInterrupt
                0x00004758                ADC12_A_disableInterrupt
                0x00004770                ADC12_A_clearInterrupt
                0x00004776                ADC12_A_getInterruptStatus
                0x0000477e                ADC12_A_startConversion
                0x000047b8                ADC12_A_disableConversions
                0x000047d8                ADC12_A_getResults
                0x000047e8                ADC12_A_setResolution
                0x000047f6                ADC12_A_setSampleHoldSignalInversion
                0x00004804                ADC12_A_setDataReadBackFormat
                0x00004810                ADC12_A_enableReferenceBurst
                0x00004816                ADC12_A_disableReferenceBurst
                0x0000481c                ADC12_A_setReferenceBufferSamplingRate
                0x00004828                ADC12_A_getMemoryAddressForDMA
                0x00004838                ADC12_A_isBusy
 .text          0x00004842        0x0 ./driverlib/MSP430F5xx_6xx/aes.o
 .text          0x00004842        0x0 ./driverlib/MSP430F5xx_6xx/battbak.o
 .text          0x00004842      0x1de ./driverlib/MSP430F5xx_6xx/comp_b.o
                0x00004842                Comp_B_initialize
                0x000048da                Comp_B_init
                0x00004902                Comp_B_configureReferenceVoltage
                0x00004960                Comp_B_setReferenceVoltage
                0x0000497e                Comp_B_enableInterrupt
                0x00004984                Comp_B_disableInterrupt
                0x0000498a                Comp_B_clearInterrupt
                0x00004990                Comp_B_getInterruptStatus
                0x00004998                Comp_B_interruptSetEdgeDirection
                0x000049ae                Comp_B_interruptToggleEdgeDirection
                0x000049b4                Comp_B_enable
                0x000049bc                Comp_B_disable
                0x000049c4                Comp_B_shortInputs
                0x000049cc                Comp_B_unshortInputs
                0x000049d4                Comp_B_disableInputBuffer
                0x000049f2                Comp_B_enableInputBuffer
                0x00004a10                Comp_B_IOSwap
                0x00004a18                Comp_B_outputValue
 .text          0x00004a20       0x2e ./driverlib/MSP430F5xx_6xx/crc.o
                0x00004a20                CRC_setSeed
                0x00004a26                CRC_set16BitData
                0x00004a2c                CRC_set8BitData
                0x00004a32                CRC_set16BitDataReversed
                0x00004a38                CRC_set8BitDataReversed
                0x00004a3e                CRC_getData
                0x00004a42                CRC_getResult
                0x00004a48                CRC_getResultBitsReversed
 .text          0x00004a4e        0x0 ./driverlib/MSP430F5xx_6xx/dac12_a.o
 .text          0x00004a4e      0x18e ./driverlib/MSP430F5xx_6xx/dma.o
                0x00004a4e                DMA_initialize
                0x00004aa2                DMA_init
                0x00004af0                DMA_setTransferSize
                0x00004afa                DMA_setSrcAddress
                0x00004b26                DMA_setDstAddress
                0x00004b56                DMA_enableTransfers
                0x00004b62                DMA_disableTransfers
                0x00004b6e                DMA_startTransfer
                0x00004b78                DMA_enableInterrupt
                0x00004b82                DMA_disableInterrupt
                0x00004b8c                DMA_getInterruptStatus
                0x00004b98                DMA_clearInterrupt
                0x00004ba2                DMA_NMIAbortStatus
                0x00004bae                DMA_clearNMIAbort
                0x00004bb8                DMA_disableTransferDuringReadModifyWrite
                0x00004bbe                DMA_enableTransferDuringReadModifyWrite
                0x00004bc4                DMA_enableRoundRobinPriority
                0x00004bca                DMA_disableRoundRobinPriority
                0x00004bd0                DMA_enableNMIAbort
                0x00004bd6                DMA_disableNMIAbort
 .text          0x00004bdc        0x0 ./driverlib/MSP430F5xx_6xx/eusci_a_spi.o
 .text          0x00004bdc        0x0 ./driverlib/MSP430F5xx_6xx/eusci_a_uart.o
 .text          0x00004bdc        0x0 ./driverlib/MSP430F5xx_6xx/eusci_b_i2c.o
 .text          0x00004bdc        0x0 ./driverlib/MSP430F5xx_6xx/eusci_b_spi.o
 .text          0x00004bdc        0x0 ./driverlib/MSP430F5xx_6xx/eusci_i2c.o
 .text          0x00004bdc        0x0 ./driverlib/MSP430F5xx_6xx/eusci_spi.o
 .text          0x00004bdc        0x0 ./driverlib/MSP430F5xx_6xx/eusci_uart.o
 .text          0x00004bdc      0x1d2 ./driverlib/MSP430F5xx_6xx/flashctl.o
                0x00004bdc                FlashCtl_segmentErase
                0x00004c00                FlashCtl_bankErase
                0x00004c2e                FlashCtl_massErase
                0x00004c5c                FlashCtl_eraseCheck
                0x00004c7c                FlashCtl_write8
                0x00004cb8                FlashCtl_write16
                0x00004cf6                FlashCtl_write32
                0x00004d3a                FlashCtl_memoryFill32
                0x00004d6e                FlashCtl_status
                0x00004d74                FlashCtl_lockInfoA
                0x00004d94                FlashCtl_unlockInfoA
 .text          0x00004dae      0x20c ./driverlib/MSP430F5xx_6xx/gpio.o
                0x00004dae                GPIO_setAsOutputPin
                0x00004dcc                GPIO_setAsInputPin
                0x00004df0                GPIO_setAsPeripheralModuleFunctionOutputPin
                0x00004e0e                GPIO_setAsPeripheralModuleFunctionInputPin
                0x00004e2c                GPIO_setOutputHighOnPin
                0x00004e46                GPIO_setOutputLowOnPin
                0x00004e60                GPIO_toggleOutputOnPin
                0x00004e7a                GPIO_setAsInputPinWithPullDownResistor
                0x00004ea4                GPIO_setAsInputPinWithPullUpResistor
                0x00004ece                GPIO_getInputPinValue
                0x00004ef2                GPIO_enableInterrupt
                0x00004f0c                GPIO_disableInterrupt
                0x00004f26                GPIO_getInterruptStatus
                0x00004f42                GPIO_clearInterruptFlag
                0x00004f5c                GPIO_interruptEdgeSelect
                0x00004f8c                GPIO_setDriveStrength
 .text          0x00004fba        0x0 ./driverlib/MSP430F5xx_6xx/ldopwr.o
 .text          0x00004fba      0x286 ./driverlib/MSP430F5xx_6xx/mpy32.o
                0x00004fba                MPY32_setWriteDelay
                0x00004fca                MPY32_enableSaturationMode
                0x00004fd0                MPY32_disableSaturationMode
                0x00004fd6                MPY32_getSaturationMode
                0x00004fde                MPY32_enableFractionalMode
                0x00004fe4                MPY32_disableFractionalMode
                0x00004fea                MPY32_getFractionalMode
                0x00004ff2                MPY32_setOperandOne8Bit
                0x00004ffc                MPY32_setOperandOne16Bit
                0x00005006                MPY32_setOperandOne24Bit
                0x0000502e                MPY32_setOperandOne32Bit
                0x00005056                MPY32_setOperandTwo8Bit
                0x0000505c                MPY32_setOperandTwo16Bit
                0x00005062                MPY32_setOperandTwo24Bit
                0x00005074                MPY32_setOperandTwo32Bit
                0x00005086                MPY32_getResult8Bit
                0x0000508c                MPY32_getResult16Bit
                0x00005092                MPY32_getResult24Bit
                0x000050ac                MPY32_getResult32Bit
                0x000050c6                MPY32_getResult64Bit
                0x000050ec                MPY32_getResult
                0x000051de                MPY32_getSumExtension
                0x000051e4                MPY32_getCarryBitValue
                0x000051ec                MPY32_clearCarryBitValue
                0x000051f2                MPY32_preloadResult
 .text          0x00005240       0x6a ./driverlib/MSP430F5xx_6xx/pmap.o
                0x00005240                PMAP_initPorts
                0x00005288                PMAP_configurePorts
 .text          0x000052aa      0x4a4 ./driverlib/MSP430F5xx_6xx/pmm.o
                0x000052aa                PMM_enableSvsL
                0x000052c0                PMM_disableSvsL
                0x000052d6                PMM_enableSvmL
                0x000052ec                PMM_disableSvmL
                0x00005302                PMM_enableSvsH
                0x00005318                PMM_disableSvsH
                0x0000532e                PMM_enableSvmH
                0x00005344                PMM_disableSvmH
                0x0000535a                PMM_enableSvsLSvmL
                0x00005370                PMM_disableSvsLSvmL
                0x00005386                PMM_enableSvsHSvmH
                0x0000539c                PMM_disableSvsHSvmH
                0x000053b2                PMM_enableSvsLReset
                0x000053c8                PMM_disableSvsLReset
                0x000053de                PMM_enableSvmLInterrupt
                0x000053f2                PMM_disableSvmLInterrupt
                0x00005406                PMM_enableSvsHReset
                0x0000541c                PMM_disableSvsHReset
                0x00005432                PMM_enableSvmHInterrupt
                0x00005448                PMM_disableSvmHInterrupt
                0x0000545e                PMM_clearPMMIFGS
                0x00005472                PMM_SvsLEnabledInLPMFastWake
                0x00005492                PMM_SvsLEnabledInLPMSlowWake
                0x000054b2                PMM_SvsLDisabledInLPMFastWake
                0x000054d2                PMM_SvsLDisabledInLPMSlowWake
                0x000054e8                PMM_SvsHEnabledInLPMNormPerf
                0x00005508                PMM_SvsHEnabledInLPMFullPerf
                0x00005528                PMM_SvsHDisabledInLPMNormPerf
                0x0000553e                PMM_SvsHDisabledInLPMFullPerf
                0x0000555e                PMM_SvsLOptimizedInLPMFastWake
                0x00005574                PMM_SvsHOptimizedInLPMFullPerf
                0x0000558a                PMM_setVCoreUp
                0x0000565e                PMM_setVCoreDown
                0x000056f2                PMM_setVCore
                0x00005748                PMM_getInterruptStatus
 .text          0x0000574e       0x14 ./driverlib/MSP430F5xx_6xx/ram.o
                0x0000574e                RAM_setSectorOff
                0x0000575c                RAM_getSectorState
 .text          0x00005762       0x56 ./driverlib/MSP430F5xx_6xx/ref.o
                0x00005762                Ref_setReferenceVoltage
                0x0000576e                Ref_disableTempSensor
                0x00005774                Ref_enableTempSensor
                0x0000577a                Ref_enableReferenceVoltageOutput
                0x00005780                Ref_disableReferenceVoltageOutput
                0x00005786                Ref_enableReferenceVoltage
                0x0000578c                Ref_disableReferenceVoltage
                0x00005792                Ref_getBandgapMode
                0x0000579a                Ref_isBandgapActive
                0x000057a6                Ref_isRefGenBusy
                0x000057ae                Ref_isRefGenActive
 .text          0x000057b8      0x344 ./driverlib/MSP430F5xx_6xx/rtc_a.o
                0x000057b8                RTC_A_startClock
                0x000057c0                RTC_A_holdClock
                0x000057c8                RTC_A_setCalibrationFrequency
                0x000057d6                RTC_A_setCalibrationData
                0x000057de                RTC_A_initCounter
                0x000057fc                RTC_A_initCalendar
                0x00005836                RTC_A_calendarInit
                0x000058b4                RTC_A_getCalendarTime
                0x000058fa                RTC_A_configureCalendarAlarm
                0x0000592a                RTC_A_setCalendarAlarm
                0x00005948                RTC_A_setCalendarEvent
                0x00005954                RTC_A_getCounterValue
                0x00005988                RTC_A_setCounterValue
                0x000059a8                RTC_A_initCounterPrescale
                0x000059b6                RTC_A_holdCounterPrescale
                0x000059c6                RTC_A_startCounterPrescale
                0x000059d6                RTC_A_definePrescaleEvent
                0x000059ea                RTC_A_getPrescaleValue
                0x00005a22                RTC_A_setPrescaleValue
                0x00005a40                RTC_A_enableInterrupt
                0x00005a64                RTC_A_disableInterrupt
                0x00005a8a                RTC_A_getInterruptStatus
                0x00005ad4                RTC_A_clearInterrupt
 .text          0x00005afc        0x0 ./driverlib/MSP430F5xx_6xx/rtc_b.o
 .text          0x00005afc        0x0 ./driverlib/MSP430F5xx_6xx/rtc_c.o
 .text          0x00005afc        0x0 ./driverlib/MSP430F5xx_6xx/sd24_b.o
 .text          0x00005afc       0x44 ./driverlib/MSP430F5xx_6xx/sfr.o
                0x00005afc                SFR_enableInterrupt
                0x00005b02                SFR_disableInterrupt
                0x00005b08                SFR_getInterruptStatus
                0x00005b0e                SFR_clearInterrupt
                0x00005b14                SFR_setResetPinPullResistor
                0x00005b24                SFR_setNMIEdge
                0x00005b32                SFR_setResetNMIPinFunction
 .text          0x00005b40       0xc6 ./driverlib/MSP430F5xx_6xx/sysctl.o
                0x00005b40                SysCtl_enableDedicatedJTAGPins
                0x00005b48                SysCtl_getBSLEntryIndication
                0x00005b52                SysCtl_enablePMMAccessProtect
                0x00005b58                SysCtl_enableRAMBasedInterruptVectors
                0x00005b5e                SysCtl_disableRAMBasedInterruptVectors
                0x00005b64                SysCtl_enableBSLProtect
                0x00005b6c                SysCtl_disableBSLProtect
                0x00005b74                SysCtl_enableBSLMemory
                0x00005b7c                SysCtl_disableBSLMemory
                0x00005b84                SysCtl_setRAMAssignedToBSL
                0x00005b92                SysCtl_setBSLSize
                0x00005ba2                SysCtl_JTAGMailboxInit
                0x00005bb4                SysCtl_getJTAGMailboxFlagStatus
                0x00005bba                SysCtl_clearJTAGMailboxFlagStatus
                0x00005bc0                SysCtl_getJTAGInboxMessage16Bit
                0x00005bca                SysCtl_getJTAGInboxMessage32Bit
                0x00005bea                SysCtl_setJTAGOutgoingMessage16Bit
                0x00005bf4                SysCtl_setJTAGOutgoingMessage32Bit
 .text          0x00005c06        0x0 ./driverlib/MSP430F5xx_6xx/tec.o
 .text          0x00005c06      0x526 ./driverlib/MSP430F5xx_6xx/timer_a.o
                0x00005c06                Timer_A_startCounter
                0x00005c0c                Timer_A_initContinuousMode
                0x00005c60                Timer_A_configureContinuousMode
                0x00005c9c                Timer_A_initUpMode
                0x00005d12                Timer_A_configureUpMode
                0x00005d5a                Timer_A_initUpDownMode
                0x00005dd0                Timer_A_configureUpDownMode
                0x00005e18                Timer_A_startContinuousMode
                0x00005e58                Timer_A_startContinousMode
                0x00005e68                Timer_A_startUpMode
                0x00005eb4                Timer_A_startUpDownMode
                0x00005f00                Timer_A_initCaptureMode
                0x00005f30                Timer_A_initCapture
                0x00005f78                Timer_A_initCompareMode
                0x00005fa6                Timer_A_initCompare
                0x00005fc4                Timer_A_enableInterrupt
                0x00005fca                Timer_A_disableInterrupt
                0x00005fd0                Timer_A_getInterruptStatus
                0x00005fd8                Timer_A_enableCaptureCompareInterrupt
                0x00005fe2                Timer_A_disableCaptureCompareInterrupt
                0x00005fec                Timer_A_getCaptureCompareInterruptStatus
                0x00005ff6                Timer_A_clear
                0x00005ffc                Timer_A_getSynchronizedCaptureCompareInput
                0x0000600e                Timer_A_getOutputForOutputModeOutBitValue
                0x0000601c                Timer_A_getCaptureCompareCount
                0x00006024                Timer_A_setOutputForOutputModeOutBitValue
                0x00006034                Timer_A_outputPWM
                0x00006098                Timer_A_generatePWM
                0x000060e0                Timer_A_stop
                0x000060e8                Timer_A_setCompareValue
                0x000060f0                Timer_A_clearTimerInterruptFlag
                0x000060f6                Timer_A_clearCaptureCompareInterruptFlag
                0x000060fe                Timer_A_getCounterValue
 .text          0x0000612c      0x54c ./driverlib/MSP430F5xx_6xx/timer_b.o
                0x0000612c                Timer_B_startCounter
                0x00006132                Timer_B_initContinuousMode
                0x00006186                Timer_B_configureContinuousMode
                0x000061c2                Timer_B_initUpMode
                0x00006238                Timer_B_configureUpMode
                0x00006280                Timer_B_initUpDownMode
                0x000062f6                Timer_B_configureUpDownMode
                0x0000633e                Timer_B_startContinuousMode
                0x0000637e                Timer_B_startContinousMode
                0x0000638e                Timer_B_startUpMode
                0x000063da                Timer_B_startUpDownMode
                0x00006426                Timer_B_initCaptureMode
                0x00006456                Timer_B_initCapture
                0x0000649e                Timer_B_initCompareMode
                0x000064cc                Timer_B_initCompare
                0x000064ea                Timer_B_enableInterrupt
                0x000064f0                Timer_B_disableInterrupt
                0x000064f6                Timer_B_getInterruptStatus
                0x000064fe                Timer_B_enableCaptureCompareInterrupt
                0x00006508                Timer_B_disableCaptureCompareInterrupt
                0x00006512                Timer_B_getCaptureCompareInterruptStatus
                0x0000651c                Timer_B_clear
                0x00006522                Timer_B_getSynchronizedCaptureCompareInput
                0x00006534                Timer_B_getOutputForOutputModeOutBitValue
                0x00006542                Timer_B_getCaptureCompareCount
                0x0000654a                Timer_B_setOutputForOutputModeOutBitValue
                0x0000655a                Timer_B_outputPWM
                0x000065be                Timer_B_generatePWM
                0x00006606                Timer_B_stop
                0x0000660e                Timer_B_setCompareValue
                0x00006616                Timer_B_clearTimerInterruptFlag
                0x0000661c                Timer_B_clearCaptureCompareInterruptFlag
                0x00006624                Timer_B_selectCounterLength
                0x00006630                Timer_B_selectLatchingGroup
                0x0000663c                Timer_B_initCompareLatchLoadEvent
                0x0000664a                Timer_B_getCounterValue
 .text          0x00006678        0x0 ./driverlib/MSP430F5xx_6xx/timer_d.o
 .text          0x00006678      0x1a8 ./driverlib/MSP430F5xx_6xx/tlv.o
                0x00006678                TLV_getInfo
                0x000066dc                TLV_getDeviceType
                0x000066e2                TLV_getMemory
                0x00006732                TLV_getPeripheral
                0x000067b6                TLV_getInterrupt
 .text          0x00006820      0x748 ./driverlib/MSP430F5xx_6xx/ucs.o
                0x00006a3a                UCS_setExternalClockSource
                0x00006a4c                UCS_clockSignalInit
                0x00006af4                UCS_LFXT1Start
                0x00006b3c                UCS_HFXT1Start
                0x00006b76                UCS_bypassXT1
                0x00006bb4                UCS_LFXT1StartWithTimeout
                0x00006c0e                UCS_HFXT1StartWithTimeout
                0x00006c5a                UCS_bypassXT1WithTimeout
                0x00006cb4                UCS_XT1Off
                0x00006cba                UCS_XT2Start
                0x00006cf0                UCS_bypassXT2
                0x00006d0a                UCS_XT2StartWithTimeout
                0x00006d56                UCS_bypassXT2WithTimeout
                0x00006d82                UCS_XT2Off
                0x00006d8a                UCS_initFLL
                0x00006e92                UCS_initFLLSettle
                0x00006ece                UCS_enableClockRequest
                0x00006ed4                UCS_disableClockRequest
                0x00006eda                UCS_faultFlagStatus
                0x00006ee0                UCS_clearFaultFlag
                0x00006ee6                UCS_SMCLKOff
                0x00006eec                UCS_SMCLKOn
                0x00006ef2                UCS_getACLK
                0x00006f10                UCS_getSMCLK
                0x00006f2e                UCS_getMCLK
                0x00006f44                UCS_clearAllOscFlagsWithTimeout
 .text          0x00006f68      0x18e ./driverlib/MSP430F5xx_6xx/usci_a_spi.o
                0x00006f68                USCI_A_SPI_initMaster
                0x00006fc2                USCI_A_SPI_masterInit
                0x0000701a                USCI_A_SPI_changeMasterClock
                0x00007048                USCI_A_SPI_masterChangeClock
                0x0000707a                USCI_A_SPI_slaveInit
                0x00007092                USCI_A_SPI_changeClockPhasePolarity
                0x000070ac                USCI_A_SPI_transmitData
                0x000070b2                USCI_A_SPI_receiveData
                0x000070b8                USCI_A_SPI_enableInterrupt
                0x000070be                USCI_A_SPI_disableInterrupt
                0x000070c4                USCI_A_SPI_getInterruptStatus
                0x000070cc                USCI_A_SPI_clearInterruptFlag
                0x000070d2                USCI_A_SPI_enable
                0x000070d8                USCI_A_SPI_disable
                0x000070de                USCI_A_SPI_getReceiveBufferAddressForDMA
                0x000070e6                USCI_A_SPI_getTransmitBufferAddressForDMA
                0x000070ee                USCI_A_SPI_isBusy
 .text          0x000070f6      0x1f4 ./driverlib/MSP430F5xx_6xx/usci_a_uart.o
                0x000070f6                USCI_A_UART_init
                0x00007194                USCI_A_UART_initAdvance
                0x000071f6                USCI_A_UART_transmitData
                0x00007212                USCI_A_UART_receiveData
                0x0000722a                USCI_A_UART_enableInterrupt
                0x00007242                USCI_A_UART_disableInterrupt
                0x0000726a                USCI_A_UART_getInterruptStatus
                0x00007272                USCI_A_UART_clearInterruptFlag
                0x00007278                USCI_A_UART_enable
                0x0000727e                USCI_A_UART_disable
                0x00007284                USCI_A_UART_queryStatusFlags
                0x0000728c                USCI_A_UART_setDormant
                0x00007292                USCI_A_UART_resetDormant
                0x00007298                USCI_A_UART_transmitAddress
                0x000072a2                USCI_A_UART_transmitBreak
                0x000072da                USCI_A_UART_getReceiveBufferAddressForDMA
                0x000072e2                USCI_A_UART_getTransmitBufferAddressForDMA
 .text          0x000072ea      0x49c ./driverlib/MSP430F5xx_6xx/usci_b_i2c.o
                0x000072ea                USCI_B_I2C_initMaster
                0x0000731e                USCI_B_I2C_masterInit
                0x00007364                USCI_B_I2C_slaveInit
                0x00007380                USCI_B_I2C_enable
                0x00007386                USCI_B_I2C_disable
                0x0000738c                USCI_B_I2C_setSlaveAddress
                0x00007396                USCI_B_I2C_setMode
                0x000073a2                USCI_B_I2C_slaveDataPut
                0x000073a8                USCI_B_I2C_slaveDataGet
                0x000073ae                USCI_B_I2C_isBusBusy
                0x000073b8                USCI_B_I2C_isBusy
                0x000073ce                USCI_B_I2C_masterIsStopSent
                0x000073d4                USCI_B_I2C_masterIsStartSent
                0x000073da                USCI_B_I2C_masterSendStart
                0x000073e0                USCI_B_I2C_enableInterrupt
                0x000073e6                USCI_B_I2C_disableInterrupt
                0x000073ec                USCI_B_I2C_clearInterruptFlag
                0x000073f2                USCI_B_I2C_getInterruptStatus
                0x000073fa                USCI_B_I2C_masterSendSingleByte
                0x00007436                USCI_B_I2C_masterSendSingleByteWithTimeout
                0x000074ac                USCI_B_I2C_masterMultiByteSendStart
                0x000074da                USCI_B_I2C_masterMultiByteSendStartWithTimeout
                0x0000752e                USCI_B_I2C_masterMultiByteSendNext
                0x0000754a                USCI_B_I2C_masterMultiByteSendNextWithTimeout
                0x0000758a                USCI_B_I2C_masterMultiByteSendFinish
                0x000075b0                USCI_B_I2C_masterMultiByteSendFinishWithTimeout
                0x0000760e                USCI_B_I2C_masterMultiByteSendStop
                0x00007626                USCI_B_I2C_masterMultiByteSendStopWithTimeout
                0x0000765e                USCI_B_I2C_masterMultiByteReceiveStart
                0x0000766a                USCI_B_I2C_masterMultiByteReceiveNext
                0x00007670                USCI_B_I2C_masterMultiByteReceiveFinish
                0x0000768c                USCI_B_I2C_masterMultiByteReceiveFinishWithTimeout
                0x000076f0                USCI_B_I2C_masterMultiByteReceiveStop
                0x000076f6                USCI_B_I2C_masterSingleReceiveStart
                0x00007714                USCI_B_I2C_masterSingleReceiveStartWithTimeout
                0x0000775e                USCI_B_I2C_masterSingleReceive
                0x00007776                USCI_B_I2C_getReceiveBufferAddressForDMA
                0x0000777e                USCI_B_I2C_getTransmitBufferAddressForDMA
 .text          0x00007786      0x188 ./driverlib/MSP430F5xx_6xx/usci_b_spi.o
                0x00007786                USCI_B_SPI_initMaster
                0x000077da                USCI_B_SPI_masterInit
                0x00007832                USCI_B_SPI_changeMasterClock
                0x00007860                USCI_B_SPI_masterChangeClock
                0x00007892                USCI_B_SPI_slaveInit
                0x000078aa                USCI_B_SPI_changeClockPhasePolarity
                0x000078c4                USCI_B_SPI_transmitData
                0x000078ca                USCI_B_SPI_receiveData
                0x000078d0                USCI_B_SPI_enableInterrupt
                0x000078d6                USCI_B_SPI_disableInterrupt
                0x000078dc                USCI_B_SPI_getInterruptStatus
                0x000078e4                USCI_B_SPI_clearInterruptFlag
                0x000078ea                USCI_B_SPI_enable
                0x000078f0                USCI_B_SPI_disable
                0x000078f6                USCI_B_SPI_getReceiveBufferAddressForDMA
                0x000078fe                USCI_B_SPI_getTransmitBufferAddressForDMA
                0x00007906                USCI_B_SPI_isBusy
 .text          0x0000790e      0x49c ./driverlib/MSP430F5xx_6xx/usci_i2c.o
                0x0000790e                USCI_I2C_initMaster
                0x00007942                USCI_I2C_masterInit
                0x00007988                USCI_I2C_slaveInit
                0x000079a4                USCI_I2C_enable
                0x000079aa                USCI_I2C_disable
                0x000079b0                USCI_I2C_setSlaveAddress
                0x000079ba                USCI_I2C_setMode
                0x000079c6                USCI_I2C_slaveDataPut
                0x000079cc                USCI_I2C_slaveDataGet
                0x000079d2                USCI_I2C_isBusBusy
                0x000079dc                USCI_I2C_isBusy
                0x000079f2                USCI_I2C_masterIsStopSent
                0x000079f8                USCI_I2C_masterIsStartSent
                0x000079fe                USCI_I2C_masterSendStart
                0x00007a04                USCI_I2C_enableInterrupt
                0x00007a0a                USCI_I2C_disableInterrupt
                0x00007a10                USCI_I2C_clearInterruptFlag
                0x00007a16                USCI_I2C_getInterruptStatus
                0x00007a1e                USCI_I2C_masterSendSingleByte
                0x00007a5a                USCI_I2C_masterSendSingleByteWithTimeout
                0x00007ad0                USCI_I2C_masterMultiByteSendStart
                0x00007afe                USCI_I2C_masterMultiByteSendStartWithTimeout
                0x00007b52                USCI_I2C_masterMultiByteSendNext
                0x00007b6e                USCI_I2C_masterMultiByteSendNextWithTimeout
                0x00007bae                USCI_I2C_masterMultiByteSendFinish
                0x00007bd4                USCI_I2C_masterMultiByteSendFinishWithTimeout
                0x00007c32                USCI_I2C_masterMultiByteSendStop
                0x00007c4a                USCI_I2C_masterMultiByteSendStopWithTimeout
                0x00007c82                USCI_I2C_masterMultiByteReceiveStart
                0x00007c8e                USCI_I2C_masterMultiByteReceiveNext
                0x00007c94                USCI_I2C_masterMultiByteReceiveFinish
                0x00007cb0                USCI_I2C_masterMultiByteReceiveFinishWithTimeout
                0x00007d14                USCI_I2C_masterMultiByteReceiveStop
                0x00007d1a                USCI_I2C_masterSingleReceiveStart
                0x00007d38                USCI_I2C_masterSingleReceiveStartWithTimeout
                0x00007d82                USCI_I2C_masterSingleReceive
                0x00007d9a                USCI_I2C_getReceiveBufferAddressForDMA
                0x00007da2                USCI_I2C_getTransmitBufferAddressForDMA
 .text          0x00007daa      0x18e ./driverlib/MSP430F5xx_6xx/usci_spi.o
                0x00007daa                USCI_SPI_initMaster
                0x00007e04                USCI_SPI_masterInit
                0x00007e5c                USCI_SPI_changeMasterClock
                0x00007e8a                USCI_SPI_masterChangeClock
                0x00007ebc                USCI_SPI_slaveInit
                0x00007ed4                USCI_SPI_changeClockPhasePolarity
                0x00007eee                USCI_SPI_transmitData
                0x00007ef4                USCI_SPI_receiveData
                0x00007efa                USCI_SPI_enableInterrupt
                0x00007f00                USCI_SPI_disableInterrupt
                0x00007f06                USCI_SPI_getInterruptStatus
                0x00007f0e                USCI_SPI_clearInterruptFlag
                0x00007f14                USCI_SPI_enable
                0x00007f1a                USCI_SPI_disable
                0x00007f20                USCI_SPI_getReceiveBufferAddressForDMA
                0x00007f28                USCI_SPI_getTransmitBufferAddressForDMA
                0x00007f30                USCI_SPI_isBusy
 .text          0x00007f38      0x1f4 ./driverlib/MSP430F5xx_6xx/usci_uart.o
                0x00007f38                USCI_UART_init
                0x00007fd6                USCI_UART_initAdvance
                0x00008038                USCI_UART_transmitData
                0x00008054                USCI_UART_receiveData
                0x0000806c                USCI_UART_enableInterrupt
                0x00008084                USCI_UART_disableInterrupt
                0x000080ac                USCI_UART_getInterruptStatus
                0x000080b4                USCI_UART_clearInterruptFlag
                0x000080ba                USCI_UART_enable
                0x000080c0                USCI_UART_disable
                0x000080c6                USCI_UART_queryStatusFlags
                0x000080ce                USCI_UART_setDormant
                0x000080d4                USCI_UART_resetDormant
                0x000080da                USCI_UART_transmitAddress
                0x000080e4                USCI_UART_transmitBreak
                0x0000811c                USCI_UART_getReceiveBufferAddressForDMA
                0x00008124                USCI_UART_getTransmitBufferAddressForDMA
 .text          0x0000812c       0x68 ./driverlib/MSP430F5xx_6xx/wdt_a.o
                0x0000812c                WDT_A_hold
                0x00008144                WDT_A_start
                0x00008156                WDT_A_resetTimer
                0x0000816c                WDT_A_watchdogTimerInit
                0x00008180                WDT_A_intervalTimerInit
 .text          0x00008194        0x0 c:/ti/ccsv6/tools/compiler/gcc_msp430_4.9.14r1_10/bin/../lib/gcc/msp430-elf/4.9.1/../../../../msp430-elf/lib\libc.a(lib_a-memset.o)
 .text.memset   0x00008194       0x14 c:/ti/ccsv6/tools/compiler/gcc_msp430_4.9.14r1_10/bin/../lib/gcc/msp430-elf/4.9.1/../../../../msp430-elf/lib\libc.a(lib_a-memset.o)
                0x00008194                memset
 .text          0x000081a8        0x0 c:/ti/ccsv6/tools/compiler/gcc_msp430_4.9.14r1_10/bin/../lib/gcc/msp430-elf/4.9.1\libgcc.a(_lshrdi3.o)
 .text.__lshrdi3
                0x000081a8       0x7e c:/ti/ccsv6/tools/compiler/gcc_msp430_4.9.14r1_10/bin/../lib/gcc/msp430-elf/4.9.1\libgcc.a(_lshrdi3.o)
                0x000081a8                __lshrdi3
 .text          0x00008226        0x0 c:/ti/ccsv6/tools/compiler/gcc_msp430_4.9.14r1_10/bin/../lib/gcc/msp430-elf/4.9.1\libgcc.a(_ashldi3.o)
 .text.__ashldi3
                0x00008226       0x76 c:/ti/ccsv6/tools/compiler/gcc_msp430_4.9.14r1_10/bin/../lib/gcc/msp430-elf/4.9.1\libgcc.a(_ashldi3.o)
                0x00008226                __ashldi3
 .text          0x0000829c        0x0 c:/ti/ccsv6/tools/compiler/gcc_msp430_4.9.14r1_10/bin/../lib/gcc/msp430-elf/4.9.1\libgcc.a(lib2divHI.o)
 .text.udivmodhi4
                0x0000829c       0x40 c:/ti/ccsv6/tools/compiler/gcc_msp430_4.9.14r1_10/bin/../lib/gcc/msp430-elf/4.9.1\libgcc.a(lib2divHI.o)
                0x0000829c                udivmodhi4
 .text.__divhi3
                0x000082dc       0x4c c:/ti/ccsv6/tools/compiler/gcc_msp430_4.9.14r1_10/bin/../lib/gcc/msp430-elf/4.9.1\libgcc.a(lib2divHI.o)
                0x000082dc                __mspabi_divi
 .text.__modhi3
                0x00008328       0x32 c:/ti/ccsv6/tools/compiler/gcc_msp430_4.9.14r1_10/bin/../lib/gcc/msp430-elf/4.9.1\libgcc.a(lib2divHI.o)
                0x00008328                __mspabi_remi
 .text.__udivhi3
                0x0000835a        0x8 c:/ti/ccsv6/tools/compiler/gcc_msp430_4.9.14r1_10/bin/../lib/gcc/msp430-elf/4.9.1\libgcc.a(lib2divHI.o)
                0x0000835a                __mspabi_divu
 .text.__umodhi3
                0x00008362        0x8 c:/ti/ccsv6/tools/compiler/gcc_msp430_4.9.14r1_10/bin/../lib/gcc/msp430-elf/4.9.1\libgcc.a(lib2divHI.o)
                0x00008362                __mspabi_remu
 .text          0x0000836a        0x0 c:/ti/ccsv6/tools/compiler/gcc_msp430_4.9.14r1_10/bin/../lib/gcc/msp430-elf/4.9.1\libgcc.a(lib2divSI.o)
 .text.udivmodsi4
                0x0000836a       0x72 c:/ti/ccsv6/tools/compiler/gcc_msp430_4.9.14r1_10/bin/../lib/gcc/msp430-elf/4.9.1\libgcc.a(lib2divSI.o)
                0x0000836a                udivmodsi4
 .text.__divsi3
                0x000083dc       0x7a c:/ti/ccsv6/tools/compiler/gcc_msp430_4.9.14r1_10/bin/../lib/gcc/msp430-elf/4.9.1\libgcc.a(lib2divSI.o)
                0x000083dc                __mspabi_divli
 .text.__modsi3
                0x00008456       0x58 c:/ti/ccsv6/tools/compiler/gcc_msp430_4.9.14r1_10/bin/../lib/gcc/msp430-elf/4.9.1\libgcc.a(lib2divSI.o)
                0x00008456                __mspabi_remli
 .text.__udivsi3
                0x000084ae        0xe c:/ti/ccsv6/tools/compiler/gcc_msp430_4.9.14r1_10/bin/../lib/gcc/msp430-elf/4.9.1\libgcc.a(lib2divSI.o)
                0x000084ae                __mspabi_divlu
 .text.__umodsi3
                0x000084bc        0xe c:/ti/ccsv6/tools/compiler/gcc_msp430_4.9.14r1_10/bin/../lib/gcc/msp430-elf/4.9.1\libgcc.a(lib2divSI.o)
                0x000084bc                __mspabi_remul
 .text          0x000084ca       0x74 c:/ti/ccsv6/tools/compiler/gcc_msp430_4.9.14r1_10/bin/../lib/gcc/msp430-elf/4.9.1\libgcc.a(slli.o)
                0x000084ca                __mspabi_slli_15
                0x000084cc                __mspabi_slli_14
                0x000084ce                __mspabi_slli_13
                0x000084d0                __mspabi_slli_12
                0x000084d2                __mspabi_slli_11
                0x000084d4                __mspabi_slli_10
                0x000084d6                __mspabi_slli_9
                0x000084d8                __mspabi_slli_8
                0x000084da                __mspabi_slli_7
                0x000084dc                __mspabi_slli_6
                0x000084de                __mspabi_slli_5
                0x000084e0                __mspabi_slli_4
                0x000084e2                __mspabi_slli_3
                0x000084e4                __mspabi_slli_2
                0x000084e6                __mspabi_slli_1
                0x000084ee                __mspabi_slli
                0x000084f4                __mspabi_slll_15
                0x000084f8                __mspabi_slll_14
                0x000084fc                __mspabi_slll_13
                0x00008500                __mspabi_slll_12
                0x00008504                __mspabi_slll_11
                0x00008508                __mspabi_slll_10
                0x0000850c                __mspabi_slll_9
                0x00008510                __mspabi_slll_8
                0x00008514                __mspabi_slll_7
                0x00008518                __mspabi_slll_6
                0x0000851c                __mspabi_slll_5
                0x00008520                __mspabi_slll_4
                0x00008524                __mspabi_slll_3
                0x00008528                __mspabi_slll_2
                0x0000852c                __mspabi_slll_1
                0x00008538                __mspabi_slll
 .text          0x0000853e       0xb4 c:/ti/ccsv6/tools/compiler/gcc_msp430_4.9.14r1_10/bin/../lib/gcc/msp430-elf/4.9.1\libgcc.a(srli.o)
                0x0000853e                __mspabi_srli_15
                0x00008542                __mspabi_srli_14
                0x00008546                __mspabi_srli_13
                0x0000854a                __mspabi_srli_12
                0x0000854e                __mspabi_srli_11
                0x00008552                __mspabi_srli_10
                0x00008556                __mspabi_srli_9
                0x0000855a                __mspabi_srli_8
                0x0000855e                __mspabi_srli_7
                0x00008562                __mspabi_srli_6
                0x00008566                __mspabi_srli_5
                0x0000856a                __mspabi_srli_4
                0x0000856e                __mspabi_srli_3
                0x00008572                __mspabi_srli_2
                0x00008576                __mspabi_srli_1
                0x00008582                __mspabi_srli
                0x00008588                __mspabi_srll_15
                0x0000858e                __mspabi_srll_14
                0x00008594                __mspabi_srll_13
                0x0000859a                __mspabi_srll_12
                0x000085a0                __mspabi_srll_11
                0x000085a6                __mspabi_srll_10
                0x000085ac                __mspabi_srll_9
                0x000085b2                __mspabi_srll_8
                0x000085b8                __mspabi_srll_7
                0x000085be                __mspabi_srll_6
                0x000085c4                __mspabi_srll_5
                0x000085ca                __mspabi_srll_4
                0x000085d0                __mspabi_srll_3
                0x000085d6                __mspabi_srll_2
                0x000085dc                __mspabi_srll_1
                0x000085ec                __mspabi_srll
 .text          0x000085f2        0x0 c:/ti/ccsv6/tools/compiler/gcc_msp430_4.9.14r1_10/bin/../lib/gcc/msp430-elf/4.9.1\libgcc.a(lib2hw_mul.o)
 *fill*         0x000085f2        0x2 
 .text.__mulhi2
                0x000085f4       0x14 c:/ti/ccsv6/tools/compiler/gcc_msp430_4.9.14r1_10/bin/../lib/gcc/msp430-elf/4.9.1\libgcc.a(lib2hw_mul.o)
                0x000085f4                __mulhi2
 .text.__mulsihi2
                0x00008608       0x18 c:/ti/ccsv6/tools/compiler/gcc_msp430_4.9.14r1_10/bin/../lib/gcc/msp430-elf/4.9.1\libgcc.a(lib2hw_mul.o)
                0x00008608                __mulsihi2
 .text.__umulsihi2
                0x00008620       0x18 c:/ti/ccsv6/tools/compiler/gcc_msp430_4.9.14r1_10/bin/../lib/gcc/msp430-elf/4.9.1\libgcc.a(lib2hw_mul.o)
                0x00008620                __umulsihi2
 .text.__mulsi2
                0x00008638       0x30 c:/ti/ccsv6/tools/compiler/gcc_msp430_4.9.14r1_10/bin/../lib/gcc/msp430-elf/4.9.1\libgcc.a(lib2hw_mul.o)
                0x00008638                __mulsi2
 .text.__mulsi2_hw32
                0x00008668       0x20 c:/ti/ccsv6/tools/compiler/gcc_msp430_4.9.14r1_10/bin/../lib/gcc/msp430-elf/4.9.1\libgcc.a(lib2hw_mul.o)
                0x00008668                __mulsi2_hw32
 .text.__muldisi2_hw32
                0x00008688       0x28 c:/ti/ccsv6/tools/compiler/gcc_msp430_4.9.14r1_10/bin/../lib/gcc/msp430-elf/4.9.1\libgcc.a(lib2hw_mul.o)
                0x00008688                __muldisi2_hw32
 .text.__umuldisi2_hw32
                0x000086b0       0x28 c:/ti/ccsv6/tools/compiler/gcc_msp430_4.9.14r1_10/bin/../lib/gcc/msp430-elf/4.9.1\libgcc.a(lib2hw_mul.o)
                0x000086b0                __umuldisi2_hw32
 .text.__mulhi2_f5
                0x000086d8       0x14 c:/ti/ccsv6/tools/compiler/gcc_msp430_4.9.14r1_10/bin/../lib/gcc/msp430-elf/4.9.1\libgcc.a(lib2hw_mul.o)
                0x000086d8                __mulhi2_f5
 .text.__mulsihi2_f5
                0x000086ec       0x18 c:/ti/ccsv6/tools/compiler/gcc_msp430_4.9.14r1_10/bin/../lib/gcc/msp430-elf/4.9.1\libgcc.a(lib2hw_mul.o)
                0x000086ec                __mulsihi2_f5
 .text.__umulsihi2_f5
                0x00008704       0x18 c:/ti/ccsv6/tools/compiler/gcc_msp430_4.9.14r1_10/bin/../lib/gcc/msp430-elf/4.9.1\libgcc.a(lib2hw_mul.o)
                0x00008704                __umulsihi2_f5
 .text.__mulsi2_f5
                0x0000871c       0x20 c:/ti/ccsv6/tools/compiler/gcc_msp430_4.9.14r1_10/bin/../lib/gcc/msp430-elf/4.9.1\libgcc.a(lib2hw_mul.o)
                0x0000871c                __mulsi2_f5
 .text.__muldisi2_f5
                0x0000873c       0x28 c:/ti/ccsv6/tools/compiler/gcc_msp430_4.9.14r1_10/bin/../lib/gcc/msp430-elf/4.9.1\libgcc.a(lib2hw_mul.o)
                0x0000873c                __muldisi2_f5
 .text.__umuldisi2_f5
                0x00008764       0x28 c:/ti/ccsv6/tools/compiler/gcc_msp430_4.9.14r1_10/bin/../lib/gcc/msp430-elf/4.9.1\libgcc.a(lib2hw_mul.o)
                0x00008764                __umuldisi2_f5
 .text          0x0000878c        0x0 c:/ti/ccsv6/tools/compiler/gcc_msp430_4.9.14r1_10/bin/../lib/gcc/msp430-elf/4.9.1/../../../../msp430-elf/lib\libcrt.a(crt_bss.o)
 .text          0x0000878c        0x0 c:/ti/ccsv6/tools/compiler/gcc_msp430_4.9.14r1_10/bin/../lib/gcc/msp430-elf/4.9.1/../../../../msp430-elf/lib\libcrt.a(crt_movedata.o)
 .text          0x0000878c        0x0 c:/ti/ccsv6/tools/compiler/gcc_msp430_4.9.14r1_10/bin/../lib/gcc/msp430-elf/4.9.1/../../../../msp430-elf/lib\libcrt.a(crt_main.o)
 .text          0x0000878c        0x0 c:/ti/ccsv6/tools/compiler/gcc_msp430_4.9.14r1_10/bin/../lib/gcc/msp430-elf/4.9.1/../../../../msp430-elf/lib\libc.a(lib_a-memmove.o)
 .text.memmove  0x0000878c       0x44 c:/ti/ccsv6/tools/compiler/gcc_msp430_4.9.14r1_10/bin/../lib/gcc/msp430-elf/4.9.1/../../../../msp430-elf/lib\libc.a(lib_a-memmove.o)
                0x0000878c                memmove
 .text          0x000087d0       0x20 c:/ti/ccsv6/tools/compiler/gcc_msp430_4.9.14r1_10/bin/../lib/gcc/msp430-elf/4.9.1/crtend.o
 .text          0x000087f0        0x0 c:/ti/ccsv6/tools/compiler/gcc_msp430_4.9.14r1_10/bin/../lib/gcc/msp430-elf/4.9.1/../../../../msp430-elf/lib/crtn.o
 *(.text.*personality*)
 *(.gnu.warning)
 *(.interp .hash .dynsym .dynstr .gnu.version*)
                0x000087f0                PROVIDE (__etext, .)
                0x000087f0                PROVIDE (_etext, .)
                0x000087f0                PROVIDE (etext, .)
                0x000087f0                . = ALIGN (0x2)
 *(.init)
 .init          0x000087f0        0x0 c:/ti/ccsv6/tools/compiler/gcc_msp430_4.9.14r1_10/bin/../lib/gcc/msp430-elf/4.9.1/../../../../msp430-elf/lib/crt0.o
                0x000087f0                __msp430_init
 .init          0x000087f0        0x4 c:/ti/ccsv6/tools/compiler/gcc_msp430_4.9.14r1_10/bin/../lib/gcc/msp430-elf/4.9.1/crtbegin.o
 .init          0x000087f4        0x4 c:/ti/ccsv6/tools/compiler/gcc_msp430_4.9.14r1_10/bin/../lib/gcc/msp430-elf/4.9.1/crtend.o
 .init          0x000087f8        0xa c:/ti/ccsv6/tools/compiler/gcc_msp430_4.9.14r1_10/bin/../lib/gcc/msp430-elf/4.9.1/../../../../msp430-elf/lib/crtn.o
                0x00008802                __msp430_init_end
 *(.fini)
 .fini          0x00008802        0x4 c:/ti/ccsv6/tools/compiler/gcc_msp430_4.9.14r1_10/bin/../lib/gcc/msp430-elf/4.9.1/../../../../msp430-elf/lib/crt0.o
                0x00008802                __msp430_fini
 .fini          0x00008806        0x4 c:/ti/ccsv6/tools/compiler/gcc_msp430_4.9.14r1_10/bin/../lib/gcc/msp430-elf/4.9.1/crtbegin.o
 .fini          0x0000880a        0x2 c:/ti/ccsv6/tools/compiler/gcc_msp430_4.9.14r1_10/bin/../lib/gcc/msp430-elf/4.9.1/../../../../msp430-elf/lib/crtn.o
                0x0000880c                __msp430_fini_end
 *(.tm_clone_table)
 .tm_clone_table
                0x0000880c        0x0 c:/ti/ccsv6/tools/compiler/gcc_msp430_4.9.14r1_10/bin/../lib/gcc/msp430-elf/4.9.1/crtbegin.o
 .tm_clone_table
                0x0000880c        0x0 c:/ti/ccsv6/tools/compiler/gcc_msp430_4.9.14r1_10/bin/../lib/gcc/msp430-elf/4.9.1/crtend.o
                0x0000880c                __TMC_END__

.data           0x00002400        0xe load address 0x0000880c
                0x00002400                . = ALIGN (0x2)
                0x00002400                PROVIDE (__datastart, .)
 *(.jcr)
 .jcr           0x00002400        0x0 c:/ti/ccsv6/tools/compiler/gcc_msp430_4.9.14r1_10/bin/../lib/gcc/msp430-elf/4.9.1/crtbegin.o
 .jcr           0x00002400        0x2 c:/ti/ccsv6/tools/compiler/gcc_msp430_4.9.14r1_10/bin/../lib/gcc/msp430-elf/4.9.1/crtend.o
 *(.data.rel.ro.local)
 *(.data.rel.ro*)
 *(.dynamic)
 *(.data .data.* .gnu.linkonce.d.*)
 .data          0x00002402        0x0 c:/ti/ccsv6/tools/compiler/gcc_msp430_4.9.14r1_10/bin/../lib/gcc/msp430-elf/4.9.1/../../../../msp430-elf/lib/crt0.o
 .data          0x00002402        0x2 c:/ti/ccsv6/tools/compiler/gcc_msp430_4.9.14r1_10/bin/../lib/gcc/msp430-elf/4.9.1/crtbegin.o
                0x00002402                __dso_handle
 .data          0x00002404        0x1 ./usci_a1_uart_DCO_1MHz.o
                0x00002404                receivedData
 .data          0x00002405        0x0 ./driverlib/MSP430F5xx_6xx/adc10_a.o
 .data          0x00002405        0x0 ./driverlib/MSP430F5xx_6xx/adc12_a.o
 .data          0x00002405        0x0 ./driverlib/MSP430F5xx_6xx/aes.o
 .data          0x00002405        0x0 ./driverlib/MSP430F5xx_6xx/battbak.o
 .data          0x00002405        0x0 ./driverlib/MSP430F5xx_6xx/comp_b.o
 .data          0x00002405        0x0 ./driverlib/MSP430F5xx_6xx/crc.o
 .data          0x00002405        0x0 ./driverlib/MSP430F5xx_6xx/dac12_a.o
 .data          0x00002405        0x0 ./driverlib/MSP430F5xx_6xx/dma.o
 .data          0x00002405        0x0 ./driverlib/MSP430F5xx_6xx/eusci_a_spi.o
 .data          0x00002405        0x0 ./driverlib/MSP430F5xx_6xx/eusci_a_uart.o
 .data          0x00002405        0x0 ./driverlib/MSP430F5xx_6xx/eusci_b_i2c.o
 .data          0x00002405        0x0 ./driverlib/MSP430F5xx_6xx/eusci_b_spi.o
 .data          0x00002405        0x0 ./driverlib/MSP430F5xx_6xx/eusci_i2c.o
 .data          0x00002405        0x0 ./driverlib/MSP430F5xx_6xx/eusci_spi.o
 .data          0x00002405        0x0 ./driverlib/MSP430F5xx_6xx/eusci_uart.o
 .data          0x00002405        0x0 ./driverlib/MSP430F5xx_6xx/flashctl.o
 .data          0x00002405        0x0 ./driverlib/MSP430F5xx_6xx/gpio.o
 .data          0x00002405        0x0 ./driverlib/MSP430F5xx_6xx/ldopwr.o
 .data          0x00002405        0x0 ./driverlib/MSP430F5xx_6xx/mpy32.o
 .data          0x00002405        0x0 ./driverlib/MSP430F5xx_6xx/pmap.o
 .data          0x00002405        0x0 ./driverlib/MSP430F5xx_6xx/pmm.o
 .data          0x00002405        0x0 ./driverlib/MSP430F5xx_6xx/ram.o
 .data          0x00002405        0x0 ./driverlib/MSP430F5xx_6xx/ref.o
 .data          0x00002405        0x0 ./driverlib/MSP430F5xx_6xx/rtc_a.o
 .data          0x00002405        0x0 ./driverlib/MSP430F5xx_6xx/rtc_b.o
 .data          0x00002405        0x0 ./driverlib/MSP430F5xx_6xx/rtc_c.o
 .data          0x00002405        0x0 ./driverlib/MSP430F5xx_6xx/sd24_b.o
 .data          0x00002405        0x0 ./driverlib/MSP430F5xx_6xx/sfr.o
 .data          0x00002405        0x0 ./driverlib/MSP430F5xx_6xx/sysctl.o
 .data          0x00002405        0x0 ./driverlib/MSP430F5xx_6xx/tec.o
 .data          0x00002405        0x0 ./driverlib/MSP430F5xx_6xx/timer_a.o
 .data          0x00002405        0x0 ./driverlib/MSP430F5xx_6xx/timer_b.o
 .data          0x00002405        0x0 ./driverlib/MSP430F5xx_6xx/timer_d.o
 .data          0x00002405        0x0 ./driverlib/MSP430F5xx_6xx/tlv.o
 *fill*         0x00002405        0x1 
 .data          0x00002406        0x8 ./driverlib/MSP430F5xx_6xx/ucs.o
                0x00002406                UCS_XT2ClockFrequency
                0x0000240a                UCS_XT1ClockFrequency
 .data          0x0000240e        0x0 ./driverlib/MSP430F5xx_6xx/usci_a_spi.o
 .data          0x0000240e        0x0 ./driverlib/MSP430F5xx_6xx/usci_a_uart.o
 .data          0x0000240e        0x0 ./driverlib/MSP430F5xx_6xx/usci_b_i2c.o
 .data          0x0000240e        0x0 ./driverlib/MSP430F5xx_6xx/usci_b_spi.o
 .data          0x0000240e        0x0 ./driverlib/MSP430F5xx_6xx/usci_i2c.o
 .data          0x0000240e        0x0 ./driverlib/MSP430F5xx_6xx/usci_spi.o
 .data          0x0000240e        0x0 ./driverlib/MSP430F5xx_6xx/usci_uart.o
 .data          0x0000240e        0x0 ./driverlib/MSP430F5xx_6xx/wdt_a.o
 .data          0x0000240e        0x0 c:/ti/ccsv6/tools/compiler/gcc_msp430_4.9.14r1_10/bin/../lib/gcc/msp430-elf/4.9.1/../../../../msp430-elf/lib\libc.a(lib_a-memset.o)
 .data          0x0000240e        0x0 c:/ti/ccsv6/tools/compiler/gcc_msp430_4.9.14r1_10/bin/../lib/gcc/msp430-elf/4.9.1\libgcc.a(_lshrdi3.o)
 .data          0x0000240e        0x0 c:/ti/ccsv6/tools/compiler/gcc_msp430_4.9.14r1_10/bin/../lib/gcc/msp430-elf/4.9.1\libgcc.a(_ashldi3.o)
 .data          0x0000240e        0x0 c:/ti/ccsv6/tools/compiler/gcc_msp430_4.9.14r1_10/bin/../lib/gcc/msp430-elf/4.9.1\libgcc.a(lib2divHI.o)
 .data          0x0000240e        0x0 c:/ti/ccsv6/tools/compiler/gcc_msp430_4.9.14r1_10/bin/../lib/gcc/msp430-elf/4.9.1\libgcc.a(lib2divSI.o)
 .data          0x0000240e        0x0 c:/ti/ccsv6/tools/compiler/gcc_msp430_4.9.14r1_10/bin/../lib/gcc/msp430-elf/4.9.1\libgcc.a(slli.o)
 .data          0x0000240e        0x0 c:/ti/ccsv6/tools/compiler/gcc_msp430_4.9.14r1_10/bin/../lib/gcc/msp430-elf/4.9.1\libgcc.a(srli.o)
 .data          0x0000240e        0x0 c:/ti/ccsv6/tools/compiler/gcc_msp430_4.9.14r1_10/bin/../lib/gcc/msp430-elf/4.9.1\libgcc.a(lib2hw_mul.o)
 .data          0x0000240e        0x0 c:/ti/ccsv6/tools/compiler/gcc_msp430_4.9.14r1_10/bin/../lib/gcc/msp430-elf/4.9.1/../../../../msp430-elf/lib\libcrt.a(crt_bss.o)
 .data          0x0000240e        0x0 c:/ti/ccsv6/tools/compiler/gcc_msp430_4.9.14r1_10/bin/../lib/gcc/msp430-elf/4.9.1/../../../../msp430-elf/lib\libcrt.a(crt_movedata.o)
 .data          0x0000240e        0x0 c:/ti/ccsv6/tools/compiler/gcc_msp430_4.9.14r1_10/bin/../lib/gcc/msp430-elf/4.9.1/../../../../msp430-elf/lib\libcrt.a(crt_main.o)
 .data          0x0000240e        0x0 c:/ti/ccsv6/tools/compiler/gcc_msp430_4.9.14r1_10/bin/../lib/gcc/msp430-elf/4.9.1/../../../../msp430-elf/lib\libc.a(lib_a-memmove.o)
 .data          0x0000240e        0x0 c:/ti/ccsv6/tools/compiler/gcc_msp430_4.9.14r1_10/bin/../lib/gcc/msp430-elf/4.9.1/crtend.o
 .data          0x0000240e        0x0 c:/ti/ccsv6/tools/compiler/gcc_msp430_4.9.14r1_10/bin/../lib/gcc/msp430-elf/4.9.1/../../../../msp430-elf/lib/crtn.o
 *(.gnu.linkonce.d.*personality*)
 *(.data1)
 *(.got.plt)
 *(.got)
                0x0000240e                . = ALIGN (0x2)
 *(.sdata .sdata.* .gnu.linkonce.s.* D_2 D_1)
                0x0000240e                . = ALIGN (0x2)
                0x0000240e                _edata = .
                0x0000240e                PROVIDE (edata, .)
                0x0000240e                PROVIDE (__dataend, .)
                0x0000880c                PROVIDE (__romdatastart, LOADADDR (.data))
                0x0000000e                PROVIDE (__romdatacopysize, SIZEOF (.data))

.bss            0x0000240e       0x12 load address 0x0000881a
                0x0000240e                . = ALIGN (0x2)
                0x0000240e                PROVIDE (__bssstart, .)
 *(.dynbss)
 *(.sbss .sbss.*)
 *(.bss .bss.* .gnu.linkonce.b.*)
 .bss           0x0000240e        0x0 c:/ti/ccsv6/tools/compiler/gcc_msp430_4.9.14r1_10/bin/../lib/gcc/msp430-elf/4.9.1/../../../../msp430-elf/lib/crt0.o
 .bss           0x0000240e       0x12 c:/ti/ccsv6/tools/compiler/gcc_msp430_4.9.14r1_10/bin/../lib/gcc/msp430-elf/4.9.1/crtbegin.o
 .bss           0x00002420        0x0 ./usci_a1_uart_DCO_1MHz.o
 .bss           0x00002420        0x0 ./driverlib/MSP430F5xx_6xx/adc10_a.o
 .bss           0x00002420        0x0 ./driverlib/MSP430F5xx_6xx/adc12_a.o
 .bss           0x00002420        0x0 ./driverlib/MSP430F5xx_6xx/aes.o
 .bss           0x00002420        0x0 ./driverlib/MSP430F5xx_6xx/battbak.o
 .bss           0x00002420        0x0 ./driverlib/MSP430F5xx_6xx/comp_b.o
 .bss           0x00002420        0x0 ./driverlib/MSP430F5xx_6xx/crc.o
 .bss           0x00002420        0x0 ./driverlib/MSP430F5xx_6xx/dac12_a.o
 .bss           0x00002420        0x0 ./driverlib/MSP430F5xx_6xx/dma.o
 .bss           0x00002420        0x0 ./driverlib/MSP430F5xx_6xx/eusci_a_spi.o
 .bss           0x00002420        0x0 ./driverlib/MSP430F5xx_6xx/eusci_a_uart.o
 .bss           0x00002420        0x0 ./driverlib/MSP430F5xx_6xx/eusci_b_i2c.o
 .bss           0x00002420        0x0 ./driverlib/MSP430F5xx_6xx/eusci_b_spi.o
 .bss           0x00002420        0x0 ./driverlib/MSP430F5xx_6xx/eusci_i2c.o
 .bss           0x00002420        0x0 ./driverlib/MSP430F5xx_6xx/eusci_spi.o
 .bss           0x00002420        0x0 ./driverlib/MSP430F5xx_6xx/eusci_uart.o
 .bss           0x00002420        0x0 ./driverlib/MSP430F5xx_6xx/flashctl.o
 .bss           0x00002420        0x0 ./driverlib/MSP430F5xx_6xx/gpio.o
 .bss           0x00002420        0x0 ./driverlib/MSP430F5xx_6xx/ldopwr.o
 .bss           0x00002420        0x0 ./driverlib/MSP430F5xx_6xx/mpy32.o
 .bss           0x00002420        0x0 ./driverlib/MSP430F5xx_6xx/pmap.o
 .bss           0x00002420        0x0 ./driverlib/MSP430F5xx_6xx/pmm.o
 .bss           0x00002420        0x0 ./driverlib/MSP430F5xx_6xx/ram.o
 .bss           0x00002420        0x0 ./driverlib/MSP430F5xx_6xx/ref.o
 .bss           0x00002420        0x0 ./driverlib/MSP430F5xx_6xx/rtc_a.o
 .bss           0x00002420        0x0 ./driverlib/MSP430F5xx_6xx/rtc_b.o
 .bss           0x00002420        0x0 ./driverlib/MSP430F5xx_6xx/rtc_c.o
 .bss           0x00002420        0x0 ./driverlib/MSP430F5xx_6xx/sd24_b.o
 .bss           0x00002420        0x0 ./driverlib/MSP430F5xx_6xx/sfr.o
 .bss           0x00002420        0x0 ./driverlib/MSP430F5xx_6xx/sysctl.o
 .bss           0x00002420        0x0 ./driverlib/MSP430F5xx_6xx/tec.o
 .bss           0x00002420        0x0 ./driverlib/MSP430F5xx_6xx/timer_a.o
 .bss           0x00002420        0x0 ./driverlib/MSP430F5xx_6xx/timer_b.o
 .bss           0x00002420        0x0 ./driverlib/MSP430F5xx_6xx/timer_d.o
 .bss           0x00002420        0x0 ./driverlib/MSP430F5xx_6xx/tlv.o
 .bss           0x00002420        0x0 ./driverlib/MSP430F5xx_6xx/ucs.o
 .bss           0x00002420        0x0 ./driverlib/MSP430F5xx_6xx/usci_a_spi.o
 .bss           0x00002420        0x0 ./driverlib/MSP430F5xx_6xx/usci_a_uart.o
 .bss           0x00002420        0x0 ./driverlib/MSP430F5xx_6xx/usci_b_i2c.o
 .bss           0x00002420        0x0 ./driverlib/MSP430F5xx_6xx/usci_b_spi.o
 .bss           0x00002420        0x0 ./driverlib/MSP430F5xx_6xx/usci_i2c.o
 .bss           0x00002420        0x0 ./driverlib/MSP430F5xx_6xx/usci_spi.o
 .bss           0x00002420        0x0 ./driverlib/MSP430F5xx_6xx/usci_uart.o
 .bss           0x00002420        0x0 ./driverlib/MSP430F5xx_6xx/wdt_a.o
 .bss           0x00002420        0x0 c:/ti/ccsv6/tools/compiler/gcc_msp430_4.9.14r1_10/bin/../lib/gcc/msp430-elf/4.9.1/../../../../msp430-elf/lib\libc.a(lib_a-memset.o)
 .bss           0x00002420        0x0 c:/ti/ccsv6/tools/compiler/gcc_msp430_4.9.14r1_10/bin/../lib/gcc/msp430-elf/4.9.1\libgcc.a(_lshrdi3.o)
 .bss           0x00002420        0x0 c:/ti/ccsv6/tools/compiler/gcc_msp430_4.9.14r1_10/bin/../lib/gcc/msp430-elf/4.9.1\libgcc.a(_ashldi3.o)
 .bss           0x00002420        0x0 c:/ti/ccsv6/tools/compiler/gcc_msp430_4.9.14r1_10/bin/../lib/gcc/msp430-elf/4.9.1\libgcc.a(lib2divHI.o)
 .bss           0x00002420        0x0 c:/ti/ccsv6/tools/compiler/gcc_msp430_4.9.14r1_10/bin/../lib/gcc/msp430-elf/4.9.1\libgcc.a(lib2divSI.o)
 .bss           0x00002420        0x0 c:/ti/ccsv6/tools/compiler/gcc_msp430_4.9.14r1_10/bin/../lib/gcc/msp430-elf/4.9.1\libgcc.a(slli.o)
 .bss           0x00002420        0x0 c:/ti/ccsv6/tools/compiler/gcc_msp430_4.9.14r1_10/bin/../lib/gcc/msp430-elf/4.9.1\libgcc.a(srli.o)
 .bss           0x00002420        0x0 c:/ti/ccsv6/tools/compiler/gcc_msp430_4.9.14r1_10/bin/../lib/gcc/msp430-elf/4.9.1\libgcc.a(lib2hw_mul.o)
 .bss           0x00002420        0x0 c:/ti/ccsv6/tools/compiler/gcc_msp430_4.9.14r1_10/bin/../lib/gcc/msp430-elf/4.9.1/../../../../msp430-elf/lib\libcrt.a(crt_bss.o)
 .bss           0x00002420        0x0 c:/ti/ccsv6/tools/compiler/gcc_msp430_4.9.14r1_10/bin/../lib/gcc/msp430-elf/4.9.1/../../../../msp430-elf/lib\libcrt.a(crt_movedata.o)
 .bss           0x00002420        0x0 c:/ti/ccsv6/tools/compiler/gcc_msp430_4.9.14r1_10/bin/../lib/gcc/msp430-elf/4.9.1/../../../../msp430-elf/lib\libcrt.a(crt_main.o)
 .bss           0x00002420        0x0 c:/ti/ccsv6/tools/compiler/gcc_msp430_4.9.14r1_10/bin/../lib/gcc/msp430-elf/4.9.1/../../../../msp430-elf/lib\libc.a(lib_a-memmove.o)
[...]
 .debug_line    0x00006877       0x82 c:/ti/ccsv6/tools/compiler/gcc_msp430_4.9.14r1_10/bin/../lib/gcc/msp430-elf/4.9.1/../../../../msp430-elf/lib\libcrt.a(crt_bss.o)
 .debug_line    0x000068f9       0x8f c:/ti/ccsv6/tools/compiler/gcc_msp430_4.9.14r1_10/bin/../lib/gcc/msp430-elf/4.9.1/../../../../msp430-elf/lib\libcrt.a(crt_movedata.o)
 .debug_line    0x00006988       0x7d c:/ti/ccsv6/tools/compiler/gcc_msp430_4.9.14r1_10/bin/../lib/gcc/msp430-elf/4.9.1/../../../../msp430-elf/lib\libcrt.a(crt_main.o)
 .debug_line    0x00006a05      0x113 c:/ti/ccsv6/tools/compiler/gcc_msp430_4.9.14r1_10/bin/../lib/gcc/msp430-elf/4.9.1/../../../../msp430-elf/lib\libc.a(lib_a-memmove.o)
 .debug_line    0x00006b18       0x8c c:/ti/ccsv6/tools/compiler/gcc_msp430_4.9.14r1_10/bin/../lib/gcc/msp430-elf/4.9.1/../../../../msp430-elf/lib/crtn.o

.debug_frame    0x00000000     0x2970
 *(.debug_frame)
 .debug_frame   0x00000000       0x64 ./usci_a1_uart_DCO_1MHz.o
 .debug_frame   0x00000064      0x1ac ./driverlib/MSP430F5xx_6xx/adc12_a.o
 .debug_frame   0x00000210      0x16c ./driverlib/MSP430F5xx_6xx/comp_b.o
 .debug_frame   0x0000037c       0x94 ./driverlib/MSP430F5xx_6xx/crc.o
 .debug_frame   0x00000410      0x17c ./driverlib/MSP430F5xx_6xx/dma.o
 .debug_frame   0x0000058c       0xe8 ./driverlib/MSP430F5xx_6xx/flashctl.o
 .debug_frame   0x00000674      0x114 ./driverlib/MSP430F5xx_6xx/gpio.o
 .debug_frame   0x00000788      0x1fc ./driverlib/MSP430F5xx_6xx/mpy32.o
 .debug_frame   0x00000984       0x48 ./driverlib/MSP430F5xx_6xx/pmap.o
 .debug_frame   0x000009cc      0x274 ./driverlib/MSP430F5xx_6xx/pmm.o
 .debug_frame   0x00000c40       0x34 ./driverlib/MSP430F5xx_6xx/ram.o
 .debug_frame   0x00000c74       0xc4 ./driverlib/MSP430F5xx_6xx/ref.o
 .debug_frame   0x00000d38      0x1e0 ./driverlib/MSP430F5xx_6xx/rtc_a.o
 .debug_frame   0x00000f18       0x84 ./driverlib/MSP430F5xx_6xx/sfr.o
 .debug_frame   0x00000f9c      0x144 ./driverlib/MSP430F5xx_6xx/sysctl.o
 .debug_frame   0x000010e0      0x340 ./driverlib/MSP430F5xx_6xx/timer_a.o
 .debug_frame   0x00001420      0x370 ./driverlib/MSP430F5xx_6xx/timer_b.o
 .debug_frame   0x00001790       0xac ./driverlib/MSP430F5xx_6xx/tlv.o
 .debug_frame   0x0000183c      0x218 ./driverlib/MSP430F5xx_6xx/ucs.o
 .debug_frame   0x00001a54      0x168 ./driverlib/MSP430F5xx_6xx/usci_a_spi.o
 .debug_frame   0x00001bbc      0x14c ./driverlib/MSP430F5xx_6xx/usci_a_uart.o
 .debug_frame   0x00001d08      0x2f0 ./driverlib/MSP430F5xx_6xx/usci_b_i2c.o
 .debug_frame   0x00001ff8      0x168 ./driverlib/MSP430F5xx_6xx/usci_b_spi.o
 .debug_frame   0x00002160      0x2f0 ./driverlib/MSP430F5xx_6xx/usci_i2c.o
 .debug_frame   0x00002450      0x168 ./driverlib/MSP430F5xx_6xx/usci_spi.o
 .debug_frame   0x000025b8      0x14c ./driverlib/MSP430F5xx_6xx/usci_uart.o
 .debug_frame   0x00002704       0x64 ./driverlib/MSP430F5xx_6xx/wdt_a.o
 .debug_frame   0x00002768       0x24 c:/ti/ccsv6/tools/compiler/gcc_msp430_4.9.14r1_10/bin/../lib/gcc/msp430-elf/4.9.1/../../../../msp430-elf/lib\libc.a(lib_a-memset.o)
 .debug_frame   0x0000278c       0x40 c:/ti/ccsv6/tools/compiler/gcc_msp430_4.9.14r1_10/bin/../lib/gcc/msp430-elf/4.9.1\libgcc.a(_lshrdi3.o)
 .debug_frame   0x000027cc       0x40 c:/ti/ccsv6/tools/compiler/gcc_msp430_4.9.14r1_10/bin/../lib/gcc/msp430-elf/4.9.1\libgcc.a(_ashldi3.o)
 .debug_frame   0x0000280c       0x7c c:/ti/ccsv6/tools/compiler/gcc_msp430_4.9.14r1_10/bin/../lib/gcc/msp430-elf/4.9.1\libgcc.a(lib2divHI.o)
 .debug_frame   0x00002888       0xb8 c:/ti/ccsv6/tools/compiler/gcc_msp430_4.9.14r1_10/bin/../lib/gcc/msp430-elf/4.9.1\libgcc.a(lib2divSI.o)
 .debug_frame   0x00002940       0x30 c:/ti/ccsv6/tools/compiler/gcc_msp430_4.9.14r1_10/bin/../lib/gcc/msp430-elf/4.9.1/../../../../msp430-elf/lib\libc.a(lib_a-memmove.o)

.debug_str      0x00000000     0x4bc5
 *(.debug_str)
 .debug_str     0x00000000      0x213 ./usci_a1_uart_DCO_1MHz.o
                                0x258 (size before relaxing)
 .debug_str     0x00000213       0x26 ./driverlib/MSP430F5xx_6xx/adc10_a.o
                                0x179 (size before relaxing)
 .debug_str     0x00000239      0x46b ./driverlib/MSP430F5xx_6xx/adc12_a.o
                                0x5f9 (size before relaxing)
 .debug_str     0x000006a4       0x22 ./driverlib/MSP430F5xx_6xx/aes.o
                                0x175 (size before relaxing)
 .debug_str     0x000006c6       0x26 ./driverlib/MSP430F5xx_6xx/battbak.o
                                0x179 (size before relaxing)
 .debug_str     0x000006ec      0x30b ./driverlib/MSP430F5xx_6xx/comp_b.o
                                0x4b1 (size before relaxing)
 .debug_str     0x000009f7       0xc0 ./driverlib/MSP430F5xx_6xx/crc.o
                                0x245 (size before relaxing)
 .debug_str     0x00000ab7       0x26 ./driverlib/MSP430F5xx_6xx/dac12_a.o
                                0x179 (size before relaxing)
 .debug_str     0x00000add      0x28d ./driverlib/MSP430F5xx_6xx/dma.o
                                0x426 (size before relaxing)
 .debug_str     0x00000d6a       0x2a ./driverlib/MSP430F5xx_6xx/eusci_a_spi.o
                                0x17d (size before relaxing)
 .debug_str     0x00000d94       0x2b ./driverlib/MSP430F5xx_6xx/eusci_a_uart.o
                                0x17e (size before relaxing)
 .debug_str     0x00000dbf       0x2a ./driverlib/MSP430F5xx_6xx/eusci_b_i2c.o
                                0x17d (size before relaxing)
 .debug_str     0x00000de9       0x2a ./driverlib/MSP430F5xx_6xx/eusci_b_spi.o
                                0x17d (size before relaxing)
 .debug_str     0x00000e13       0x28 ./driverlib/MSP430F5xx_6xx/eusci_i2c.o
                                0x17b (size before relaxing)
 .debug_str     0x00000e3b       0x28 ./driverlib/MSP430F5xx_6xx/eusci_spi.o
                                0x17b (size before relaxing)
 .debug_str     0x00000e63       0x29 ./driverlib/MSP430F5xx_6xx/eusci_uart.o
                                0x17c (size before relaxing)
 .debug_str     0x00000e8c      0x127 ./driverlib/MSP430F5xx_6xx/flashctl.o
                                0x2c6 (size before relaxing)
 .debug_str     0x00000fb3      0x22f ./driverlib/MSP430F5xx_6xx/gpio.o
                                0x3b4 (size before relaxing)
 .debug_str     0x000011e2       0x25 ./driverlib/MSP430F5xx_6xx/ldopwr.o
                                0x178 (size before relaxing)
 .debug_str     0x00001207      0x2c7 ./driverlib/MSP430F5xx_6xx/mpy32.o
                                0x45d (size before relaxing)
 .debug_str     0x000014ce       0xa3 ./driverlib/MSP430F5xx_6xx/pmap.o
                                0x22e (size before relaxing)
 .debug_str     0x00001571      0x356 ./driverlib/MSP430F5xx_6xx/pmm.o
                                0x4fb (size before relaxing)
 .debug_str     0x000018c7       0x4d ./driverlib/MSP430F5xx_6xx/ram.o
                                0x1c6 (size before relaxing)
 .debug_str     0x00001914      0x141 ./driverlib/MSP430F5xx_6xx/ref.o
                                0x2cc (size before relaxing)
 .debug_str     0x00001a55      0x3c5 ./driverlib/MSP430F5xx_6xx/rtc_a.o
                                0x5a0 (size before relaxing)
 .debug_str     0x00001e1a       0x24 ./driverlib/MSP430F5xx_6xx/rtc_b.o
                                0x177 (size before relaxing)
 .debug_str     0x00001e3e       0x24 ./driverlib/MSP430F5xx_6xx/rtc_c.o
                                0x177 (size before relaxing)
 .debug_str     0x00001e62       0x25 ./driverlib/MSP430F5xx_6xx/sd24_b.o
                                0x178 (size before relaxing)
 .debug_str     0x00001e87       0xde ./driverlib/MSP430F5xx_6xx/sfr.o
                                0x285 (size before relaxing)
 .debug_str     0x00001f65      0x2e4 ./driverlib/MSP430F5xx_6xx/sysctl.o
                                0x471 (size before relaxing)
 .debug_str     0x00002249       0x22 ./driverlib/MSP430F5xx_6xx/tec.o
                                0x175 (size before relaxing)
 .debug_str     0x0000226b      0x5d3 ./driverlib/MSP430F5xx_6xx/timer_a.o
                                0x790 (size before relaxing)
 .debug_str     0x0000283e      0x4f1 ./driverlib/MSP430F5xx_6xx/timer_b.o
                                0x819 (size before relaxing)
 .debug_str     0x00002d2f       0x26 ./driverlib/MSP430F5xx_6xx/timer_d.o
                                0x179 (size before relaxing)
 .debug_str     0x00002d55       0xc1 ./driverlib/MSP430F5xx_6xx/tlv.o
                                0x245 (size before relaxing)
 .debug_str     0x00002e16      0x39e ./driverlib/MSP430F5xx_6xx/ucs.o
                                0x59a (size before relaxing)
 .debug_str     0x000031b4      0x278 ./driverlib/MSP430F5xx_6xx/usci_a_spi.o
                                0x441 (size before relaxing)
 .debug_str     0x0000342c      0x202 ./driverlib/MSP430F5xx_6xx/usci_a_uart.o
                                0x45c (size before relaxing)
 .debug_str     0x0000362e      0x56c ./driverlib/MSP430F5xx_6xx/usci_b_i2c.o
                                0x758 (size before relaxing)
 .debug_str     0x00003b9a      0x231 ./driverlib/MSP430F5xx_6xx/usci_b_spi.o
                                0x441 (size before relaxing)
 .debug_str     0x00003dcb      0x4ce ./driverlib/MSP430F5xx_6xx/usci_i2c.o
                                0x708 (size before relaxing)
 .debug_str     0x00004299      0x209 ./driverlib/MSP430F5xx_6xx/usci_spi.o
                                0x419 (size before relaxing)
 .debug_str     0x000044a2      0x1ea ./driverlib/MSP430F5xx_6xx/usci_uart.o
                                0x436 (size before relaxing)
 .debug_str     0x0000468c       0x96 ./driverlib/MSP430F5xx_6xx/wdt_a.o
                                0x227 (size before relaxing)
 .debug_str     0x00004722      0x10a c:/ti/ccsv6/tools/compiler/gcc_msp430_4.9.14r1_10/bin/../lib/gcc/msp430-elf/4.9.1/../../../../msp430-elf/lib\libc.a(lib_a-memset.o)
                                0x19c (size before relaxing)
 .debug_str     0x0000482c      0x1f5 c:/ti/ccsv6/tools/compiler/gcc_msp430_4.9.14r1_10/bin/../lib/gcc/msp430-elf/4.9.1\libgcc.a(_lshrdi3.o)
                                0x27e (size before relaxing)
 .debug_str     0x00004a21        0xa c:/ti/ccsv6/tools/compiler/gcc_msp430_4.9.14r1_10/bin/../lib/gcc/msp430-elf/4.9.1\libgcc.a(_ashldi3.o)
                                0x27e (size before relaxing)
 .debug_str     0x00004a2b       0xa7 c:/ti/ccsv6/tools/compiler/gcc_msp430_4.9.14r1_10/bin/../lib/gcc/msp430-elf/4.9.1\libgcc.a(lib2divHI.o)
                                0x1e3 (size before relaxing)
 .debug_str     0x00004ad2       0x93 c:/ti/ccsv6/tools/compiler/gcc_msp430_4.9.14r1_10/bin/../lib/gcc/msp430-elf/4.9.1\libgcc.a(lib2divSI.o)
                                0x1e3 (size before relaxing)
 .debug_str     0x00004b65       0x60 c:/ti/ccsv6/tools/compiler/gcc_msp430_4.9.14r1_10/bin/../lib/gcc/msp430-elf/4.9.1/../../../../msp430-elf/lib\libc.a(lib_a-memmove.o)
                                0x1b7 (size before relaxing)

.debug_loc      0x00000000     0x4961
 *(.debug_loc)
 .debug_loc     0x00000000      0x2c4 ./driverlib/MSP430F5xx_6xx/adc12_a.o
 .debug_loc     0x000002c4      0x198 ./driverlib/MSP430F5xx_6xx/comp_b.o
 .debug_loc     0x0000045c       0x39 ./driverlib/MSP430F5xx_6xx/crc.o
 .debug_loc     0x00000495      0x13f ./driverlib/MSP430F5xx_6xx/dma.o
 .debug_loc     0x000005d4      0x2e5 ./driverlib/MSP430F5xx_6xx/flashctl.o
 .debug_loc     0x000008b9      0x2c6 ./driverlib/MSP430F5xx_6xx/gpio.o
 .debug_loc     0x00000b7f      0x1ae ./driverlib/MSP430F5xx_6xx/mpy32.o
 .debug_loc     0x00000d2d       0x8a ./driverlib/MSP430F5xx_6xx/pmap.o
 .debug_loc     0x00000db7      0x147 ./driverlib/MSP430F5xx_6xx/pmm.o
 .debug_loc     0x00000efe       0x13 ./driverlib/MSP430F5xx_6xx/ram.o
 .debug_loc     0x00000f11       0x4c ./driverlib/MSP430F5xx_6xx/ref.o
 .debug_loc     0x00000f5d      0x374 ./driverlib/MSP430F5xx_6xx/rtc_a.o
 .debug_loc     0x000012d1       0x13 ./driverlib/MSP430F5xx_6xx/sfr.o
 .debug_loc     0x000012e4       0xa3 ./driverlib/MSP430F5xx_6xx/sysctl.o
 .debug_loc     0x00001387      0x6ba ./driverlib/MSP430F5xx_6xx/timer_a.o
 .debug_loc     0x00001a41      0x6cd ./driverlib/MSP430F5xx_6xx/timer_b.o
 .debug_loc     0x0000210e      0x241 ./driverlib/MSP430F5xx_6xx/tlv.o
 .debug_loc     0x0000234f      0x66b ./driverlib/MSP430F5xx_6xx/ucs.o
 .debug_loc     0x000029ba      0x1fc ./driverlib/MSP430F5xx_6xx/usci_a_spi.o
 .debug_loc     0x00002bb6      0x1eb ./driverlib/MSP430F5xx_6xx/usci_a_uart.o
 .debug_loc     0x00002da1      0x5e9 ./driverlib/MSP430F5xx_6xx/usci_b_i2c.o
 .debug_loc     0x0000338a      0x1fe ./driverlib/MSP430F5xx_6xx/usci_b_spi.o
 .debug_loc     0x00003588      0x5e9 ./driverlib/MSP430F5xx_6xx/usci_i2c.o
 .debug_loc     0x00003b71      0x1fc ./driverlib/MSP430F5xx_6xx/usci_spi.o
 .debug_loc     0x00003d6d      0x1eb ./driverlib/MSP430F5xx_6xx/usci_uart.o
 .debug_loc     0x00003f58       0xb1 ./driverlib/MSP430F5xx_6xx/wdt_a.o
 .debug_loc     0x00004009       0x87 c:/ti/ccsv6/tools/compiler/gcc_msp430_4.9.14r1_10/bin/../lib/gcc/msp430-elf/4.9.1/../../../../msp430-elf/lib\libc.a(lib_a-memset.o)
 .debug_loc     0x00004090       0xaf c:/ti/ccsv6/tools/compiler/gcc_msp430_4.9.14r1_10/bin/../lib/gcc/msp430-elf/4.9.1\libgcc.a(_lshrdi3.o)
 .debug_loc     0x0000413f       0x84 c:/ti/ccsv6/tools/compiler/gcc_msp430_4.9.14r1_10/bin/../lib/gcc/msp430-elf/4.9.1\libgcc.a(_ashldi3.o)
 .debug_loc     0x000041c3      0x2af c:/ti/ccsv6/tools/compiler/gcc_msp430_4.9.14r1_10/bin/../lib/gcc/msp430-elf/4.9.1\libgcc.a(lib2divHI.o)
 .debug_loc     0x00004472      0x343 c:/ti/ccsv6/tools/compiler/gcc_msp430_4.9.14r1_10/bin/../lib/gcc/msp430-elf/4.9.1\libgcc.a(lib2divSI.o)
 .debug_loc     0x000047b5      0x1ac c:/ti/ccsv6/tools/compiler/gcc_msp430_4.9.14r1_10/bin/../lib/gcc/msp430-elf/4.9.1/../../../../msp430-elf/lib\libc.a(lib_a-memmove.o)

.debug_macinfo
 *(.debug_macinfo)

.debug_weaknames
 *(.debug_weaknames)

.debug_funcnames
 *(.debug_funcnames)

.debug_typenames
 *(.debug_typenames)

.debug_varnames
 *(.debug_varnames)

/DISCARD/
 *(.note.GNU-stack)
OUTPUT(usci1_uart_G44.out elf32-msp430)

.debug_ranges   0x00000000       0xe8
 .debug_ranges  0x00000000       0x28 c:/ti/ccsv6/tools/compiler/gcc_msp430_4.9.14r1_10/bin/../lib/gcc/msp430-elf/4.9.1/../../../../msp430-elf/lib/crt0.o
 .debug_ranges  0x00000028       0x10 c:/ti/ccsv6/tools/compiler/gcc_msp430_4.9.14r1_10/bin/../lib/gcc/msp430-elf/4.9.1/../../../../msp430-elf/lib\libc.a(lib_a-memset.o)
 .debug_ranges  0x00000038       0x10 c:/ti/ccsv6/tools/compiler/gcc_msp430_4.9.14r1_10/bin/../lib/gcc/msp430-elf/4.9.1\libgcc.a(_lshrdi3.o)
 .debug_ranges  0x00000048       0x10 c:/ti/ccsv6/tools/compiler/gcc_msp430_4.9.14r1_10/bin/../lib/gcc/msp430-elf/4.9.1\libgcc.a(_ashldi3.o)
 .debug_ranges  0x00000058       0x30 c:/ti/ccsv6/tools/compiler/gcc_msp430_4.9.14r1_10/bin/../lib/gcc/msp430-elf/4.9.1\libgcc.a(lib2divHI.o)
 .debug_ranges  0x00000088       0x30 c:/ti/ccsv6/tools/compiler/gcc_msp430_4.9.14r1_10/bin/../lib/gcc/msp430-elf/4.9.1\libgcc.a(lib2divSI.o)
 .debug_ranges  0x000000b8       0x10 c:/ti/ccsv6/tools/compiler/gcc_msp430_4.9.14r1_10/bin/../lib/gcc/msp430-elf/4.9.1/../../../../msp430-elf/lib\libc.a(lib_a-memmove.o)
 .debug_ranges  0x000000c8       0x20 c:/ti/ccsv6/tools/compiler/gcc_msp430_4.9.14r1_10/bin/../lib/gcc/msp430-elf/4.9.1/../../../../msp430-elf/lib/crtn.o

.debug_line.text.memset
                0x00000000       0x22
 .debug_line.text.memset
                0x00000000       0x22 c:/ti/ccsv6/tools/compiler/gcc_msp430_4.9.14r1_10/bin/../lib/gcc/msp430-elf/4.9.1/../../../../msp430-elf/lib\libc.a(lib_a-memset.o)

.debug_line_end
                0x00000000        0x0
 .debug_line_end
                0x00000000        0x0 c:/ti/ccsv6/tools/compiler/gcc_msp430_4.9.14r1_10/bin/../lib/gcc/msp430-elf/4.9.1/../../../../msp430-elf/lib\libc.a(lib_a-memset.o)
 .debug_line_end
                0x00000000        0x0 c:/ti/ccsv6/tools/compiler/gcc_msp430_4.9.14r1_10/bin/../lib/gcc/msp430-elf/4.9.1\libgcc.a(_lshrdi3.o)
 .debug_line_end
                0x00000000        0x0 c:/ti/ccsv6/tools/compiler/gcc_msp430_4.9.14r1_10/bin/../lib/gcc/msp430-elf/4.9.1\libgcc.a(_ashldi3.o)
 .debug_line_end
                0x00000000        0x0 c:/ti/ccsv6/tools/compiler/gcc_msp430_4.9.14r1_10/bin/../lib/gcc/msp430-elf/4.9.1\libgcc.a(lib2divHI.o)
 .debug_line_end
                0x00000000        0x0 c:/ti/ccsv6/tools/compiler/gcc_msp430_4.9.14r1_10/bin/../lib/gcc/msp430-elf/4.9.1\libgcc.a(lib2divSI.o)
 .debug_line_end
                0x00000000        0x0 c:/ti/ccsv6/tools/compiler/gcc_msp430_4.9.14r1_10/bin/../lib/gcc/msp430-elf/4.9.1/../../../../msp430-elf/lib\libc.a(lib_a-memmove.o)

.debug_line.text.__lshrdi3
                0x00000000       0x53
 .debug_line.text.__lshrdi3
                0x00000000       0x53 c:/ti/ccsv6/tools/compiler/gcc_msp430_4.9.14r1_10/bin/../lib/gcc/msp430-elf/4.9.1\libgcc.a(_lshrdi3.o)

.debug_line.text.__ashldi3
                0x00000000       0x53
 .debug_line.text.__ashldi3
                0x00000000       0x53 c:/ti/ccsv6/tools/compiler/gcc_msp430_4.9.14r1_10/bin/../lib/gcc/msp430-elf/4.9.1\libgcc.a(_ashldi3.o)

.debug_line.text.udivmodhi4
                0x00000000       0x74
 .debug_line.text.udivmodhi4
                0x00000000       0x74 c:/ti/ccsv6/tools/compiler/gcc_msp430_4.9.14r1_10/bin/../lib/gcc/msp430-elf/4.9.1\libgcc.a(lib2divHI.o)

.debug_line.text.__divhi3
                0x00000000       0x58
 .debug_line.text.__divhi3
                0x00000000       0x58 c:/ti/ccsv6/tools/compiler/gcc_msp430_4.9.14r1_10/bin/../lib/gcc/msp430-elf/4.9.1\libgcc.a(lib2divHI.o)

.debug_line.text.__modhi3
                0x00000000       0x41
 .debug_line.text.__modhi3
                0x00000000       0x41 c:/ti/ccsv6/tools/compiler/gcc_msp430_4.9.14r1_10/bin/../lib/gcc/msp430-elf/4.9.1\libgcc.a(lib2divHI.o)

.debug_line.text.__udivhi3
                0x00000000       0x1d
 .debug_line.text.__udivhi3
                0x00000000       0x1d c:/ti/ccsv6/tools/compiler/gcc_msp430_4.9.14r1_10/bin/../lib/gcc/msp430-elf/4.9.1\libgcc.a(lib2divHI.o)

.debug_line.text.__umodhi3
                0x00000000       0x1d
 .debug_line.text.__umodhi3
                0x00000000       0x1d c:/ti/ccsv6/tools/compiler/gcc_msp430_4.9.14r1_10/bin/../lib/gcc/msp430-elf/4.9.1\libgcc.a(lib2divHI.o)

.debug_line.text.udivmodsi4
                0x00000000       0x74
 .debug_line.text.udivmodsi4
                0x00000000       0x74 c:/ti/ccsv6/tools/compiler/gcc_msp430_4.9.14r1_10/bin/../lib/gcc/msp430-elf/4.9.1\libgcc.a(lib2divSI.o)

.debug_line.text.__divsi3
                0x00000000       0x58
 .debug_line.text.__divsi3
                0x00000000       0x58 c:/ti/ccsv6/tools/compiler/gcc_msp430_4.9.14r1_10/bin/../lib/gcc/msp430-elf/4.9.1\libgcc.a(lib2divSI.o)

.debug_line.text.__modsi3
                0x00000000       0x41
 .debug_line.text.__modsi3
                0x00000000       0x41 c:/ti/ccsv6/tools/compiler/gcc_msp430_4.9.14r1_10/bin/../lib/gcc/msp430-elf/4.9.1\libgcc.a(lib2divSI.o)

.debug_line.text.__udivsi3
                0x00000000       0x1d
 .debug_line.text.__udivsi3
                0x00000000       0x1d c:/ti/ccsv6/tools/compiler/gcc_msp430_4.9.14r1_10/bin/../lib/gcc/msp430-elf/4.9.1\libgcc.a(lib2divSI.o)

.debug_line.text.__umodsi3
                0x00000000       0x1d
 .debug_line.text.__umodsi3
                0x00000000       0x1d c:/ti/ccsv6/tools/compiler/gcc_msp430_4.9.14r1_10/bin/../lib/gcc/msp430-elf/4.9.1\libgcc.a(lib2divSI.o)

.debug_line.text.memmove
                0x00000000       0x40
 .debug_line.text.memmove
                0x00000000       0x40 c:/ti/ccsv6/tools/compiler/gcc_msp430_4.9.14r1_10/bin/../lib/gcc/msp430-elf/4.9.1/../../../../msp430-elf/lib\libc.a(lib_a-memmove.o)
