Archive member included because of file (symbol)

c:/ti/ccsv6/tools/compiler/gcc_msp430_4.9.14r1_10/bin/../lib/gcc/msp430-elf/4.9.1/../../../../msp430-elf/lib\libc.a(lib_a-memset.o)
                              ./usci_a1_uart_115200_XT2_4MHz.o (memset)
c:/ti/ccsv6/tools/compiler/gcc_msp430_4.9.14r1_10/bin/../lib/gcc/msp430-elf/4.9.1\libgcc.a(_lshrdi3.o)
                              ./driverlib/MSP430F5xx_6xx/mpy32.o (__lshrdi3)
c:/ti/ccsv6/tools/compiler/gcc_msp430_4.9.14r1_10/bin/../lib/gcc/msp430-elf/4.9.1\libgcc.a(_ashldi3.o)
                              ./driverlib/MSP430F5xx_6xx/mpy32.o (__ashldi3)
c:/ti/ccsv6/tools/compiler/gcc_msp430_4.9.14r1_10/bin/../lib/gcc/msp430-elf/4.9.1\libgcc.a(lib2divHI.o)
                              ./driverlib/MSP430F5xx_6xx/ucs.o (__mspabi_divi)
c:/ti/ccsv6/tools/compiler/gcc_msp430_4.9.14r1_10/bin/../lib/gcc/msp430-elf/4.9.1\libgcc.a(lib2divSI.o)
                              ./driverlib/MSP430F5xx_6xx/ucs.o (__mspabi_divli)
c:/ti/ccsv6/tools/compiler/gcc_msp430_4.9.14r1_10/bin/../lib/gcc/msp430-elf/4.9.1\libgcc.a(slli.o)
                              ./driverlib/MSP430F5xx_6xx/adc12_a.o (__mspabi_slli_4)
c:/ti/ccsv6/tools/compiler/gcc_msp430_4.9.14r1_10/bin/../lib/gcc/msp430-elf/4.9.1\libgcc.a(srli.o)
                              ./driverlib/MSP430F5xx_6xx/rtc_a.o (__mspabi_srli_8)
c:/ti/ccsv6/tools/compiler/gcc_msp430_4.9.14r1_10/bin/../lib/gcc/msp430-elf/4.9.1\libgcc.a(lib2hw_mul.o)
                              ./driverlib/MSP430F5xx_6xx/ucs.o (__mulsi2_f5)
c:/ti/ccsv6/tools/compiler/gcc_msp430_4.9.14r1_10/bin/../lib/gcc/msp430-elf/4.9.1/../../../../msp430-elf/lib\libcrt.a(crt_bss.o)
                              c:/ti/ccsv6/tools/compiler/gcc_msp430_4.9.14r1_10/bin/../lib/gcc/msp430-elf/4.9.1/crtbegin.o (__crt0_init_bss)
c:/ti/ccsv6/tools/compiler/gcc_msp430_4.9.14r1_10/bin/../lib/gcc/msp430-elf/4.9.1/../../../../msp430-elf/lib\libcrt.a(crt_movedata.o)
                              c:/ti/ccsv6/tools/compiler/gcc_msp430_4.9.14r1_10/bin/../lib/gcc/msp430-elf/4.9.1/crtbegin.o (__crt0_movedata)
c:/ti/ccsv6/tools/compiler/gcc_msp430_4.9.14r1_10/bin/../lib/gcc/msp430-elf/4.9.1/../../../../msp430-elf/lib\libcrt.a(crt_main.o)
                              c:/ti/ccsv6/tools/compiler/gcc_msp430_4.9.14r1_10/bin/../lib/gcc/msp430-elf/4.9.1/../../../../msp430-elf/lib/crt0.o (__crt0_call_init_then_main)
c:/ti/ccsv6/tools/compiler/gcc_msp430_4.9.14r1_10/bin/../lib/gcc/msp430-elf/4.9.1/../../../../msp430-elf/lib\libc.a(lib_a-memmove.o)
                              c:/ti/ccsv6/tools/compiler/gcc_msp430_4.9.14r1_10/bin/../lib/gcc/msp430-elf/4.9.1/../../../../msp430-elf/lib\libcrt.a(crt_movedata.o) (memmove)

Memory Configuration

Name             Origin             Length             Attributes
SFR              0x00000000         0x00000010
PERIPHERAL_8BIT  0x00000010         0x000000f0
PERIPHERAL_16BIT 0x00000100         0x00000100
RAM              0x00002400         0x00002000
INFOMEM          0x00001800         0x00000200
INFOA            0x00001980         0x00000080
INFOB            0x00001900         0x00000080
INFOC            0x00001880         0x00000080
INFOD            0x00001800         0x00000080
ROM              0x00004400         0x0000bb80
VECT1            0x0000ff80         0x00000002
VECT2            0x0000ff82         0x00000002
VECT3            0x0000ff84         0x00000002
VECT4            0x0000ff86         0x00000002
VECT5            0x0000ff88         0x00000002
VECT6            0x0000ff8a         0x00000002
VECT7            0x0000ff8c         0x00000002
VECT8            0x0000ff8e         0x00000002
VECT9            0x0000ff90         0x00000002
VECT10           0x0000ff92         0x00000002
VECT11           0x0000ff94         0x00000002
VECT12           0x0000ff96         0x00000002
VECT13           0x0000ff98         0x00000002
VECT14           0x0000ff9a         0x00000002
VECT15           0x0000ff9c         0x00000002
VECT16           0x0000ff9e         0x00000002
VECT17           0x0000ffa0         0x00000002
VECT18           0x0000ffa2         0x00000002
VECT19           0x0000ffa4         0x00000002
VECT20           0x0000ffa6         0x00000002
VECT21           0x0000ffa8         0x00000002
VECT22           0x0000ffaa         0x00000002
VECT23           0x0000ffac         0x00000002
VECT24           0x0000ffae         0x00000002
VECT25           0x0000ffb0         0x00000002
VECT26           0x0000ffb2         0x00000002
VECT27           0x0000ffb4         0x00000002
VECT28           0x0000ffb6         0x00000002
VECT29           0x0000ffb8         0x00000002
VECT30           0x0000ffba         0x00000002
VECT31           0x0000ffbc         0x00000002
VECT32           0x0000ffbe         0x00000002
VECT33           0x0000ffc0         0x00000002
VECT34           0x0000ffc2         0x00000002
VECT35           0x0000ffc4         0x00000002
VECT36           0x0000ffc6         0x00000002
VECT37           0x0000ffc8         0x00000002
VECT38           0x0000ffca         0x00000002
VECT39           0x0000ffcc         0x00000002
VECT40           0x0000ffce         0x00000002
VECT41           0x0000ffd0         0x00000002
VECT42           0x0000ffd2         0x00000002
VECT43           0x0000ffd4         0x00000002
VECT44           0x0000ffd6         0x00000002
VECT45           0x0000ffd8         0x00000002
VECT46           0x0000ffda         0x00000002
VECT47           0x0000ffdc         0x00000002
VECT48           0x0000ffde         0x00000002
VECT49           0x0000ffe0         0x00000002
VECT50           0x0000ffe2         0x00000002
VECT51           0x0000ffe4         0x00000002
VECT52           0x0000ffe6         0x00000002
VECT53           0x0000ffe8         0x00000002
VECT54           0x0000ffea         0x00000002
VECT55           0x0000ffec         0x00000002
VECT56           0x0000ffee         0x00000002
VECT57           0x0000fff0         0x00000002
VECT58           0x0000fff2         0x00000002
VECT59           0x0000fff4         0x00000002
VECT60           0x0000fff6         0x00000002
VECT61           0x0000fff8         0x00000002
VECT62           0x0000fffa         0x00000002
VECT63           0x0000fffc         0x00000002
RESETVEC         0x0000fffe         0x00000002
BSL              0x00001000         0x00000800
USBRAM           0x00001c00         0x00000800
FAR_ROM          0x00010000         0x000143ff
*default*        0x00000000         0xffffffff

Linker script and memory map

LOAD c:/ti/ccsv6/tools/compiler/gcc_msp430_4.9.14r1_10/bin/../lib/gcc/msp430-elf/4.9.1/../../../../msp430-elf/lib/crt0.o
LOAD c:/ti/ccsv6/tools/compiler/gcc_msp430_4.9.14r1_10/bin/../lib/gcc/msp430-elf/4.9.1/crtbegin.o
LOAD ./usci_a1_uart_115200_XT2_4MHz.o
LOAD ./driverlib/MSP430F5xx_6xx/adc10_a.o
LOAD ./driverlib/MSP430F5xx_6xx/adc12_a.o
LOAD ./driverlib/MSP430F5xx_6xx/aes.o
LOAD ./driverlib/MSP430F5xx_6xx/battbak.o
LOAD ./driverlib/MSP430F5xx_6xx/comp_b.o
LOAD ./driverlib/MSP430F5xx_6xx/crc.o
LOAD ./driverlib/MSP430F5xx_6xx/dac12_a.o
LOAD ./driverlib/MSP430F5xx_6xx/dma.o
LOAD ./driverlib/MSP430F5xx_6xx/eusci_a_spi.o
LOAD ./driverlib/MSP430F5xx_6xx/eusci_a_uart.o
LOAD ./driverlib/MSP430F5xx_6xx/eusci_b_i2c.o
LOAD ./driverlib/MSP430F5xx_6xx/eusci_b_spi.o
LOAD ./driverlib/MSP430F5xx_6xx/eusci_i2c.o
LOAD ./driverlib/MSP430F5xx_6xx/eusci_spi.o
LOAD ./driverlib/MSP430F5xx_6xx/eusci_uart.o
LOAD ./driverlib/MSP430F5xx_6xx/flashctl.o
LOAD ./driverlib/MSP430F5xx_6xx/gpio.o
LOAD ./driverlib/MSP430F5xx_6xx/ldopwr.o
LOAD ./driverlib/MSP430F5xx_6xx/mpy32.o
LOAD ./driverlib/MSP430F5xx_6xx/pmap.o
LOAD ./driverlib/MSP430F5xx_6xx/pmm.o
LOAD ./driverlib/MSP430F5xx_6xx/ram.o
LOAD ./driverlib/MSP430F5xx_6xx/ref.o
LOAD ./driverlib/MSP430F5xx_6xx/rtc_a.o
LOAD ./driverlib/MSP430F5xx_6xx/rtc_b.o
LOAD ./driverlib/MSP430F5xx_6xx/rtc_c.o
LOAD ./driverlib/MSP430F5xx_6xx/sd24_b.o
LOAD ./driverlib/MSP430F5xx_6xx/sfr.o
LOAD ./driverlib/MSP430F5xx_6xx/sysctl.o
LOAD ./driverlib/MSP430F5xx_6xx/tec.o
LOAD ./driverlib/MSP430F5xx_6xx/timer_a.o
LOAD ./driverlib/MSP430F5xx_6xx/timer_b.o
LOAD ./driverlib/MSP430F5xx_6xx/timer_d.o
LOAD ./driverlib/MSP430F5xx_6xx/tlv.o
LOAD ./driverlib/MSP430F5xx_6xx/ucs.o
LOAD ./driverlib/MSP430F5xx_6xx/usci_a_spi.o
LOAD ./driverlib/MSP430F5xx_6xx/usci_a_uart.o
LOAD ./driverlib/MSP430F5xx_6xx/usci_b_i2c.o
LOAD ./driverlib/MSP430F5xx_6xx/usci_b_spi.o
LOAD ./driverlib/MSP430F5xx_6xx/usci_i2c.o
LOAD ./driverlib/MSP430F5xx_6xx/usci_spi.o
LOAD ./driverlib/MSP430F5xx_6xx/usci_uart.o
LOAD ./driverlib/MSP430F5xx_6xx/wdt_a.o
START GROUP
LOAD c:/ti/ccsv6/tools/compiler/gcc_msp430_4.9.14r1_10/bin/../lib/gcc/msp430-elf/4.9.1/../../../../msp430-elf/lib\libc.a
LOAD c:/ti/ccsv6/tools/compiler/gcc_msp430_4.9.14r1_10/bin/../lib/gcc/msp430-elf/4.9.1\libgcc.a
END GROUP
LOAD c:/ti/ccsv6/tools/compiler/gcc_msp430_4.9.14r1_10/bin/../lib/gcc/msp430-elf/4.9.1\libgcc.a
START GROUP
LOAD c:/ti/ccsv6/tools/compiler/gcc_msp430_4.9.14r1_10/bin/../lib/gcc/msp430-elf/4.9.1/../../../../msp430-elf/lib\libc.a
LOAD c:/ti/ccsv6/tools/compiler/gcc_msp430_4.9.14r1_10/bin/../lib/gcc/msp430-elf/4.9.1\libgcc.a
LOAD c:/ti/ccsv6/tools/compiler/gcc_msp430_4.9.14r1_10/bin/../lib/gcc/msp430-elf/4.9.1/../../../../msp430-elf/lib\libcrt.a
LOAD c:/ti/ccsv6/tools/compiler/gcc_msp430_4.9.14r1_10/bin/../lib/gcc/msp430-elf/4.9.1/../../../../msp430-elf/lib\libnosys.a
END GROUP
LOAD c:/ti/ccsv6/tools/compiler/gcc_msp430_4.9.14r1_10/bin/../lib/gcc/msp430-elf/4.9.1\libgcc.a
LOAD c:/ti/ccsv6/tools/compiler/gcc_msp430_4.9.14r1_10/bin/../lib/gcc/msp430-elf/4.9.1/crtend.o
LOAD c:/ti/ccsv6/tools/compiler/gcc_msp430_4.9.14r1_10/bin/../lib/gcc/msp430-elf/4.9.1/../../../../msp430-elf/lib/crtn.o
LOAD c:/ti/ccsv6/tools/compiler/gcc_msp430_4.9.14r1_10/bin/../lib/gcc/msp430-elf/4.9.1\libgcc.a

__interrupt_vector_1
 *(__interrupt_vector_1)

__interrupt_vector_2
 *(__interrupt_vector_2)

__interrupt_vector_3
 *(__interrupt_vector_3)

__interrupt_vector_4
 *(__interrupt_vector_4)

__interrupt_vector_5
 *(__interrupt_vector_5)

__interrupt_vector_6
 *(__interrupt_vector_6)

__interrupt_vector_7
 *(__interrupt_vector_7)

__interrupt_vector_8
 *(__interrupt_vector_8)

__interrupt_vector_9
 *(__interrupt_vector_9)

__interrupt_vector_10
 *(__interrupt_vector_10)

__interrupt_vector_11
 *(__interrupt_vector_11)

__interrupt_vector_12
 *(__interrupt_vector_12)

__interrupt_vector_13
 *(__interrupt_vector_13)

__interrupt_vector_14
 *(__interrupt_vector_14)

__interrupt_vector_15
 *(__interrupt_vector_15)

__interrupt_vector_16
 *(__interrupt_vector_16)

__interrupt_vector_17
 *(__interrupt_vector_17)

__interrupt_vector_18
 *(__interrupt_vector_18)

__interrupt_vector_19
 *(__interrupt_vector_19)

__interrupt_vector_20
 *(__interrupt_vector_20)

__interrupt_vector_21
 *(__interrupt_vector_21)

__interrupt_vector_22
 *(__interrupt_vector_22)

__interrupt_vector_23
 *(__interrupt_vector_23)

__interrupt_vector_24
 *(__interrupt_vector_24)

__interrupt_vector_25
 *(__interrupt_vector_25)

__interrupt_vector_26
 *(__interrupt_vector_26)

__interrupt_vector_27
 *(__interrupt_vector_27)

__interrupt_vector_28
 *(__interrupt_vector_28)

__interrupt_vector_29
 *(__interrupt_vector_29)

__interrupt_vector_30
 *(__interrupt_vector_30)

__interrupt_vector_31
 *(__interrupt_vector_31)

__interrupt_vector_32
 *(__interrupt_vector_32)

__interrupt_vector_33
 *(__interrupt_vector_33)

__interrupt_vector_34
 *(__interrupt_vector_34)

__interrupt_vector_35
 *(__interrupt_vector_35)

__interrupt_vector_36
 *(__interrupt_vector_36)

__interrupt_vector_37
 *(__interrupt_vector_37)

__interrupt_vector_38
 *(__interrupt_vector_38)

__interrupt_vector_39
 *(__interrupt_vector_39)

__interrupt_vector_40
 *(__interrupt_vector_40)

__interrupt_vector_41
 *(__interrupt_vector_41)

__interrupt_vector_42
 *(__interrupt_vector_42)
 *(__interrupt_vector_rtc)

__interrupt_vector_43
 *(__interrupt_vector_43)
 *(__interrupt_vector_port2)

__interrupt_vector_44
 *(__interrupt_vector_44)
 *(__interrupt_vector_timer2_a1)

__interrupt_vector_45
 *(__interrupt_vector_45)
 *(__interrupt_vector_timer2_a0)

__interrupt_vector_46
 *(__interrupt_vector_46)
 *(__interrupt_vector_usci_b1)

__interrupt_vector_47
                0x0000ffdc        0x2
 *(__interrupt_vector_47)
 __interrupt_vector_47
                0x0000ffdc        0x2 ./usci_a1_uart_115200_XT2_4MHz.o
 *(__interrupt_vector_usci_a1)

__interrupt_vector_48
 *(__interrupt_vector_48)
 *(__interrupt_vector_port1)

__interrupt_vector_49
 *(__interrupt_vector_49)
 *(__interrupt_vector_timer1_a1)

__interrupt_vector_50
 *(__interrupt_vector_50)
 *(__interrupt_vector_timer1_a0)

__interrupt_vector_51
 *(__interrupt_vector_51)
 *(__interrupt_vector_dma)

__interrupt_vector_52
 *(__interrupt_vector_52)
 *(__interrupt_vector_usb_ubm)

__interrupt_vector_53
 *(__interrupt_vector_53)
 *(__interrupt_vector_timer0_a1)

__interrupt_vector_54
 *(__interrupt_vector_54)
 *(__interrupt_vector_timer0_a0)

__interrupt_vector_55
 *(__interrupt_vector_55)
 *(__interrupt_vector_adc12)

__interrupt_vector_56
 *(__interrupt_vector_56)
 *(__interrupt_vector_usci_b0)

__interrupt_vector_57
 *(__interrupt_vector_57)
 *(__interrupt_vector_usci_a0)

__interrupt_vector_58
 *(__interrupt_vector_58)
 *(__interrupt_vector_wdt)

__interrupt_vector_59
 *(__interrupt_vector_59)
 *(__interrupt_vector_timer0_b1)

__interrupt_vector_60
 *(__interrupt_vector_60)
 *(__interrupt_vector_timer0_b0)

__interrupt_vector_61
 *(__interrupt_vector_61)
 *(__interrupt_vector_comp_b)

__interrupt_vector_62
 *(__interrupt_vector_62)
 *(__interrupt_vector_unmi)

__interrupt_vector_63
 *(__interrupt_vector_63)
 *(__interrupt_vector_sysnmi)

__reset_vector  0x0000fffe        0x2
 *(__interrupt_vector_64)
 *(__interrupt_vector_reset)
 *(.resetvec)
 .resetvec      0x0000fffe        0x2 c:/ti/ccsv6/tools/compiler/gcc_msp430_4.9.14r1_10/bin/../lib/gcc/msp430-elf/4.9.1/../../../../msp430-elf/lib/crt0.o

.rodata         0x00004400       0x2c
                0x00004400                . = ALIGN (0x2)
 *(.plt)
 *(.rodata .rodata.* .gnu.linkonce.r.* .const .const:*)
 .rodata        0x00004400       0x1c ./driverlib/MSP430F5xx_6xx/gpio.o
 *(.rodata1)
 *(.eh_frame_hdr)
 *(.eh_frame)
 .eh_frame      0x0000441c        0x0 c:/ti/ccsv6/tools/compiler/gcc_msp430_4.9.14r1_10/bin/../lib/gcc/msp430-elf/4.9.1/crtbegin.o
 .eh_frame      0x0000441c        0x4 c:/ti/ccsv6/tools/compiler/gcc_msp430_4.9.14r1_10/bin/../lib/gcc/msp430-elf/4.9.1/crtend.o
 *(.gcc_except_table)
 *(.gcc_except_table.*)
                0x00004420                PROVIDE (__preinit_array_start, .)
 *(.preinit_array)
                0x00004420                PROVIDE (__preinit_array_end, .)
                0x00004420                PROVIDE (__init_array_start, .)
 *(SORT(.init_array.*))
 *(.init_array)
                0x00004420                PROVIDE (__init_array_end, .)
                0x00004420                PROVIDE (__fini_array_start, .)
 *(.fini_array)
 *(SORT(.fini_array.*))
                0x00004420                PROVIDE (__fini_array_end, .)
                0x00004420        0x4 LONG 0x0
 *crtbegin*.o(.ctors)
 .ctors         0x00004424        0x2 c:/ti/ccsv6/tools/compiler/gcc_msp430_4.9.14r1_10/bin/../lib/gcc/msp430-elf/4.9.1/crtbegin.o
 *(EXCLUDE_FILE(*crtend*.o) .ctors)
 *(SORT(.ctors.*))
 *(.ctors)
 .ctors         0x00004426        0x2 c:/ti/ccsv6/tools/compiler/gcc_msp430_4.9.14r1_10/bin/../lib/gcc/msp430-elf/4.9.1/crtend.o
 *crtbegin*.o(.dtors)
 .dtors         0x00004428        0x2 c:/ti/ccsv6/tools/compiler/gcc_msp430_4.9.14r1_10/bin/../lib/gcc/msp430-elf/4.9.1/crtbegin.o
 *(EXCLUDE_FILE(*crtend*.o) .dtors)
 *(SORT(.dtors.*))
 *(.dtors)
 .dtors         0x0000442a        0x2 c:/ti/ccsv6/tools/compiler/gcc_msp430_4.9.14r1_10/bin/../lib/gcc/msp430-elf/4.9.1/crtend.o
                0x0000442a                __DTOR_END__

.text           0x0000442c     0x4408
                0x0000442c                . = ALIGN (0x2)
                0x0000442c                PROVIDE (_start, .)
 *(SORT(.crt_*))
 .crt_0000init  0x0000442c        0xa c:/ti/ccsv6/tools/compiler/gcc_msp430_4.9.14r1_10/bin/../lib/gcc/msp430-elf/4.9.1/../../../../msp430-elf/lib/crt0.o
                0x0000442c                __start
 .crt_0100bss   0x00004436        0xe c:/ti/ccsv6/tools/compiler/gcc_msp430_4.9.14r1_10/bin/../lib/gcc/msp430-elf/4.9.1/../../../../msp430-elf/lib\libcrt.a(crt_bss.o)
                0x00004436                __crt0_init_bss
 .crt_0200movedata
                0x00004444       0x14 c:/ti/ccsv6/tools/compiler/gcc_msp430_4.9.14r1_10/bin/../lib/gcc/msp430-elf/4.9.1/../../../../msp430-elf/lib\libcrt.a(crt_movedata.o)
                0x00004444                __crt0_movedata
 .crt_0300main  0x00004458        0xa c:/ti/ccsv6/tools/compiler/gcc_msp430_4.9.14r1_10/bin/../lib/gcc/msp430-elf/4.9.1/../../../../msp430-elf/lib\libcrt.a(crt_main.o)
                0x00004458                __crt0_call_init_then_main
 .crt_0500main_init
                0x00004462       0x3c c:/ti/ccsv6/tools/compiler/gcc_msp430_4.9.14r1_10/bin/../lib/gcc/msp430-elf/4.9.1/../../../../msp430-elf/lib/crt0.o
                0x00004462                _msp430_run_init_array
                0x00004470                _msp430_run_preinit_array
                0x0000447e                _msp430_run_fini_array
 *(.lowtext .text .stub .text.* .gnu.linkonce.t.* .text:*)
 .text          0x0000449e        0x0 c:/ti/ccsv6/tools/compiler/gcc_msp430_4.9.14r1_10/bin/../lib/gcc/msp430-elf/4.9.1/../../../../msp430-elf/lib/crt0.o
 .text          0x0000449e       0xc8 c:/ti/ccsv6/tools/compiler/gcc_msp430_4.9.14r1_10/bin/../lib/gcc/msp430-elf/4.9.1/crtbegin.o
 .text          0x00004566      0x11e ./usci_a1_uart_115200_XT2_4MHz.o
                0x00004566                main
                0x00004616                USCI_A1_ISR
 .text          0x00004684        0x0 ./driverlib/MSP430F5xx_6xx/adc10_a.o
 .text          0x00004684      0x1e6 ./driverlib/MSP430F5xx_6xx/adc12_a.o
                0x00004684                ADC12_A_init
                0x000046ca                ADC12_A_enable
                0x000046d2                ADC12_A_disable
                0x000046da                ADC12_A_setupSamplingTimer
                0x000046f4                ADC12_A_disableSamplingTimer
                0x000046fc                ADC12_A_configureMemory
                0x00004716                ADC12_A_memoryConfigure
                0x00004768                ADC12_A_enableInterrupt
                0x00004780                ADC12_A_disableInterrupt
                0x00004798                ADC12_A_clearInterrupt
                0x0000479e                ADC12_A_getInterruptStatus
                0x000047a6                ADC12_A_startConversion
                0x000047e0                ADC12_A_disableConversions
                0x00004800                ADC12_A_getResults
                0x00004810                ADC12_A_setResolution
                0x0000481e                ADC12_A_setSampleHoldSignalInversion
                0x0000482c                ADC12_A_setDataReadBackFormat
                0x00004838                ADC12_A_enableReferenceBurst
                0x0000483e                ADC12_A_disableReferenceBurst
                0x00004844                ADC12_A_setReferenceBufferSamplingRate
                0x00004850                ADC12_A_getMemoryAddressForDMA
                0x00004860                ADC12_A_isBusy
 .text          0x0000486a        0x0 ./driverlib/MSP430F5xx_6xx/aes.o
 .text          0x0000486a        0x0 ./driverlib/MSP430F5xx_6xx/battbak.o
 .text          0x0000486a      0x1de ./driverlib/MSP430F5xx_6xx/comp_b.o
                0x0000486a                Comp_B_initialize
                0x00004902                Comp_B_init
                0x0000492a                Comp_B_configureReferenceVoltage
                0x00004988                Comp_B_setReferenceVoltage
                0x000049a6                Comp_B_enableInterrupt
                0x000049ac                Comp_B_disableInterrupt
                0x000049b2                Comp_B_clearInterrupt
                0x000049b8                Comp_B_getInterruptStatus
                0x000049c0                Comp_B_interruptSetEdgeDirection
                0x000049d6                Comp_B_interruptToggleEdgeDirection
                0x000049dc                Comp_B_enable
                0x000049e4                Comp_B_disable
                0x000049ec                Comp_B_shortInputs
                0x000049f4                Comp_B_unshortInputs
                0x000049fc                Comp_B_disableInputBuffer
                0x00004a1a                Comp_B_enableInputBuffer
                0x00004a38                Comp_B_IOSwap
                0x00004a40                Comp_B_outputValue
 .text          0x00004a48       0x2e ./driverlib/MSP430F5xx_6xx/crc.o
                0x00004a48                CRC_setSeed
                0x00004a4e                CRC_set16BitData
                0x00004a54                CRC_set8BitData
                0x00004a5a                CRC_set16BitDataReversed
                0x00004a60                CRC_set8BitDataReversed
                0x00004a66                CRC_getData
                0x00004a6a                CRC_getResult
                0x00004a70                CRC_getResultBitsReversed
 .text          0x00004a76        0x0 ./driverlib/MSP430F5xx_6xx/dac12_a.o
 .text          0x00004a76      0x18e ./driverlib/MSP430F5xx_6xx/dma.o
                0x00004a76                DMA_initialize
                0x00004aca                DMA_init
                0x00004b18                DMA_setTransferSize
                0x00004b22                DMA_setSrcAddress
                0x00004b4e                DMA_setDstAddress
                0x00004b7e                DMA_enableTransfers
                0x00004b8a                DMA_disableTransfers
                0x00004b96                DMA_startTransfer
                0x00004ba0                DMA_enableInterrupt
                0x00004baa                DMA_disableInterrupt
                0x00004bb4                DMA_getInterruptStatus
                0x00004bc0                DMA_clearInterrupt
                0x00004bca                DMA_NMIAbortStatus
                0x00004bd6                DMA_clearNMIAbort
                0x00004be0                DMA_disableTransferDuringReadModifyWrite
                0x00004be6                DMA_enableTransferDuringReadModifyWrite
                0x00004bec                DMA_enableRoundRobinPriority
                0x00004bf2                DMA_disableRoundRobinPriority
                0x00004bf8                DMA_enableNMIAbort
                0x00004bfe                DMA_disableNMIAbort
 .text          0x00004c04        0x0 ./driverlib/MSP430F5xx_6xx/eusci_a_spi.o
 .text          0x00004c04        0x0 ./driverlib/MSP430F5xx_6xx/eusci_a_uart.o
 .text          0x00004c04        0x0 ./driverlib/MSP430F5xx_6xx/eusci_b_i2c.o
 .text          0x00004c04        0x0 ./driverlib/MSP430F5xx_6xx/eusci_b_spi.o
 .text          0x00004c04        0x0 ./driverlib/MSP430F5xx_6xx/eusci_i2c.o
 .text          0x00004c04        0x0 ./driverlib/MSP430F5xx_6xx/eusci_spi.o
 .text          0x00004c04        0x0 ./driverlib/MSP430F5xx_6xx/eusci_uart.o
 .text          0x00004c04      0x1d2 ./driverlib/MSP430F5xx_6xx/flashctl.o
                0x00004c04                FlashCtl_segmentErase
                0x00004c28                FlashCtl_bankErase
                0x00004c56                FlashCtl_massErase
                0x00004c84                FlashCtl_eraseCheck
                0x00004ca4                FlashCtl_write8
                0x00004ce0                FlashCtl_write16
                0x00004d1e                FlashCtl_write32
                0x00004d62                FlashCtl_memoryFill32
                0x00004d96                FlashCtl_status
                0x00004d9c                FlashCtl_lockInfoA
                0x00004dbc                FlashCtl_unlockInfoA
 .text          0x00004dd6      0x20c ./driverlib/MSP430F5xx_6xx/gpio.o
                0x00004dd6                GPIO_setAsOutputPin
                0x00004df4                GPIO_setAsInputPin
                0x00004e18                GPIO_setAsPeripheralModuleFunctionOutputPin
                0x00004e36                GPIO_setAsPeripheralModuleFunctionInputPin
                0x00004e54                GPIO_setOutputHighOnPin
                0x00004e6e                GPIO_setOutputLowOnPin
                0x00004e88                GPIO_toggleOutputOnPin
                0x00004ea2                GPIO_setAsInputPinWithPullDownResistor
                0x00004ecc                GPIO_setAsInputPinWithPullUpResistor
                0x00004ef6                GPIO_getInputPinValue
                0x00004f1a                GPIO_enableInterrupt
                0x00004f34                GPIO_disableInterrupt
                0x00004f4e                GPIO_getInterruptStatus
                0x00004f6a                GPIO_clearInterruptFlag
                0x00004f84                GPIO_interruptEdgeSelect
                0x00004fb4                GPIO_setDriveStrength
 .text          0x00004fe2        0x0 ./driverlib/MSP430F5xx_6xx/ldopwr.o
 .text          0x00004fe2      0x286 ./driverlib/MSP430F5xx_6xx/mpy32.o
                0x00004fe2                MPY32_setWriteDelay
                0x00004ff2                MPY32_enableSaturationMode
                0x00004ff8                MPY32_disableSaturationMode
                0x00004ffe                MPY32_getSaturationMode
                0x00005006                MPY32_enableFractionalMode
                0x0000500c                MPY32_disableFractionalMode
                0x00005012                MPY32_getFractionalMode
                0x0000501a                MPY32_setOperandOne8Bit
                0x00005024                MPY32_setOperandOne16Bit
                0x0000502e                MPY32_setOperandOne24Bit
                0x00005056                MPY32_setOperandOne32Bit
                0x0000507e                MPY32_setOperandTwo8Bit
                0x00005084                MPY32_setOperandTwo16Bit
                0x0000508a                MPY32_setOperandTwo24Bit
                0x0000509c                MPY32_setOperandTwo32Bit
                0x000050ae                MPY32_getResult8Bit
                0x000050b4                MPY32_getResult16Bit
                0x000050ba                MPY32_getResult24Bit
                0x000050d4                MPY32_getResult32Bit
                0x000050ee                MPY32_getResult64Bit
                0x00005114                MPY32_getResult
                0x00005206                MPY32_getSumExtension
                0x0000520c                MPY32_getCarryBitValue
                0x00005214                MPY32_clearCarryBitValue
                0x0000521a                MPY32_preloadResult
 .text          0x00005268       0x6a ./driverlib/MSP430F5xx_6xx/pmap.o
                0x00005268                PMAP_initPorts
                0x000052b0                PMAP_configurePorts
 .text          0x000052d2      0x4a4 ./driverlib/MSP430F5xx_6xx/pmm.o
                0x000052d2                PMM_enableSvsL
                0x000052e8                PMM_disableSvsL
                0x000052fe                PMM_enableSvmL
                0x00005314                PMM_disableSvmL
                0x0000532a                PMM_enableSvsH
                0x00005340                PMM_disableSvsH
                0x00005356                PMM_enableSvmH
                0x0000536c                PMM_disableSvmH
                0x00005382                PMM_enableSvsLSvmL
                0x00005398                PMM_disableSvsLSvmL
                0x000053ae                PMM_enableSvsHSvmH
                0x000053c4                PMM_disableSvsHSvmH
                0x000053da                PMM_enableSvsLReset
                0x000053f0                PMM_disableSvsLReset
                0x00005406                PMM_enableSvmLInterrupt
                0x0000541a                PMM_disableSvmLInterrupt
                0x0000542e                PMM_enableSvsHReset
                0x00005444                PMM_disableSvsHReset
                0x0000545a                PMM_enableSvmHInterrupt
                0x00005470                PMM_disableSvmHInterrupt
                0x00005486                PMM_clearPMMIFGS
                0x0000549a                PMM_SvsLEnabledInLPMFastWake
                0x000054ba                PMM_SvsLEnabledInLPMSlowWake
                0x000054da                PMM_SvsLDisabledInLPMFastWake
                0x000054fa                PMM_SvsLDisabledInLPMSlowWake
                0x00005510                PMM_SvsHEnabledInLPMNormPerf
                0x00005530                PMM_SvsHEnabledInLPMFullPerf
                0x00005550                PMM_SvsHDisabledInLPMNormPerf
                0x00005566                PMM_SvsHDisabledInLPMFullPerf
                0x00005586                PMM_SvsLOptimizedInLPMFastWake
                0x0000559c                PMM_SvsHOptimizedInLPMFullPerf
                0x000055b2                PMM_setVCoreUp
                0x00005686                PMM_setVCoreDown
                0x0000571a                PMM_setVCore
                0x00005770                PMM_getInterruptStatus
 .text          0x00005776       0x14 ./driverlib/MSP430F5xx_6xx/ram.o
                0x00005776                RAM_setSectorOff
                0x00005784                RAM_getSectorState
 .text          0x0000578a       0x56 ./driverlib/MSP430F5xx_6xx/ref.o
                0x0000578a                Ref_setReferenceVoltage
                0x00005796                Ref_disableTempSensor
                0x0000579c                Ref_enableTempSensor
                0x000057a2                Ref_enableReferenceVoltageOutput
                0x000057a8                Ref_disableReferenceVoltageOutput
                0x000057ae                Ref_enableReferenceVoltage
                0x000057b4                Ref_disableReferenceVoltage
                0x000057ba                Ref_getBandgapMode
                0x000057c2                Ref_isBandgapActive
                0x000057ce                Ref_isRefGenBusy
                0x000057d6                Ref_isRefGenActive
 .text          0x000057e0      0x344 ./driverlib/MSP430F5xx_6xx/rtc_a.o
                0x000057e0                RTC_A_startClock
                0x000057e8                RTC_A_holdClock
                0x000057f0                RTC_A_setCalibrationFrequency
                0x000057fe                RTC_A_setCalibrationData
                0x00005806                RTC_A_initCounter
                0x00005824                RTC_A_initCalendar
                0x0000585e                RTC_A_calendarInit
                0x000058dc                RTC_A_getCalendarTime
                0x00005922                RTC_A_configureCalendarAlarm
                0x00005952                RTC_A_setCalendarAlarm
                0x00005970                RTC_A_setCalendarEvent
                0x0000597c                RTC_A_getCounterValue
                0x000059b0                RTC_A_setCounterValue
                0x000059d0                RTC_A_initCounterPrescale
                0x000059de                RTC_A_holdCounterPrescale
                0x000059ee                RTC_A_startCounterPrescale
                0x000059fe                RTC_A_definePrescaleEvent
                0x00005a12                RTC_A_getPrescaleValue
                0x00005a4a                RTC_A_setPrescaleValue
                0x00005a68                RTC_A_enableInterrupt
                0x00005a8c                RTC_A_disableInterrupt
                0x00005ab2                RTC_A_getInterruptStatus
                0x00005afc                RTC_A_clearInterrupt
 .text          0x00005b24        0x0 ./driverlib/MSP430F5xx_6xx/rtc_b.o
 .text          0x00005b24        0x0 ./driverlib/MSP430F5xx_6xx/rtc_c.o
 .text          0x00005b24        0x0 ./driverlib/MSP430F5xx_6xx/sd24_b.o
 .text          0x00005b24       0x44 ./driverlib/MSP430F5xx_6xx/sfr.o
                0x00005b24                SFR_enableInterrupt
                0x00005b2a                SFR_disableInterrupt
                0x00005b30                SFR_getInterruptStatus
                0x00005b36                SFR_clearInterrupt
                0x00005b3c                SFR_setResetPinPullResistor
                0x00005b4c                SFR_setNMIEdge
                0x00005b5a                SFR_setResetNMIPinFunction
 .text          0x00005b68       0xc6 ./driverlib/MSP430F5xx_6xx/sysctl.o
                0x00005b68                SysCtl_enableDedicatedJTAGPins
                0x00005b70                SysCtl_getBSLEntryIndication
                0x00005b7a                SysCtl_enablePMMAccessProtect
                0x00005b80                SysCtl_enableRAMBasedInterruptVectors
                0x00005b86                SysCtl_disableRAMBasedInterruptVectors
                0x00005b8c                SysCtl_enableBSLProtect
                0x00005b94                SysCtl_disableBSLProtect
                0x00005b9c                SysCtl_enableBSLMemory
                0x00005ba4                SysCtl_disableBSLMemory
                0x00005bac                SysCtl_setRAMAssignedToBSL
                0x00005bba                SysCtl_setBSLSize
                0x00005bca                SysCtl_JTAGMailboxInit
                0x00005bdc                SysCtl_getJTAGMailboxFlagStatus
                0x00005be2                SysCtl_clearJTAGMailboxFlagStatus
                0x00005be8                SysCtl_getJTAGInboxMessage16Bit
                0x00005bf2                SysCtl_getJTAGInboxMessage32Bit
                0x00005c12                SysCtl_setJTAGOutgoingMessage16Bit
                0x00005c1c                SysCtl_setJTAGOutgoingMessage32Bit
 .text          0x00005c2e        0x0 ./driverlib/MSP430F5xx_6xx/tec.o
 .text          0x00005c2e      0x526 ./driverlib/MSP430F5xx_6xx/timer_a.o
                0x00005c2e                Timer_A_startCounter
                0x00005c34                Timer_A_initContinuousMode
                0x00005c88                Timer_A_configureContinuousMode
                0x00005cc4                Timer_A_initUpMode
                0x00005d3a                Timer_A_configureUpMode
                0x00005d82                Timer_A_initUpDownMode
                0x00005df8                Timer_A_configureUpDownMode
                0x00005e40                Timer_A_startContinuousMode
                0x00005e80                Timer_A_startContinousMode
                0x00005e90                Timer_A_startUpMode
                0x00005edc                Timer_A_startUpDownMode
                0x00005f28                Timer_A_initCaptureMode
                0x00005f58                Timer_A_initCapture
                0x00005fa0                Timer_A_initCompareMode
                0x00005fce                Timer_A_initCompare
                0x00005fec                Timer_A_enableInterrupt
                0x00005ff2                Timer_A_disableInterrupt
                0x00005ff8                Timer_A_getInterruptStatus
                0x00006000                Timer_A_enableCaptureCompareInterrupt
                0x0000600a                Timer_A_disableCaptureCompareInterrupt
                0x00006014                Timer_A_getCaptureCompareInterruptStatus
                0x0000601e                Timer_A_clear
                0x00006024                Timer_A_getSynchronizedCaptureCompareInput
                0x00006036                Timer_A_getOutputForOutputModeOutBitValue
                0x00006044                Timer_A_getCaptureCompareCount
                0x0000604c                Timer_A_setOutputForOutputModeOutBitValue
                0x0000605c                Timer_A_outputPWM
                0x000060c0                Timer_A_generatePWM
                0x00006108                Timer_A_stop
                0x00006110                Timer_A_setCompareValue
                0x00006118                Timer_A_clearTimerInterruptFlag
                0x0000611e                Timer_A_clearCaptureCompareInterruptFlag
                0x00006126                Timer_A_getCounterValue
 .text          0x00006154      0x54c ./driverlib/MSP430F5xx_6xx/timer_b.o
                0x00006154                Timer_B_startCounter
                0x0000615a                Timer_B_initContinuousMode
                0x000061ae                Timer_B_configureContinuousMode
                0x000061ea                Timer_B_initUpMode
                0x00006260                Timer_B_configureUpMode
                0x000062a8                Timer_B_initUpDownMode
                0x0000631e                Timer_B_configureUpDownMode
                0x00006366                Timer_B_startContinuousMode
                0x000063a6                Timer_B_startContinousMode
                0x000063b6                Timer_B_startUpMode
                0x00006402                Timer_B_startUpDownMode
                0x0000644e                Timer_B_initCaptureMode
                0x0000647e                Timer_B_initCapture
                0x000064c6                Timer_B_initCompareMode
                0x000064f4                Timer_B_initCompare
                0x00006512                Timer_B_enableInterrupt
                0x00006518                Timer_B_disableInterrupt
                0x0000651e                Timer_B_getInterruptStatus
                0x00006526                Timer_B_enableCaptureCompareInterrupt
                0x00006530                Timer_B_disableCaptureCompareInterrupt
                0x0000653a                Timer_B_getCaptureCompareInterruptStatus
                0x00006544                Timer_B_clear
                0x0000654a                Timer_B_getSynchronizedCaptureCompareInput
                0x0000655c                Timer_B_getOutputForOutputModeOutBitValue
                0x0000656a                Timer_B_getCaptureCompareCount
                0x00006572                Timer_B_setOutputForOutputModeOutBitValue
                0x00006582                Timer_B_outputPWM
                0x000065e6                Timer_B_generatePWM
                0x0000662e                Timer_B_stop
                0x00006636                Timer_B_setCompareValue
                0x0000663e                Timer_B_clearTimerInterruptFlag
                0x00006644                Timer_B_clearCaptureCompareInterruptFlag
                0x0000664c                Timer_B_selectCounterLength
                0x00006658                Timer_B_selectLatchingGroup
                0x00006664                Timer_B_initCompareLatchLoadEvent
                0x00006672                Timer_B_getCounterValue
 .text          0x000066a0        0x0 ./driverlib/MSP430F5xx_6xx/timer_d.o
 .text          0x000066a0      0x1a8 ./driverlib/MSP430F5xx_6xx/tlv.o
                0x000066a0                TLV_getInfo
                0x00006704                TLV_getDeviceType
                0x0000670a                TLV_getMemory
                0x0000675a                TLV_getPeripheral
                0x000067de                TLV_getInterrupt
 .text          0x00006848      0x748 ./driverlib/MSP430F5xx_6xx/ucs.o
                0x00006a62                UCS_setExternalClockSource
                0x00006a74                UCS_clockSignalInit
                0x00006b1c                UCS_LFXT1Start
                0x00006b64                UCS_HFXT1Start
                0x00006b9e                UCS_bypassXT1
                0x00006bdc                UCS_LFXT1StartWithTimeout
                0x00006c36                UCS_HFXT1StartWithTimeout
                0x00006c82                UCS_bypassXT1WithTimeout
                0x00006cdc                UCS_XT1Off
                0x00006ce2                UCS_XT2Start
                0x00006d18                UCS_bypassXT2
                0x00006d32                UCS_XT2StartWithTimeout
                0x00006d7e                UCS_bypassXT2WithTimeout
                0x00006daa                UCS_XT2Off
                0x00006db2                UCS_initFLL
                0x00006eba                UCS_initFLLSettle
                0x00006ef6                UCS_enableClockRequest
                0x00006efc                UCS_disableClockRequest
                0x00006f02                UCS_faultFlagStatus
                0x00006f08                UCS_clearFaultFlag
                0x00006f0e                UCS_SMCLKOff
                0x00006f14                UCS_SMCLKOn
                0x00006f1a                UCS_getACLK
                0x00006f38                UCS_getSMCLK
                0x00006f56                UCS_getMCLK
                0x00006f6c                UCS_clearAllOscFlagsWithTimeout
 .text          0x00006f90      0x18e ./driverlib/MSP430F5xx_6xx/usci_a_spi.o
                0x00006f90                USCI_A_SPI_initMaster
                0x00006fea                USCI_A_SPI_masterInit
                0x00007042                USCI_A_SPI_changeMasterClock
                0x00007070                USCI_A_SPI_masterChangeClock
                0x000070a2                USCI_A_SPI_slaveInit
                0x000070ba                USCI_A_SPI_changeClockPhasePolarity
                0x000070d4                USCI_A_SPI_transmitData
                0x000070da                USCI_A_SPI_receiveData
                0x000070e0                USCI_A_SPI_enableInterrupt
                0x000070e6                USCI_A_SPI_disableInterrupt
                0x000070ec                USCI_A_SPI_getInterruptStatus
                0x000070f4                USCI_A_SPI_clearInterruptFlag
                0x000070fa                USCI_A_SPI_enable
                0x00007100                USCI_A_SPI_disable
                0x00007106                USCI_A_SPI_getReceiveBufferAddressForDMA
                0x0000710e                USCI_A_SPI_getTransmitBufferAddressForDMA
                0x00007116                USCI_A_SPI_isBusy
 .text          0x0000711e      0x1f4 ./driverlib/MSP430F5xx_6xx/usci_a_uart.o
                0x0000711e                USCI_A_UART_init
                0x000071bc                USCI_A_UART_initAdvance
                0x0000721e                USCI_A_UART_transmitData
                0x0000723a                USCI_A_UART_receiveData
                0x00007252                USCI_A_UART_enableInterrupt
                0x0000726a                USCI_A_UART_disableInterrupt
                0x00007292                USCI_A_UART_getInterruptStatus
                0x0000729a                USCI_A_UART_clearInterruptFlag
                0x000072a0                USCI_A_UART_enable
                0x000072a6                USCI_A_UART_disable
                0x000072ac                USCI_A_UART_queryStatusFlags
                0x000072b4                USCI_A_UART_setDormant
                0x000072ba                USCI_A_UART_resetDormant
                0x000072c0                USCI_A_UART_transmitAddress
                0x000072ca                USCI_A_UART_transmitBreak
                0x00007302                USCI_A_UART_getReceiveBufferAddressForDMA
                0x0000730a                USCI_A_UART_getTransmitBufferAddressForDMA
 .text          0x00007312      0x49c ./driverlib/MSP430F5xx_6xx/usci_b_i2c.o
                0x00007312                USCI_B_I2C_initMaster
                0x00007346                USCI_B_I2C_masterInit
                0x0000738c                USCI_B_I2C_slaveInit
                0x000073a8                USCI_B_I2C_enable
                0x000073ae                USCI_B_I2C_disable
                0x000073b4                USCI_B_I2C_setSlaveAddress
                0x000073be                USCI_B_I2C_setMode
                0x000073ca                USCI_B_I2C_slaveDataPut
                0x000073d0                USCI_B_I2C_slaveDataGet
                0x000073d6                USCI_B_I2C_isBusBusy
                0x000073e0                USCI_B_I2C_isBusy
                0x000073f6                USCI_B_I2C_masterIsStopSent
                0x000073fc                USCI_B_I2C_masterIsStartSent
                0x00007402                USCI_B_I2C_masterSendStart
                0x00007408                USCI_B_I2C_enableInterrupt
                0x0000740e                USCI_B_I2C_disableInterrupt
                0x00007414                USCI_B_I2C_clearInterruptFlag
                0x0000741a                USCI_B_I2C_getInterruptStatus
                0x00007422                USCI_B_I2C_masterSendSingleByte
                0x0000745e                USCI_B_I2C_masterSendSingleByteWithTimeout
                0x000074d4                USCI_B_I2C_masterMultiByteSendStart
                0x00007502                USCI_B_I2C_masterMultiByteSendStartWithTimeout
                0x00007556                USCI_B_I2C_masterMultiByteSendNext
                0x00007572                USCI_B_I2C_masterMultiByteSendNextWithTimeout
                0x000075b2                USCI_B_I2C_masterMultiByteSendFinish
                0x000075d8                USCI_B_I2C_masterMultiByteSendFinishWithTimeout
                0x00007636                USCI_B_I2C_masterMultiByteSendStop
                0x0000764e                USCI_B_I2C_masterMultiByteSendStopWithTimeout
                0x00007686                USCI_B_I2C_masterMultiByteReceiveStart
                0x00007692                USCI_B_I2C_masterMultiByteReceiveNext
                0x00007698                USCI_B_I2C_masterMultiByteReceiveFinish
                0x000076b4                USCI_B_I2C_masterMultiByteReceiveFinishWithTimeout
                0x00007718                USCI_B_I2C_masterMultiByteReceiveStop
                0x0000771e                USCI_B_I2C_masterSingleReceiveStart
                0x0000773c                USCI_B_I2C_masterSingleReceiveStartWithTimeout
                0x00007786                USCI_B_I2C_masterSingleReceive
                0x0000779e                USCI_B_I2C_getReceiveBufferAddressForDMA
                0x000077a6                USCI_B_I2C_getTransmitBufferAddressForDMA
 .text          0x000077ae      0x188 ./driverlib/MSP430F5xx_6xx/usci_b_spi.o
                0x000077ae                USCI_B_SPI_initMaster
                0x00007802                USCI_B_SPI_masterInit
                0x0000785a                USCI_B_SPI_changeMasterClock
                0x00007888                USCI_B_SPI_masterChangeClock
                0x000078ba                USCI_B_SPI_slaveInit
                0x000078d2                USCI_B_SPI_changeClockPhasePolarity
                0x000078ec                USCI_B_SPI_transmitData
                0x000078f2                USCI_B_SPI_receiveData
                0x000078f8                USCI_B_SPI_enableInterrupt
                0x000078fe                USCI_B_SPI_disableInterrupt
                0x00007904                USCI_B_SPI_getInterruptStatus
                0x0000790c                USCI_B_SPI_clearInterruptFlag
                0x00007912                USCI_B_SPI_enable
                0x00007918                USCI_B_SPI_disable
                0x0000791e                USCI_B_SPI_getReceiveBufferAddressForDMA
                0x00007926                USCI_B_SPI_getTransmitBufferAddressForDMA
                0x0000792e                USCI_B_SPI_isBusy
 .text          0x00007936      0x49c ./driverlib/MSP430F5xx_6xx/usci_i2c.o
                0x00007936                USCI_I2C_initMaster
                0x0000796a                USCI_I2C_masterInit
                0x000079b0                USCI_I2C_slaveInit
                0x000079cc                USCI_I2C_enable
                0x000079d2                USCI_I2C_disable
                0x000079d8                USCI_I2C_setSlaveAddress
                0x000079e2                USCI_I2C_setMode
                0x000079ee                USCI_I2C_slaveDataPut
                0x000079f4                USCI_I2C_slaveDataGet
                0x000079fa                USCI_I2C_isBusBusy
                0x00007a04                USCI_I2C_isBusy
                0x00007a1a                USCI_I2C_masterIsStopSent
                0x00007a20                USCI_I2C_masterIsStartSent
                0x00007a26                USCI_I2C_masterSendStart
                0x00007a2c                USCI_I2C_enableInterrupt
                0x00007a32                USCI_I2C_disableInterrupt
                0x00007a38                USCI_I2C_clearInterruptFlag
                0x00007a3e                USCI_I2C_getInterruptStatus
                0x00007a46                USCI_I2C_masterSendSingleByte
                0x00007a82                USCI_I2C_masterSendSingleByteWithTimeout
                0x00007af8                USCI_I2C_masterMultiByteSendStart
                0x00007b26                USCI_I2C_masterMultiByteSendStartWithTimeout
                0x00007b7a                USCI_I2C_masterMultiByteSendNext
                0x00007b96                USCI_I2C_masterMultiByteSendNextWithTimeout
                0x00007bd6                USCI_I2C_masterMultiByteSendFinish
                0x00007bfc                USCI_I2C_masterMultiByteSendFinishWithTimeout
                0x00007c5a                USCI_I2C_masterMultiByteSendStop
                0x00007c72                USCI_I2C_masterMultiByteSendStopWithTimeout
                0x00007caa                USCI_I2C_masterMultiByteReceiveStart
                0x00007cb6                USCI_I2C_masterMultiByteReceiveNext
                0x00007cbc                USCI_I2C_masterMultiByteReceiveFinish
                0x00007cd8                USCI_I2C_masterMultiByteReceiveFinishWithTimeout
                0x00007d3c                USCI_I2C_masterMultiByteReceiveStop
                0x00007d42                USCI_I2C_masterSingleReceiveStart
                0x00007d60                USCI_I2C_masterSingleReceiveStartWithTimeout
                0x00007daa                USCI_I2C_masterSingleReceive
                0x00007dc2                USCI_I2C_getReceiveBufferAddressForDMA
                0x00007dca                USCI_I2C_getTransmitBufferAddressForDMA
 .text          0x00007dd2      0x18e ./driverlib/MSP430F5xx_6xx/usci_spi.o
                0x00007dd2                USCI_SPI_initMaster
                0x00007e2c                USCI_SPI_masterInit
                0x00007e84                USCI_SPI_changeMasterClock
                0x00007eb2                USCI_SPI_masterChangeClock
                0x00007ee4                USCI_SPI_slaveInit
                0x00007efc                USCI_SPI_changeClockPhasePolarity
                0x00007f16                USCI_SPI_transmitData
                0x00007f1c                USCI_SPI_receiveData
                0x00007f22                USCI_SPI_enableInterrupt
                0x00007f28                USCI_SPI_disableInterrupt
                0x00007f2e                USCI_SPI_getInterruptStatus
                0x00007f36                USCI_SPI_clearInterruptFlag
                0x00007f3c                USCI_SPI_enable
                0x00007f42                USCI_SPI_disable
                0x00007f48                USCI_SPI_getReceiveBufferAddressForDMA
                0x00007f50                USCI_SPI_getTransmitBufferAddressForDMA
                0x00007f58                USCI_SPI_isBusy
 .text          0x00007f60      0x1f4 ./driverlib/MSP430F5xx_6xx/usci_uart.o
                0x00007f60                USCI_UART_init
                0x00007ffe                USCI_UART_initAdvance
                0x00008060                USCI_UART_transmitData
                0x0000807c                USCI_UART_receiveData
                0x00008094                USCI_UART_enableInterrupt
                0x000080ac                USCI_UART_disableInterrupt
                0x000080d4                USCI_UART_getInterruptStatus
                0x000080dc                USCI_UART_clearInterruptFlag
                0x000080e2                USCI_UART_enable
                0x000080e8                USCI_UART_disable
                0x000080ee                USCI_UART_queryStatusFlags
                0x000080f6                USCI_UART_setDormant
                0x000080fc                USCI_UART_resetDormant
                0x00008102                USCI_UART_transmitAddress
                0x0000810c                USCI_UART_transmitBreak
                0x00008144                USCI_UART_getReceiveBufferAddressForDMA
                0x0000814c                USCI_UART_getTransmitBufferAddressForDMA
 .text          0x00008154       0x68 ./driverlib/MSP430F5xx_6xx/wdt_a.o
                0x00008154                WDT_A_hold
                0x0000816c                WDT_A_start
                0x0000817e                WDT_A_resetTimer
                0x00008194                WDT_A_watchdogTimerInit
                0x000081a8                WDT_A_intervalTimerInit
 .text          0x000081bc        0x0 c:/ti/ccsv6/tools/compiler/gcc_msp430_4.9.14r1_10/bin/../lib/gcc/msp430-elf/4.9.1/../../../../msp430-elf/lib\libc.a(lib_a-memset.o)
 .text.memset   0x000081bc       0x14 c:/ti/ccsv6/tools/compiler/gcc_msp430_4.9.14r1_10/bin/../lib/gcc/msp430-elf/4.9.1/../../../../msp430-elf/lib\libc.a(lib_a-memset.o)
                0x000081bc                memset
 .text          0x000081d0        0x0 c:/ti/ccsv6/tools/compiler/gcc_msp430_4.9.14r1_10/bin/../lib/gcc/msp430-elf/4.9.1\libgcc.a(_lshrdi3.o)
 .text.__lshrdi3
                0x000081d0       0x7e c:/ti/ccsv6/tools/compiler/gcc_msp430_4.9.14r1_10/bin/../lib/gcc/msp430-elf/4.9.1\libgcc.a(_lshrdi3.o)
                0x000081d0                __lshrdi3
 .text          0x0000824e        0x0 c:/ti/ccsv6/tools/compiler/gcc_msp430_4.9.14r1_10/bin/../lib/gcc/msp430-elf/4.9.1\libgcc.a(_ashldi3.o)
 .text.__ashldi3
                0x0000824e       0x76 c:/ti/ccsv6/tools/compiler/gcc_msp430_4.9.14r1_10/bin/../lib/gcc/msp430-elf/4.9.1\libgcc.a(_ashldi3.o)
                0x0000824e                __ashldi3
 .text          0x000082c4        0x0 c:/ti/ccsv6/tools/compiler/gcc_msp430_4.9.14r1_10/bin/../lib/gcc/msp430-elf/4.9.1\libgcc.a(lib2divHI.o)
 .text.udivmodhi4
                0x000082c4       0x40 c:/ti/ccsv6/tools/compiler/gcc_msp430_4.9.14r1_10/bin/../lib/gcc/msp430-elf/4.9.1\libgcc.a(lib2divHI.o)
                0x000082c4                udivmodhi4
 .text.__divhi3
                0x00008304       0x4c c:/ti/ccsv6/tools/compiler/gcc_msp430_4.9.14r1_10/bin/../lib/gcc/msp430-elf/4.9.1\libgcc.a(lib2divHI.o)
                0x00008304                __mspabi_divi
 .text.__modhi3
                0x00008350       0x32 c:/ti/ccsv6/tools/compiler/gcc_msp430_4.9.14r1_10/bin/../lib/gcc/msp430-elf/4.9.1\libgcc.a(lib2divHI.o)
                0x00008350                __mspabi_remi
 .text.__udivhi3
                0x00008382        0x8 c:/ti/ccsv6/tools/compiler/gcc_msp430_4.9.14r1_10/bin/../lib/gcc/msp430-elf/4.9.1\libgcc.a(lib2divHI.o)
                0x00008382                __mspabi_divu
 .text.__umodhi3
                0x0000838a        0x8 c:/ti/ccsv6/tools/compiler/gcc_msp430_4.9.14r1_10/bin/../lib/gcc/msp430-elf/4.9.1\libgcc.a(lib2divHI.o)
                0x0000838a                __mspabi_remu
 .text          0x00008392        0x0 c:/ti/ccsv6/tools/compiler/gcc_msp430_4.9.14r1_10/bin/../lib/gcc/msp430-elf/4.9.1\libgcc.a(lib2divSI.o)
 .text.udivmodsi4
                0x00008392       0x72 c:/ti/ccsv6/tools/compiler/gcc_msp430_4.9.14r1_10/bin/../lib/gcc/msp430-elf/4.9.1\libgcc.a(lib2divSI.o)
                0x00008392                udivmodsi4
 .text.__divsi3
                0x00008404       0x7a c:/ti/ccsv6/tools/compiler/gcc_msp430_4.9.14r1_10/bin/../lib/gcc/msp430-elf/4.9.1\libgcc.a(lib2divSI.o)
                0x00008404                __mspabi_divli
 .text.__modsi3
                0x0000847e       0x58 c:/ti/ccsv6/tools/compiler/gcc_msp430_4.9.14r1_10/bin/../lib/gcc/msp430-elf/4.9.1\libgcc.a(lib2divSI.o)
                0x0000847e                __mspabi_remli
 .text.__udivsi3
                0x000084d6        0xe c:/ti/ccsv6/tools/compiler/gcc_msp430_4.9.14r1_10/bin/../lib/gcc/msp430-elf/4.9.1\libgcc.a(lib2divSI.o)
                0x000084d6                __mspabi_divlu
 .text.__umodsi3
                0x000084e4        0xe c:/ti/ccsv6/tools/compiler/gcc_msp430_4.9.14r1_10/bin/../lib/gcc/msp430-elf/4.9.1\libgcc.a(lib2divSI.o)
                0x000084e4                __mspabi_remul
 .text          0x000084f2       0x74 c:/ti/ccsv6/tools/compiler/gcc_msp430_4.9.14r1_10/bin/../lib/gcc/msp430-elf/4.9.1\libgcc.a(slli.o)
                0x000084f2                __mspabi_slli_15
                0x000084f4                __mspabi_slli_14
                0x000084f6                __mspabi_slli_13
                0x000084f8                __mspabi_slli_12
                0x000084fa                __mspabi_slli_11
                0x000084fc                __mspabi_slli_10
                0x000084fe                __mspabi_slli_9
                0x00008500                __mspabi_slli_8
                0x00008502                __mspabi_slli_7
                0x00008504                __mspabi_slli_6
                0x00008506                __mspabi_slli_5
                0x00008508                __mspabi_slli_4
                0x0000850a                __mspabi_slli_3
                0x0000850c                __mspabi_slli_2
                0x0000850e                __mspabi_slli_1
                0x00008516                __mspabi_slli
                0x0000851c                __mspabi_slll_15
                0x00008520                __mspabi_slll_14
                0x00008524                __mspabi_slll_13
                0x00008528                __mspabi_slll_12
                0x0000852c                __mspabi_slll_11
                0x00008530                __mspabi_slll_10
                0x00008534                __mspabi_slll_9
                0x00008538                __mspabi_slll_8
                0x0000853c                __mspabi_slll_7
                0x00008540                __mspabi_slll_6
                0x00008544                __mspabi_slll_5
                0x00008548                __mspabi_slll_4
                0x0000854c                __mspabi_slll_3
                0x00008550                __mspabi_slll_2
                0x00008554                __mspabi_slll_1
                0x00008560                __mspabi_slll
 .text          0x00008566       0xb4 c:/ti/ccsv6/tools/compiler/gcc_msp430_4.9.14r1_10/bin/../lib/gcc/msp430-elf/4.9.1\libgcc.a(srli.o)
                0x00008566                __mspabi_srli_15
                0x0000856a                __mspabi_srli_14
                0x0000856e                __mspabi_srli_13
                0x00008572                __mspabi_srli_12
                0x00008576                __mspabi_srli_11
                0x0000857a                __mspabi_srli_10
                0x0000857e                __mspabi_srli_9
                0x00008582                __mspabi_srli_8
                0x00008586                __mspabi_srli_7
                0x0000858a                __mspabi_srli_6
                0x0000858e                __mspabi_srli_5
                0x00008592                __mspabi_srli_4
                0x00008596                __mspabi_srli_3
                0x0000859a                __mspabi_srli_2
                0x0000859e                __mspabi_srli_1
                0x000085aa                __mspabi_srli
                0x000085b0                __mspabi_srll_15
                0x000085b6                __mspabi_srll_14
                0x000085bc                __mspabi_srll_13
                0x000085c2                __mspabi_srll_12
                0x000085c8                __mspabi_srll_11
                0x000085ce                __mspabi_srll_10
                0x000085d4                __mspabi_srll_9
                0x000085da                __mspabi_srll_8
                0x000085e0                __mspabi_srll_7
                0x000085e6                __mspabi_srll_6
                0x000085ec                __mspabi_srll_5
                0x000085f2                __mspabi_srll_4
                0x000085f8                __mspabi_srll_3
                0x000085fe                __mspabi_srll_2
                0x00008604                __mspabi_srll_1
                0x00008614                __mspabi_srll
 .text          0x0000861a        0x0 c:/ti/ccsv6/tools/compiler/gcc_msp430_4.9.14r1_10/bin/../lib/gcc/msp430-elf/4.9.1\libgcc.a(lib2hw_mul.o)
 *fill*         0x0000861a        0x2 
 .text.__mulhi2
                0x0000861c       0x14 c:/ti/ccsv6/tools/compiler/gcc_msp430_4.9.14r1_10/bin/../lib/gcc/msp430-elf/4.9.1\libgcc.a(lib2hw_mul.o)
                0x0000861c                __mulhi2
 .text.__mulsihi2
                0x00008630       0x18 c:/ti/ccsv6/tools/compiler/gcc_msp430_4.9.14r1_10/bin/../lib/gcc/msp430-elf/4.9.1\libgcc.a(lib2hw_mul.o)
                0x00008630                __mulsihi2
 .text.__umulsihi2
                0x00008648       0x18 c:/ti/ccsv6/tools/compiler/gcc_msp430_4.9.14r1_10/bin/../lib/gcc/msp430-elf/4.9.1\libgcc.a(lib2hw_mul.o)
                0x00008648                __umulsihi2
 .text.__mulsi2
                0x00008660       0x30 c:/ti/ccsv6/tools/compiler/gcc_msp430_4.9.14r1_10/bin/../lib/gcc/msp430-elf/4.9.1\libgcc.a(lib2hw_mul.o)
                0x00008660                __mulsi2
 .text.__mulsi2_hw32
                0x00008690       0x20 c:/ti/ccsv6/tools/compiler/gcc_msp430_4.9.14r1_10/bin/../lib/gcc/msp430-elf/4.9.1\libgcc.a(lib2hw_mul.o)
                0x00008690                __mulsi2_hw32
 .text.__muldisi2_hw32
                0x000086b0       0x28 c:/ti/ccsv6/tools/compiler/gcc_msp430_4.9.14r1_10/bin/../lib/gcc/msp430-elf/4.9.1\libgcc.a(lib2hw_mul.o)
                0x000086b0                __muldisi2_hw32
 .text.__umuldisi2_hw32
                0x000086d8       0x28 c:/ti/ccsv6/tools/compiler/gcc_msp430_4.9.14r1_10/bin/../lib/gcc/msp430-elf/4.9.1\libgcc.a(lib2hw_mul.o)
                0x000086d8                __umuldisi2_hw32
 .text.__mulhi2_f5
                0x00008700       0x14 c:/ti/ccsv6/tools/compiler/gcc_msp430_4.9.14r1_10/bin/../lib/gcc/msp430-elf/4.9.1\libgcc.a(lib2hw_mul.o)
                0x00008700                __mulhi2_f5
 .text.__mulsihi2_f5
                0x00008714       0x18 c:/ti/ccsv6/tools/compiler/gcc_msp430_4.9.14r1_10/bin/../lib/gcc/msp430-elf/4.9.1\libgcc.a(lib2hw_mul.o)
                0x00008714                __mulsihi2_f5
 .text.__umulsihi2_f5
                0x0000872c       0x18 c:/ti/ccsv6/tools/compiler/gcc_msp430_4.9.14r1_10/bin/../lib/gcc/msp430-elf/4.9.1\libgcc.a(lib2hw_mul.o)
                0x0000872c                __umulsihi2_f5
 .text.__mulsi2_f5
                0x00008744       0x20 c:/ti/ccsv6/tools/compiler/gcc_msp430_4.9.14r1_10/bin/../lib/gcc/msp430-elf/4.9.1\libgcc.a(lib2hw_mul.o)
                0x00008744                __mulsi2_f5
 .text.__muldisi2_f5
                0x00008764       0x28 c:/ti/ccsv6/tools/compiler/gcc_msp430_4.9.14r1_10/bin/../lib/gcc/msp430-elf/4.9.1\libgcc.a(lib2hw_mul.o)
                0x00008764                __muldisi2_f5
 .text.__umuldisi2_f5
                0x0000878c       0x28 c:/ti/ccsv6/tools/compiler/gcc_msp430_4.9.14r1_10/bin/../lib/gcc/msp430-elf/4.9.1\libgcc.a(lib2hw_mul.o)
                0x0000878c                __umuldisi2_f5
 .text          0x000087b4        0x0 c:/ti/ccsv6/tools/compiler/gcc_msp430_4.9.14r1_10/bin/../lib/gcc/msp430-elf/4.9.1/../../../../msp430-elf/lib\libcrt.a(crt_bss.o)
 .text          0x000087b4        0x0 c:/ti/ccsv6/tools/compiler/gcc_msp430_4.9.14r1_10/bin/../lib/gcc/msp430-elf/4.9.1/../../../../msp430-elf/lib\libcrt.a(crt_movedata.o)
 .text          0x000087b4        0x0 c:/ti/ccsv6/tools/compiler/gcc_msp430_4.9.14r1_10/bin/../lib/gcc/msp430-elf/4.9.1/../../../../msp430-elf/lib\libcrt.a(crt_main.o)
 .text          0x000087b4        0x0 c:/ti/ccsv6/tools/compiler/gcc_msp430_4.9.14r1_10/bin/../lib/gcc/msp430-elf/4.9.1/../../../../msp430-elf/lib\libc.a(lib_a-memmove.o)
 .text.memmove  0x000087b4       0x44 c:/ti/ccsv6/tools/compiler/gcc_msp430_4.9.14r1_10/bin/../lib/gcc/msp430-elf/4.9.1/../../../../msp430-elf/lib\libc.a(lib_a-memmove.o)
                0x000087b4                memmove
 .text          0x000087f8       0x20 c:/ti/ccsv6/tools/compiler/gcc_msp430_4.9.14r1_10/bin/../lib/gcc/msp430-elf/4.9.1/crtend.o
 .text          0x00008818        0x0 c:/ti/ccsv6/tools/compiler/gcc_msp430_4.9.14r1_10/bin/../lib/gcc/msp430-elf/4.9.1/../../../../msp430-elf/lib/crtn.o
 *(.text.*personality*)
 *(.gnu.warning)
 *(.interp .hash .dynsym .dynstr .gnu.version*)
                0x00008818                PROVIDE (__etext, .)
                0x00008818                PROVIDE (_etext, .)
                0x00008818                PROVIDE (etext, .)
                0x00008818                . = ALIGN (0x2)
 *(.init)
 .init          0x00008818        0x0 c:/ti/ccsv6/tools/compiler/gcc_msp430_4.9.14r1_10/bin/../lib/gcc/msp430-elf/4.9.1/../../../../msp430-elf/lib/crt0.o
                0x00008818                __msp430_init
 .init          0x00008818        0x4 c:/ti/ccsv6/tools/compiler/gcc_msp430_4.9.14r1_10/bin/../lib/gcc/msp430-elf/4.9.1/crtbegin.o
 .init          0x0000881c        0x4 c:/ti/ccsv6/tools/compiler/gcc_msp430_4.9.14r1_10/bin/../lib/gcc/msp430-elf/4.9.1/crtend.o
 .init          0x00008820        0xa c:/ti/ccsv6/tools/compiler/gcc_msp430_4.9.14r1_10/bin/../lib/gcc/msp430-elf/4.9.1/../../../../msp430-elf/lib/crtn.o
                0x0000882a                __msp430_init_end
 *(.fini)
 .fini          0x0000882a        0x4 c:/ti/ccsv6/tools/compiler/gcc_msp430_4.9.14r1_10/bin/../lib/gcc/msp430-elf/4.9.1/../../../../msp430-elf/lib/crt0.o
                0x0000882a                __msp430_fini
 .fini          0x0000882e        0x4 c:/ti/ccsv6/tools/compiler/gcc_msp430_4.9.14r1_10/bin/../lib/gcc/msp430-elf/4.9.1/crtbegin.o
 .fini          0x00008832        0x2 c:/ti/ccsv6/tools/compiler/gcc_msp430_4.9.14r1_10/bin/../lib/gcc/msp430-elf/4.9.1/../../../../msp430-elf/lib/crtn.o
                0x00008834                __msp430_fini_end
 *(.tm_clone_table)
 .tm_clone_table
                0x00008834        0x0 c:/ti/ccsv6/tools/compiler/gcc_msp430_4.9.14r1_10/bin/../lib/gcc/msp430-elf/4.9.1/crtbegin.o
 .tm_clone_table
                0x00008834        0x0 c:/ti/ccsv6/tools/compiler/gcc_msp430_4.9.14r1_10/bin/../lib/gcc/msp430-elf/4.9.1/crtend.o
                0x00008834                __TMC_END__

.data           0x00002400        0xe load address 0x00008834
                0x00002400                . = ALIGN (0x2)
                0x00002400                PROVIDE (__datastart, .)
 *(.jcr)
 .jcr           0x00002400        0x0 c:/ti/ccsv6/tools/compiler/gcc_msp430_4.9.14r1_10/bin/../lib/gcc/msp430-elf/4.9.1/crtbegin.o
 .jcr           0x00002400        0x2 c:/ti/ccsv6/tools/compiler/gcc_msp430_4.9.14r1_10/bin/../lib/gcc/msp430-elf/4.9.1/crtend.o
 *(.data.rel.ro.local)
 *(.data.rel.ro*)
 *(.dynamic)
 *(.data .data.* .gnu.linkonce.d.*)
 .data          0x00002402        0x0 c:/ti/ccsv6/tools/compiler/gcc_msp430_4.9.14r1_10/bin/../lib/gcc/msp430-elf/4.9.1/../../../../msp430-elf/lib/crt0.o
 .data          0x00002402        0x2 c:/ti/ccsv6/tools/compiler/gcc_msp430_4.9.14r1_10/bin/../lib/gcc/msp430-elf/4.9.1/crtbegin.o
                0x00002402                __dso_handle
 .data          0x00002404        0x1 ./usci_a1_uart_115200_XT2_4MHz.o
                0x00002404                receivedData
 .data          0x00002405        0x0 ./driverlib/MSP430F5xx_6xx/adc10_a.o
 .data          0x00002405        0x0 ./driverlib/MSP430F5xx_6xx/adc12_a.o
 .data          0x00002405        0x0 ./driverlib/MSP430F5xx_6xx/aes.o
 .data          0x00002405        0x0 ./driverlib/MSP430F5xx_6xx/battbak.o
 .data          0x00002405        0x0 ./driverlib/MSP430F5xx_6xx/comp_b.o
 .data          0x00002405        0x0 ./driverlib/MSP430F5xx_6xx/crc.o
 .data          0x00002405        0x0 ./driverlib/MSP430F5xx_6xx/dac12_a.o
 .data          0x00002405        0x0 ./driverlib/MSP430F5xx_6xx/dma.o
 .data          0x00002405        0x0 ./driverlib/MSP430F5xx_6xx/eusci_a_spi.o
 .data          0x00002405        0x0 ./driverlib/MSP430F5xx_6xx/eusci_a_uart.o
 .data          0x00002405        0x0 ./driverlib/MSP430F5xx_6xx/eusci_b_i2c.o
 .data          0x00002405        0x0 ./driverlib/MSP430F5xx_6xx/eusci_b_spi.o
 .data          0x00002405        0x0 ./driverlib/MSP430F5xx_6xx/eusci_i2c.o
 .data          0x00002405        0x0 ./driverlib/MSP430F5xx_6xx/eusci_spi.o
 .data          0x00002405        0x0 ./driverlib/MSP430F5xx_6xx/eusci_uart.o
 .data          0x00002405        0x0 ./driverlib/MSP430F5xx_6xx/flashctl.o
 .data          0x00002405        0x0 ./driverlib/MSP430F5xx_6xx/gpio.o
 .data          0x00002405        0x0 ./driverlib/MSP430F5xx_6xx/ldopwr.o
 .data          0x00002405        0x0 ./driverlib/MSP430F5xx_6xx/mpy32.o
 .data          0x00002405        0x0 ./driverlib/MSP430F5xx_6xx/pmap.o
 .data          0x00002405        0x0 ./driverlib/MSP430F5xx_6xx/pmm.o
 .data          0x00002405        0x0 ./driverlib/MSP430F5xx_6xx/ram.o
 .data          0x00002405        0x0 ./driverlib/MSP430F5xx_6xx/ref.o
 .data          0x00002405        0x0 ./driverlib/MSP430F5xx_6xx/rtc_a.o
 .data          0x00002405        0x0 ./driverlib/MSP430F5xx_6xx/rtc_b.o
 .data          0x00002405        0x0 ./driverlib/MSP430F5xx_6xx/rtc_c.o
 .data          0x00002405        0x0 ./driverlib/MSP430F5xx_6xx/sd24_b.o
 .data          0x00002405        0x0 ./driverlib/MSP430F5xx_6xx/sfr.o
 .data          0x00002405        0x0 ./driverlib/MSP430F5xx_6xx/sysctl.o
 .data          0x00002405        0x0 ./driverlib/MSP430F5xx_6xx/tec.o
 .data          0x00002405        0x0 ./driverlib/MSP430F5xx_6xx/timer_a.o
 .data          0x00002405        0x0 ./driverlib/MSP430F5xx_6xx/timer_b.o
 .data          0x00002405        0x0 ./driverlib/MSP430F5xx_6xx/timer_d.o
 .data          0x00002405        0x0 ./driverlib/MSP430F5xx_6xx/tlv.o
 *fill*         0x00002405        0x1 
 .data          0x00002406        0x8 ./driverlib/MSP430F5xx_6xx/ucs.o
                0x00002406                UCS_XT2ClockFrequency
                0x0000240a                UCS_XT1ClockFrequency
 .data          0x0000240e        0x0 ./driverlib/MSP430F5xx_6xx/usci_a_spi.o
 .data          0x0000240e        0x0 ./driverlib/MSP430F5xx_6xx/usci_a_uart.o
 .data          0x0000240e        0x0 ./driverlib/MSP430F5xx_6xx/usci_b_i2c.o
 .data          0x0000240e        0x0 ./driverlib/MSP430F5xx_6xx/usci_b_spi.o
 .data          0x0000240e        0x0 ./driverlib/MSP430F5xx_6xx/usci_i2c.o
 .data          0x0000240e        0x0 ./driverlib/MSP430F5xx_6xx/usci_spi.o
 .data          0x0000240e        0x0 ./driverlib/MSP430F5xx_6xx/usci_uart.o
 .data          0x0000240e        0x0 ./driverlib/MSP430F5xx_6xx/wdt_a.o
 .data          0x0000240e        0x0 c:/ti/ccsv6/tools/compiler/gcc_msp430_4.9.14r1_10/bin/../lib/gcc/msp430-elf/4.9.1/../../../../msp430-elf/lib\libc.a(lib_a-memset.o)
 .data          0x0000240e        0x0 c:/ti/ccsv6/tools/compiler/gcc_msp430_4.9.14r1_10/bin/../lib/gcc/msp430-elf/4.9.1\libgcc.a(_lshrdi3.o)
 .data          0x0000240e        0x0 c:/ti/ccsv6/tools/compiler/gcc_msp430_4.9.14r1_10/bin/../lib/gcc/msp430-elf/4.9.1\libgcc.a(_ashldi3.o)
 .data          0x0000240e        0x0 c:/ti/ccsv6/tools/compiler/gcc_msp430_4.9.14r1_10/bin/../lib/gcc/msp430-elf/4.9.1\libgcc.a(lib2divHI.o)
 .data          0x0000240e        0x0 c:/ti/ccsv6/tools/compiler/gcc_msp430_4.9.14r1_10/bin/../lib/gcc/msp430-elf/4.9.1\libgcc.a(lib2divSI.o)
 .data          0x0000240e        0x0 c:/ti/ccsv6/tools/compiler/gcc_msp430_4.9.14r1_10/bin/../lib/gcc/msp430-elf/4.9.1\libgcc.a(slli.o)
 .data          0x0000240e        0x0 c:/ti/ccsv6/tools/compiler/gcc_msp430_4.9.14r1_10/bin/../lib/gcc/msp430-elf/4.9.1\libgcc.a(srli.o)
 .data          0x0000240e        0x0 c:/ti/ccsv6/tools/compiler/gcc_msp430_4.9.14r1_10/bin/../lib/gcc/msp430-elf/4.9.1\libgcc.a(lib2hw_mul.o)
 .data          0x0000240e        0x0 c:/ti/ccsv6/tools/compiler/gcc_msp430_4.9.14r1_10/bin/../lib/gcc/msp430-elf/4.9.1/../../../../msp430-elf/lib\libcrt.a(crt_bss.o)
 .data          0x0000240e        0x0 c:/ti/ccsv6/tools/compiler/gcc_msp430_4.9.14r1_10/bin/../lib/gcc/msp430-elf/4.9.1/../../../../msp430-elf/lib\libcrt.a(crt_movedata.o)
 .data          0x0000240e        0x0 c:/ti/ccsv6/tools/compiler/gcc_msp430_4.9.14r1_10/bin/../lib/gcc/msp430-elf/4.9.1/../../../../msp430-elf/lib\libcrt.a(crt_main.o)
 .data          0x0000240e        0x0 c:/ti/ccsv6/tools/compiler/gcc_msp430_4.9.14r1_10/bin/../lib/gcc/msp430-elf/4.9.1/../../../../msp430-elf/lib\libc.a(lib_a-memmove.o)
 .data          0x0000240e        0x0 c:/ti/ccsv6/tools/compiler/gcc_msp430_4.9.14r1_10/bin/../lib/gcc/msp430-elf/4.9.1/crtend.o
 .data          0x0000240e        0x0 c:/ti/ccsv6/tools/compiler/gcc_msp430_4.9.14r1_10/bin/../lib/gcc/msp430-elf/4.9.1/../../../../msp430-elf/lib/crtn.o
 *(.gnu.linkonce.d.*personality*)
 *(.data1)
 *(.got.plt)
 *(.got)
                0x0000240e                . = ALIGN (0x2)
 *(.sdata .sdata.* .gnu.linkonce.s.* D_2 D_1)
                0x0000240e                . = ALIGN (0x2)
                0x0000240e                _edata = .
                0x0000240e                PROVIDE (edata, .)
                0x0000240e                PROVIDE (__dataend, .)
                0x00008834                PROVIDE (__romdatastart, LOADADDR (.data))
                0x0000000e                PROVIDE (__romdatacopysize, SIZEOF (.data))

.bss            0x0000240e       0x12 load address 0x00008842
                0x0000240e                . = ALIGN (0x2)
                0x0000240e                PROVIDE (__bssstart, .)
 *(.dynbss)
 *(.sbss .sbss.*)
 *(.bss .bss.* .gnu.linkonce.b.*)
 .bss           0x0000240e        0x0 c:/ti/ccsv6/tools/compiler/gcc_msp430_4.9.14r1_10/bin/../lib/gcc/msp430-elf/4.9.1/../../../../msp430-elf/lib/crt0.o
 .bss           0x0000240e       0x12 c:/ti/ccsv6/tools/compiler/gcc_msp430_4.9.14r1_10/bin/../lib/gcc/msp430-elf/4.9.1/crtbegin.o
 .bss           0x00002420        0x0 ./usci_a1_uart_115200_XT2_4MHz.o
 .bss           0x00002420        0x0 ./driverlib/MSP430F5xx_6xx/adc10_a.o
 .bss           0x00002420        0x0 ./driverlib/MSP430F5xx_6xx/adc12_a.o
 .bss           0x00002420        0x0 ./driverlib/MSP430F5xx_6xx/aes.o
 .bss           0x00002420        0x0 ./driverlib/MSP430F5xx_6xx/battbak.o
 .bss           0x00002420        0x0 ./driverlib/MSP430F5xx_6xx/comp_b.o
 .bss           0x00002420        0x0 ./driverlib/MSP430F5xx_6xx/crc.o
 .bss           0x00002420        0x0 ./driverlib/MSP430F5xx_6xx/dac12_a.o
 .bss           0x00002420        0x0 ./driverlib/MSP430F5xx_6xx/dma.o
 .bss           0x00002420        0x0 ./driverlib/MSP430F5xx_6xx/eusci_a_spi.o
 .bss           0x00002420        0x0 ./driverlib/MSP430F5xx_6xx/eusci_a_uart.o
 .bss           0x00002420        0x0 ./driverlib/MSP430F5xx_6xx/eusci_b_i2c.o
 .bss           0x00002420        0x0 ./driverlib/MSP430F5xx_6xx/eusci_b_spi.o
 .bss           0x00002420        0x0 ./driverlib/MSP430F5xx_6xx/eusci_i2c.o
 .bss           0x00002420        0x0 ./driverlib/MSP430F5xx_6xx/eusci_spi.o
 .bss           0x00002420        0x0 ./driverlib/MSP430F5xx_6xx/eusci_uart.o
 .bss           0x00002420        0x0 ./driverlib/MSP430F5xx_6xx/flashctl.o
 .bss           0x00002420        0x0 ./driverlib/MSP430F5xx_6xx/gpio.o
 .bss           0x00002420        0x0 ./driverlib/MSP430F5xx_6xx/ldopwr.o
 .bss           0x00002420        0x0 ./driverlib/MSP430F5xx_6xx/mpy32.o
 .bss           0x00002420        0x0 ./driverlib/MSP430F5xx_6xx/pmap.o
 .bss           0x00002420        0x0 ./driverlib/MSP430F5xx_6xx/pmm.o
 .bss           0x00002420        0x0 ./driverlib/MSP430F5xx_6xx/ram.o
 .bss           0x00002420        0x0 ./driverlib/MSP430F5xx_6xx/ref.o
 .bss           0x00002420        0x0 ./driverlib/MSP430F5xx_6xx/rtc_a.o
 .bss           0x00002420        0x0 ./driverlib/MSP430F5xx_6xx/rtc_b.o
 .bss           0x00002420        0x0 ./driverlib/MSP430F5xx_6xx/rtc_c.o
 .bss           0x00002420        0x0 ./driverlib/MSP430F5xx_6xx/sd24_b.o
 .bss           0x00002420        0x0 ./driverlib/MSP430F5xx_6xx/sfr.o
 .bss           0x00002420        0x0 ./driverlib/MSP430F5xx_6xx/sysctl.o
 .bss           0x00002420        0x0 ./driverlib/MSP430F5xx_6xx/tec.o
 .bss           0x00002420        0x0 ./driverlib/MSP430F5xx_6xx/timer_a.o
 .bss           0x00002420        0x0 ./driverlib/MSP430F5xx_6xx/timer_b.o
 .bss           0x00002420        0x0 ./driverlib/MSP430F5xx_6xx/timer_d.o
 .bss           0x00002420        0x0 ./driverlib/MSP430F5xx_6xx/tlv.o
 .bss           0x00002420        0x0 ./driverlib/MSP430F5xx_6xx/ucs.o
 .bss           0x00002420        0x0 ./driverlib/MSP430F5xx_6xx/usci_a_spi.o
 .bss           0x00002420        0x0 ./driverlib/MSP430F5xx_6xx/usci_a_uart.o
 .bss           0x00002420        0x0 ./driverlib/MSP430F5xx_6xx/usci_b_i2c.o
 .bss           0x00002420        0x0 ./driverlib/MSP430F5xx_6xx/usci_b_spi.o
 .bss           0x00002420        0x0 ./driverlib/MSP430F5xx_6xx/usci_i2c.o
 .bss           0x00002420        0x0 ./driverlib/MSP430F5xx_6xx/usci_spi.o
 .bss           0x00002420        0x0 ./driverlib/MSP430F5xx_6xx/usci_uart.o
 .bss           0x00002420        0x0 ./driverlib/MSP430F5xx_6xx/wdt_a.o
 .bss           0x00002420        0x0 c:/ti/ccsv6/tools/compiler/gcc_msp430_4.9.14r1_10/bin/../lib/gcc/msp430-elf/4.9.1/../../../../msp430-elf/lib\libc.a(lib_a-memset.o)
 .bss           0x00002420        0x0 c:/ti/ccsv6/tools/compiler/gcc_msp430_4.9.14r1_10/bin/../lib/gcc/msp430-elf/4.9.1\libgcc.a(_lshrdi3.o)
 .bss           0x00002420        0x0 c:/ti/ccsv6/tools/compiler/gcc_msp430_4.9.14r1_10/bin/../lib/gcc/msp430-elf/4.9.1\libgcc.a(_ashldi3.o)
 .bss           0x00002420        0x0 c:/ti/ccsv6/tools/compiler/gcc_msp430_4.9.14r1_10/bin/../lib/gcc/msp430-elf/4.9.1\libgcc.a(lib2divHI.o)
 .bss           0x00002420        0x0 c:/ti/ccsv6/tools/compiler/gcc_msp430_4.9.14r1_10/bin/../lib/gcc/msp430-elf/4.9.1\libgcc.a(lib2divSI.o)
 .bss           0x00002420        0x0 c:/ti/ccsv6/tools/compiler/gcc_msp430_4.9.14r1_10/bin/../lib/gcc/msp430-elf/4.9.1\libgcc.a(slli.o)
 .bss           0x00002420        0x0 c:/ti/ccsv6/tools/compiler/gcc_msp430_4.9.14r1_10/bin/../lib/gcc/msp430-elf/4.9.1\libgcc.a(srli.o)
 .bss           0x00002420        0x0 c:/ti/ccsv6/tools/compiler/gcc_msp430_4.9.14r1_10/bin/../lib/gcc/msp430-elf/4.9.1\libgcc.a(lib2hw_mul.o)
 .bss           0x00002420        0x0 c:/ti/ccsv6/tools/compiler/gcc_msp430_4.9.14r1_10/bin/../lib/gcc/msp430-elf/4.9.1/../../../../msp430-elf/lib\libcrt.a(crt_bss.o)
 .bss           0x00002420        0x0 c:/ti/ccsv6/tools/compiler/gcc_msp430_4.9.14r1_10/bin/../lib/gcc/msp430-elf/4.9.1/../../../../msp430-elf/lib\libcrt.a(crt_movedata.o)
 .bss           0x00002420        0x0 c:/ti/ccsv6/tools/compiler/gcc_msp430_4.9.14r1_10/bin/../lib/gcc/msp430-elf/4.9.1/../../../../msp430-elf/lib\libcrt.a(crt_main.o)
 .bss           0x00002420        0x0 c:/ti/ccsv6/tools/compiler/gcc_msp430_4.9.14r1_10/bin/../lib/gcc/msp430-elf/4.9.1/../../../../msp430-elf/lib\libc.a(lib_a-memmove.o)
[...]
 .debug_line    0x00006896       0x82 c:/ti/ccsv6/tools/compiler/gcc_msp430_4.9.14r1_10/bin/../lib/gcc/msp430-elf/4.9.1/../../../../msp430-elf/lib\libcrt.a(crt_bss.o)
 .debug_line    0x00006918       0x8f c:/ti/ccsv6/tools/compiler/gcc_msp430_4.9.14r1_10/bin/../lib/gcc/msp430-elf/4.9.1/../../../../msp430-elf/lib\libcrt.a(crt_movedata.o)
 .debug_line    0x000069a7       0x7d c:/ti/ccsv6/tools/compiler/gcc_msp430_4.9.14r1_10/bin/../lib/gcc/msp430-elf/4.9.1/../../../../msp430-elf/lib\libcrt.a(crt_main.o)
 .debug_line    0x00006a24      0x113 c:/ti/ccsv6/tools/compiler/gcc_msp430_4.9.14r1_10/bin/../lib/gcc/msp430-elf/4.9.1/../../../../msp430-elf/lib\libc.a(lib_a-memmove.o)
 .debug_line    0x00006b37       0x8c c:/ti/ccsv6/tools/compiler/gcc_msp430_4.9.14r1_10/bin/../lib/gcc/msp430-elf/4.9.1/../../../../msp430-elf/lib/crtn.o

.debug_frame    0x00000000     0x2974
 *(.debug_frame)
 .debug_frame   0x00000000       0x68 ./usci_a1_uart_115200_XT2_4MHz.o
 .debug_frame   0x00000068      0x1ac ./driverlib/MSP430F5xx_6xx/adc12_a.o
 .debug_frame   0x00000214      0x16c ./driverlib/MSP430F5xx_6xx/comp_b.o
 .debug_frame   0x00000380       0x94 ./driverlib/MSP430F5xx_6xx/crc.o
 .debug_frame   0x00000414      0x17c ./driverlib/MSP430F5xx_6xx/dma.o
 .debug_frame   0x00000590       0xe8 ./driverlib/MSP430F5xx_6xx/flashctl.o
 .debug_frame   0x00000678      0x114 ./driverlib/MSP430F5xx_6xx/gpio.o
 .debug_frame   0x0000078c      0x1fc ./driverlib/MSP430F5xx_6xx/mpy32.o
 .debug_frame   0x00000988       0x48 ./driverlib/MSP430F5xx_6xx/pmap.o
 .debug_frame   0x000009d0      0x274 ./driverlib/MSP430F5xx_6xx/pmm.o
 .debug_frame   0x00000c44       0x34 ./driverlib/MSP430F5xx_6xx/ram.o
 .debug_frame   0x00000c78       0xc4 ./driverlib/MSP430F5xx_6xx/ref.o
 .debug_frame   0x00000d3c      0x1e0 ./driverlib/MSP430F5xx_6xx/rtc_a.o
 .debug_frame   0x00000f1c       0x84 ./driverlib/MSP430F5xx_6xx/sfr.o
 .debug_frame   0x00000fa0      0x144 ./driverlib/MSP430F5xx_6xx/sysctl.o
 .debug_frame   0x000010e4      0x340 ./driverlib/MSP430F5xx_6xx/timer_a.o
 .debug_frame   0x00001424      0x370 ./driverlib/MSP430F5xx_6xx/timer_b.o
 .debug_frame   0x00001794       0xac ./driverlib/MSP430F5xx_6xx/tlv.o
 .debug_frame   0x00001840      0x218 ./driverlib/MSP430F5xx_6xx/ucs.o
 .debug_frame   0x00001a58      0x168 ./driverlib/MSP430F5xx_6xx/usci_a_spi.o
 .debug_frame   0x00001bc0      0x14c ./driverlib/MSP430F5xx_6xx/usci_a_uart.o
 .debug_frame   0x00001d0c      0x2f0 ./driverlib/MSP430F5xx_6xx/usci_b_i2c.o
 .debug_frame   0x00001ffc      0x168 ./driverlib/MSP430F5xx_6xx/usci_b_spi.o
 .debug_frame   0x00002164      0x2f0 ./driverlib/MSP430F5xx_6xx/usci_i2c.o
 .debug_frame   0x00002454      0x168 ./driverlib/MSP430F5xx_6xx/usci_spi.o
 .debug_frame   0x000025bc      0x14c ./driverlib/MSP430F5xx_6xx/usci_uart.o
 .debug_frame   0x00002708       0x64 ./driverlib/MSP430F5xx_6xx/wdt_a.o
 .debug_frame   0x0000276c       0x24 c:/ti/ccsv6/tools/compiler/gcc_msp430_4.9.14r1_10/bin/../lib/gcc/msp430-elf/4.9.1/../../../../msp430-elf/lib\libc.a(lib_a-memset.o)
 .debug_frame   0x00002790       0x40 c:/ti/ccsv6/tools/compiler/gcc_msp430_4.9.14r1_10/bin/../lib/gcc/msp430-elf/4.9.1\libgcc.a(_lshrdi3.o)
 .debug_frame   0x000027d0       0x40 c:/ti/ccsv6/tools/compiler/gcc_msp430_4.9.14r1_10/bin/../lib/gcc/msp430-elf/4.9.1\libgcc.a(_ashldi3.o)
 .debug_frame   0x00002810       0x7c c:/ti/ccsv6/tools/compiler/gcc_msp430_4.9.14r1_10/bin/../lib/gcc/msp430-elf/4.9.1\libgcc.a(lib2divHI.o)
 .debug_frame   0x0000288c       0xb8 c:/ti/ccsv6/tools/compiler/gcc_msp430_4.9.14r1_10/bin/../lib/gcc/msp430-elf/4.9.1\libgcc.a(lib2divSI.o)
 .debug_frame   0x00002944       0x30 c:/ti/ccsv6/tools/compiler/gcc_msp430_4.9.14r1_10/bin/../lib/gcc/msp430-elf/4.9.1/../../../../msp430-elf/lib\libc.a(lib_a-memmove.o)

.debug_str      0x00000000     0x4bcc
 *(.debug_str)
 .debug_str     0x00000000      0x21a ./usci_a1_uart_115200_XT2_4MHz.o
                                0x25f (size before relaxing)
 .debug_str     0x0000021a       0x26 ./driverlib/MSP430F5xx_6xx/adc10_a.o
                                0x179 (size before relaxing)
 .debug_str     0x00000240      0x46b ./driverlib/MSP430F5xx_6xx/adc12_a.o
                                0x5f9 (size before relaxing)
 .debug_str     0x000006ab       0x22 ./driverlib/MSP430F5xx_6xx/aes.o
                                0x175 (size before relaxing)
 .debug_str     0x000006cd       0x26 ./driverlib/MSP430F5xx_6xx/battbak.o
                                0x179 (size before relaxing)
 .debug_str     0x000006f3      0x30b ./driverlib/MSP430F5xx_6xx/comp_b.o
                                0x4b1 (size before relaxing)
 .debug_str     0x000009fe       0xc0 ./driverlib/MSP430F5xx_6xx/crc.o
                                0x245 (size before relaxing)
 .debug_str     0x00000abe       0x26 ./driverlib/MSP430F5xx_6xx/dac12_a.o
                                0x179 (size before relaxing)
 .debug_str     0x00000ae4      0x28d ./driverlib/MSP430F5xx_6xx/dma.o
                                0x426 (size before relaxing)
 .debug_str     0x00000d71       0x2a ./driverlib/MSP430F5xx_6xx/eusci_a_spi.o
                                0x17d (size before relaxing)
 .debug_str     0x00000d9b       0x2b ./driverlib/MSP430F5xx_6xx/eusci_a_uart.o
                                0x17e (size before relaxing)
 .debug_str     0x00000dc6       0x2a ./driverlib/MSP430F5xx_6xx/eusci_b_i2c.o
                                0x17d (size before relaxing)
 .debug_str     0x00000df0       0x2a ./driverlib/MSP430F5xx_6xx/eusci_b_spi.o
                                0x17d (size before relaxing)
 .debug_str     0x00000e1a       0x28 ./driverlib/MSP430F5xx_6xx/eusci_i2c.o
                                0x17b (size before relaxing)
 .debug_str     0x00000e42       0x28 ./driverlib/MSP430F5xx_6xx/eusci_spi.o
                                0x17b (size before relaxing)
 .debug_str     0x00000e6a       0x29 ./driverlib/MSP430F5xx_6xx/eusci_uart.o
                                0x17c (size before relaxing)
 .debug_str     0x00000e93      0x127 ./driverlib/MSP430F5xx_6xx/flashctl.o
                                0x2c6 (size before relaxing)
 .debug_str     0x00000fba      0x22f ./driverlib/MSP430F5xx_6xx/gpio.o
                                0x3b4 (size before relaxing)
 .debug_str     0x000011e9       0x25 ./driverlib/MSP430F5xx_6xx/ldopwr.o
                                0x178 (size before relaxing)
 .debug_str     0x0000120e      0x2c7 ./driverlib/MSP430F5xx_6xx/mpy32.o
                                0x45d (size before relaxing)
 .debug_str     0x000014d5       0xa3 ./driverlib/MSP430F5xx_6xx/pmap.o
                                0x22e (size before relaxing)
 .debug_str     0x00001578      0x356 ./driverlib/MSP430F5xx_6xx/pmm.o
                                0x4fb (size before relaxing)
 .debug_str     0x000018ce       0x4d ./driverlib/MSP430F5xx_6xx/ram.o
                                0x1c6 (size before relaxing)
 .debug_str     0x0000191b      0x141 ./driverlib/MSP430F5xx_6xx/ref.o
                                0x2cc (size before relaxing)
 .debug_str     0x00001a5c      0x3c5 ./driverlib/MSP430F5xx_6xx/rtc_a.o
                                0x5a0 (size before relaxing)
 .debug_str     0x00001e21       0x24 ./driverlib/MSP430F5xx_6xx/rtc_b.o
                                0x177 (size before relaxing)
 .debug_str     0x00001e45       0x24 ./driverlib/MSP430F5xx_6xx/rtc_c.o
                                0x177 (size before relaxing)
 .debug_str     0x00001e69       0x25 ./driverlib/MSP430F5xx_6xx/sd24_b.o
                                0x178 (size before relaxing)
 .debug_str     0x00001e8e       0xde ./driverlib/MSP430F5xx_6xx/sfr.o
                                0x285 (size before relaxing)
 .debug_str     0x00001f6c      0x2e4 ./driverlib/MSP430F5xx_6xx/sysctl.o
                                0x471 (size before relaxing)
 .debug_str     0x00002250       0x22 ./driverlib/MSP430F5xx_6xx/tec.o
                                0x175 (size before relaxing)
 .debug_str     0x00002272      0x5d3 ./driverlib/MSP430F5xx_6xx/timer_a.o
                                0x790 (size before relaxing)
 .debug_str     0x00002845      0x4f1 ./driverlib/MSP430F5xx_6xx/timer_b.o
                                0x819 (size before relaxing)
 .debug_str     0x00002d36       0x26 ./driverlib/MSP430F5xx_6xx/timer_d.o
                                0x179 (size before relaxing)
 .debug_str     0x00002d5c       0xc1 ./driverlib/MSP430F5xx_6xx/tlv.o
                                0x245 (size before relaxing)
 .debug_str     0x00002e1d      0x39e ./driverlib/MSP430F5xx_6xx/ucs.o
                                0x59a (size before relaxing)
 .debug_str     0x000031bb      0x278 ./driverlib/MSP430F5xx_6xx/usci_a_spi.o
                                0x441 (size before relaxing)
 .debug_str     0x00003433      0x202 ./driverlib/MSP430F5xx_6xx/usci_a_uart.o
                                0x45c (size before relaxing)
 .debug_str     0x00003635      0x56c ./driverlib/MSP430F5xx_6xx/usci_b_i2c.o
                                0x758 (size before relaxing)
 .debug_str     0x00003ba1      0x231 ./driverlib/MSP430F5xx_6xx/usci_b_spi.o
                                0x441 (size before relaxing)
 .debug_str     0x00003dd2      0x4ce ./driverlib/MSP430F5xx_6xx/usci_i2c.o
                                0x708 (size before relaxing)
 .debug_str     0x000042a0      0x209 ./driverlib/MSP430F5xx_6xx/usci_spi.o
                                0x419 (size before relaxing)
 .debug_str     0x000044a9      0x1ea ./driverlib/MSP430F5xx_6xx/usci_uart.o
                                0x436 (size before relaxing)
 .debug_str     0x00004693       0x96 ./driverlib/MSP430F5xx_6xx/wdt_a.o
                                0x227 (size before relaxing)
 .debug_str     0x00004729      0x10a c:/ti/ccsv6/tools/compiler/gcc_msp430_4.9.14r1_10/bin/../lib/gcc/msp430-elf/4.9.1/../../../../msp430-elf/lib\libc.a(lib_a-memset.o)
                                0x19c (size before relaxing)
 .debug_str     0x00004833      0x1f5 c:/ti/ccsv6/tools/compiler/gcc_msp430_4.9.14r1_10/bin/../lib/gcc/msp430-elf/4.9.1\libgcc.a(_lshrdi3.o)
                                0x27e (size before relaxing)
 .debug_str     0x00004a28        0xa c:/ti/ccsv6/tools/compiler/gcc_msp430_4.9.14r1_10/bin/../lib/gcc/msp430-elf/4.9.1\libgcc.a(_ashldi3.o)
                                0x27e (size before relaxing)
 .debug_str     0x00004a32       0xa7 c:/ti/ccsv6/tools/compiler/gcc_msp430_4.9.14r1_10/bin/../lib/gcc/msp430-elf/4.9.1\libgcc.a(lib2divHI.o)
                                0x1e3 (size before relaxing)
 .debug_str     0x00004ad9       0x93 c:/ti/ccsv6/tools/compiler/gcc_msp430_4.9.14r1_10/bin/../lib/gcc/msp430-elf/4.9.1\libgcc.a(lib2divSI.o)
                                0x1e3 (size before relaxing)
 .debug_str     0x00004b6c       0x60 c:/ti/ccsv6/tools/compiler/gcc_msp430_4.9.14r1_10/bin/../lib/gcc/msp430-elf/4.9.1/../../../../msp430-elf/lib\libc.a(lib_a-memmove.o)
                                0x1b7 (size before relaxing)

.debug_loc      0x00000000     0x4961
 *(.debug_loc)
 .debug_loc     0x00000000      0x2c4 ./driverlib/MSP430F5xx_6xx/adc12_a.o
 .debug_loc     0x000002c4      0x198 ./driverlib/MSP430F5xx_6xx/comp_b.o
 .debug_loc     0x0000045c       0x39 ./driverlib/MSP430F5xx_6xx/crc.o
 .debug_loc     0x00000495      0x13f ./driverlib/MSP430F5xx_6xx/dma.o
 .debug_loc     0x000005d4      0x2e5 ./driverlib/MSP430F5xx_6xx/flashctl.o
 .debug_loc     0x000008b9      0x2c6 ./driverlib/MSP430F5xx_6xx/gpio.o
 .debug_loc     0x00000b7f      0x1ae ./driverlib/MSP430F5xx_6xx/mpy32.o
 .debug_loc     0x00000d2d       0x8a ./driverlib/MSP430F5xx_6xx/pmap.o
 .debug_loc     0x00000db7      0x147 ./driverlib/MSP430F5xx_6xx/pmm.o
 .debug_loc     0x00000efe       0x13 ./driverlib/MSP430F5xx_6xx/ram.o
 .debug_loc     0x00000f11       0x4c ./driverlib/MSP430F5xx_6xx/ref.o
 .debug_loc     0x00000f5d      0x374 ./driverlib/MSP430F5xx_6xx/rtc_a.o
 .debug_loc     0x000012d1       0x13 ./driverlib/MSP430F5xx_6xx/sfr.o
 .debug_loc     0x000012e4       0xa3 ./driverlib/MSP430F5xx_6xx/sysctl.o
 .debug_loc     0x00001387      0x6ba ./driverlib/MSP430F5xx_6xx/timer_a.o
 .debug_loc     0x00001a41      0x6cd ./driverlib/MSP430F5xx_6xx/timer_b.o
 .debug_loc     0x0000210e      0x241 ./driverlib/MSP430F5xx_6xx/tlv.o
 .debug_loc     0x0000234f      0x66b ./driverlib/MSP430F5xx_6xx/ucs.o
 .debug_loc     0x000029ba      0x1fc ./driverlib/MSP430F5xx_6xx/usci_a_spi.o
 .debug_loc     0x00002bb6      0x1eb ./driverlib/MSP430F5xx_6xx/usci_a_uart.o
 .debug_loc     0x00002da1      0x5e9 ./driverlib/MSP430F5xx_6xx/usci_b_i2c.o
 .debug_loc     0x0000338a      0x1fe ./driverlib/MSP430F5xx_6xx/usci_b_spi.o
 .debug_loc     0x00003588      0x5e9 ./driverlib/MSP430F5xx_6xx/usci_i2c.o
 .debug_loc     0x00003b71      0x1fc ./driverlib/MSP430F5xx_6xx/usci_spi.o
 .debug_loc     0x00003d6d      0x1eb ./driverlib/MSP430F5xx_6xx/usci_uart.o
 .debug_loc     0x00003f58       0xb1 ./driverlib/MSP430F5xx_6xx/wdt_a.o
 .debug_loc     0x00004009       0x87 c:/ti/ccsv6/tools/compiler/gcc_msp430_4.9.14r1_10/bin/../lib/gcc/msp430-elf/4.9.1/../../../../msp430-elf/lib\libc.a(lib_a-memset.o)
 .debug_loc     0x00004090       0xaf c:/ti/ccsv6/tools/compiler/gcc_msp430_4.9.14r1_10/bin/../lib/gcc/msp430-elf/4.9.1\libgcc.a(_lshrdi3.o)
 .debug_loc     0x0000413f       0x84 c:/ti/ccsv6/tools/compiler/gcc_msp430_4.9.14r1_10/bin/../lib/gcc/msp430-elf/4.9.1\libgcc.a(_ashldi3.o)
 .debug_loc     0x000041c3      0x2af c:/ti/ccsv6/tools/compiler/gcc_msp430_4.9.14r1_10/bin/../lib/gcc/msp430-elf/4.9.1\libgcc.a(lib2divHI.o)
 .debug_loc     0x00004472      0x343 c:/ti/ccsv6/tools/compiler/gcc_msp430_4.9.14r1_10/bin/../lib/gcc/msp430-elf/4.9.1\libgcc.a(lib2divSI.o)
 .debug_loc     0x000047b5      0x1ac c:/ti/ccsv6/tools/compiler/gcc_msp430_4.9.14r1_10/bin/../lib/gcc/msp430-elf/4.9.1/../../../../msp430-elf/lib\libc.a(lib_a-memmove.o)

.debug_macinfo
 *(.debug_macinfo)

.debug_weaknames
 *(.debug_weaknames)

.debug_funcnames
 *(.debug_funcnames)

.debug_typenames
 *(.debug_typenames)

.debug_varnames
 *(.debug_varnames)

/DISCARD/
 *(.note.GNU-stack)
OUTPUT(usci1_uart_new.out elf32-msp430)

.debug_ranges   0x00000000       0xe8
 .debug_ranges  0x00000000       0x28 c:/ti/ccsv6/tools/compiler/gcc_msp430_4.9.14r1_10/bin/../lib/gcc/msp430-elf/4.9.1/../../../../msp430-elf/lib/crt0.o
 .debug_ranges  0x00000028       0x10 c:/ti/ccsv6/tools/compiler/gcc_msp430_4.9.14r1_10/bin/../lib/gcc/msp430-elf/4.9.1/../../../../msp430-elf/lib\libc.a(lib_a-memset.o)
 .debug_ranges  0x00000038       0x10 c:/ti/ccsv6/tools/compiler/gcc_msp430_4.9.14r1_10/bin/../lib/gcc/msp430-elf/4.9.1\libgcc.a(_lshrdi3.o)
 .debug_ranges  0x00000048       0x10 c:/ti/ccsv6/tools/compiler/gcc_msp430_4.9.14r1_10/bin/../lib/gcc/msp430-elf/4.9.1\libgcc.a(_ashldi3.o)
 .debug_ranges  0x00000058       0x30 c:/ti/ccsv6/tools/compiler/gcc_msp430_4.9.14r1_10/bin/../lib/gcc/msp430-elf/4.9.1\libgcc.a(lib2divHI.o)
 .debug_ranges  0x00000088       0x30 c:/ti/ccsv6/tools/compiler/gcc_msp430_4.9.14r1_10/bin/../lib/gcc/msp430-elf/4.9.1\libgcc.a(lib2divSI.o)
 .debug_ranges  0x000000b8       0x10 c:/ti/ccsv6/tools/compiler/gcc_msp430_4.9.14r1_10/bin/../lib/gcc/msp430-elf/4.9.1/../../../../msp430-elf/lib\libc.a(lib_a-memmove.o)
 .debug_ranges  0x000000c8       0x20 c:/ti/ccsv6/tools/compiler/gcc_msp430_4.9.14r1_10/bin/../lib/gcc/msp430-elf/4.9.1/../../../../msp430-elf/lib/crtn.o

.debug_line.text.memset
                0x00000000       0x22
 .debug_line.text.memset
                0x00000000       0x22 c:/ti/ccsv6/tools/compiler/gcc_msp430_4.9.14r1_10/bin/../lib/gcc/msp430-elf/4.9.1/../../../../msp430-elf/lib\libc.a(lib_a-memset.o)

.debug_line_end
                0x00000000        0x0
 .debug_line_end
                0x00000000        0x0 c:/ti/ccsv6/tools/compiler/gcc_msp430_4.9.14r1_10/bin/../lib/gcc/msp430-elf/4.9.1/../../../../msp430-elf/lib\libc.a(lib_a-memset.o)
 .debug_line_end
                0x00000000        0x0 c:/ti/ccsv6/tools/compiler/gcc_msp430_4.9.14r1_10/bin/../lib/gcc/msp430-elf/4.9.1\libgcc.a(_lshrdi3.o)
 .debug_line_end
                0x00000000        0x0 c:/ti/ccsv6/tools/compiler/gcc_msp430_4.9.14r1_10/bin/../lib/gcc/msp430-elf/4.9.1\libgcc.a(_ashldi3.o)
 .debug_line_end
                0x00000000        0x0 c:/ti/ccsv6/tools/compiler/gcc_msp430_4.9.14r1_10/bin/../lib/gcc/msp430-elf/4.9.1\libgcc.a(lib2divHI.o)
 .debug_line_end
                0x00000000        0x0 c:/ti/ccsv6/tools/compiler/gcc_msp430_4.9.14r1_10/bin/../lib/gcc/msp430-elf/4.9.1\libgcc.a(lib2divSI.o)
 .debug_line_end
                0x00000000        0x0 c:/ti/ccsv6/tools/compiler/gcc_msp430_4.9.14r1_10/bin/../lib/gcc/msp430-elf/4.9.1/../../../../msp430-elf/lib\libc.a(lib_a-memmove.o)

.debug_line.text.__lshrdi3
                0x00000000       0x53
 .debug_line.text.__lshrdi3
                0x00000000       0x53 c:/ti/ccsv6/tools/compiler/gcc_msp430_4.9.14r1_10/bin/../lib/gcc/msp430-elf/4.9.1\libgcc.a(_lshrdi3.o)

.debug_line.text.__ashldi3
                0x00000000       0x53
 .debug_line.text.__ashldi3
                0x00000000       0x53 c:/ti/ccsv6/tools/compiler/gcc_msp430_4.9.14r1_10/bin/../lib/gcc/msp430-elf/4.9.1\libgcc.a(_ashldi3.o)

.debug_line.text.udivmodhi4
                0x00000000       0x74
 .debug_line.text.udivmodhi4
                0x00000000       0x74 c:/ti/ccsv6/tools/compiler/gcc_msp430_4.9.14r1_10/bin/../lib/gcc/msp430-elf/4.9.1\libgcc.a(lib2divHI.o)

.debug_line.text.__divhi3
                0x00000000       0x58
 .debug_line.text.__divhi3
                0x00000000       0x58 c:/ti/ccsv6/tools/compiler/gcc_msp430_4.9.14r1_10/bin/../lib/gcc/msp430-elf/4.9.1\libgcc.a(lib2divHI.o)

.debug_line.text.__modhi3
                0x00000000       0x41
 .debug_line.text.__modhi3
                0x00000000       0x41 c:/ti/ccsv6/tools/compiler/gcc_msp430_4.9.14r1_10/bin/../lib/gcc/msp430-elf/4.9.1\libgcc.a(lib2divHI.o)

.debug_line.text.__udivhi3
                0x00000000       0x1d
 .debug_line.text.__udivhi3
                0x00000000       0x1d c:/ti/ccsv6/tools/compiler/gcc_msp430_4.9.14r1_10/bin/../lib/gcc/msp430-elf/4.9.1\libgcc.a(lib2divHI.o)

.debug_line.text.__umodhi3
                0x00000000       0x1d
 .debug_line.text.__umodhi3
                0x00000000       0x1d c:/ti/ccsv6/tools/compiler/gcc_msp430_4.9.14r1_10/bin/../lib/gcc/msp430-elf/4.9.1\libgcc.a(lib2divHI.o)

.debug_line.text.udivmodsi4
                0x00000000       0x74
 .debug_line.text.udivmodsi4
                0x00000000       0x74 c:/ti/ccsv6/tools/compiler/gcc_msp430_4.9.14r1_10/bin/../lib/gcc/msp430-elf/4.9.1\libgcc.a(lib2divSI.o)

.debug_line.text.__divsi3
                0x00000000       0x58
 .debug_line.text.__divsi3
                0x00000000       0x58 c:/ti/ccsv6/tools/compiler/gcc_msp430_4.9.14r1_10/bin/../lib/gcc/msp430-elf/4.9.1\libgcc.a(lib2divSI.o)

.debug_line.text.__modsi3
                0x00000000       0x41
 .debug_line.text.__modsi3
                0x00000000       0x41 c:/ti/ccsv6/tools/compiler/gcc_msp430_4.9.14r1_10/bin/../lib/gcc/msp430-elf/4.9.1\libgcc.a(lib2divSI.o)

.debug_line.text.__udivsi3
                0x00000000       0x1d
 .debug_line.text.__udivsi3
                0x00000000       0x1d c:/ti/ccsv6/tools/compiler/gcc_msp430_4.9.14r1_10/bin/../lib/gcc/msp430-elf/4.9.1\libgcc.a(lib2divSI.o)

.debug_line.text.__umodsi3
                0x00000000       0x1d
 .debug_line.text.__umodsi3
                0x00000000       0x1d c:/ti/ccsv6/tools/compiler/gcc_msp430_4.9.14r1_10/bin/../lib/gcc/msp430-elf/4.9.1\libgcc.a(lib2divSI.o)

.debug_line.text.memmove
                0x00000000       0x40
 .debug_line.text.memmove
                0x00000000       0x40 c:/ti/ccsv6/tools/compiler/gcc_msp430_4.9.14r1_10/bin/../lib/gcc/msp430-elf/4.9.1/../../../../msp430-elf/lib\libc.a(lib_a-memmove.o)
