Archive member included to satisfy reference by file (symbol)

c:/ti/ccsv6/tools/compiler/msp430-gcc-5.3.0.224_win32/bin/../lib/gcc/msp430-elf/5.3.0/large\libgcc.a(_lshrdi3.o)
                              ./driverlib/MSP430F5xx_6xx/mpy32.o (__lshrdi3)
c:/ti/ccsv6/tools/compiler/msp430-gcc-5.3.0.224_win32/bin/../lib/gcc/msp430-elf/5.3.0/large\libgcc.a(_ashldi3.o)
                              ./driverlib/MSP430F5xx_6xx/mpy32.o (__ashldi3)
c:/ti/ccsv6/tools/compiler/msp430-gcc-5.3.0.224_win32/bin/../lib/gcc/msp430-elf/5.3.0/large\libgcc.a(lib2divHI.o)
                              ./driverlib/MSP430F5xx_6xx/ucs.o (__mspabi_divi)
c:/ti/ccsv6/tools/compiler/msp430-gcc-5.3.0.224_win32/bin/../lib/gcc/msp430-elf/5.3.0/large\libgcc.a(lib2divSI.o)
                              ./driverlib/MSP430F5xx_6xx/ucs.o (__mspabi_divul)
c:/ti/ccsv6/tools/compiler/msp430-gcc-5.3.0.224_win32/bin/../lib/gcc/msp430-elf/5.3.0/large\libgcc.a(slli.o)
                              ./driverlib/MSP430F5xx_6xx/comp_b.o (__mspabi_slli)
c:/ti/ccsv6/tools/compiler/msp430-gcc-5.3.0.224_win32/bin/../lib/gcc/msp430-elf/5.3.0/large\libgcc.a(srli.o)
                              ./driverlib/MSP430F5xx_6xx/timer_a.o (__mspabi_srli_3)
c:/ti/ccsv6/tools/compiler/msp430-gcc-5.3.0.224_win32/bin/../lib/gcc/msp430-elf/5.3.0/large\libgcc.a(_udivdi3.o)
                              c:/ti/ccsv6/tools/compiler/msp430-gcc-5.3.0.224_win32/bin/../lib/gcc/msp430-elf/5.3.0/large\libgcc.a(lib2divSI.o) (__mspabi_divull)
c:/ti/ccsv6/tools/compiler/msp430-gcc-5.3.0.224_win32/bin/../lib/gcc/msp430-elf/5.3.0/large\libgcc.a(_clzdi2.o)
                              c:/ti/ccsv6/tools/compiler/msp430-gcc-5.3.0.224_win32/bin/../lib/gcc/msp430-elf/5.3.0/large\libgcc.a(_udivdi3.o) (__clzdi2)
c:/ti/ccsv6/tools/compiler/msp430-gcc-5.3.0.224_win32/bin/../lib/gcc/msp430-elf/5.3.0/large\libgcc.a(_clz.o)
                              c:/ti/ccsv6/tools/compiler/msp430-gcc-5.3.0.224_win32/bin/../lib/gcc/msp430-elf/5.3.0/large\libgcc.a(_clzdi2.o) (__clz_tab)
c:/ti/ccsv6/tools/compiler/msp430-gcc-5.3.0.224_win32/bin/../lib/gcc/msp430-elf/5.3.0/../../../../msp430-elf/lib/large\libc.a(lib_a-memset.o)
                              ./usci_a1_uart_DCO_1MHz.o (memset)
c:/ti/ccsv6/tools/compiler/msp430-gcc-5.3.0.224_win32/bin/../lib/gcc/msp430-elf/5.3.0/large\libmul_f5.a(lib2hw_mul_f5.o)
                              ./driverlib/MSP430F5xx_6xx/ucs.o (__mulsi2_f5)
c:/ti/ccsv6/tools/compiler/msp430-gcc-5.3.0.224_win32/bin/../lib/gcc/msp430-elf/5.3.0/large\libgcc.a(_muldi3.o)
                              c:/ti/ccsv6/tools/compiler/msp430-gcc-5.3.0.224_win32/bin/../lib/gcc/msp430-elf/5.3.0/large\libmul_f5.a(lib2hw_mul_f5.o) (__mspabi_mpyll)
c:/ti/ccsv6/tools/compiler/msp430-gcc-5.3.0.224_win32/bin/../lib/gcc/msp430-elf/5.3.0/../../../../msp430-elf/lib/large\libcrt.a(crt_bss.o)
                              c:/ti/ccsv6/tools/compiler/msp430-gcc-5.3.0.224_win32/bin/../lib/gcc/msp430-elf/5.3.0/large/crtbegin.o (__crt0_init_bss)
c:/ti/ccsv6/tools/compiler/msp430-gcc-5.3.0.224_win32/bin/../lib/gcc/msp430-elf/5.3.0/../../../../msp430-elf/lib/large\libcrt.a(crt_movedata.o)
                              c:/ti/ccsv6/tools/compiler/msp430-gcc-5.3.0.224_win32/bin/../lib/gcc/msp430-elf/5.3.0/large/crtbegin.o (__crt0_movedata)
c:/ti/ccsv6/tools/compiler/msp430-gcc-5.3.0.224_win32/bin/../lib/gcc/msp430-elf/5.3.0/../../../../msp430-elf/lib/large\libcrt.a(crt_main.o)
                              c:/ti/ccsv6/tools/compiler/msp430-gcc-5.3.0.224_win32/bin/../lib/gcc/msp430-elf/5.3.0/../../../../msp430-elf/lib/large/crt0.o (__crt0_call_init_then_main)
c:/ti/ccsv6/tools/compiler/msp430-gcc-5.3.0.224_win32/bin/../lib/gcc/msp430-elf/5.3.0/../../../../msp430-elf/lib/large\libc.a(lib_a-memmove.o)
                              c:/ti/ccsv6/tools/compiler/msp430-gcc-5.3.0.224_win32/bin/../lib/gcc/msp430-elf/5.3.0/../../../../msp430-elf/lib/large\libcrt.a(crt_movedata.o) (memmove)

Memory Configuration

Name             Origin             Length             Attributes
SFR              0x00000000         0x00000010
PERIPHERAL_8BIT  0x00000010         0x000000f0
PERIPHERAL_16BIT 0x00000100         0x00000100
RAM              0x00002400         0x00002000
INFOMEM          0x00001800         0x00000200
INFOA            0x00001980         0x00000080
INFOB            0x00001900         0x00000080
INFOC            0x00001880         0x00000080
INFOD            0x00001800         0x00000080
ROM              0x00004400         0x0000bb80
VECT1            0x0000ff80         0x00000002
VECT2            0x0000ff82         0x00000002
VECT3            0x0000ff84         0x00000002
VECT4            0x0000ff86         0x00000002
VECT5            0x0000ff88         0x00000002
VECT6            0x0000ff8a         0x00000002
VECT7            0x0000ff8c         0x00000002
VECT8            0x0000ff8e         0x00000002
VECT9            0x0000ff90         0x00000002
VECT10           0x0000ff92         0x00000002
VECT11           0x0000ff94         0x00000002
VECT12           0x0000ff96         0x00000002
VECT13           0x0000ff98         0x00000002
VECT14           0x0000ff9a         0x00000002
VECT15           0x0000ff9c         0x00000002
VECT16           0x0000ff9e         0x00000002
VECT17           0x0000ffa0         0x00000002
VECT18           0x0000ffa2         0x00000002
VECT19           0x0000ffa4         0x00000002
VECT20           0x0000ffa6         0x00000002
VECT21           0x0000ffa8         0x00000002
VECT22           0x0000ffaa         0x00000002
VECT23           0x0000ffac         0x00000002
VECT24           0x0000ffae         0x00000002
VECT25           0x0000ffb0         0x00000002
VECT26           0x0000ffb2         0x00000002
VECT27           0x0000ffb4         0x00000002
VECT28           0x0000ffb6         0x00000002
VECT29           0x0000ffb8         0x00000002
VECT30           0x0000ffba         0x00000002
VECT31           0x0000ffbc         0x00000002
VECT32           0x0000ffbe         0x00000002
VECT33           0x0000ffc0         0x00000002
VECT34           0x0000ffc2         0x00000002
VECT35           0x0000ffc4         0x00000002
VECT36           0x0000ffc6         0x00000002
VECT37           0x0000ffc8         0x00000002
VECT38           0x0000ffca         0x00000002
VECT39           0x0000ffcc         0x00000002
VECT40           0x0000ffce         0x00000002
VECT41           0x0000ffd0         0x00000002
VECT42           0x0000ffd2         0x00000002
VECT43           0x0000ffd4         0x00000002
VECT44           0x0000ffd6         0x00000002
VECT45           0x0000ffd8         0x00000002
VECT46           0x0000ffda         0x00000002
VECT47           0x0000ffdc         0x00000002
VECT48           0x0000ffde         0x00000002
VECT49           0x0000ffe0         0x00000002
VECT50           0x0000ffe2         0x00000002
VECT51           0x0000ffe4         0x00000002
VECT52           0x0000ffe6         0x00000002
VECT53           0x0000ffe8         0x00000002
VECT54           0x0000ffea         0x00000002
VECT55           0x0000ffec         0x00000002
VECT56           0x0000ffee         0x00000002
VECT57           0x0000fff0         0x00000002
VECT58           0x0000fff2         0x00000002
VECT59           0x0000fff4         0x00000002
VECT60           0x0000fff6         0x00000002
VECT61           0x0000fff8         0x00000002
VECT62           0x0000fffa         0x00000002
VECT63           0x0000fffc         0x00000002
RESETVEC         0x0000fffe         0x00000002
BSL              0x00001000         0x00000800
USBRAM           0x00001c00         0x00000800
FAR_ROM          0x00010000         0x000143ff
*default*        0x00000000         0xffffffff

Linker script and memory map

LOAD c:/ti/ccsv6/tools/compiler/msp430-gcc-5.3.0.224_win32/bin/../lib/gcc/msp430-elf/5.3.0/../../../../msp430-elf/lib/large/crt0.o
LOAD c:/ti/ccsv6/tools/compiler/msp430-gcc-5.3.0.224_win32/bin/../lib/gcc/msp430-elf/5.3.0/large/crtbegin.o
LOAD ./usci_a1_uart_DCO_1MHz.o
LOAD ./driverlib/MSP430F5xx_6xx/adc10_a.o
LOAD ./driverlib/MSP430F5xx_6xx/adc12_a.o
LOAD ./driverlib/MSP430F5xx_6xx/aes.o
LOAD ./driverlib/MSP430F5xx_6xx/battbak.o
LOAD ./driverlib/MSP430F5xx_6xx/comp_b.o
LOAD ./driverlib/MSP430F5xx_6xx/crc.o
LOAD ./driverlib/MSP430F5xx_6xx/dac12_a.o
LOAD ./driverlib/MSP430F5xx_6xx/dma.o
LOAD ./driverlib/MSP430F5xx_6xx/eusci_a_spi.o
LOAD ./driverlib/MSP430F5xx_6xx/eusci_a_uart.o
LOAD ./driverlib/MSP430F5xx_6xx/eusci_b_i2c.o
LOAD ./driverlib/MSP430F5xx_6xx/eusci_b_spi.o
LOAD ./driverlib/MSP430F5xx_6xx/eusci_i2c.o
LOAD ./driverlib/MSP430F5xx_6xx/eusci_spi.o
LOAD ./driverlib/MSP430F5xx_6xx/eusci_uart.o
LOAD ./driverlib/MSP430F5xx_6xx/flashctl.o
LOAD ./driverlib/MSP430F5xx_6xx/gpio.o
LOAD ./driverlib/MSP430F5xx_6xx/ldopwr.o
LOAD ./driverlib/MSP430F5xx_6xx/mpy32.o
LOAD ./driverlib/MSP430F5xx_6xx/pmap.o
LOAD ./driverlib/MSP430F5xx_6xx/pmm.o
LOAD ./driverlib/MSP430F5xx_6xx/ram.o
LOAD ./driverlib/MSP430F5xx_6xx/ref.o
LOAD ./driverlib/MSP430F5xx_6xx/rtc_a.o
LOAD ./driverlib/MSP430F5xx_6xx/rtc_b.o
LOAD ./driverlib/MSP430F5xx_6xx/rtc_c.o
LOAD ./driverlib/MSP430F5xx_6xx/sd24_b.o
LOAD ./driverlib/MSP430F5xx_6xx/sfr.o
LOAD ./driverlib/MSP430F5xx_6xx/sysctl.o
LOAD ./driverlib/MSP430F5xx_6xx/tec.o
LOAD ./driverlib/MSP430F5xx_6xx/timer_a.o
LOAD ./driverlib/MSP430F5xx_6xx/timer_b.o
LOAD ./driverlib/MSP430F5xx_6xx/timer_d.o
LOAD ./driverlib/MSP430F5xx_6xx/tlv.o
LOAD ./driverlib/MSP430F5xx_6xx/ucs.o
LOAD ./driverlib/MSP430F5xx_6xx/usci_a_spi.o
LOAD ./driverlib/MSP430F5xx_6xx/usci_a_uart.o
LOAD ./driverlib/MSP430F5xx_6xx/usci_b_i2c.o
LOAD ./driverlib/MSP430F5xx_6xx/usci_b_spi.o
LOAD ./driverlib/MSP430F5xx_6xx/usci_i2c.o
LOAD ./driverlib/MSP430F5xx_6xx/usci_spi.o
LOAD ./driverlib/MSP430F5xx_6xx/usci_uart.o
LOAD ./driverlib/MSP430F5xx_6xx/wdt_a.o
START GROUP
LOAD c:/ti/ccsv6/tools/compiler/msp430-gcc-5.3.0.224_win32/bin/../lib/gcc/msp430-elf/5.3.0/large\libgcc.a
LOAD c:/ti/ccsv6/tools/compiler/msp430-gcc-5.3.0.224_win32/bin/../lib/gcc/msp430-elf/5.3.0/../../../../msp430-elf/lib/large\libc.a
END GROUP
LOAD c:/ti/ccsv6/tools/compiler/msp430-gcc-5.3.0.224_win32/bin/../lib/gcc/msp430-elf/5.3.0/large\libgcc.a
START GROUP
LOAD c:/ti/ccsv6/tools/compiler/msp430-gcc-5.3.0.224_win32/bin/../lib/gcc/msp430-elf/5.3.0/large\libmul_f5.a
LOAD c:/ti/ccsv6/tools/compiler/msp430-gcc-5.3.0.224_win32/bin/../lib/gcc/msp430-elf/5.3.0/../../../../msp430-elf/lib/large\libc.a
LOAD c:/ti/ccsv6/tools/compiler/msp430-gcc-5.3.0.224_win32/bin/../lib/gcc/msp430-elf/5.3.0/large\libgcc.a
LOAD c:/ti/ccsv6/tools/compiler/msp430-gcc-5.3.0.224_win32/bin/../lib/gcc/msp430-elf/5.3.0/../../../../msp430-elf/lib/large\libcrt.a
LOAD c:/ti/ccsv6/tools/compiler/msp430-gcc-5.3.0.224_win32/bin/../lib/gcc/msp430-elf/5.3.0/../../../../msp430-elf/lib/large\libnosys.a
END GROUP
LOAD c:/ti/ccsv6/tools/compiler/msp430-gcc-5.3.0.224_win32/bin/../lib/gcc/msp430-elf/5.3.0/large\libgcc.a
LOAD c:/ti/ccsv6/tools/compiler/msp430-gcc-5.3.0.224_win32/bin/../lib/gcc/msp430-elf/5.3.0/large/crtend.o
LOAD c:/ti/ccsv6/tools/compiler/msp430-gcc-5.3.0.224_win32/bin/../lib/gcc/msp430-elf/5.3.0/../../../../msp430-elf/lib/large/crtn.o
LOAD c:/ti/ccsv6/tools/compiler/msp430-gcc-5.3.0.224_win32/bin/../lib/gcc/msp430-elf/5.3.0/large\libgcc.a

__interrupt_vector_1
 *(__interrupt_vector_1)

__interrupt_vector_2
 *(__interrupt_vector_2)

__interrupt_vector_3
 *(__interrupt_vector_3)

__interrupt_vector_4
 *(__interrupt_vector_4)

__interrupt_vector_5
 *(__interrupt_vector_5)

__interrupt_vector_6
 *(__interrupt_vector_6)

__interrupt_vector_7
 *(__interrupt_vector_7)

__interrupt_vector_8
 *(__interrupt_vector_8)

__interrupt_vector_9
 *(__interrupt_vector_9)

__interrupt_vector_10
 *(__interrupt_vector_10)

__interrupt_vector_11
 *(__interrupt_vector_11)

__interrupt_vector_12
 *(__interrupt_vector_12)

__interrupt_vector_13
 *(__interrupt_vector_13)

__interrupt_vector_14
 *(__interrupt_vector_14)

__interrupt_vector_15
 *(__interrupt_vector_15)

__interrupt_vector_16
 *(__interrupt_vector_16)

__interrupt_vector_17
 *(__interrupt_vector_17)

__interrupt_vector_18
 *(__interrupt_vector_18)

__interrupt_vector_19
 *(__interrupt_vector_19)

__interrupt_vector_20
 *(__interrupt_vector_20)

__interrupt_vector_21
 *(__interrupt_vector_21)

__interrupt_vector_22
 *(__interrupt_vector_22)

__interrupt_vector_23
 *(__interrupt_vector_23)

__interrupt_vector_24
 *(__interrupt_vector_24)

__interrupt_vector_25
 *(__interrupt_vector_25)

__interrupt_vector_26
 *(__interrupt_vector_26)

__interrupt_vector_27
 *(__interrupt_vector_27)

__interrupt_vector_28
 *(__interrupt_vector_28)

__interrupt_vector_29
 *(__interrupt_vector_29)

__interrupt_vector_30
 *(__interrupt_vector_30)

__interrupt_vector_31
 *(__interrupt_vector_31)

__interrupt_vector_32
 *(__interrupt_vector_32)

__interrupt_vector_33
 *(__interrupt_vector_33)

__interrupt_vector_34
 *(__interrupt_vector_34)

__interrupt_vector_35
 *(__interrupt_vector_35)

__interrupt_vector_36
 *(__interrupt_vector_36)

__interrupt_vector_37
 *(__interrupt_vector_37)

__interrupt_vector_38
 *(__interrupt_vector_38)

__interrupt_vector_39
 *(__interrupt_vector_39)

__interrupt_vector_40
 *(__interrupt_vector_40)

__interrupt_vector_41
 *(__interrupt_vector_41)

__interrupt_vector_42
 *(__interrupt_vector_42)
 *(__interrupt_vector_rtc)

__interrupt_vector_43
 *(__interrupt_vector_43)
 *(__interrupt_vector_port2)

__interrupt_vector_44
 *(__interrupt_vector_44)
 *(__interrupt_vector_timer2_a1)

__interrupt_vector_45
 *(__interrupt_vector_45)
 *(__interrupt_vector_timer2_a0)

__interrupt_vector_46
 *(__interrupt_vector_46)
 *(__interrupt_vector_usci_b1)

__interrupt_vector_47
                0x0000ffdc        0x2
 *(__interrupt_vector_47)
 __interrupt_vector_47
                0x0000ffdc        0x2 ./usci_a1_uart_DCO_1MHz.o
 *(__interrupt_vector_usci_a1)

__interrupt_vector_48
 *(__interrupt_vector_48)
 *(__interrupt_vector_port1)

__interrupt_vector_49
 *(__interrupt_vector_49)
 *(__interrupt_vector_timer1_a1)

__interrupt_vector_50
 *(__interrupt_vector_50)
 *(__interrupt_vector_timer1_a0)

__interrupt_vector_51
 *(__interrupt_vector_51)
 *(__interrupt_vector_dma)

__interrupt_vector_52
 *(__interrupt_vector_52)
 *(__interrupt_vector_usb_ubm)

__interrupt_vector_53
 *(__interrupt_vector_53)
 *(__interrupt_vector_timer0_a1)

__interrupt_vector_54
 *(__interrupt_vector_54)
 *(__interrupt_vector_timer0_a0)

__interrupt_vector_55
 *(__interrupt_vector_55)
 *(__interrupt_vector_adc12)

__interrupt_vector_56
 *(__interrupt_vector_56)
 *(__interrupt_vector_usci_b0)

__interrupt_vector_57
 *(__interrupt_vector_57)
 *(__interrupt_vector_usci_a0)

__interrupt_vector_58
 *(__interrupt_vector_58)
 *(__interrupt_vector_wdt)

__interrupt_vector_59
 *(__interrupt_vector_59)
 *(__interrupt_vector_timer0_b1)

__interrupt_vector_60
 *(__interrupt_vector_60)
 *(__interrupt_vector_timer0_b0)

__interrupt_vector_61
 *(__interrupt_vector_61)
 *(__interrupt_vector_comp_b)

__interrupt_vector_62
 *(__interrupt_vector_62)
 *(__interrupt_vector_unmi)

__interrupt_vector_63
 *(__interrupt_vector_63)
 *(__interrupt_vector_sysnmi)

__reset_vector  0x0000fffe        0x2
 *(__interrupt_vector_64)
 *(__interrupt_vector_reset)
 *(.resetvec)
 .resetvec      0x0000fffe        0x2 c:/ti/ccsv6/tools/compiler/msp430-gcc-5.3.0.224_win32/bin/../lib/gcc/msp430-elf/5.3.0/../../../../msp430-elf/lib/large/crt0.o

.rodata         0x00004400      0x17c
                0x00004400                . = ALIGN (0x2)
 *(.plt)
 *(.rodata .rodata.* .gnu.linkonce.r.* .const .const:*)
 .rodata        0x00004400       0x1c ./driverlib/MSP430F5xx_6xx/gpio.o
 .rodata.__clz_tab
                0x0000441c      0x100 c:/ti/ccsv6/tools/compiler/msp430-gcc-5.3.0.224_win32/bin/../lib/gcc/msp430-elf/5.3.0/large\libgcc.a(_clz.o)
                0x0000441c                __clz_tab
 *(.rodata1)
 *(.eh_frame_hdr)
 *(.eh_frame)
 .eh_frame      0x0000451c        0x0 c:/ti/ccsv6/tools/compiler/msp430-gcc-5.3.0.224_win32/bin/../lib/gcc/msp430-elf/5.3.0/large/crtbegin.o
 .eh_frame      0x0000451c       0x48 c:/ti/ccsv6/tools/compiler/msp430-gcc-5.3.0.224_win32/bin/../lib/gcc/msp430-elf/5.3.0/large\libgcc.a(_udivdi3.o)
 .eh_frame      0x00004564        0x4 c:/ti/ccsv6/tools/compiler/msp430-gcc-5.3.0.224_win32/bin/../lib/gcc/msp430-elf/5.3.0/large/crtend.o
 *(.gcc_except_table)
 *(.gcc_except_table.*)
                0x00004568                PROVIDE (__preinit_array_start, .)
 *(.preinit_array)
                0x00004568                PROVIDE (__preinit_array_end, .)
                0x00004568                PROVIDE (__init_array_start, .)
 *(SORT(.init_array.*))
 *(.init_array)
                0x00004568                PROVIDE (__init_array_end, .)
                0x00004568                PROVIDE (__fini_array_start, .)
 *(.fini_array)
 *(SORT(.fini_array.*))
                0x00004568                PROVIDE (__fini_array_end, .)
                0x00004568        0x4 LONG 0x0
 *crtbegin*.o(.ctors)
 .ctors         0x0000456c        0x4 c:/ti/ccsv6/tools/compiler/msp430-gcc-5.3.0.224_win32/bin/../lib/gcc/msp430-elf/5.3.0/large/crtbegin.o
 *(EXCLUDE_FILE(*crtend*.o) .ctors)
 *(SORT(.ctors.*))
 *(.ctors)
 .ctors         0x00004570        0x4 c:/ti/ccsv6/tools/compiler/msp430-gcc-5.3.0.224_win32/bin/../lib/gcc/msp430-elf/5.3.0/large/crtend.o
 *crtbegin*.o(.dtors)
 .dtors         0x00004574        0x4 c:/ti/ccsv6/tools/compiler/msp430-gcc-5.3.0.224_win32/bin/../lib/gcc/msp430-elf/5.3.0/large/crtbegin.o
 *(EXCLUDE_FILE(*crtend*.o) .dtors)
 *(SORT(.dtors.*))
 *(.dtors)
 .dtors         0x00004578        0x4 c:/ti/ccsv6/tools/compiler/msp430-gcc-5.3.0.224_win32/bin/../lib/gcc/msp430-elf/5.3.0/large/crtend.o
                0x00004578                __DTOR_END__

.text           0x0000457c     0x5a64
                0x0000457c                . = ALIGN (0x2)
                0x0000457c                PROVIDE (_start, .)
 *(SORT(.crt_*))
 .crt_0000start
                0x0000457c        0x4 c:/ti/ccsv6/tools/compiler/msp430-gcc-5.3.0.224_win32/bin/../lib/gcc/msp430-elf/5.3.0/../../../../msp430-elf/lib/large/crt0.o
                0x0000457c                __crt0_start
 .crt_0100init_bss
                0x00004580       0x10 c:/ti/ccsv6/tools/compiler/msp430-gcc-5.3.0.224_win32/bin/../lib/gcc/msp430-elf/5.3.0/../../../../msp430-elf/lib/large\libcrt.a(crt_bss.o)
                0x00004580                __crt0_init_bss
 .crt_0300movedata
                0x00004590       0x14 c:/ti/ccsv6/tools/compiler/msp430-gcc-5.3.0.224_win32/bin/../lib/gcc/msp430-elf/5.3.0/../../../../msp430-elf/lib/large\libcrt.a(crt_movedata.o)
                0x00004590                __crt0_movedata
 .crt_0700call_init_then_main
                0x000045a4        0xa c:/ti/ccsv6/tools/compiler/msp430-gcc-5.3.0.224_win32/bin/../lib/gcc/msp430-elf/5.3.0/../../../../msp430-elf/lib/large\libcrt.a(crt_main.o)
                0x000045a4                __crt0_call_init_then_main
 .crt_0900main_init
                0x000045ae       0x40 c:/ti/ccsv6/tools/compiler/msp430-gcc-5.3.0.224_win32/bin/../lib/gcc/msp430-elf/5.3.0/../../../../msp430-elf/lib/large/crt0.o
                0x000045ae                _msp430_run_init_array
                0x000045be                _msp430_run_preinit_array
                0x000045ce                _msp430_run_fini_array
 *(.lowtext .text .stub .text.* .gnu.linkonce.t.* .text:*)
 .text          0x000045ee        0x0 c:/ti/ccsv6/tools/compiler/msp430-gcc-5.3.0.224_win32/bin/../lib/gcc/msp430-elf/5.3.0/../../../../msp430-elf/lib/large/crt0.o
 .text          0x000045ee        0x4 c:/ti/ccsv6/tools/compiler/msp430-gcc-5.3.0.224_win32/bin/../lib/gcc/msp430-elf/5.3.0/large/crtbegin.o
 .text.deregister_tm_clones
                0x000045f2       0x22 c:/ti/ccsv6/tools/compiler/msp430-gcc-5.3.0.224_win32/bin/../lib/gcc/msp430-elf/5.3.0/large/crtbegin.o
 .text.register_tm_clones
                0x00004614       0x7c c:/ti/ccsv6/tools/compiler/msp430-gcc-5.3.0.224_win32/bin/../lib/gcc/msp430-elf/5.3.0/large/crtbegin.o
 .text.__do_global_dtors_aux
                0x00004690       0x9e c:/ti/ccsv6/tools/compiler/msp430-gcc-5.3.0.224_win32/bin/../lib/gcc/msp430-elf/5.3.0/large/crtbegin.o
 .text.call___do_global_dtors_aux
                0x0000472e        0x0 c:/ti/ccsv6/tools/compiler/msp430-gcc-5.3.0.224_win32/bin/../lib/gcc/msp430-elf/5.3.0/large/crtbegin.o
 .text.frame_dummy
                0x0000472e       0x32 c:/ti/ccsv6/tools/compiler/msp430-gcc-5.3.0.224_win32/bin/../lib/gcc/msp430-elf/5.3.0/large/crtbegin.o
 .text.call_frame_dummy
                0x00004760        0x0 c:/ti/ccsv6/tools/compiler/msp430-gcc-5.3.0.224_win32/bin/../lib/gcc/msp430-elf/5.3.0/large/crtbegin.o
 .text          0x00004760       0x88 ./usci_a1_uart_DCO_1MHz.o
                0x00004760                main
 .lowtext       0x000047e8       0x74 ./usci_a1_uart_DCO_1MHz.o
                0x000047e8                USCI_A1_ISR
 .text          0x0000485c        0x0 ./driverlib/MSP430F5xx_6xx/adc10_a.o
 .text          0x0000485c      0x290 ./driverlib/MSP430F5xx_6xx/adc12_a.o
                0x0000485c                ADC12_A_init
                0x000048be                ADC12_A_enable
                0x000048ca                ADC12_A_disable
                0x000048d6                ADC12_A_setupSamplingTimer
                0x00004900                ADC12_A_disableSamplingTimer
                0x0000490e                ADC12_A_configureMemory
                0x00004936                ADC12_A_memoryConfigure
                0x00004980                ADC12_A_enableInterrupt
                0x000049b0                ADC12_A_disableInterrupt
                0x000049e0                ADC12_A_clearInterrupt
                0x000049ee                ADC12_A_getInterruptStatus
                0x000049fc                ADC12_A_startConversion
                0x00004a36                ADC12_A_disableConversions
                0x00004a5e                ADC12_A_getResults
                0x00004a72                ADC12_A_setResolution
                0x00004a84                ADC12_A_setSampleHoldSignalInversion
                0x00004a96                ADC12_A_setDataReadBackFormat
                0x00004aa6                ADC12_A_enableReferenceBurst
                0x00004ab2                ADC12_A_disableReferenceBurst
                0x00004abe                ADC12_A_setReferenceBufferSamplingRate
                0x00004ace                ADC12_A_getMemoryAddressForDMA
                0x00004ade                ADC12_A_isBusy
 .text          0x00004aec        0x0 ./driverlib/MSP430F5xx_6xx/aes.o
 .text          0x00004aec        0x0 ./driverlib/MSP430F5xx_6xx/battbak.o
 .text          0x00004aec      0x26c ./driverlib/MSP430F5xx_6xx/comp_b.o
                0x00004aec                Comp_B_initialize
                0x00004baa                Comp_B_init
                0x00004bd6                Comp_B_configureReferenceVoltage
                0x00004c46                Comp_B_setReferenceVoltage
                0x00004c68                Comp_B_enableInterrupt
                0x00004c76                Comp_B_clearInterrupt
                0x00004c84                Comp_B_disableInterrupt
                0x00004c8a                Comp_B_getInterruptStatus
                0x00004c98                Comp_B_interruptSetEdgeDirection
                0x00004cba                Comp_B_interruptToggleEdgeDirection
                0x00004cc6                Comp_B_enable
                0x00004cd4                Comp_B_disable
                0x00004ce2                Comp_B_shortInputs
                0x00004cf0                Comp_B_unshortInputs
                0x00004cfe                Comp_B_disableInputBuffer
                0x00004d1e                Comp_B_enableInputBuffer
                0x00004d3e                Comp_B_IOSwap
                0x00004d4c                Comp_B_outputValue
 .text          0x00004d58       0x56 ./driverlib/MSP430F5xx_6xx/crc.o
                0x00004d58                CRC_setSeed
                0x00004d64                CRC_set16BitData
                0x00004d6e                CRC_set8BitData
                0x00004d78                CRC_set16BitDataReversed
                0x00004d84                CRC_set8BitDataReversed
                0x00004d90                CRC_getData
                0x00004d98                CRC_getResult
                0x00004da2                CRC_getResultBitsReversed
 .text          0x00004dae        0x0 ./driverlib/MSP430F5xx_6xx/dac12_a.o
 .text          0x00004dae      0x208 ./driverlib/MSP430F5xx_6xx/dma.o
                0x00004dae                DMA_initialize
                0x00004e1c                DMA_init
                0x00004e62                DMA_setTransferSize
                0x00004e74                DMA_setSrcAddress
                0x00004ea8                DMA_setDstAddress
                0x00004ee0                DMA_enableTransfers
                0x00004ef4                DMA_disableTransfers
                0x00004f08                DMA_startTransfer
                0x00004f1a                DMA_enableInterrupt
                0x00004f2c                DMA_disableInterrupt
                0x00004f3e                DMA_getInterruptStatus
                0x00004f50                DMA_clearInterrupt
                0x00004f62                DMA_NMIAbortStatus
                0x00004f74                DMA_clearNMIAbort
                0x00004f86                DMA_disableTransferDuringReadModifyWrite
                0x00004f8e                DMA_enableTransferDuringReadModifyWrite
                0x00004f96                DMA_enableRoundRobinPriority
                0x00004f9e                DMA_disableRoundRobinPriority
                0x00004fa6                DMA_enableNMIAbort
                0x00004fae                DMA_disableNMIAbort
 .text          0x00004fb6        0x0 ./driverlib/MSP430F5xx_6xx/eusci_a_spi.o
 .text          0x00004fb6        0x0 ./driverlib/MSP430F5xx_6xx/eusci_a_uart.o
 .text          0x00004fb6        0x0 ./driverlib/MSP430F5xx_6xx/eusci_b_i2c.o
 .text          0x00004fb6        0x0 ./driverlib/MSP430F5xx_6xx/eusci_b_spi.o
 .text          0x00004fb6        0x0 ./driverlib/MSP430F5xx_6xx/eusci_i2c.o
 .text          0x00004fb6        0x0 ./driverlib/MSP430F5xx_6xx/eusci_spi.o
 .text          0x00004fb6        0x0 ./driverlib/MSP430F5xx_6xx/eusci_uart.o
 .text          0x00004fb6      0x20e ./driverlib/MSP430F5xx_6xx/flashctl.o
                0x00004fb6                FlashCtl_segmentErase
                0x00004fe4                FlashCtl_bankErase
                0x0000501e                FlashCtl_massErase
                0x00005058                FlashCtl_eraseCheck
                0x00005078                FlashCtl_write8
                0x000050b8                FlashCtl_write16
                0x000050f8                FlashCtl_write32
                0x0000513e                FlashCtl_memoryFill32
                0x0000517e                FlashCtl_status
                0x00005186                FlashCtl_lockInfoA
                0x000051a6                FlashCtl_unlockInfoA
 .text          0x000051c4      0x340 ./driverlib/MSP430F5xx_6xx/gpio.o
                0x000051c4                GPIO_setAsOutputPin
                0x000051f8                GPIO_setAsInputPin
                0x0000523c                GPIO_setAsPeripheralModuleFunctionOutputPin
                0x00005270                GPIO_setAsPeripheralModuleFunctionInputPin
                0x000052a4                GPIO_setOutputHighOnPin
                0x000052ca                GPIO_setOutputLowOnPin
                0x000052f0                GPIO_toggleOutputOnPin
                0x00005316                GPIO_setAsInputPinWithPullDownResistor
                0x00005368                GPIO_setAsInputPinWithPullUpResistor
                0x000053ba                GPIO_getInputPinValue
                0x000053ec                GPIO_enableInterrupt
                0x00005414                GPIO_disableInterrupt
                0x0000543c                GPIO_getInterruptStatus
                0x00005466                GPIO_clearInterruptFlag
                0x0000548e                GPIO_interruptEdgeSelect
                0x000054ca                GPIO_setDriveStrength
 .text          0x00005504        0x0 ./driverlib/MSP430F5xx_6xx/ldopwr.o
 .text          0x00005504      0x2d2 ./driverlib/MSP430F5xx_6xx/mpy32.o
                0x00005504                MPY32_setWriteDelay
                0x00005514                MPY32_enableSaturationMode
                0x0000551c                MPY32_disableSaturationMode
                0x00005524                MPY32_getSaturationMode
                0x0000552e                MPY32_enableFractionalMode
                0x00005536                MPY32_disableFractionalMode
                0x0000553e                MPY32_getFractionalMode
                0x00005548                MPY32_setOperandOne8Bit
                0x0000555a                MPY32_setOperandOne16Bit
                0x0000556c                MPY32_setOperandOne24Bit
                0x0000559c                MPY32_setOperandOne32Bit
                0x000055cc                MPY32_setOperandTwo8Bit
                0x000055d4                MPY32_setOperandTwo16Bit
                0x000055dc                MPY32_setOperandTwo24Bit
                0x000055f2                MPY32_setOperandTwo32Bit
                0x00005608                MPY32_getResult8Bit
                0x00005610                MPY32_getResult16Bit
                0x00005618                MPY32_getResult32Bit
                0x00005636                MPY32_getResult24Bit
                0x0000563c                MPY32_getResult64Bit
                0x0000566a                MPY32_getResult
                0x00005762                MPY32_getSumExtension
                0x0000576a                MPY32_getCarryBitValue
                0x00005774                MPY32_clearCarryBitValue
                0x0000577c                MPY32_preloadResult
 .text          0x000057d6       0x98 ./driverlib/MSP430F5xx_6xx/pmap.o
                0x000057d6                PMAP_initPorts
                0x0000582e                PMAP_configurePorts
 .text          0x0000586e      0x53c ./driverlib/MSP430F5xx_6xx/pmm.o
                0x0000586e                PMM_enableSvsL
                0x00005886                PMM_disableSvsL
                0x0000589e                PMM_enableSvmL
                0x000058b6                PMM_disableSvmL
                0x000058ce                PMM_enableSvsH
                0x000058e6                PMM_disableSvsH
                0x000058fe                PMM_enableSvmH
                0x00005916                PMM_disableSvmH
                0x0000592e                PMM_enableSvsLSvmL
                0x00005946                PMM_disableSvsLSvmL
                0x0000595e                PMM_enableSvsHSvmH
                0x00005976                PMM_disableSvsHSvmH
                0x0000598e                PMM_enableSvsLReset
                0x000059a6                PMM_disableSvsLReset
                0x000059be                PMM_enableSvmLInterrupt
                0x000059d4                PMM_disableSvmLInterrupt
                0x000059ea                PMM_enableSvsHReset
                0x00005a02                PMM_disableSvsHReset
                0x00005a1a                PMM_enableSvmHInterrupt
                0x00005a32                PMM_disableSvmHInterrupt
                0x00005a4a                PMM_clearPMMIFGS
                0x00005a60                PMM_SvsLEnabledInLPMFastWake
                0x00005a80                PMM_SvsLEnabledInLPMSlowWake
                0x00005aa0                PMM_SvsLDisabledInLPMFastWake
                0x00005ac0                PMM_SvsLDisabledInLPMSlowWake
                0x00005ad8                PMM_SvsHEnabledInLPMNormPerf
                0x00005af8                PMM_SvsHEnabledInLPMFullPerf
                0x00005b18                PMM_SvsHDisabledInLPMNormPerf
                0x00005b30                PMM_SvsHDisabledInLPMFullPerf
                0x00005b50                PMM_SvsLOptimizedInLPMFastWake
                0x00005b68                PMM_SvsHOptimizedInLPMFullPerf
                0x00005b80                PMM_setVCoreUp
                0x00005c90                PMM_setVCoreDown
                0x00005d4e                PMM_setVCore
                0x00005da2                PMM_getInterruptStatus
 .text          0x00005daa       0x18 ./driverlib/MSP430F5xx_6xx/ram.o
                0x00005daa                RAM_setSectorOff
                0x00005dba                RAM_getSectorState
 .text          0x00005dc2       0x82 ./driverlib/MSP430F5xx_6xx/ref.o
                0x00005dc2                Ref_setReferenceVoltage
                0x00005dd2                Ref_disableTempSensor
                0x00005ddc                Ref_enableTempSensor
                0x00005de6                Ref_enableReferenceVoltageOutput
                0x00005df0                Ref_disableReferenceVoltageOutput
                0x00005dfa                Ref_enableReferenceVoltage
                0x00005e04                Ref_disableReferenceVoltage
                0x00005e0e                Ref_getBandgapMode
                0x00005e1a                Ref_isBandgapActive
                0x00005e2a                Ref_isRefGenBusy
                0x00005e36                Ref_isRefGenActive
 .text          0x00005e44      0x4f8 ./driverlib/MSP430F5xx_6xx/rtc_a.o
                0x00005e44                RTC_A_startClock
                0x00005e52                RTC_A_holdClock
                0x00005e60                RTC_A_setCalibrationFrequency
                0x00005e72                RTC_A_setCalibrationData
                0x00005e80                RTC_A_initCounter
                0x00005eaa                RTC_A_initCalendar
                0x00005f3e                RTC_A_calendarInit
                0x00005fe0                RTC_A_getCalendarTime
                0x00006062                RTC_A_configureCalendarAlarm
                0x000060be                RTC_A_setCalendarAlarm
                0x000060e0                RTC_A_setCalendarEvent
                0x000060f0                RTC_A_getCounterValue
                0x00006142                RTC_A_setCounterValue
                0x00006174                RTC_A_initCounterPrescale
                0x00006188                RTC_A_holdCounterPrescale
                0x0000619c                RTC_A_startCounterPrescale
                0x000061b0                RTC_A_definePrescaleEvent
                0x000061c8                RTC_A_getPrescaleValue
                0x00006208                RTC_A_setPrescaleValue
                0x0000622e                RTC_A_enableInterrupt
                0x0000626a                RTC_A_disableInterrupt
                0x000062a6                RTC_A_getInterruptStatus
                0x000062fc                RTC_A_clearInterrupt
 .text          0x0000633c        0x0 ./driverlib/MSP430F5xx_6xx/rtc_b.o
 .text          0x0000633c        0x0 ./driverlib/MSP430F5xx_6xx/rtc_c.o
 .text          0x0000633c        0x0 ./driverlib/MSP430F5xx_6xx/sd24_b.o
 .text          0x0000633c       0x4c ./driverlib/MSP430F5xx_6xx/sfr.o
                0x0000633c                SFR_enableInterrupt
                0x00006344                SFR_disableInterrupt
                0x0000634c                SFR_getInterruptStatus
                0x00006354                SFR_clearInterrupt
                0x0000635c                SFR_setResetPinPullResistor
                0x0000636c                SFR_setNMIEdge
                0x0000637a                SFR_setResetNMIPinFunction
 .text          0x00006388       0xf2 ./driverlib/MSP430F5xx_6xx/sysctl.o
                0x00006388                SysCtl_enableDedicatedJTAGPins
                0x00006392                SysCtl_getBSLEntryIndication
                0x0000639e                SysCtl_enablePMMAccessProtect
                0x000063a6                SysCtl_enableRAMBasedInterruptVectors
                0x000063ae                SysCtl_disableRAMBasedInterruptVectors
                0x000063b6                SysCtl_enableBSLProtect
                0x000063c0                SysCtl_disableBSLProtect
                0x000063ca                SysCtl_enableBSLMemory
                0x000063d4                SysCtl_disableBSLMemory
                0x000063de                SysCtl_setRAMAssignedToBSL
                0x000063ec                SysCtl_setBSLSize
                0x000063fc                SysCtl_JTAGMailboxInit
                0x0000640e                SysCtl_getJTAGMailboxFlagStatus
                0x00006416                SysCtl_clearJTAGMailboxFlagStatus
                0x0000641e                SysCtl_getJTAGInboxMessage16Bit
                0x0000642e                SysCtl_getJTAGInboxMessage32Bit
                0x00006452                SysCtl_setJTAGOutgoingMessage16Bit
                0x00006464                SysCtl_setJTAGOutgoingMessage32Bit
 .text          0x0000647a        0x0 ./driverlib/MSP430F5xx_6xx/tec.o
 .text          0x0000647a      0x60a ./driverlib/MSP430F5xx_6xx/timer_a.o
                0x0000647a                Timer_A_startCounter
                0x00006484                Timer_A_initContinuousMode
                0x000064de                Timer_A_configureContinuousMode
                0x0000651a                Timer_A_initUpMode
                0x000065a4                Timer_A_configureUpMode
                0x000065ec                Timer_A_initUpDownMode
                0x00006676                Timer_A_configureUpDownMode
                0x000066be                Timer_A_startContinuousMode
                0x000066fe                Timer_A_startContinousMode
                0x00006712                Timer_A_startUpMode
                0x0000675e                Timer_A_startUpDownMode
                0x000067aa                Timer_A_initCaptureMode
                0x000067ec                Timer_A_initCapture
                0x00006834                Timer_A_initCompareMode
                0x0000687e                Timer_A_initCompare
                0x000068a0                Timer_A_enableInterrupt
                0x000068aa                Timer_A_disableInterrupt
                0x000068b4                Timer_A_getInterruptStatus
                0x000068c0                Timer_A_enableCaptureCompareInterrupt
                0x000068ce                Timer_A_disableCaptureCompareInterrupt
                0x000068dc                Timer_A_getCaptureCompareInterruptStatus
                0x000068ea                Timer_A_clear
                0x000068f4                Timer_A_getSynchronizedCaptureCompareInput
                0x0000690e                Timer_A_getOutputForOutputModeOutBitValue
                0x00006920                Timer_A_getCaptureCompareCount
                0x0000692e                Timer_A_setOutputForOutputModeOutBitValue
                0x00006942                Timer_A_outputPWM
                0x000069d2                Timer_A_generatePWM
                0x00006a1a                Timer_A_stop
                0x00006a26                Timer_A_setCompareValue
                0x00006a36                Timer_A_clearTimerInterruptFlag
                0x00006a40                Timer_A_clearCaptureCompareInterruptFlag
                0x00006a4c                Timer_A_getCounterValue
 .text          0x00006a84      0x63c ./driverlib/MSP430F5xx_6xx/timer_b.o
                0x00006a84                Timer_B_startCounter
                0x00006a8e                Timer_B_initContinuousMode
                0x00006ae8                Timer_B_configureContinuousMode
                0x00006b24                Timer_B_initUpMode
                0x00006bae                Timer_B_configureUpMode
                0x00006bf6                Timer_B_initUpDownMode
                0x00006c80                Timer_B_configureUpDownMode
                0x00006cc8                Timer_B_startContinuousMode
                0x00006d08                Timer_B_startContinousMode
                0x00006d1c                Timer_B_startUpMode
                0x00006d68                Timer_B_startUpDownMode
                0x00006db4                Timer_B_initCaptureMode
                0x00006df6                Timer_B_initCapture
                0x00006e3e                Timer_B_initCompareMode
                0x00006e88                Timer_B_initCompare
                0x00006eaa                Timer_B_enableInterrupt
                0x00006eb4                Timer_B_disableInterrupt
                0x00006ebe                Timer_B_getInterruptStatus
                0x00006eca                Timer_B_enableCaptureCompareInterrupt
                0x00006ed8                Timer_B_disableCaptureCompareInterrupt
                0x00006ee6                Timer_B_getCaptureCompareInterruptStatus
                0x00006ef4                Timer_B_clear
                0x00006efe                Timer_B_getSynchronizedCaptureCompareInput
                0x00006f18                Timer_B_getOutputForOutputModeOutBitValue
                0x00006f2a                Timer_B_getCaptureCompareCount
                0x00006f38                Timer_B_setOutputForOutputModeOutBitValue
                0x00006f4c                Timer_B_outputPWM
                0x00006fdc                Timer_B_generatePWM
                0x00007024                Timer_B_stop
                0x00007030                Timer_B_setCompareValue
                0x00007040                Timer_B_clearTimerInterruptFlag
                0x0000704a                Timer_B_clearCaptureCompareInterruptFlag
                0x00007056                Timer_B_selectCounterLength
                0x00007066                Timer_B_selectLatchingGroup
                0x00007076                Timer_B_initCompareLatchLoadEvent
                0x00007088                Timer_B_getCounterValue
 .text          0x000070c0        0x0 ./driverlib/MSP430F5xx_6xx/timer_d.o
 .text          0x000070c0      0x1e4 ./driverlib/MSP430F5xx_6xx/tlv.o
                0x000070c0                TLV_getInfo
                0x0000712e                TLV_getDeviceType
                0x00007136                TLV_getMemory
                0x00007192                TLV_getPeripheral
                0x00007228                TLV_getInterrupt
 .text          0x000072a4      0x8a8 ./driverlib/MSP430F5xx_6xx/ucs.o
                0x00007500                UCS_setExternalClockSource
                0x0000751a                UCS_clockSignalInit
                0x000075e2                UCS_LFXT1Start
                0x0000763e                UCS_HFXT1Start
                0x0000768a                UCS_bypassXT1
                0x000076da                UCS_LFXT1StartWithTimeout
                0x00007748                UCS_HFXT1StartWithTimeout
                0x000077a6                UCS_bypassXT1WithTimeout
                0x00007816                UCS_XT1Off
                0x0000781e                UCS_XT2Start
                0x00007864                UCS_bypassXT2
                0x00007886                UCS_XT2StartWithTimeout
                0x000078e6                UCS_bypassXT2WithTimeout
                0x0000791e                UCS_XT2Off
                0x00007928                UCS_initFLL
                0x00007a52                UCS_initFLLSettle
                0x00007a92                UCS_enableClockRequest
                0x00007a9a                UCS_disableClockRequest
                0x00007aa2                UCS_faultFlagStatus
                0x00007aaa                UCS_clearFaultFlag
                0x00007ab2                UCS_SMCLKOff
                0x00007aba                UCS_SMCLKOn
                0x00007ac2                UCS_getACLK
                0x00007ae4                UCS_getSMCLK
                0x00007b06                UCS_getMCLK
                0x00007b20                UCS_clearAllOscFlagsWithTimeout
 .text          0x00007b4c      0x202 ./driverlib/MSP430F5xx_6xx/usci_a_spi.o
                0x00007b4c                USCI_A_SPI_initMaster
                0x00007bbc                USCI_A_SPI_masterInit
                0x00007c10                USCI_A_SPI_changeMasterClock
                0x00007c44                USCI_A_SPI_masterChangeClock
                0x00007c82                USCI_A_SPI_slaveInit
                0x00007ca6                USCI_A_SPI_changeClockPhasePolarity
                0x00007cca                USCI_A_SPI_transmitData
                0x00007cd8                USCI_A_SPI_receiveData
                0x00007ce4                USCI_A_SPI_enableInterrupt
                0x00007cf2                USCI_A_SPI_disableInterrupt
                0x00007d00                USCI_A_SPI_getInterruptStatus
                0x00007d0e                USCI_A_SPI_clearInterruptFlag
                0x00007d1c                USCI_A_SPI_enable
                0x00007d26                USCI_A_SPI_disable
                0x00007d30                USCI_A_SPI_getReceiveBufferAddressForDMA
                0x00007d38                USCI_A_SPI_getTransmitBufferAddressForDMA
                0x00007d40                USCI_A_SPI_isBusy
 .text          0x00007d4e      0x296 ./driverlib/MSP430F5xx_6xx/usci_a_uart.o
                0x00007d4e                USCI_A_UART_init
                0x00007e06                USCI_A_UART_initAdvance
                0x00007e60                USCI_A_UART_transmitData
                0x00007e94                USCI_A_UART_receiveData
                0x00007ec2                USCI_A_UART_enableInterrupt
                0x00007ee8                USCI_A_UART_disableInterrupt
                0x00007f16                USCI_A_UART_getInterruptStatus
                0x00007f24                USCI_A_UART_clearInterruptFlag
                0x00007f32                USCI_A_UART_enable
                0x00007f3c                USCI_A_UART_disable
                0x00007f46                USCI_A_UART_queryStatusFlags
                0x00007f54                USCI_A_UART_setDormant
                0x00007f5e                USCI_A_UART_resetDormant
                0x00007f68                USCI_A_UART_transmitAddress
                0x00007f7e                USCI_A_UART_transmitBreak
                0x00007fd4                USCI_A_UART_getReceiveBufferAddressForDMA
                0x00007fdc                USCI_A_UART_getTransmitBufferAddressForDMA
 .text          0x00007fe4      0x68e ./driverlib/MSP430F5xx_6xx/usci_b_i2c.o
                0x00007fe4                USCI_B_I2C_initMaster
                0x00008030                USCI_B_I2C_masterInit
                0x00008072                USCI_B_I2C_slaveInit
                0x0000809e                USCI_B_I2C_enable
                0x000080a8                USCI_B_I2C_disable
                0x000080b2                USCI_B_I2C_setSlaveAddress
                0x000080c4                USCI_B_I2C_setMode
                0x000080d4                USCI_B_I2C_slaveDataPut
                0x000080e2                USCI_B_I2C_slaveDataGet
                0x000080ee                USCI_B_I2C_isBusBusy
                0x000080fe                USCI_B_I2C_isBusy
                0x0000811a                USCI_B_I2C_masterIsStopSent
                0x00008124                USCI_B_I2C_masterIsStartSent
                0x0000812e                USCI_B_I2C_masterSendStart
                0x00008138                USCI_B_I2C_enableInterrupt
                0x00008146                USCI_B_I2C_disableInterrupt
                0x00008154                USCI_B_I2C_clearInterruptFlag
                0x00008162                USCI_B_I2C_getInterruptStatus
                0x00008170                USCI_B_I2C_masterSendSingleByte
                0x000081cc                USCI_B_I2C_masterSendSingleByteWithTimeout
                0x0000825a                USCI_B_I2C_masterMultiByteSendStart
                0x000082a2                USCI_B_I2C_masterMultiByteSendStartWithTimeout
                0x0000830c                USCI_B_I2C_masterMultiByteSendNext
                0x00008340                USCI_B_I2C_masterMultiByteSendNextWithTimeout
                0x0000839a                USCI_B_I2C_masterMultiByteSendFinish
                0x000083e8                USCI_B_I2C_masterMultiByteSendFinishWithTimeout
                0x00008468                USCI_B_I2C_masterMultiByteSendStop
                0x00008494                USCI_B_I2C_masterMultiByteSendStopWithTimeout
                0x000084ea                USCI_B_I2C_masterMultiByteReceiveStart
                0x000084fa                USCI_B_I2C_masterMultiByteReceiveNext
                0x00008506                USCI_B_I2C_masterMultiByteReceiveFinish
                0x0000853a                USCI_B_I2C_masterMultiByteReceiveFinishWithTimeout
                0x000085b6                USCI_B_I2C_masterMultiByteReceiveStop
                0x000085c0                USCI_B_I2C_masterSingleReceiveStart
                0x000085e2                USCI_B_I2C_masterSingleReceiveStartWithTimeout
                0x00008634                USCI_B_I2C_masterSingleReceive
                0x00008662                USCI_B_I2C_getReceiveBufferAddressForDMA
                0x0000866a                USCI_B_I2C_getTransmitBufferAddressForDMA
 .text          0x00008672      0x1f8 ./driverlib/MSP430F5xx_6xx/usci_b_spi.o
                0x00008672                USCI_B_SPI_initMaster
                0x000086d8                USCI_B_SPI_masterInit
                0x0000872c                USCI_B_SPI_changeMasterClock
                0x00008760                USCI_B_SPI_masterChangeClock
                0x0000879e                USCI_B_SPI_slaveInit
                0x000087c2                USCI_B_SPI_changeClockPhasePolarity
                0x000087e6                USCI_B_SPI_transmitData
                0x000087f4                USCI_B_SPI_receiveData
                0x00008800                USCI_B_SPI_enableInterrupt
                0x0000880e                USCI_B_SPI_disableInterrupt
                0x0000881c                USCI_B_SPI_getInterruptStatus
                0x0000882a                USCI_B_SPI_clearInterruptFlag
                0x00008838                USCI_B_SPI_enable
                0x00008842                USCI_B_SPI_disable
                0x0000884c                USCI_B_SPI_getReceiveBufferAddressForDMA
                0x00008854                USCI_B_SPI_getTransmitBufferAddressForDMA
                0x0000885c                USCI_B_SPI_isBusy
 .text          0x0000886a      0x68e ./driverlib/MSP430F5xx_6xx/usci_i2c.o
                0x0000886a                USCI_I2C_initMaster
                0x000088b6                USCI_I2C_masterInit
                0x000088f8                USCI_I2C_slaveInit
                0x00008924                USCI_I2C_enable
                0x0000892e                USCI_I2C_disable
                0x00008938                USCI_I2C_setSlaveAddress
                0x0000894a                USCI_I2C_setMode
                0x0000895a                USCI_I2C_slaveDataPut
                0x00008968                USCI_I2C_slaveDataGet
                0x00008974                USCI_I2C_isBusBusy
                0x00008984                USCI_I2C_isBusy
                0x000089a0                USCI_I2C_masterIsStopSent
                0x000089aa                USCI_I2C_masterIsStartSent
                0x000089b4                USCI_I2C_masterSendStart
                0x000089be                USCI_I2C_enableInterrupt
                0x000089cc                USCI_I2C_disableInterrupt
                0x000089da                USCI_I2C_clearInterruptFlag
                0x000089e8                USCI_I2C_getInterruptStatus
                0x000089f6                USCI_I2C_masterSendSingleByte
                0x00008a52                USCI_I2C_masterSendSingleByteWithTimeout
                0x00008ae0                USCI_I2C_masterMultiByteSendStart
                0x00008b28                USCI_I2C_masterMultiByteSendStartWithTimeout
                0x00008b92                USCI_I2C_masterMultiByteSendNext
                0x00008bc6                USCI_I2C_masterMultiByteSendNextWithTimeout
                0x00008c20                USCI_I2C_masterMultiByteSendFinish
                0x00008c6e                USCI_I2C_masterMultiByteSendFinishWithTimeout
                0x00008cee                USCI_I2C_masterMultiByteSendStop
                0x00008d1a                USCI_I2C_masterMultiByteSendStopWithTimeout
                0x00008d70                USCI_I2C_masterMultiByteReceiveStart
                0x00008d80                USCI_I2C_masterMultiByteReceiveNext
                0x00008d8c                USCI_I2C_masterMultiByteReceiveFinish
                0x00008dc0                USCI_I2C_masterMultiByteReceiveFinishWithTimeout
                0x00008e3c                USCI_I2C_masterMultiByteReceiveStop
                0x00008e46                USCI_I2C_masterSingleReceiveStart
                0x00008e68                USCI_I2C_masterSingleReceiveStartWithTimeout
                0x00008eba                USCI_I2C_masterSingleReceive
                0x00008ee8                USCI_I2C_getReceiveBufferAddressForDMA
                0x00008ef0                USCI_I2C_getTransmitBufferAddressForDMA
 .text          0x00008ef8      0x202 ./driverlib/MSP430F5xx_6xx/usci_spi.o
                0x00008ef8                USCI_SPI_initMaster
                0x00008f68                USCI_SPI_masterInit
                0x00008fbc                USCI_SPI_changeMasterClock
                0x00008ff0                USCI_SPI_masterChangeClock
                0x0000902e                USCI_SPI_slaveInit
                0x00009052                USCI_SPI_changeClockPhasePolarity
                0x00009076                USCI_SPI_transmitData
                0x00009084                USCI_SPI_receiveData
                0x00009090                USCI_SPI_enableInterrupt
                0x0000909e                USCI_SPI_disableInterrupt
                0x000090ac                USCI_SPI_getInterruptStatus
                0x000090ba                USCI_SPI_clearInterruptFlag
                0x000090c8                USCI_SPI_enable
                0x000090d2                USCI_SPI_disable
                0x000090dc                USCI_SPI_getReceiveBufferAddressForDMA
                0x000090e4                USCI_SPI_getTransmitBufferAddressForDMA
                0x000090ec                USCI_SPI_isBusy
 .text          0x000090fa      0x296 ./driverlib/MSP430F5xx_6xx/usci_uart.o
                0x000090fa                USCI_UART_init
                0x000091b2                USCI_UART_initAdvance
                0x0000920c                USCI_UART_transmitData
                0x00009240                USCI_UART_receiveData
                0x0000926e                USCI_UART_enableInterrupt
                0x00009294                USCI_UART_disableInterrupt
                0x000092c2                USCI_UART_getInterruptStatus
                0x000092d0                USCI_UART_clearInterruptFlag
                0x000092de                USCI_UART_enable
                0x000092e8                USCI_UART_disable
                0x000092f2                USCI_UART_queryStatusFlags
                0x00009300                USCI_UART_setDormant
                0x0000930a                USCI_UART_resetDormant
                0x00009314                USCI_UART_transmitAddress
                0x0000932a                USCI_UART_transmitBreak
                0x00009380                USCI_UART_getReceiveBufferAddressForDMA
                0x00009388                USCI_UART_getTransmitBufferAddressForDMA
 .text          0x00009390       0x86 ./driverlib/MSP430F5xx_6xx/wdt_a.o
                0x00009390                WDT_A_hold
                0x000093ac                WDT_A_start
                0x000093c4                WDT_A_resetTimer
                0x000093de                WDT_A_watchdogTimerInit
                0x000093fa                WDT_A_intervalTimerInit
 .text          0x00009416        0x0 c:/ti/ccsv6/tools/compiler/msp430-gcc-5.3.0.224_win32/bin/../lib/gcc/msp430-elf/5.3.0/large\libgcc.a(_lshrdi3.o)
 .text.__lshrdi3
                0x00009416       0x8e c:/ti/ccsv6/tools/compiler/msp430-gcc-5.3.0.224_win32/bin/../lib/gcc/msp430-elf/5.3.0/large\libgcc.a(_lshrdi3.o)
                0x00009416                __lshrdi3
 .text          0x000094a4        0x0 c:/ti/ccsv6/tools/compiler/msp430-gcc-5.3.0.224_win32/bin/../lib/gcc/msp430-elf/5.3.0/large\libgcc.a(_ashldi3.o)
 .text.__ashldi3
                0x000094a4       0x98 c:/ti/ccsv6/tools/compiler/msp430-gcc-5.3.0.224_win32/bin/../lib/gcc/msp430-elf/5.3.0/large\libgcc.a(_ashldi3.o)
                0x000094a4                __ashldi3
 .text          0x0000953c        0x0 c:/ti/ccsv6/tools/compiler/msp430-gcc-5.3.0.224_win32/bin/../lib/gcc/msp430-elf/5.3.0/large\libgcc.a(lib2divHI.o)
 .text.udivmodhi4
                0x0000953c       0x3e c:/ti/ccsv6/tools/compiler/msp430-gcc-5.3.0.224_win32/bin/../lib/gcc/msp430-elf/5.3.0/large\libgcc.a(lib2divHI.o)
                0x0000953c                udivmodhi4
 .text.__divhi3
                0x0000957a       0x50 c:/ti/ccsv6/tools/compiler/msp430-gcc-5.3.0.224_win32/bin/../lib/gcc/msp430-elf/5.3.0/large\libgcc.a(lib2divHI.o)
                0x0000957a                __mspabi_divi
 .text.__modhi3
                0x000095ca       0x32 c:/ti/ccsv6/tools/compiler/msp430-gcc-5.3.0.224_win32/bin/../lib/gcc/msp430-elf/5.3.0/large\libgcc.a(lib2divHI.o)
                0x000095ca                __mspabi_remi
 .text.__udivhi3
                0x000095fc        0x8 c:/ti/ccsv6/tools/compiler/msp430-gcc-5.3.0.224_win32/bin/../lib/gcc/msp430-elf/5.3.0/large\libgcc.a(lib2divHI.o)
                0x000095fc                __mspabi_divu
 .text.__umodhi3
                0x00009604        0x8 c:/ti/ccsv6/tools/compiler/msp430-gcc-5.3.0.224_win32/bin/../lib/gcc/msp430-elf/5.3.0/large\libgcc.a(lib2divHI.o)
                0x00009604                __mspabi_remu
 .text          0x0000960c        0x4 c:/ti/ccsv6/tools/compiler/msp430-gcc-5.3.0.224_win32/bin/../lib/gcc/msp430-elf/5.3.0/large\libgcc.a(lib2divSI.o)
                0x0000960c                __mspabi_divllu
 .text.udivmodsi4
                0x00009610       0x8c c:/ti/ccsv6/tools/compiler/msp430-gcc-5.3.0.224_win32/bin/../lib/gcc/msp430-elf/5.3.0/large\libgcc.a(lib2divSI.o)
                0x00009610                udivmodsi4
 .text.__divsi3
                0x0000969c       0x8c c:/ti/ccsv6/tools/compiler/msp430-gcc-5.3.0.224_win32/bin/../lib/gcc/msp430-elf/5.3.0/large\libgcc.a(lib2divSI.o)
                0x0000969c                __mspabi_divli
 .text.__modsi3
                0x00009728       0x68 c:/ti/ccsv6/tools/compiler/msp430-gcc-5.3.0.224_win32/bin/../lib/gcc/msp430-elf/5.3.0/large\libgcc.a(lib2divSI.o)
                0x00009728                __mspabi_remli
 .text.__udivsi3
                0x00009790       0x12 c:/ti/ccsv6/tools/compiler/msp430-gcc-5.3.0.224_win32/bin/../lib/gcc/msp430-elf/5.3.0/large\libgcc.a(lib2divSI.o)
                0x00009790                __mspabi_divlu
                0x00009790                __mspabi_divul
 .text.__umodsi3
                0x000097a2       0x12 c:/ti/ccsv6/tools/compiler/msp430-gcc-5.3.0.224_win32/bin/../lib/gcc/msp430-elf/5.3.0/large\libgcc.a(lib2divSI.o)
                0x000097a2                __mspabi_remul
 .text          0x000097b4       0x74 c:/ti/ccsv6/tools/compiler/msp430-gcc-5.3.0.224_win32/bin/../lib/gcc/msp430-elf/5.3.0/large\libgcc.a(slli.o)
                0x000097b4                __mspabi_slli_15
                0x000097b6                __mspabi_slli_14
                0x000097b8                __mspabi_slli_13
                0x000097ba                __mspabi_slli_12
                0x000097bc                __mspabi_slli_11
                0x000097be                __mspabi_slli_10
                0x000097c0                __mspabi_slli_9
                0x000097c2                __mspabi_slli_8
                0x000097c4                __mspabi_slli_7
                0x000097c6                __mspabi_slli_6
                0x000097c8                __mspabi_slli_5
                0x000097ca                __mspabi_slli_4
                0x000097cc                __mspabi_slli_3
                0x000097ce                __mspabi_slli_2
                0x000097d0                __mspabi_slli_1
                0x000097d8                __mspabi_slli
                0x000097de                __mspabi_slll_15
                0x000097e2                __mspabi_slll_14
                0x000097e6                __mspabi_slll_13
                0x000097ea                __mspabi_slll_12
                0x000097ee                __mspabi_slll_11
                0x000097f2                __mspabi_slll_10
                0x000097f6                __mspabi_slll_9
                0x000097fa                __mspabi_slll_8
                0x000097fe                __mspabi_slll_7
                0x00009802                __mspabi_slll_6
                0x00009806                __mspabi_slll_5
                0x0000980a                __mspabi_slll_4
                0x0000980e                __mspabi_slll_3
                0x00009812                __mspabi_slll_2
                0x00009816                __mspabi_slll_1
                0x00009822                __mspabi_slll
 .text          0x00009828       0xb4 c:/ti/ccsv6/tools/compiler/msp430-gcc-5.3.0.224_win32/bin/../lib/gcc/msp430-elf/5.3.0/large\libgcc.a(srli.o)
                0x00009828                __mspabi_srli_15
                0x0000982c                __mspabi_srli_14
                0x00009830                __mspabi_srli_13
                0x00009834                __mspabi_srli_12
                0x00009838                __mspabi_srli_11
                0x0000983c                __mspabi_srli_10
                0x00009840                __mspabi_srli_9
                0x00009844                __mspabi_srli_8
                0x00009848                __mspabi_srli_7
                0x0000984c                __mspabi_srli_6
                0x00009850                __mspabi_srli_5
                0x00009854                __mspabi_srli_4
                0x00009858                __mspabi_srli_3
                0x0000985c                __mspabi_srli_2
                0x00009860                __mspabi_srli_1
                0x0000986c                __mspabi_srli
                0x00009872                __mspabi_srll_15
                0x00009878                __mspabi_srll_14
                0x0000987e                __mspabi_srll_13
                0x00009884                __mspabi_srll_12
                0x0000988a                __mspabi_srll_11
                0x00009890                __mspabi_srll_10
                0x00009896                __mspabi_srll_9
                0x0000989c                __mspabi_srll_8
                0x000098a2                __mspabi_srll_7
                0x000098a8                __mspabi_srll_6
                0x000098ae                __mspabi_srll_5
                0x000098b4                __mspabi_srll_4
                0x000098ba                __mspabi_srll_3
                0x000098c0                __mspabi_srll_2
                0x000098c6                __mspabi_srll_1
                0x000098d6                __mspabi_srll
 .text          0x000098dc        0x0 c:/ti/ccsv6/tools/compiler/msp430-gcc-5.3.0.224_win32/bin/../lib/gcc/msp430-elf/5.3.0/large\libgcc.a(_udivdi3.o)
 .text.__udivdi3
                0x000098dc      0x3e6 c:/ti/ccsv6/tools/compiler/msp430-gcc-5.3.0.224_win32/bin/../lib/gcc/msp430-elf/5.3.0/large\libgcc.a(_udivdi3.o)
                0x000098dc                __mspabi_divull
 .text          0x00009cc2        0x0 c:/ti/ccsv6/tools/compiler/msp430-gcc-5.3.0.224_win32/bin/../lib/gcc/msp430-elf/5.3.0/large\libgcc.a(_clzdi2.o)
 .text.__clzdi2
                0x00009cc2       0x6a c:/ti/ccsv6/tools/compiler/msp430-gcc-5.3.0.224_win32/bin/../lib/gcc/msp430-elf/5.3.0/large\libgcc.a(_clzdi2.o)
                0x00009cc2                __clzdi2
 .text          0x00009d2c        0x0 c:/ti/ccsv6/tools/compiler/msp430-gcc-5.3.0.224_win32/bin/../lib/gcc/msp430-elf/5.3.0/large\libgcc.a(_clz.o)
 .text          0x00009d2c        0x0 c:/ti/ccsv6/tools/compiler/msp430-gcc-5.3.0.224_win32/bin/../lib/gcc/msp430-elf/5.3.0/../../../../msp430-elf/lib/large\libc.a(lib_a-memset.o)
 .text.memset   0x00009d2c       0x1a c:/ti/ccsv6/tools/compiler/msp430-gcc-5.3.0.224_win32/bin/../lib/gcc/msp430-elf/5.3.0/../../../../msp430-elf/lib/large\libc.a(lib_a-memset.o)
                0x00009d2c                memset
 .text          0x00009d46        0x0 c:/ti/ccsv6/tools/compiler/msp430-gcc-5.3.0.224_win32/bin/../lib/gcc/msp430-elf/5.3.0/large\libmul_f5.a(lib2hw_mul_f5.o)
 .text.__mulhi2_f5
                0x00009d46       0x16 c:/ti/ccsv6/tools/compiler/msp430-gcc-5.3.0.224_win32/bin/../lib/gcc/msp430-elf/5.3.0/large\libmul_f5.a(lib2hw_mul_f5.o)
                0x00009d46                __mspabi_mpyi_f5hw
                0x00009d46                __mspabi_mpyi
                0x00009d46                __mulhi2_f5
 .text.__mulsihi2
                0x00009d5c       0x1a c:/ti/ccsv6/tools/compiler/msp430-gcc-5.3.0.224_win32/bin/../lib/gcc/msp430-elf/5.3.0/large\libmul_f5.a(lib2hw_mul_f5.o)
                0x00009d5c                __mspabi_mpysl
                0x00009d5c                __mspabi_mpysl_f5hw
                0x00009d5c                __mulsihi2
 .text.__umulsihi2
                0x00009d76       0x1a c:/ti/ccsv6/tools/compiler/msp430-gcc-5.3.0.224_win32/bin/../lib/gcc/msp430-elf/5.3.0/large\libmul_f5.a(lib2hw_mul_f5.o)
                0x00009d76                __mspabi_mpyul
                0x00009d76                __umulsihi2
                0x00009d76                _mspabi_mpyul_f5hw
 .text.__mulsi2_f5
                0x00009d90       0x22 c:/ti/ccsv6/tools/compiler/msp430-gcc-5.3.0.224_win32/bin/../lib/gcc/msp430-elf/5.3.0/large\libmul_f5.a(lib2hw_mul_f5.o)
                0x00009d90                __mspabi_mpyl_f5hw
                0x00009d90                __mulsi2_f5
                0x00009d90                __mspabi_mpyl
 .text.__muldisi2
                0x00009db2       0x2a c:/ti/ccsv6/tools/compiler/msp430-gcc-5.3.0.224_win32/bin/../lib/gcc/msp430-elf/5.3.0/large\libmul_f5.a(lib2hw_mul_f5.o)
                0x00009db2                __muldisi2
                0x00009db2                __mspabi_mpysll
                0x00009db2                __mspabi_mpysll_f5hw
 .text.__umuldisi2
                0x00009ddc       0x2a c:/ti/ccsv6/tools/compiler/msp430-gcc-5.3.0.224_win32/bin/../lib/gcc/msp430-elf/5.3.0/large\libmul_f5.a(lib2hw_mul_f5.o)
                0x00009ddc                __umuldisi2
                0x00009ddc                __mspabi_mpyull
                0x00009ddc                __mspabi_mpyull_f5hw
 .text.__muldi3
                0x00009e06        0x4 c:/ti/ccsv6/tools/compiler/msp430-gcc-5.3.0.224_win32/bin/../lib/gcc/msp430-elf/5.3.0/large\libmul_f5.a(lib2hw_mul_f5.o)
                0x00009e06                __muldi3
                0x00009e06                __mspabi_mpyll_f5hw
 .text          0x00009e0a        0x0 c:/ti/ccsv6/tools/compiler/msp430-gcc-5.3.0.224_win32/bin/../lib/gcc/msp430-elf/5.3.0/large\libgcc.a(_muldi3.o)
 .text.__muldi3
                0x00009e0a      0x144 c:/ti/ccsv6/tools/compiler/msp430-gcc-5.3.0.224_win32/bin/../lib/gcc/msp430-elf/5.3.0/large\libgcc.a(_muldi3.o)
                0x00009e0a                __mspabi_mpyll
 .text          0x00009f4e        0x0 c:/ti/ccsv6/tools/compiler/msp430-gcc-5.3.0.224_win32/bin/../lib/gcc/msp430-elf/5.3.0/../../../../msp430-elf/lib/large\libcrt.a(crt_bss.o)
 .text          0x00009f4e        0x0 c:/ti/ccsv6/tools/compiler/msp430-gcc-5.3.0.224_win32/bin/../lib/gcc/msp430-elf/5.3.0/../../../../msp430-elf/lib/large\libcrt.a(crt_movedata.o)
 .text          0x00009f4e        0x0 c:/ti/ccsv6/tools/compiler/msp430-gcc-5.3.0.224_win32/bin/../lib/gcc/msp430-elf/5.3.0/../../../../msp430-elf/lib/large\libcrt.a(crt_main.o)
 .text          0x00009f4e        0x0 c:/ti/ccsv6/tools/compiler/msp430-gcc-5.3.0.224_win32/bin/../lib/gcc/msp430-elf/5.3.0/../../../../msp430-elf/lib/large\libc.a(lib_a-memmove.o)
 .text.memmove  0x00009f4e       0x56 c:/ti/ccsv6/tools/compiler/msp430-gcc-5.3.0.224_win32/bin/../lib/gcc/msp430-elf/5.3.0/../../../../msp430-elf/lib/large\libc.a(lib_a-memmove.o)
                0x00009f4e                memmove
 .text          0x00009fa4        0x2 c:/ti/ccsv6/tools/compiler/msp430-gcc-5.3.0.224_win32/bin/../lib/gcc/msp430-elf/5.3.0/large/crtend.o
 .text.__do_global_ctors_aux
                0x00009fa6       0x1c c:/ti/ccsv6/tools/compiler/msp430-gcc-5.3.0.224_win32/bin/../lib/gcc/msp430-elf/5.3.0/large/crtend.o
 .text.call___do_global_ctors_aux
                0x00009fc2        0x0 c:/ti/ccsv6/tools/compiler/msp430-gcc-5.3.0.224_win32/bin/../lib/gcc/msp430-elf/5.3.0/large/crtend.o
 .text          0x00009fc2        0x0 c:/ti/ccsv6/tools/compiler/msp430-gcc-5.3.0.224_win32/bin/../lib/gcc/msp430-elf/5.3.0/../../../../msp430-elf/lib/large/crtn.o
 *(.text.*personality*)
 *(.gnu.warning)
 *(.interp .hash .dynsym .dynstr .gnu.version*)
                [!provide]                PROVIDE (__etext, .)
                [!provide]                PROVIDE (_etext, .)
                [!provide]                PROVIDE (etext, .)
                0x00009fc2                . = ALIGN (0x2)
 *(.init)
 .init          0x00009fc2        0x0 c:/ti/ccsv6/tools/compiler/msp430-gcc-5.3.0.224_win32/bin/../lib/gcc/msp430-elf/5.3.0/../../../../msp430-elf/lib/large/crt0.o
                0x00009fc2                __msp430_init
 .init          0x00009fc2        0x4 c:/ti/ccsv6/tools/compiler/msp430-gcc-5.3.0.224_win32/bin/../lib/gcc/msp430-elf/5.3.0/large/crtbegin.o
 .init          0x00009fc6        0x4 c:/ti/ccsv6/tools/compiler/msp430-gcc-5.3.0.224_win32/bin/../lib/gcc/msp430-elf/5.3.0/large/crtend.o
 .init          0x00009fca        0xa c:/ti/ccsv6/tools/compiler/msp430-gcc-5.3.0.224_win32/bin/../lib/gcc/msp430-elf/5.3.0/../../../../msp430-elf/lib/large/crtn.o
                0x00009fd4                __msp430_init_end
 *(.fini)
 .fini          0x00009fd4        0x4 c:/ti/ccsv6/tools/compiler/msp430-gcc-5.3.0.224_win32/bin/../lib/gcc/msp430-elf/5.3.0/../../../../msp430-elf/lib/large/crt0.o
                0x00009fd4                __msp430_fini
 .fini          0x00009fd8        0x4 c:/ti/ccsv6/tools/compiler/msp430-gcc-5.3.0.224_win32/bin/../lib/gcc/msp430-elf/5.3.0/large/crtbegin.o
 .fini          0x00009fdc        0x2 c:/ti/ccsv6/tools/compiler/msp430-gcc-5.3.0.224_win32/bin/../lib/gcc/msp430-elf/5.3.0/../../../../msp430-elf/lib/large/crtn.o
                0x00009fde                __msp430_fini_end
 *(.tm_clone_table)
 *fill*         0x00009fde        0x2 
 .tm_clone_table
                0x00009fe0        0x0 c:/ti/ccsv6/tools/compiler/msp430-gcc-5.3.0.224_win32/bin/../lib/gcc/msp430-elf/5.3.0/large/crtbegin.o
 .tm_clone_table
                0x00009fe0        0x0 c:/ti/ccsv6/tools/compiler/msp430-gcc-5.3.0.224_win32/bin/../lib/gcc/msp430-elf/5.3.0/large/crtend.o
                0x00009fe0                __TMC_END__

.data           0x00002400       0x12 load address 0x00009fe0
                0x00002400                . = ALIGN (0x2)
                0x00002400                PROVIDE (__datastart, .)
 *(.jcr)
 .jcr           0x00002400        0x0 c:/ti/ccsv6/tools/compiler/msp430-gcc-5.3.0.224_win32/bin/../lib/gcc/msp430-elf/5.3.0/large/crtbegin.o
 .jcr           0x00002400        0x4 c:/ti/ccsv6/tools/compiler/msp430-gcc-5.3.0.224_win32/bin/../lib/gcc/msp430-elf/5.3.0/large/crtend.o
 *(.data.rel.ro.local)
 *(.data.rel.ro*)
 *(.dynamic)
 *(.data .data.* .gnu.linkonce.d.*)
 .data          0x00002404        0x0 c:/ti/ccsv6/tools/compiler/msp430-gcc-5.3.0.224_win32/bin/../lib/gcc/msp430-elf/5.3.0/../../../../msp430-elf/lib/large/crt0.o
 .data          0x00002404        0x0 c:/ti/ccsv6/tools/compiler/msp430-gcc-5.3.0.224_win32/bin/../lib/gcc/msp430-elf/5.3.0/large/crtbegin.o
 .data.__dso_handle
                0x00002404        0x4 c:/ti/ccsv6/tools/compiler/msp430-gcc-5.3.0.224_win32/bin/../lib/gcc/msp430-elf/5.3.0/large/crtbegin.o
                0x00002404                __dso_handle
 .data          0x00002408        0x1 ./usci_a1_uart_DCO_1MHz.o
                0x00002408                receivedData
 .data          0x00002409        0x0 ./driverlib/MSP430F5xx_6xx/adc10_a.o
 .data          0x00002409        0x0 ./driverlib/MSP430F5xx_6xx/adc12_a.o
 .data          0x00002409        0x0 ./driverlib/MSP430F5xx_6xx/aes.o
 .data          0x00002409        0x0 ./driverlib/MSP430F5xx_6xx/battbak.o
 .data          0x00002409        0x0 ./driverlib/MSP430F5xx_6xx/comp_b.o
 .data          0x00002409        0x0 ./driverlib/MSP430F5xx_6xx/crc.o
 .data          0x00002409        0x0 ./driverlib/MSP430F5xx_6xx/dac12_a.o
 .data          0x00002409        0x0 ./driverlib/MSP430F5xx_6xx/dma.o
 .data          0x00002409        0x0 ./driverlib/MSP430F5xx_6xx/eusci_a_spi.o
 .data          0x00002409        0x0 ./driverlib/MSP430F5xx_6xx/eusci_a_uart.o
 .data          0x00002409        0x0 ./driverlib/MSP430F5xx_6xx/eusci_b_i2c.o
 .data          0x00002409        0x0 ./driverlib/MSP430F5xx_6xx/eusci_b_spi.o
 .data          0x00002409        0x0 ./driverlib/MSP430F5xx_6xx/eusci_i2c.o
 .data          0x00002409        0x0 ./driverlib/MSP430F5xx_6xx/eusci_spi.o
 .data          0x00002409        0x0 ./driverlib/MSP430F5xx_6xx/eusci_uart.o
 .data          0x00002409        0x0 ./driverlib/MSP430F5xx_6xx/flashctl.o
 .data          0x00002409        0x0 ./driverlib/MSP430F5xx_6xx/gpio.o
 .data          0x00002409        0x0 ./driverlib/MSP430F5xx_6xx/ldopwr.o
 .data          0x00002409        0x0 ./driverlib/MSP430F5xx_6xx/mpy32.o
 .data          0x00002409        0x0 ./driverlib/MSP430F5xx_6xx/pmap.o
 .data          0x00002409        0x0 ./driverlib/MSP430F5xx_6xx/pmm.o
 .data          0x00002409        0x0 ./driverlib/MSP430F5xx_6xx/ram.o
 .data          0x00002409        0x0 ./driverlib/MSP430F5xx_6xx/ref.o
 .data          0x00002409        0x0 ./driverlib/MSP430F5xx_6xx/rtc_a.o
 .data          0x00002409        0x0 ./driverlib/MSP430F5xx_6xx/rtc_b.o
 .data          0x00002409        0x0 ./driverlib/MSP430F5xx_6xx/rtc_c.o
 .data          0x00002409        0x0 ./driverlib/MSP430F5xx_6xx/sd24_b.o
 .data          0x00002409        0x0 ./driverlib/MSP430F5xx_6xx/sfr.o
 .data          0x00002409        0x0 ./driverlib/MSP430F5xx_6xx/sysctl.o
 .data          0x00002409        0x0 ./driverlib/MSP430F5xx_6xx/tec.o
 .data          0x00002409        0x0 ./driverlib/MSP430F5xx_6xx/timer_a.o
 .data          0x00002409        0x0 ./driverlib/MSP430F5xx_6xx/timer_b.o
 .data          0x00002409        0x0 ./driverlib/MSP430F5xx_6xx/timer_d.o
 .data          0x00002409        0x0 ./driverlib/MSP430F5xx_6xx/tlv.o
 *fill*         0x00002409        0x1 
 .data          0x0000240a        0x8 ./driverlib/MSP430F5xx_6xx/ucs.o
                0x0000240a                UCS_XT2ClockFrequency
                0x0000240e                UCS_XT1ClockFrequency
 .data          0x00002412        0x0 ./driverlib/MSP430F5xx_6xx/usci_a_spi.o
 .data          0x00002412        0x0 ./driverlib/MSP430F5xx_6xx/usci_a_uart.o
 .data          0x00002412        0x0 ./driverlib/MSP430F5xx_6xx/usci_b_i2c.o
 .data          0x00002412        0x0 ./driverlib/MSP430F5xx_6xx/usci_b_spi.o
 .data          0x00002412        0x0 ./driverlib/MSP430F5xx_6xx/usci_i2c.o
 .data          0x00002412        0x0 ./driverlib/MSP430F5xx_6xx/usci_spi.o
 .data          0x00002412        0x0 ./driverlib/MSP430F5xx_6xx/usci_uart.o
 .data          0x00002412        0x0 ./driverlib/MSP430F5xx_6xx/wdt_a.o
 .data          0x00002412        0x0 c:/ti/ccsv6/tools/compiler/msp430-gcc-5.3.0.224_win32/bin/../lib/gcc/msp430-elf/5.3.0/large\libgcc.a(_lshrdi3.o)
 .data          0x00002412        0x0 c:/ti/ccsv6/tools/compiler/msp430-gcc-5.3.0.224_win32/bin/../lib/gcc/msp430-elf/5.3.0/large\libgcc.a(_ashldi3.o)
 .data          0x00002412        0x0 c:/ti/ccsv6/tools/compiler/msp430-gcc-5.3.0.224_win32/bin/../lib/gcc/msp430-elf/5.3.0/large\libgcc.a(lib2divHI.o)
 .data          0x00002412        0x0 c:/ti/ccsv6/tools/compiler/msp430-gcc-5.3.0.224_win32/bin/../lib/gcc/msp430-elf/5.3.0/large\libgcc.a(lib2divSI.o)
 .data          0x00002412        0x0 c:/ti/ccsv6/tools/compiler/msp430-gcc-5.3.0.224_win32/bin/../lib/gcc/msp430-elf/5.3.0/large\libgcc.a(slli.o)
 .data          0x00002412        0x0 c:/ti/ccsv6/tools/compiler/msp430-gcc-5.3.0.224_win32/bin/../lib/gcc/msp430-elf/5.3.0/large\libgcc.a(srli.o)
 .data          0x00002412        0x0 c:/ti/ccsv6/tools/compiler/msp430-gcc-5.3.0.224_win32/bin/../lib/gcc/msp430-elf/5.3.0/large\libgcc.a(_udivdi3.o)
 .data          0x00002412        0x0 c:/ti/ccsv6/tools/compiler/msp430-gcc-5.3.0.224_win32/bin/../lib/gcc/msp430-elf/5.3.0/large\libgcc.a(_clzdi2.o)
 .data          0x00002412        0x0 c:/ti/ccsv6/tools/compiler/msp430-gcc-5.3.0.224_win32/bin/../lib/gcc/msp430-elf/5.3.0/large\libgcc.a(_clz.o)
 .data          0x00002412        0x0 c:/ti/ccsv6/tools/compiler/msp430-gcc-5.3.0.224_win32/bin/../lib/gcc/msp430-elf/5.3.0/../../../../msp430-elf/lib/large\libc.a(lib_a-memset.o)
 .data          0x00002412        0x0 c:/ti/ccsv6/tools/compiler/msp430-gcc-5.3.0.224_win32/bin/../lib/gcc/msp430-elf/5.3.0/large\libmul_f5.a(lib2hw_mul_f5.o)
 .data          0x00002412        0x0 c:/ti/ccsv6/tools/compiler/msp430-gcc-5.3.0.224_win32/bin/../lib/gcc/msp430-elf/5.3.0/large\libgcc.a(_muldi3.o)
 .data          0x00002412        0x0 c:/ti/ccsv6/tools/compiler/msp430-gcc-5.3.0.224_win32/bin/../lib/gcc/msp430-elf/5.3.0/../../../../msp430-elf/lib/large\libcrt.a(crt_bss.o)
 .data          0x00002412        0x0 c:/ti/ccsv6/tools/compiler/msp430-gcc-5.3.0.224_win32/bin/../lib/gcc/msp430-elf/5.3.0/../../../../msp430-elf/lib/large\libcrt.a(crt_movedata.o)
 .data          0x00002412        0x0 c:/ti/ccsv6/tools/compiler/msp430-gcc-5.3.0.224_win32/bin/../lib/gcc/msp430-elf/5.3.0/../../../../msp430-elf/lib/large\libcrt.a(crt_main.o)
 .data          0x00002412        0x0 c:/ti/ccsv6/tools/compiler/msp430-gcc-5.3.0.224_win32/bin/../lib/gcc/msp430-elf/5.3.0/../../../../msp430-elf/lib/large\libc.a(lib_a-memmove.o)
 .data          0x00002412        0x0 c:/ti/ccsv6/tools/compiler/msp430-gcc-5.3.0.224_win32/bin/../lib/gcc/msp430-elf/5.3.0/large/crtend.o
 .data          0x00002412        0x0 c:/ti/ccsv6/tools/compiler/msp430-gcc-5.3.0.224_win32/bin/../lib/gcc/msp430-elf/5.3.0/../../../../msp430-elf/lib/large/crtn.o
 *(.gnu.linkonce.d.*personality*)
 *(.data1)
 *(.got.plt)
 *(.got)
                0x00002412                . = ALIGN (0x2)
 *(.sdata .sdata.* .gnu.linkonce.s.* D_2 D_1)
                0x00002412                . = ALIGN (0x2)
                0x00002412                _edata = .
                [!provide]                PROVIDE (edata, .)
                [!provide]                PROVIDE (__dataend, .)
                0x00009fe0                PROVIDE (__romdatastart, LOADADDR (.data))
[...]
                [!provide]                PROVIDE (TA0R, 0x350)
                [!provide]                PROVIDE (TA0CCR0, 0x352)
                [!provide]                PROVIDE (TA0CCR1, 0x354)
                [!provide]                PROVIDE (TA0CCR2, 0x356)
                [!provide]                PROVIDE (TA0CCR3, 0x358)
                [!provide]                PROVIDE (TA0CCR4, 0x35a)
                [!provide]                PROVIDE (TA0IV, 0x36e)
                [!provide]                PROVIDE (TA0EX0, 0x360)
                [!provide]                PROVIDE (TA1CTL, 0x380)
                [!provide]                PROVIDE (TA1CCTL0, 0x382)
                [!provide]                PROVIDE (TA1CCTL1, 0x384)
                [!provide]                PROVIDE (TA1CCTL2, 0x386)
                [!provide]                PROVIDE (TA1R, 0x390)
                [!provide]                PROVIDE (TA1CCR0, 0x392)
                [!provide]                PROVIDE (TA1CCR1, 0x394)
                [!provide]                PROVIDE (TA1CCR2, 0x396)
                [!provide]                PROVIDE (TA1IV, 0x3ae)
                [!provide]                PROVIDE (TA1EX0, 0x3a0)
                [!provide]                PROVIDE (TA2CTL, 0x400)
                [!provide]                PROVIDE (TA2CCTL0, 0x402)
                [!provide]                PROVIDE (TA2CCTL1, 0x404)
                [!provide]                PROVIDE (TA2CCTL2, 0x406)
                [!provide]                PROVIDE (TA2R, 0x410)
                [!provide]                PROVIDE (TA2CCR0, 0x412)
                [!provide]                PROVIDE (TA2CCR1, 0x414)
                [!provide]                PROVIDE (TA2CCR2, 0x416)
                [!provide]                PROVIDE (TA2IV, 0x42e)
                [!provide]                PROVIDE (TA2EX0, 0x420)
                [!provide]                PROVIDE (TB0CTL, 0x3c0)
                [!provide]                PROVIDE (TB0CCTL0, 0x3c2)
                [!provide]                PROVIDE (TB0CCTL1, 0x3c4)
                [!provide]                PROVIDE (TB0CCTL2, 0x3c6)
                [!provide]                PROVIDE (TB0CCTL3, 0x3c8)
                [!provide]                PROVIDE (TB0CCTL4, 0x3ca)
                [!provide]                PROVIDE (TB0CCTL5, 0x3cc)
                [!provide]                PROVIDE (TB0CCTL6, 0x3ce)
                [!provide]                PROVIDE (TB0R, 0x3d0)
                [!provide]                PROVIDE (TB0CCR0, 0x3d2)
                [!provide]                PROVIDE (TB0CCR1, 0x3d4)
                [!provide]                PROVIDE (TB0CCR2, 0x3d6)
                [!provide]                PROVIDE (TB0CCR3, 0x3d8)
                [!provide]                PROVIDE (TB0CCR4, 0x3da)
                [!provide]                PROVIDE (TB0CCR5, 0x3dc)
                [!provide]                PROVIDE (TB0CCR6, 0x3de)
                [!provide]                PROVIDE (TB0EX0, 0x3e0)
                [!provide]                PROVIDE (TB0IV, 0x3ee)
                [!provide]                PROVIDE (USBKEYID, 0x900)
                [!provide]                PROVIDE (USBKEYID_L, 0x900)
                [!provide]                PROVIDE (USBKEYID_H, 0x901)
                [!provide]                PROVIDE (USBCNF, 0x902)
                [!provide]                PROVIDE (USBCNF_L, 0x902)
                [!provide]                PROVIDE (USBCNF_H, 0x903)
                [!provide]                PROVIDE (USBPHYCTL, 0x904)
                [!provide]                PROVIDE (USBPHYCTL_L, 0x904)
                [!provide]                PROVIDE (USBPHYCTL_H, 0x905)
                [!provide]                PROVIDE (USBPWRCTL, 0x908)
                [!provide]                PROVIDE (USBPWRCTL_L, 0x908)
                [!provide]                PROVIDE (USBPWRCTL_H, 0x909)
                [!provide]                PROVIDE (USBPLLCTL, 0x910)
                [!provide]                PROVIDE (USBPLLCTL_L, 0x910)
                [!provide]                PROVIDE (USBPLLCTL_H, 0x911)
                [!provide]                PROVIDE (USBPLLDIVB, 0x912)
                [!provide]                PROVIDE (USBPLLDIVB_L, 0x912)
                [!provide]                PROVIDE (USBPLLDIVB_H, 0x913)
                [!provide]                PROVIDE (USBPLLIR, 0x914)
                [!provide]                PROVIDE (USBPLLIR_L, 0x914)
                [!provide]                PROVIDE (USBPLLIR_H, 0x915)
                [!provide]                PROVIDE (USBIEPCNF_0, 0x920)
                [!provide]                PROVIDE (USBIEPCNT_0, 0x921)
                [!provide]                PROVIDE (USBOEPCNF_0, 0x922)
                [!provide]                PROVIDE (USBOEPCNT_0, 0x923)
                [!provide]                PROVIDE (USBIEPIE, 0x92e)
                [!provide]                PROVIDE (USBOEPIE, 0x92f)
                [!provide]                PROVIDE (USBIEPIFG, 0x930)
                [!provide]                PROVIDE (USBOEPIFG, 0x931)
                [!provide]                PROVIDE (USBVECINT, 0x932)
                [!provide]                PROVIDE (USBVECINT_L, 0x932)
                [!provide]                PROVIDE (USBVECINT_H, 0x933)
                [!provide]                PROVIDE (USBMAINT, 0x936)
                [!provide]                PROVIDE (USBMAINT_L, 0x936)
                [!provide]                PROVIDE (USBMAINT_H, 0x937)
                [!provide]                PROVIDE (USBTSREG, 0x938)
                [!provide]                PROVIDE (USBTSREG_L, 0x938)
                [!provide]                PROVIDE (USBTSREG_H, 0x939)
                [!provide]                PROVIDE (USBFN, 0x93a)
                [!provide]                PROVIDE (USBFN_L, 0x93a)
                [!provide]                PROVIDE (USBFN_H, 0x93b)
                [!provide]                PROVIDE (USBCTL, 0x93c)
                [!provide]                PROVIDE (USBIE, 0x93d)
                [!provide]                PROVIDE (USBIFG, 0x93e)
                [!provide]                PROVIDE (USBFUNADR, 0x93f)
                [!provide]                PROVIDE (USBIEPSIZXY_7, 0x23ff)
                [!provide]                PROVIDE (USBIEPBCTY_7, 0x23fe)
                [!provide]                PROVIDE (USBIEPBBAY_7, 0x23fd)
                [!provide]                PROVIDE (USBIEPBCTX_7, 0x23fa)
                [!provide]                PROVIDE (USBIEPBBAX_7, 0x23f9)
                [!provide]                PROVIDE (USBIEPCNF_7, 0x23f8)
                [!provide]                PROVIDE (USBIEPSIZXY_6, 0x23f7)
                [!provide]                PROVIDE (USBIEPBCTY_6, 0x23f6)
                [!provide]                PROVIDE (USBIEPBBAY_6, 0x23f5)
                [!provide]                PROVIDE (USBIEPBCTX_6, 0x23f2)
                [!provide]                PROVIDE (USBIEPBBAX_6, 0x23f1)
                [!provide]                PROVIDE (USBIEPCNF_6, 0x23f0)
                [!provide]                PROVIDE (USBIEPSIZXY_5, 0x23ef)
                [!provide]                PROVIDE (USBIEPBCTY_5, 0x23ee)
                [!provide]                PROVIDE (USBIEPBBAY_5, 0x23ed)
                [!provide]                PROVIDE (USBIEPBCTX_5, 0x23ea)
                [!provide]                PROVIDE (USBIEPBBAX_5, 0x23e9)
                [!provide]                PROVIDE (USBIEPCNF_5, 0x23e8)
                [!provide]                PROVIDE (USBIEPSIZXY_4, 0x23e7)
                [!provide]                PROVIDE (USBIEPBCTY_4, 0x23e6)
                [!provide]                PROVIDE (USBIEPBBAY_4, 0x23e5)
                [!provide]                PROVIDE (USBIEPBCTX_4, 0x23e2)
                [!provide]                PROVIDE (USBIEPBBAX_4, 0x23e1)
                [!provide]                PROVIDE (USBIEPCNF_4, 0x23e0)
                [!provide]                PROVIDE (USBIEPSIZXY_3, 0x23df)
                [!provide]                PROVIDE (USBIEPBCTY_3, 0x23de)
                [!provide]                PROVIDE (USBIEPBBAY_3, 0x23dd)
                [!provide]                PROVIDE (USBIEPBCTX_3, 0x23da)
                [!provide]                PROVIDE (USBIEPBBAX_3, 0x23d9)
                [!provide]                PROVIDE (USBIEPCNF_3, 0x23d8)
                [!provide]                PROVIDE (USBIEPSIZXY_2, 0x23d7)
                [!provide]                PROVIDE (USBIEPBCTY_2, 0x23d6)
                [!provide]                PROVIDE (USBIEPBBAY_2, 0x23d5)
                [!provide]                PROVIDE (USBIEPBCTX_2, 0x23d2)
                [!provide]                PROVIDE (USBIEPBBAX_2, 0x23d1)
                [!provide]                PROVIDE (USBIEPCNF_2, 0x23d0)
                [!provide]                PROVIDE (USBIEPSIZXY_1, 0x23cf)
                [!provide]                PROVIDE (USBIEPBCTY_1, 0x23ce)
                [!provide]                PROVIDE (USBIEPBBAY_1, 0x23cd)
                [!provide]                PROVIDE (USBIEPBCTX_1, 0x23ca)
                [!provide]                PROVIDE (USBIEPBBAX_1, 0x23c9)
                [!provide]                PROVIDE (USBIEPCNF_1, 0x23c8)
                [!provide]                PROVIDE (USBOEPSIZXY_7, 0x23bf)
                [!provide]                PROVIDE (USBOEPBCTY_7, 0x23be)
                [!provide]                PROVIDE (USBOEPBBAY_7, 0x23bd)
                [!provide]                PROVIDE (USBOEPBCTX_7, 0x23ba)
                [!provide]                PROVIDE (USBOEPBBAX_7, 0x23b9)
                [!provide]                PROVIDE (USBOEPCNF_7, 0x23b8)
                [!provide]                PROVIDE (USBOEPSIZXY_6, 0x23b7)
                [!provide]                PROVIDE (USBOEPBCTY_6, 0x23b6)
                [!provide]                PROVIDE (USBOEPBBAY_6, 0x23b5)
                [!provide]                PROVIDE (USBOEPBCTX_6, 0x23b2)
                [!provide]                PROVIDE (USBOEPBBAX_6, 0x23b1)
                [!provide]                PROVIDE (USBOEPCNF_6, 0x23b0)
                [!provide]                PROVIDE (USBOEPSIZXY_5, 0x23af)
                [!provide]                PROVIDE (USBOEPBCTY_5, 0x23ae)
                [!provide]                PROVIDE (USBOEPBBAY_5, 0x23ad)
                [!provide]                PROVIDE (USBOEPBCTX_5, 0x23aa)
                [!provide]                PROVIDE (USBOEPBBAX_5, 0x23a9)
                [!provide]                PROVIDE (USBOEPCNF_5, 0x23a8)
                [!provide]                PROVIDE (USBOEPSIZXY_4, 0x23a7)
                [!provide]                PROVIDE (USBOEPBCTY_4, 0x23a6)
                [!provide]                PROVIDE (USBOEPBBAY_4, 0x23a5)
                [!provide]                PROVIDE (USBOEPBCTX_4, 0x23a2)
                [!provide]                PROVIDE (USBOEPBBAX_4, 0x23a1)
                [!provide]                PROVIDE (USBOEPCNF_4, 0x23a0)
                [!provide]                PROVIDE (USBOEPSIZXY_3, 0x239f)
                [!provide]                PROVIDE (USBOEPBCTY_3, 0x239e)
                [!provide]                PROVIDE (USBOEPBBAY_3, 0x239d)
                [!provide]                PROVIDE (USBOEPBCTX_3, 0x239a)
                [!provide]                PROVIDE (USBOEPBBAX_3, 0x2399)
                [!provide]                PROVIDE (USBOEPCNF_3, 0x2398)
                [!provide]                PROVIDE (USBOEPSIZXY_2, 0x2397)
                [!provide]                PROVIDE (USBOEPBCTY_2, 0x2396)
                [!provide]                PROVIDE (USBOEPBBAY_2, 0x2395)
                [!provide]                PROVIDE (USBOEPBCTX_2, 0x2392)
                [!provide]                PROVIDE (USBOEPBBAX_2, 0x2391)
                [!provide]                PROVIDE (USBOEPCNF_2, 0x2390)
                [!provide]                PROVIDE (USBOEPSIZXY_1, 0x238f)
                [!provide]                PROVIDE (USBOEPBCTY_1, 0x238e)
                [!provide]                PROVIDE (USBOEPBBAY_1, 0x238d)
                [!provide]                PROVIDE (USBOEPBCTX_1, 0x238a)
                [!provide]                PROVIDE (USBOEPBBAX_1, 0x2389)
                [!provide]                PROVIDE (USBOEPCNF_1, 0x2388)
                [!provide]                PROVIDE (USBSUBLK, 0x2380)
                [!provide]                PROVIDE (USBIEP0BUF, 0x2378)
                [!provide]                PROVIDE (USBOEP0BUF, 0x2370)
                [!provide]                PROVIDE (USBTOPBUFF, 0x236f)
                [!provide]                PROVIDE (USBSTABUFF, 0x1c00)
                [!provide]                PROVIDE (UCSCTL0, 0x160)
                [!provide]                PROVIDE (UCSCTL0_L, 0x160)
                [!provide]                PROVIDE (UCSCTL0_H, 0x161)
                [!provide]                PROVIDE (UCSCTL1, 0x162)
                [!provide]                PROVIDE (UCSCTL1_L, 0x162)
                [!provide]                PROVIDE (UCSCTL1_H, 0x163)
                [!provide]                PROVIDE (UCSCTL2, 0x164)
                [!provide]                PROVIDE (UCSCTL2_L, 0x164)
                [!provide]                PROVIDE (UCSCTL2_H, 0x165)
                [!provide]                PROVIDE (UCSCTL3, 0x166)
                [!provide]                PROVIDE (UCSCTL3_L, 0x166)
                [!provide]                PROVIDE (UCSCTL3_H, 0x167)
                [!provide]                PROVIDE (UCSCTL4, 0x168)
                [!provide]                PROVIDE (UCSCTL4_L, 0x168)
                [!provide]                PROVIDE (UCSCTL4_H, 0x169)
                [!provide]                PROVIDE (UCSCTL5, 0x16a)
                [!provide]                PROVIDE (UCSCTL5_L, 0x16a)
                [!provide]                PROVIDE (UCSCTL5_H, 0x16b)
                [!provide]                PROVIDE (UCSCTL6, 0x16c)
                [!provide]                PROVIDE (UCSCTL6_L, 0x16c)
                [!provide]                PROVIDE (UCSCTL6_H, 0x16d)
                [!provide]                PROVIDE (UCSCTL7, 0x16e)
                [!provide]                PROVIDE (UCSCTL7_L, 0x16e)
                [!provide]                PROVIDE (UCSCTL7_H, 0x16f)
                [!provide]                PROVIDE (UCSCTL8, 0x170)
                [!provide]                PROVIDE (UCSCTL8_L, 0x170)
                [!provide]                PROVIDE (UCSCTL8_H, 0x171)
                [!provide]                PROVIDE (UCA0CTLW0, 0x5c0)
                [!provide]                PROVIDE (UCA0CTLW0_L, 0x5c0)
                [!provide]                PROVIDE (UCA0CTLW0_H, 0x5c1)
                [!provide]                PROVIDE (UCA0BRW, 0x5c6)
                [!provide]                PROVIDE (UCA0BRW_L, 0x5c6)
                [!provide]                PROVIDE (UCA0BRW_H, 0x5c7)
                [!provide]                PROVIDE (UCA0MCTL, 0x5c8)
                [!provide]                PROVIDE (UCA0STAT, 0x5ca)
                [!provide]                PROVIDE (UCA0RXBUF, 0x5cc)
                [!provide]                PROVIDE (UCA0TXBUF, 0x5ce)
                [!provide]                PROVIDE (UCA0ABCTL, 0x5d0)
                [!provide]                PROVIDE (UCA0IRCTL, 0x5d2)
                [!provide]                PROVIDE (UCA0IRCTL_L, 0x5d2)
                [!provide]                PROVIDE (UCA0IRCTL_H, 0x5d3)
                [!provide]                PROVIDE (UCA0ICTL, 0x5dc)
                [!provide]                PROVIDE (UCA0ICTL_L, 0x5dc)
                [!provide]                PROVIDE (UCA0ICTL_H, 0x5dd)
                [!provide]                PROVIDE (UCA0IV, 0x5de)
                [!provide]                PROVIDE (UCB0CTLW0, 0x5e0)
                [!provide]                PROVIDE (UCB0CTLW0_L, 0x5e0)
                [!provide]                PROVIDE (UCB0CTLW0_H, 0x5e1)
                [!provide]                PROVIDE (UCB0BRW, 0x5e6)
                [!provide]                PROVIDE (UCB0BRW_L, 0x5e6)
                [!provide]                PROVIDE (UCB0BRW_H, 0x5e7)
                [!provide]                PROVIDE (UCB0STAT, 0x5ea)
                [!provide]                PROVIDE (UCB0RXBUF, 0x5ec)
                [!provide]                PROVIDE (UCB0TXBUF, 0x5ee)
                [!provide]                PROVIDE (UCB0I2COA, 0x5f0)
                [!provide]                PROVIDE (UCB0I2COA_L, 0x5f0)
                [!provide]                PROVIDE (UCB0I2COA_H, 0x5f1)
                [!provide]                PROVIDE (UCB0I2CSA, 0x5f2)
                [!provide]                PROVIDE (UCB0I2CSA_L, 0x5f2)
                [!provide]                PROVIDE (UCB0I2CSA_H, 0x5f3)
                [!provide]                PROVIDE (UCB0ICTL, 0x5fc)
                [!provide]                PROVIDE (UCB0ICTL_L, 0x5fc)
                [!provide]                PROVIDE (UCB0ICTL_H, 0x5fd)
                [!provide]                PROVIDE (UCB0IV, 0x5fe)
                [!provide]                PROVIDE (UCA1CTLW0, 0x600)
                [!provide]                PROVIDE (UCA1CTLW0_L, 0x600)
                [!provide]                PROVIDE (UCA1CTLW0_H, 0x601)
                [!provide]                PROVIDE (UCA1BRW, 0x606)
                [!provide]                PROVIDE (UCA1BRW_L, 0x606)
                [!provide]                PROVIDE (UCA1BRW_H, 0x607)
                [!provide]                PROVIDE (UCA1MCTL, 0x608)
                [!provide]                PROVIDE (UCA1STAT, 0x60a)
                [!provide]                PROVIDE (UCA1RXBUF, 0x60c)
                [!provide]                PROVIDE (UCA1TXBUF, 0x60e)
                [!provide]                PROVIDE (UCA1ABCTL, 0x610)
                [!provide]                PROVIDE (UCA1IRCTL, 0x612)
                [!provide]                PROVIDE (UCA1IRCTL_L, 0x612)
                [!provide]                PROVIDE (UCA1IRCTL_H, 0x613)
                [!provide]                PROVIDE (UCA1ICTL, 0x61c)
                [!provide]                PROVIDE (UCA1ICTL_L, 0x61c)
                [!provide]                PROVIDE (UCA1ICTL_H, 0x61d)
                0x0000061e                PROVIDE (UCA1IV, 0x61e)
                [!provide]                PROVIDE (UCB1CTLW0, 0x620)
                [!provide]                PROVIDE (UCB1CTLW0_L, 0x620)
                [!provide]                PROVIDE (UCB1CTLW0_H, 0x621)
                [!provide]                PROVIDE (UCB1BRW, 0x626)
                [!provide]                PROVIDE (UCB1BRW_L, 0x626)
                [!provide]                PROVIDE (UCB1BRW_H, 0x627)
                [!provide]                PROVIDE (UCB1STAT, 0x62a)
                [!provide]                PROVIDE (UCB1RXBUF, 0x62c)
                [!provide]                PROVIDE (UCB1TXBUF, 0x62e)
                [!provide]                PROVIDE (UCB1I2COA, 0x630)
                [!provide]                PROVIDE (UCB1I2COA_L, 0x630)
                [!provide]                PROVIDE (UCB1I2COA_H, 0x631)
                [!provide]                PROVIDE (UCB1I2CSA, 0x632)
                [!provide]                PROVIDE (UCB1I2CSA_L, 0x632)
                [!provide]                PROVIDE (UCB1I2CSA_H, 0x633)
                [!provide]                PROVIDE (UCB1ICTL, 0x63c)
                [!provide]                PROVIDE (UCB1ICTL_L, 0x63c)
                [!provide]                PROVIDE (UCB1ICTL_H, 0x63d)
                [!provide]                PROVIDE (UCB1IV, 0x63e)
                [!provide]                PROVIDE (WDTCTL, 0x15c)
                [!provide]                PROVIDE (WDTCTL_L, 0x15c)
                [!provide]                PROVIDE (WDTCTL_H, 0x15d)
OUTPUT(usci1_uart_G44.out elf32-msp430)

.debug_ranges   0x00000000       0x18
 .debug_ranges  0x00000000       0x18 ./usci_a1_uart_DCO_1MHz.o
