Archive member included because of file (symbol)

c:/ti/ccsv6/tools/compiler/gcc_msp430_4.9.14r1_10/bin/../lib/gcc/msp430-elf/4.9.1/../../../../msp430-elf/lib\libcrt.a(crt_bss.o)
                              c:/ti/ccsv6/tools/compiler/gcc_msp430_4.9.14r1_10/bin/../lib/gcc/msp430-elf/4.9.1/crtbegin.o (__crt0_init_bss)
c:/ti/ccsv6/tools/compiler/gcc_msp430_4.9.14r1_10/bin/../lib/gcc/msp430-elf/4.9.1/../../../../msp430-elf/lib\libcrt.a(crt_movedata.o)
                              c:/ti/ccsv6/tools/compiler/gcc_msp430_4.9.14r1_10/bin/../lib/gcc/msp430-elf/4.9.1/crtbegin.o (__crt0_movedata)
c:/ti/ccsv6/tools/compiler/gcc_msp430_4.9.14r1_10/bin/../lib/gcc/msp430-elf/4.9.1/../../../../msp430-elf/lib\libcrt.a(crt_main.o)
                              c:/ti/ccsv6/tools/compiler/gcc_msp430_4.9.14r1_10/bin/../lib/gcc/msp430-elf/4.9.1/../../../../msp430-elf/lib/crt0.o (__crt0_call_init_then_main)
c:/ti/ccsv6/tools/compiler/gcc_msp430_4.9.14r1_10/bin/../lib/gcc/msp430-elf/4.9.1/../../../../msp430-elf/lib\libc.a(lib_a-memmove.o)
                              c:/ti/ccsv6/tools/compiler/gcc_msp430_4.9.14r1_10/bin/../lib/gcc/msp430-elf/4.9.1/../../../../msp430-elf/lib\libcrt.a(crt_movedata.o) (memmove)
c:/ti/ccsv6/tools/compiler/gcc_msp430_4.9.14r1_10/bin/../lib/gcc/msp430-elf/4.9.1/../../../../msp430-elf/lib\libc.a(lib_a-memset.o)
                              c:/ti/ccsv6/tools/compiler/gcc_msp430_4.9.14r1_10/bin/../lib/gcc/msp430-elf/4.9.1/../../../../msp430-elf/lib\libcrt.a(crt_bss.o) (memset)

Memory Configuration

Name             Origin             Length             Attributes
SFR              0x00000000         0x00000010
PERIPHERAL_8BIT  0x00000010         0x000000f0
PERIPHERAL_16BIT 0x00000100         0x00000100
RAM              0x00002400         0x00002000
INFOMEM          0x00001800         0x00000200
INFOA            0x00001980         0x00000080
INFOB            0x00001900         0x00000080
INFOC            0x00001880         0x00000080
INFOD            0x00001800         0x00000080
ROM              0x00004400         0x0000bb80
VECT1            0x0000ff80         0x00000002
VECT2            0x0000ff82         0x00000002
VECT3            0x0000ff84         0x00000002
VECT4            0x0000ff86         0x00000002
VECT5            0x0000ff88         0x00000002
VECT6            0x0000ff8a         0x00000002
VECT7            0x0000ff8c         0x00000002
VECT8            0x0000ff8e         0x00000002
VECT9            0x0000ff90         0x00000002
VECT10           0x0000ff92         0x00000002
VECT11           0x0000ff94         0x00000002
VECT12           0x0000ff96         0x00000002
VECT13           0x0000ff98         0x00000002
VECT14           0x0000ff9a         0x00000002
VECT15           0x0000ff9c         0x00000002
VECT16           0x0000ff9e         0x00000002
VECT17           0x0000ffa0         0x00000002
VECT18           0x0000ffa2         0x00000002
VECT19           0x0000ffa4         0x00000002
VECT20           0x0000ffa6         0x00000002
VECT21           0x0000ffa8         0x00000002
VECT22           0x0000ffaa         0x00000002
VECT23           0x0000ffac         0x00000002
VECT24           0x0000ffae         0x00000002
VECT25           0x0000ffb0         0x00000002
VECT26           0x0000ffb2         0x00000002
VECT27           0x0000ffb4         0x00000002
VECT28           0x0000ffb6         0x00000002
VECT29           0x0000ffb8         0x00000002
VECT30           0x0000ffba         0x00000002
VECT31           0x0000ffbc         0x00000002
VECT32           0x0000ffbe         0x00000002
VECT33           0x0000ffc0         0x00000002
VECT34           0x0000ffc2         0x00000002
VECT35           0x0000ffc4         0x00000002
VECT36           0x0000ffc6         0x00000002
VECT37           0x0000ffc8         0x00000002
VECT38           0x0000ffca         0x00000002
VECT39           0x0000ffcc         0x00000002
VECT40           0x0000ffce         0x00000002
VECT41           0x0000ffd0         0x00000002
VECT42           0x0000ffd2         0x00000002
VECT43           0x0000ffd4         0x00000002
VECT44           0x0000ffd6         0x00000002
VECT45           0x0000ffd8         0x00000002
VECT46           0x0000ffda         0x00000002
VECT47           0x0000ffdc         0x00000002
VECT48           0x0000ffde         0x00000002
VECT49           0x0000ffe0         0x00000002
VECT50           0x0000ffe2         0x00000002
VECT51           0x0000ffe4         0x00000002
VECT52           0x0000ffe6         0x00000002
VECT53           0x0000ffe8         0x00000002
VECT54           0x0000ffea         0x00000002
VECT55           0x0000ffec         0x00000002
VECT56           0x0000ffee         0x00000002
VECT57           0x0000fff0         0x00000002
VECT58           0x0000fff2         0x00000002
VECT59           0x0000fff4         0x00000002
VECT60           0x0000fff6         0x00000002
VECT61           0x0000fff8         0x00000002
VECT62           0x0000fffa         0x00000002
VECT63           0x0000fffc         0x00000002
RESETVEC         0x0000fffe         0x00000002
BSL              0x00001000         0x00000800
USBRAM           0x00001c00         0x00000800
FAR_ROM          0x00010000         0x000143ff
*default*        0x00000000         0xffffffff

Linker script and memory map

LOAD c:/ti/ccsv6/tools/compiler/gcc_msp430_4.9.14r1_10/bin/../lib/gcc/msp430-elf/4.9.1/../../../../msp430-elf/lib/crt0.o
LOAD c:/ti/ccsv6/tools/compiler/gcc_msp430_4.9.14r1_10/bin/../lib/gcc/msp430-elf/4.9.1/crtbegin.o
LOAD ./LPM_consumo1.o
START GROUP
LOAD c:/ti/ccsv6/tools/compiler/gcc_msp430_4.9.14r1_10/bin/../lib/gcc/msp430-elf/4.9.1/../../../../msp430-elf/lib\libc.a
LOAD c:/ti/ccsv6/tools/compiler/gcc_msp430_4.9.14r1_10/bin/../lib/gcc/msp430-elf/4.9.1\libgcc.a
END GROUP
LOAD c:/ti/ccsv6/tools/compiler/gcc_msp430_4.9.14r1_10/bin/../lib/gcc/msp430-elf/4.9.1\libgcc.a
START GROUP
LOAD c:/ti/ccsv6/tools/compiler/gcc_msp430_4.9.14r1_10/bin/../lib/gcc/msp430-elf/4.9.1/../../../../msp430-elf/lib\libc.a
LOAD c:/ti/ccsv6/tools/compiler/gcc_msp430_4.9.14r1_10/bin/../lib/gcc/msp430-elf/4.9.1\libgcc.a
LOAD c:/ti/ccsv6/tools/compiler/gcc_msp430_4.9.14r1_10/bin/../lib/gcc/msp430-elf/4.9.1/../../../../msp430-elf/lib\libcrt.a
LOAD c:/ti/ccsv6/tools/compiler/gcc_msp430_4.9.14r1_10/bin/../lib/gcc/msp430-elf/4.9.1/../../../../msp430-elf/lib\libnosys.a
END GROUP
LOAD c:/ti/ccsv6/tools/compiler/gcc_msp430_4.9.14r1_10/bin/../lib/gcc/msp430-elf/4.9.1\libgcc.a
LOAD c:/ti/ccsv6/tools/compiler/gcc_msp430_4.9.14r1_10/bin/../lib/gcc/msp430-elf/4.9.1/crtend.o
LOAD c:/ti/ccsv6/tools/compiler/gcc_msp430_4.9.14r1_10/bin/../lib/gcc/msp430-elf/4.9.1/../../../../msp430-elf/lib/crtn.o
LOAD c:/ti/ccsv6/tools/compiler/gcc_msp430_4.9.14r1_10/bin/../lib/gcc/msp430-elf/4.9.1\libgcc.a

__interrupt_vector_1
 *(__interrupt_vector_1)

__interrupt_vector_2
 *(__interrupt_vector_2)

__interrupt_vector_3
 *(__interrupt_vector_3)

__interrupt_vector_4
 *(__interrupt_vector_4)

__interrupt_vector_5
 *(__interrupt_vector_5)

__interrupt_vector_6
 *(__interrupt_vector_6)

__interrupt_vector_7
 *(__interrupt_vector_7)

__interrupt_vector_8
 *(__interrupt_vector_8)

__interrupt_vector_9
 *(__interrupt_vector_9)

__interrupt_vector_10
 *(__interrupt_vector_10)

__interrupt_vector_11
 *(__interrupt_vector_11)

__interrupt_vector_12
 *(__interrupt_vector_12)

__interrupt_vector_13
 *(__interrupt_vector_13)

__interrupt_vector_14
 *(__interrupt_vector_14)

__interrupt_vector_15
 *(__interrupt_vector_15)

__interrupt_vector_16
 *(__interrupt_vector_16)

__interrupt_vector_17
 *(__interrupt_vector_17)

__interrupt_vector_18
 *(__interrupt_vector_18)

__interrupt_vector_19
 *(__interrupt_vector_19)

__interrupt_vector_20
 *(__interrupt_vector_20)

__interrupt_vector_21
 *(__interrupt_vector_21)

__interrupt_vector_22
 *(__interrupt_vector_22)

__interrupt_vector_23
 *(__interrupt_vector_23)

__interrupt_vector_24
 *(__interrupt_vector_24)

__interrupt_vector_25
 *(__interrupt_vector_25)

__interrupt_vector_26
 *(__interrupt_vector_26)

__interrupt_vector_27
 *(__interrupt_vector_27)

__interrupt_vector_28
 *(__interrupt_vector_28)

__interrupt_vector_29
 *(__interrupt_vector_29)

__interrupt_vector_30
 *(__interrupt_vector_30)

__interrupt_vector_31
 *(__interrupt_vector_31)

__interrupt_vector_32
 *(__interrupt_vector_32)

__interrupt_vector_33
 *(__interrupt_vector_33)

__interrupt_vector_34
 *(__interrupt_vector_34)

__interrupt_vector_35
 *(__interrupt_vector_35)

__interrupt_vector_36
 *(__interrupt_vector_36)

__interrupt_vector_37
 *(__interrupt_vector_37)

__interrupt_vector_38
 *(__interrupt_vector_38)

__interrupt_vector_39
 *(__interrupt_vector_39)

__interrupt_vector_40
 *(__interrupt_vector_40)

__interrupt_vector_41
 *(__interrupt_vector_41)

__interrupt_vector_42
 *(__interrupt_vector_42)
 *(__interrupt_vector_rtc)

__interrupt_vector_43
 *(__interrupt_vector_43)
 *(__interrupt_vector_port2)

__interrupt_vector_44
 *(__interrupt_vector_44)
 *(__interrupt_vector_timer2_a1)

__interrupt_vector_45
 *(__interrupt_vector_45)
 *(__interrupt_vector_timer2_a0)

__interrupt_vector_46
 *(__interrupt_vector_46)
 *(__interrupt_vector_usci_b1)

__interrupt_vector_47
 *(__interrupt_vector_47)
 *(__interrupt_vector_usci_a1)

__interrupt_vector_48
 *(__interrupt_vector_48)
 *(__interrupt_vector_port1)

__interrupt_vector_49
 *(__interrupt_vector_49)
 *(__interrupt_vector_timer1_a1)

__interrupt_vector_50
 *(__interrupt_vector_50)
 *(__interrupt_vector_timer1_a0)

__interrupt_vector_51
 *(__interrupt_vector_51)
 *(__interrupt_vector_dma)

__interrupt_vector_52
 *(__interrupt_vector_52)
 *(__interrupt_vector_usb_ubm)

__interrupt_vector_53
 *(__interrupt_vector_53)
 *(__interrupt_vector_timer0_a1)

__interrupt_vector_54
 *(__interrupt_vector_54)
 *(__interrupt_vector_timer0_a0)

__interrupt_vector_55
 *(__interrupt_vector_55)
 *(__interrupt_vector_adc12)

__interrupt_vector_56
 *(__interrupt_vector_56)
 *(__interrupt_vector_usci_b0)

__interrupt_vector_57
 *(__interrupt_vector_57)
 *(__interrupt_vector_usci_a0)

__interrupt_vector_58
 *(__interrupt_vector_58)
 *(__interrupt_vector_wdt)

__interrupt_vector_59
 *(__interrupt_vector_59)
 *(__interrupt_vector_timer0_b1)

__interrupt_vector_60
 *(__interrupt_vector_60)
 *(__interrupt_vector_timer0_b0)

__interrupt_vector_61
 *(__interrupt_vector_61)
 *(__interrupt_vector_comp_b)

__interrupt_vector_62
 *(__interrupt_vector_62)
 *(__interrupt_vector_unmi)

__interrupt_vector_63
 *(__interrupt_vector_63)
 *(__interrupt_vector_sysnmi)

__reset_vector  0x0000fffe        0x2
 *(__interrupt_vector_64)
 *(__interrupt_vector_reset)
 *(.resetvec)
 .resetvec      0x0000fffe        0x2 c:/ti/ccsv6/tools/compiler/gcc_msp430_4.9.14r1_10/bin/../lib/gcc/msp430-elf/4.9.1/../../../../msp430-elf/lib/crt0.o

.rodata         0x00004400       0x10
                0x00004400                . = ALIGN (0x2)
 *(.plt)
 *(.rodata .rodata.* .gnu.linkonce.r.* .const .const:*)
 *(.rodata1)
 *(.eh_frame_hdr)
 *(.eh_frame)
 .eh_frame      0x00004400        0x0 c:/ti/ccsv6/tools/compiler/gcc_msp430_4.9.14r1_10/bin/../lib/gcc/msp430-elf/4.9.1/crtbegin.o
 .eh_frame      0x00004400        0x4 c:/ti/ccsv6/tools/compiler/gcc_msp430_4.9.14r1_10/bin/../lib/gcc/msp430-elf/4.9.1/crtend.o
 *(.gcc_except_table)
 *(.gcc_except_table.*)
                0x00004404                PROVIDE (__preinit_array_start, .)
 *(.preinit_array)
                0x00004404                PROVIDE (__preinit_array_end, .)
                0x00004404                PROVIDE (__init_array_start, .)
 *(SORT(.init_array.*))
 *(.init_array)
                0x00004404                PROVIDE (__init_array_end, .)
                0x00004404                PROVIDE (__fini_array_start, .)
 *(.fini_array)
 *(SORT(.fini_array.*))
                0x00004404                PROVIDE (__fini_array_end, .)
                0x00004404        0x4 LONG 0x0
 *crtbegin*.o(.ctors)
 .ctors         0x00004408        0x2 c:/ti/ccsv6/tools/compiler/gcc_msp430_4.9.14r1_10/bin/../lib/gcc/msp430-elf/4.9.1/crtbegin.o
 *(EXCLUDE_FILE(*crtend*.o) .ctors)
 *(SORT(.ctors.*))
 *(.ctors)
 .ctors         0x0000440a        0x2 c:/ti/ccsv6/tools/compiler/gcc_msp430_4.9.14r1_10/bin/../lib/gcc/msp430-elf/4.9.1/crtend.o
 *crtbegin*.o(.dtors)
 .dtors         0x0000440c        0x2 c:/ti/ccsv6/tools/compiler/gcc_msp430_4.9.14r1_10/bin/../lib/gcc/msp430-elf/4.9.1/crtbegin.o
 *(EXCLUDE_FILE(*crtend*.o) .dtors)
 *(SORT(.dtors.*))
 *(.dtors)
 .dtors         0x0000440e        0x2 c:/ti/ccsv6/tools/compiler/gcc_msp430_4.9.14r1_10/bin/../lib/gcc/msp430-elf/4.9.1/crtend.o
                0x0000440e                __DTOR_END__

.text           0x00004410      0x23e
                0x00004410                . = ALIGN (0x2)
                0x00004410                PROVIDE (_start, .)
 *(SORT(.crt_*))
 .crt_0000init  0x00004410        0xa c:/ti/ccsv6/tools/compiler/gcc_msp430_4.9.14r1_10/bin/../lib/gcc/msp430-elf/4.9.1/../../../../msp430-elf/lib/crt0.o
                0x00004410                __start
 .crt_0100bss   0x0000441a        0xe c:/ti/ccsv6/tools/compiler/gcc_msp430_4.9.14r1_10/bin/../lib/gcc/msp430-elf/4.9.1/../../../../msp430-elf/lib\libcrt.a(crt_bss.o)
                0x0000441a                __crt0_init_bss
 .crt_0200movedata
                0x00004428       0x14 c:/ti/ccsv6/tools/compiler/gcc_msp430_4.9.14r1_10/bin/../lib/gcc/msp430-elf/4.9.1/../../../../msp430-elf/lib\libcrt.a(crt_movedata.o)
                0x00004428                __crt0_movedata
 .crt_0300main  0x0000443c        0xa c:/ti/ccsv6/tools/compiler/gcc_msp430_4.9.14r1_10/bin/../lib/gcc/msp430-elf/4.9.1/../../../../msp430-elf/lib\libcrt.a(crt_main.o)
                0x0000443c                __crt0_call_init_then_main
 .crt_0500main_init
                0x00004446       0x3c c:/ti/ccsv6/tools/compiler/gcc_msp430_4.9.14r1_10/bin/../lib/gcc/msp430-elf/4.9.1/../../../../msp430-elf/lib/crt0.o
                0x00004446                _msp430_run_init_array
                0x00004454                _msp430_run_preinit_array
                0x00004462                _msp430_run_fini_array
 *(.lowtext .text .stub .text.* .gnu.linkonce.t.* .text:*)
 .text          0x00004482        0x0 c:/ti/ccsv6/tools/compiler/gcc_msp430_4.9.14r1_10/bin/../lib/gcc/msp430-elf/4.9.1/../../../../msp430-elf/lib/crt0.o
 .text          0x00004482       0xc8 c:/ti/ccsv6/tools/compiler/gcc_msp430_4.9.14r1_10/bin/../lib/gcc/msp430-elf/4.9.1/crtbegin.o
 .text          0x0000454a       0x70 ./LPM_consumo1.o
                0x0000454a                config_puertos_LPM
                0x000045a2                main
 .text          0x000045ba        0x0 c:/ti/ccsv6/tools/compiler/gcc_msp430_4.9.14r1_10/bin/../lib/gcc/msp430-elf/4.9.1/../../../../msp430-elf/lib\libcrt.a(crt_bss.o)
 .text          0x000045ba        0x0 c:/ti/ccsv6/tools/compiler/gcc_msp430_4.9.14r1_10/bin/../lib/gcc/msp430-elf/4.9.1/../../../../msp430-elf/lib\libcrt.a(crt_movedata.o)
 .text          0x000045ba        0x0 c:/ti/ccsv6/tools/compiler/gcc_msp430_4.9.14r1_10/bin/../lib/gcc/msp430-elf/4.9.1/../../../../msp430-elf/lib\libcrt.a(crt_main.o)
 .text          0x000045ba        0x0 c:/ti/ccsv6/tools/compiler/gcc_msp430_4.9.14r1_10/bin/../lib/gcc/msp430-elf/4.9.1/../../../../msp430-elf/lib\libc.a(lib_a-memmove.o)
 .text.memmove  0x000045ba       0x44 c:/ti/ccsv6/tools/compiler/gcc_msp430_4.9.14r1_10/bin/../lib/gcc/msp430-elf/4.9.1/../../../../msp430-elf/lib\libc.a(lib_a-memmove.o)
                0x000045ba                memmove
 .text          0x000045fe        0x0 c:/ti/ccsv6/tools/compiler/gcc_msp430_4.9.14r1_10/bin/../lib/gcc/msp430-elf/4.9.1/../../../../msp430-elf/lib\libc.a(lib_a-memset.o)
 .text.memset   0x000045fe       0x14 c:/ti/ccsv6/tools/compiler/gcc_msp430_4.9.14r1_10/bin/../lib/gcc/msp430-elf/4.9.1/../../../../msp430-elf/lib\libc.a(lib_a-memset.o)
                0x000045fe                memset
 .text          0x00004612       0x20 c:/ti/ccsv6/tools/compiler/gcc_msp430_4.9.14r1_10/bin/../lib/gcc/msp430-elf/4.9.1/crtend.o
 .text          0x00004632        0x0 c:/ti/ccsv6/tools/compiler/gcc_msp430_4.9.14r1_10/bin/../lib/gcc/msp430-elf/4.9.1/../../../../msp430-elf/lib/crtn.o
 *(.text.*personality*)
 *(.gnu.warning)
 *(.interp .hash .dynsym .dynstr .gnu.version*)
                0x00004632                PROVIDE (__etext, .)
                0x00004632                PROVIDE (_etext, .)
                0x00004632                PROVIDE (etext, .)
                0x00004632                . = ALIGN (0x2)
 *(.init)
 .init          0x00004632        0x0 c:/ti/ccsv6/tools/compiler/gcc_msp430_4.9.14r1_10/bin/../lib/gcc/msp430-elf/4.9.1/../../../../msp430-elf/lib/crt0.o
                0x00004632                __msp430_init
 .init          0x00004632        0x4 c:/ti/ccsv6/tools/compiler/gcc_msp430_4.9.14r1_10/bin/../lib/gcc/msp430-elf/4.9.1/crtbegin.o
 .init          0x00004636        0x4 c:/ti/ccsv6/tools/compiler/gcc_msp430_4.9.14r1_10/bin/../lib/gcc/msp430-elf/4.9.1/crtend.o
 .init          0x0000463a        0xa c:/ti/ccsv6/tools/compiler/gcc_msp430_4.9.14r1_10/bin/../lib/gcc/msp430-elf/4.9.1/../../../../msp430-elf/lib/crtn.o
                0x00004644                __msp430_init_end
 *(.fini)
 .fini          0x00004644        0x4 c:/ti/ccsv6/tools/compiler/gcc_msp430_4.9.14r1_10/bin/../lib/gcc/msp430-elf/4.9.1/../../../../msp430-elf/lib/crt0.o
                0x00004644                __msp430_fini
 .fini          0x00004648        0x4 c:/ti/ccsv6/tools/compiler/gcc_msp430_4.9.14r1_10/bin/../lib/gcc/msp430-elf/4.9.1/crtbegin.o
 .fini          0x0000464c        0x2 c:/ti/ccsv6/tools/compiler/gcc_msp430_4.9.14r1_10/bin/../lib/gcc/msp430-elf/4.9.1/../../../../msp430-elf/lib/crtn.o
                0x0000464e                __msp430_fini_end
 *(.tm_clone_table)
 .tm_clone_table
                0x0000464e        0x0 c:/ti/ccsv6/tools/compiler/gcc_msp430_4.9.14r1_10/bin/../lib/gcc/msp430-elf/4.9.1/crtbegin.o
 .tm_clone_table
                0x0000464e        0x0 c:/ti/ccsv6/tools/compiler/gcc_msp430_4.9.14r1_10/bin/../lib/gcc/msp430-elf/4.9.1/crtend.o
                0x0000464e                __TMC_END__

.data           0x00002400        0x4 load address 0x0000464e
                0x00002400                . = ALIGN (0x2)
                0x00002400                PROVIDE (__datastart, .)
 *(.jcr)
 .jcr           0x00002400        0x0 c:/ti/ccsv6/tools/compiler/gcc_msp430_4.9.14r1_10/bin/../lib/gcc/msp430-elf/4.9.1/crtbegin.o
 .jcr           0x00002400        0x2 c:/ti/ccsv6/tools/compiler/gcc_msp430_4.9.14r1_10/bin/../lib/gcc/msp430-elf/4.9.1/crtend.o
 *(.data.rel.ro.local)
 *(.data.rel.ro*)
 *(.dynamic)
 *(.data .data.* .gnu.linkonce.d.*)
 .data          0x00002402        0x0 c:/ti/ccsv6/tools/compiler/gcc_msp430_4.9.14r1_10/bin/../lib/gcc/msp430-elf/4.9.1/../../../../msp430-elf/lib/crt0.o
 .data          0x00002402        0x2 c:/ti/ccsv6/tools/compiler/gcc_msp430_4.9.14r1_10/bin/../lib/gcc/msp430-elf/4.9.1/crtbegin.o
                0x00002402                __dso_handle
 .data          0x00002404        0x0 ./LPM_consumo1.o
 .data          0x00002404        0x0 c:/ti/ccsv6/tools/compiler/gcc_msp430_4.9.14r1_10/bin/../lib/gcc/msp430-elf/4.9.1/../../../../msp430-elf/lib\libcrt.a(crt_bss.o)
 .data          0x00002404        0x0 c:/ti/ccsv6/tools/compiler/gcc_msp430_4.9.14r1_10/bin/../lib/gcc/msp430-elf/4.9.1/../../../../msp430-elf/lib\libcrt.a(crt_movedata.o)
 .data          0x00002404        0x0 c:/ti/ccsv6/tools/compiler/gcc_msp430_4.9.14r1_10/bin/../lib/gcc/msp430-elf/4.9.1/../../../../msp430-elf/lib\libcrt.a(crt_main.o)
 .data          0x00002404        0x0 c:/ti/ccsv6/tools/compiler/gcc_msp430_4.9.14r1_10/bin/../lib/gcc/msp430-elf/4.9.1/../../../../msp430-elf/lib\libc.a(lib_a-memmove.o)
 .data          0x00002404        0x0 c:/ti/ccsv6/tools/compiler/gcc_msp430_4.9.14r1_10/bin/../lib/gcc/msp430-elf/4.9.1/../../../../msp430-elf/lib\libc.a(lib_a-memset.o)
 .data          0x00002404        0x0 c:/ti/ccsv6/tools/compiler/gcc_msp430_4.9.14r1_10/bin/../lib/gcc/msp430-elf/4.9.1/crtend.o
 .data          0x00002404        0x0 c:/ti/ccsv6/tools/compiler/gcc_msp430_4.9.14r1_10/bin/../lib/gcc/msp430-elf/4.9.1/../../../../msp430-elf/lib/crtn.o
 *(.gnu.linkonce.d.*personality*)
 *(.data1)
 *(.got.plt)
 *(.got)
                0x00002404                . = ALIGN (0x2)
 *(.sdata .sdata.* .gnu.linkonce.s.* D_2 D_1)
                0x00002404                . = ALIGN (0x2)
                0x00002404                _edata = .
                0x00002404                PROVIDE (edata, .)
                0x00002404                PROVIDE (__dataend, .)
                0x0000464e                PROVIDE (__romdatastart, LOADADDR (.data))
                0x00000004                PROVIDE (__romdatacopysize, SIZEOF (.data))

.bss            0x00002404       0x12 load address 0x00004652
                0x00002404                . = ALIGN (0x2)
                0x00002404                PROVIDE (__bssstart, .)
 *(.dynbss)
 *(.sbss .sbss.*)
 *(.bss .bss.* .gnu.linkonce.b.*)
 .bss           0x00002404        0x0 c:/ti/ccsv6/tools/compiler/gcc_msp430_4.9.14r1_10/bin/../lib/gcc/msp430-elf/4.9.1/../../../../msp430-elf/lib/crt0.o
 .bss           0x00002404       0x12 c:/ti/ccsv6/tools/compiler/gcc_msp430_4.9.14r1_10/bin/../lib/gcc/msp430-elf/4.9.1/crtbegin.o
 .bss           0x00002416        0x0 ./LPM_consumo1.o
 .bss           0x00002416        0x0 c:/ti/ccsv6/tools/compiler/gcc_msp430_4.9.14r1_10/bin/../lib/gcc/msp430-elf/4.9.1/../../../../msp430-elf/lib\libcrt.a(crt_bss.o)
 .bss           0x00002416        0x0 c:/ti/ccsv6/tools/compiler/gcc_msp430_4.9.14r1_10/bin/../lib/gcc/msp430-elf/4.9.1/../../../../msp430-elf/lib\libcrt.a(crt_movedata.o)
 .bss           0x00002416        0x0 c:/ti/ccsv6/tools/compiler/gcc_msp430_4.9.14r1_10/bin/../lib/gcc/msp430-elf/4.9.1/../../../../msp430-elf/lib\libcrt.a(crt_main.o)
 .bss           0x00002416        0x0 c:/ti/ccsv6/tools/compiler/gcc_msp430_4.9.14r1_10/bin/../lib/gcc/msp430-elf/4.9.1/../../../../msp430-elf/lib\libc.a(lib_a-memmove.o)
 .bss           0x00002416        0x0 c:/ti/ccsv6/tools/compiler/gcc_msp430_4.9.14r1_10/bin/../lib/gcc/msp430-elf/4.9.1/../../../../msp430-elf/lib\libc.a(lib_a-memset.o)
 .bss           0x00002416        0x0 c:/ti/ccsv6/tools/compiler/gcc_msp430_4.9.14r1_10/bin/../lib/gcc/msp430-elf/4.9.1/crtend.o
 .bss           0x00002416        0x0 c:/ti/ccsv6/tools/compiler/gcc_msp430_4.9.14r1_10/bin/../lib/gcc/msp430-elf/4.9.1/../../../../msp430-elf/lib/crtn.o
                0x00002416                . = ALIGN (0x2)
                0x00002416                PROVIDE (__bssend, .)
                0x00002416                _end = .
                0x00002416                PROVIDE (end, .)
                0x00000012                PROVIDE (__bsssize, SIZEOF (.bss))

.noinit         0x00002416        0x0 load address 0x00004652
                0x00002416                . = ALIGN (0x2)
                0x00002416                PROVIDE (__noinit_start, .)
 *(.noinit)
                0x00002416                . = ALIGN (0x2)
 *(COMMON)
                0x00002416                PROVIDE (__noinit_end, .)
                0x00002416                end = .

.stack          0x00004400        0x0
                0x00004400                PROVIDE (__stack, .)
 *(.stack)

.MP430.attributes
                0x00000000       0xe6
 *(.MSP430.attributes)
 .MSP430.attributes
                0x00000000       0x17 c:/ti/ccsv6/tools/compiler/gcc_msp430_4.9.14r1_10/bin/../lib/gcc/msp430-elf/4.9.1/../../../../msp430-elf/lib/crt0.o
 .MSP430.attributes
                0x00000017       0x17 c:/ti/ccsv6/tools/compiler/gcc_msp430_4.9.14r1_10/bin/../lib/gcc/msp430-elf/4.9.1/crtbegin.o
 .MSP430.attributes
                0x0000002e       0x17 ./LPM_consumo1.o
 .MSP430.attributes
                0x00000045       0x17 c:/ti/ccsv6/tools/compiler/gcc_msp430_4.9.14r1_10/bin/../lib/gcc/msp430-elf/4.9.1/../../../../msp430-elf/lib\libcrt.a(crt_bss.o)
 .MSP430.attributes
                0x0000005c       0x17 c:/ti/ccsv6/tools/compiler/gcc_msp430_4.9.14r1_10/bin/../lib/gcc/msp430-elf/4.9.1/../../../../msp430-elf/lib\libcrt.a(crt_movedata.o)
 .MSP430.attributes
                0x00000073       0x17 c:/ti/ccsv6/tools/compiler/gcc_msp430_4.9.14r1_10/bin/../lib/gcc/msp430-elf/4.9.1/../../../../msp430-elf/lib\libcrt.a(crt_main.o)
 .MSP430.attributes
                0x0000008a       0x17 c:/ti/ccsv6/tools/compiler/gcc_msp430_4.9.14r1_10/bin/../lib/gcc/msp430-elf/4.9.1/../../../../msp430-elf/lib\libc.a(lib_a-memmove.o)
 .MSP430.attributes
                0x000000a1       0x17 c:/ti/ccsv6/tools/compiler/gcc_msp430_4.9.14r1_10/bin/../lib/gcc/msp430-elf/4.9.1/../../../../msp430-elf/lib\libc.a(lib_a-memset.o)
 .MSP430.attributes
                0x000000b8       0x17 c:/ti/ccsv6/tools/compiler/gcc_msp430_4.9.14r1_10/bin/../lib/gcc/msp430-elf/4.9.1/crtend.o
 .MSP430.attributes
                0x000000cf       0x17 c:/ti/ccsv6/tools/compiler/gcc_msp430_4.9.14r1_10/bin/../lib/gcc/msp430-elf/4.9.1/../../../../msp430-elf/lib/crtn.o
 *(.gnu.attributes)
 *(__TI_build_attributes)

.stab
 *(.stab)

.stabstr
 *(.stabstr)

.stab.excl
 *(.stab.excl)

.stab.exclstr
 *(.stab.exclstr)

.stab.index
 *(.stab.index)

.stab.indexstr
 *(.stab.indexstr)

.comment        0x00000000       0x7b
 *(.comment)
 .comment       0x00000000       0x7b c:/ti/ccsv6/tools/compiler/gcc_msp430_4.9.14r1_10/bin/../lib/gcc/msp430-elf/4.9.1/crtbegin.o
                                 0x7c (size before relaxing)
 .comment       0x00000000       0x7c ./LPM_consumo1.o
 .comment       0x00000000       0x7c c:/ti/ccsv6/tools/compiler/gcc_msp430_4.9.14r1_10/bin/../lib/gcc/msp430-elf/4.9.1/../../../../msp430-elf/lib\libc.a(lib_a-memmove.o)
 .comment       0x00000000       0x7c c:/ti/ccsv6/tools/compiler/gcc_msp430_4.9.14r1_10/bin/../lib/gcc/msp430-elf/4.9.1/../../../../msp430-elf/lib\libc.a(lib_a-memset.o)
 .comment       0x00000000       0x7c c:/ti/ccsv6/tools/compiler/gcc_msp430_4.9.14r1_10/bin/../lib/gcc/msp430-elf/4.9.1/crtend.o

.debug
 *(.debug)

.line
 *(.line)

.debug_srcinfo
 *(.debug_srcinfo)

.debug_sfnames
 *(.debug_sfnames)

.debug_aranges  0x00000000      0x118
 *(.debug_aranges)
 .debug_aranges
                0x00000000       0x30 c:/ti/ccsv6/tools/compiler/gcc_msp430_4.9.14r1_10/bin/../lib/gcc/msp430-elf/4.9.1/../../../../msp430-elf/lib/crt0.o
 .debug_aranges
                0x00000030       0x20 ./LPM_consumo1.o
 .debug_aranges
                0x00000050       0x20 c:/ti/ccsv6/tools/compiler/gcc_msp430_4.9.14r1_10/bin/../lib/gcc/msp430-elf/4.9.1/../../../../msp430-elf/lib\libcrt.a(crt_bss.o)
 .debug_aranges
                0x00000070       0x20 c:/ti/ccsv6/tools/compiler/gcc_msp430_4.9.14r1_10/bin/../lib/gcc/msp430-elf/4.9.1/../../../../msp430-elf/lib\libcrt.a(crt_movedata.o)
 .debug_aranges
                0x00000090       0x20 c:/ti/ccsv6/tools/compiler/gcc_msp430_4.9.14r1_10/bin/../lib/gcc/msp430-elf/4.9.1/../../../../msp430-elf/lib\libcrt.a(crt_main.o)
 .debug_aranges
                0x000000b0       0x20 c:/ti/ccsv6/tools/compiler/gcc_msp430_4.9.14r1_10/bin/../lib/gcc/msp430-elf/4.9.1/../../../../msp430-elf/lib\libc.a(lib_a-memmove.o)
 .debug_aranges
                0x000000d0       0x20 c:/ti/ccsv6/tools/compiler/gcc_msp430_4.9.14r1_10/bin/../lib/gcc/msp430-elf/4.9.1/../../../../msp430-elf/lib\libc.a(lib_a-memset.o)
 .debug_aranges
                0x000000f0       0x28 c:/ti/ccsv6/tools/compiler/gcc_msp430_4.9.14r1_10/bin/../lib/gcc/msp430-elf/4.9.1/../../../../msp430-elf/lib/crtn.o

.debug_pubnames
 *(.debug_pubnames)

.debug_info     0x00000000      0x776
 *(.debug_info .gnu.linkonce.wi.*)
 .debug_info    0x00000000       0xca c:/ti/ccsv6/tools/compiler/gcc_msp430_4.9.14r1_10/bin/../lib/gcc/msp430-elf/4.9.1/../../../../msp430-elf/lib/crt0.o
 .debug_info    0x000000ca      0x1ab ./LPM_consumo1.o
 .debug_info    0x00000275       0xce c:/ti/ccsv6/tools/compiler/gcc_msp430_4.9.14r1_10/bin/../lib/gcc/msp430-elf/4.9.1/../../../../msp430-elf/lib\libcrt.a(crt_bss.o)
 .debug_info    0x00000343       0xce c:/ti/ccsv6/tools/compiler/gcc_msp430_4.9.14r1_10/bin/../lib/gcc/msp430-elf/4.9.1/../../../../msp430-elf/lib\libcrt.a(crt_movedata.o)
 .debug_info    0x00000411       0xce c:/ti/ccsv6/tools/compiler/gcc_msp430_4.9.14r1_10/bin/../lib/gcc/msp430-elf/4.9.1/../../../../msp430-elf/lib\libcrt.a(crt_main.o)
 .debug_info    0x000004df       0xfe c:/ti/ccsv6/tools/compiler/gcc_msp430_4.9.14r1_10/bin/../lib/gcc/msp430-elf/4.9.1/../../../../msp430-elf/lib\libc.a(lib_a-memmove.o)
 .debug_info    0x000005dd       0xcf c:/ti/ccsv6/tools/compiler/gcc_msp430_4.9.14r1_10/bin/../lib/gcc/msp430-elf/4.9.1/../../../../msp430-elf/lib\libc.a(lib_a-memset.o)
 .debug_info    0x000006ac       0xca c:/ti/ccsv6/tools/compiler/gcc_msp430_4.9.14r1_10/bin/../lib/gcc/msp430-elf/4.9.1/../../../../msp430-elf/lib/crtn.o

.debug_abbrev   0x00000000      0x1f6
 *(.debug_abbrev)
 .debug_abbrev  0x00000000       0x12 c:/ti/ccsv6/tools/compiler/gcc_msp430_4.9.14r1_10/bin/../lib/gcc/msp430-elf/4.9.1/../../../../msp430-elf/lib/crt0.o
 .debug_abbrev  0x00000012       0x70 ./LPM_consumo1.o
 .debug_abbrev  0x00000082       0x14 c:/ti/ccsv6/tools/compiler/gcc_msp430_4.9.14r1_10/bin/../lib/gcc/msp430-elf/4.9.1/../../../../msp430-elf/lib\libcrt.a(crt_bss.o)
 .debug_abbrev  0x00000096       0x14 c:/ti/ccsv6/tools/compiler/gcc_msp430_4.9.14r1_10/bin/../lib/gcc/msp430-elf/4.9.1/../../../../msp430-elf/lib\libcrt.a(crt_movedata.o)
 .debug_abbrev  0x000000aa       0x14 c:/ti/ccsv6/tools/compiler/gcc_msp430_4.9.14r1_10/bin/../lib/gcc/msp430-elf/4.9.1/../../../../msp430-elf/lib\libcrt.a(crt_main.o)
 .debug_abbrev  0x000000be       0x9a c:/ti/ccsv6/tools/compiler/gcc_msp430_4.9.14r1_10/bin/../lib/gcc/msp430-elf/4.9.1/../../../../msp430-elf/lib\libc.a(lib_a-memmove.o)
 .debug_abbrev  0x00000158       0x8c c:/ti/ccsv6/tools/compiler/gcc_msp430_4.9.14r1_10/bin/../lib/gcc/msp430-elf/4.9.1/../../../../msp430-elf/lib\libc.a(lib_a-memset.o)
 .debug_abbrev  0x000001e4       0x12 c:/ti/ccsv6/tools/compiler/gcc_msp430_4.9.14r1_10/bin/../lib/gcc/msp430-elf/4.9.1/../../../../msp430-elf/lib/crtn.o

.debug_line     0x00000000      0x672
 *(.debug_line)
 .debug_line    0x00000000      0x104 c:/ti/ccsv6/tools/compiler/gcc_msp430_4.9.14r1_10/bin/../lib/gcc/msp430-elf/4.9.1/../../../../msp430-elf/lib/crt0.o
 .debug_line    0x00000104      0x12f ./LPM_consumo1.o
 .debug_line    0x00000233       0x82 c:/ti/ccsv6/tools/compiler/gcc_msp430_4.9.14r1_10/bin/../lib/gcc/msp430-elf/4.9.1/../../../../msp430-elf/lib\libcrt.a(crt_bss.o)
 .debug_line    0x000002b5       0x8f c:/ti/ccsv6/tools/compiler/gcc_msp430_4.9.14r1_10/bin/../lib/gcc/msp430-elf/4.9.1/../../../../msp430-elf/lib\libcrt.a(crt_movedata.o)
 .debug_line    0x00000344       0x7d c:/ti/ccsv6/tools/compiler/gcc_msp430_4.9.14r1_10/bin/../lib/gcc/msp430-elf/4.9.1/../../../../msp430-elf/lib\libcrt.a(crt_main.o)
 .debug_line    0x000003c1      0x113 c:/ti/ccsv6/tools/compiler/gcc_msp430_4.9.14r1_10/bin/../lib/gcc/msp430-elf/4.9.1/../../../../msp430-elf/lib\libc.a(lib_a-memmove.o)
 .debug_line    0x000004d4      0x112 c:/ti/ccsv6/tools/compiler/gcc_msp430_4.9.14r1_10/bin/../lib/gcc/msp430-elf/4.9.1/../../../../msp430-elf/lib\libc.a(lib_a-memset.o)
 .debug_line    0x000005e6       0x8c c:/ti/ccsv6/tools/compiler/gcc_msp430_4.9.14r1_10/bin/../lib/gcc/msp430-elf/4.9.1/../../../../msp430-elf/lib/crtn.o

.debug_frame    0x00000000       0x88
 *(.debug_frame)
 .debug_frame   0x00000000       0x34 ./LPM_consumo1.o
 .debug_frame   0x00000034       0x30 c:/ti/ccsv6/tools/compiler/gcc_msp430_4.9.14r1_10/bin/../lib/gcc/msp430-elf/4.9.1/../../../../msp430-elf/lib\libc.a(lib_a-memmove.o)
 .debug_frame   0x00000064       0x24 c:/ti/ccsv6/tools/compiler/gcc_msp430_4.9.14r1_10/bin/../lib/gcc/msp430-elf/4.9.1/../../../../msp430-elf/lib\libc.a(lib_a-memset.o)

.debug_str      0x00000000      0x3fe
 *(.debug_str)
 .debug_str     0x00000000      0x242 ./LPM_consumo1.o
                                0x24f (size before relaxing)
 .debug_str     0x00000242      0x170 c:/ti/ccsv6/tools/compiler/gcc_msp430_4.9.14r1_10/bin/../lib/gcc/msp430-elf/4.9.1/../../../../msp430-elf/lib\libc.a(lib_a-memmove.o)
                                0x1b7 (size before relaxing)
 .debug_str     0x000003b2       0x4c c:/ti/ccsv6/tools/compiler/gcc_msp430_4.9.14r1_10/bin/../lib/gcc/msp430-elf/4.9.1/../../../../msp430-elf/lib\libc.a(lib_a-memset.o)
                                0x19c (size before relaxing)

.debug_loc      0x00000000      0x233
 *(.debug_loc)
 .debug_loc     0x00000000      0x1ac c:/ti/ccsv6/tools/compiler/gcc_msp430_4.9.14r1_10/bin/../lib/gcc/msp430-elf/4.9.1/../../../../msp430-elf/lib\libc.a(lib_a-memmove.o)
 .debug_loc     0x000001ac       0x87 c:/ti/ccsv6/tools/compiler/gcc_msp430_4.9.14r1_10/bin/../lib/gcc/msp430-elf/4.9.1/../../../../msp430-elf/lib\libc.a(lib_a-memset.o)

.debug_macinfo
 *(.debug_macinfo)

.debug_weaknames
 *(.debug_weaknames)

.debug_funcnames
 *(.debug_funcnames)

.debug_typenames
 *(.debug_typenames)

.debug_varnames
 *(.debug_varnames)

/DISCARD/
 *(.note.GNU-stack)
OUTPUT(LPM_consumo.out elf32-msp430)

.debug_ranges   0x00000000       0x68
 .debug_ranges  0x00000000       0x28 c:/ti/ccsv6/tools/compiler/gcc_msp430_4.9.14r1_10/bin/../lib/gcc/msp430-elf/4.9.1/../../../../msp430-elf/lib/crt0.o
 .debug_ranges  0x00000028       0x10 c:/ti/ccsv6/tools/compiler/gcc_msp430_4.9.14r1_10/bin/../lib/gcc/msp430-elf/4.9.1/../../../../msp430-elf/lib\libc.a(lib_a-memmove.o)
 .debug_ranges  0x00000038       0x10 c:/ti/ccsv6/tools/compiler/gcc_msp430_4.9.14r1_10/bin/../lib/gcc/msp430-elf/4.9.1/../../../../msp430-elf/lib\libc.a(lib_a-memset.o)
 .debug_ranges  0x00000048       0x20 c:/ti/ccsv6/tools/compiler/gcc_msp430_4.9.14r1_10/bin/../lib/gcc/msp430-elf/4.9.1/../../../../msp430-elf/lib/crtn.o

.debug_line.text.memmove
                0x00000000       0x40
 .debug_line.text.memmove
                0x00000000       0x40 c:/ti/ccsv6/tools/compiler/gcc_msp430_4.9.14r1_10/bin/../lib/gcc/msp430-elf/4.9.1/../../../../msp430-elf/lib\libc.a(lib_a-memmove.o)

.debug_line_end
                0x00000000        0x0
 .debug_line_end
                0x00000000        0x0 c:/ti/ccsv6/tools/compiler/gcc_msp430_4.9.14r1_10/bin/../lib/gcc/msp430-elf/4.9.1/../../../../msp430-elf/lib\libc.a(lib_a-memmove.o)
 .debug_line_end
                0x00000000        0x0 c:/ti/ccsv6/tools/compiler/gcc_msp430_4.9.14r1_10/bin/../lib/gcc/msp430-elf/4.9.1/../../../../msp430-elf/lib\libc.a(lib_a-memset.o)

.debug_line.text.memset
                0x00000000       0x22
 .debug_line.text.memset
                0x00000000       0x22 c:/ti/ccsv6/tools/compiler/gcc_msp430_4.9.14r1_10/bin/../lib/gcc/msp430-elf/4.9.1/../../../../msp430-elf/lib\libc.a(lib_a-memset.o)
